Archive member included to satisfy reference by file (symbol)

d:/2.30/share/armgcc/bin/../lib/gcc/arm-none-eabi/9.3.1/../../../../arm-none-eabi/lib/thumb/v7e-m+fp/hard\libg_nano.a(lib_a-exit.o)
                              d:/2.30/share/armgcc/bin/../lib/gcc/arm-none-eabi/9.3.1/../../../../arm-none-eabi/lib/thumb/v7e-m+fp/hard/crt0.o (exit)
d:/2.30/share/armgcc/bin/../lib/gcc/arm-none-eabi/9.3.1/../../../../arm-none-eabi/lib/thumb/v7e-m+fp/hard\libg_nano.a(lib_a-impure.o)
                              d:/2.30/share/armgcc/bin/../lib/gcc/arm-none-eabi/9.3.1/../../../../arm-none-eabi/lib/thumb/v7e-m+fp/hard\libg_nano.a(lib_a-exit.o) (_global_impure_ptr)
d:/2.30/share/armgcc/bin/../lib/gcc/arm-none-eabi/9.3.1/../../../../arm-none-eabi/lib/thumb/v7e-m+fp/hard\libg_nano.a(lib_a-init.o)
                              d:/2.30/share/armgcc/bin/../lib/gcc/arm-none-eabi/9.3.1/../../../../arm-none-eabi/lib/thumb/v7e-m+fp/hard/crt0.o (__libc_init_array)
d:/2.30/share/armgcc/bin/../lib/gcc/arm-none-eabi/9.3.1/../../../../arm-none-eabi/lib/thumb/v7e-m+fp/hard\libg_nano.a(lib_a-memset.o)
                              d:/2.30/share/armgcc/bin/../lib/gcc/arm-none-eabi/9.3.1/../../../../arm-none-eabi/lib/thumb/v7e-m+fp/hard/crt0.o (memset)
d:/2.30/share/armgcc/bin/../lib/gcc/arm-none-eabi/9.3.1/../../../../arm-none-eabi/lib/thumb/v7e-m+fp/hard\libnosys.a(_exit.o)
                              d:/2.30/share/armgcc/bin/../lib/gcc/arm-none-eabi/9.3.1/../../../../arm-none-eabi/lib/thumb/v7e-m+fp/hard\libg_nano.a(lib_a-exit.o) (_exit)
d:/2.30/share/armgcc/bin/../lib/gcc/arm-none-eabi/9.3.1/thumb/v7e-m+fp/hard\libgcc.a(_arm_muldf3.o)
                              C:\Users\Caska\AppData\Local\Temp\robocross.elf.PVLSqf.ltrans0.ltrans.o (__aeabi_dmul)
d:/2.30/share/armgcc/bin/../lib/gcc/arm-none-eabi/9.3.1/thumb/v7e-m+fp/hard\libgcc.a(_arm_addsubdf3.o)
                              C:\Users\Caska\AppData\Local\Temp\robocross.elf.PVLSqf.ltrans0.ltrans.o (__aeabi_dsub)
d:/2.30/share/armgcc/bin/../lib/gcc/arm-none-eabi/9.3.1/thumb/v7e-m+fp/hard\libgcc.a(_arm_muldivdf3.o)
                              C:\Users\Caska\AppData\Local\Temp\robocross.elf.PVLSqf.ltrans0.ltrans.o (__aeabi_ddiv)
d:/2.30/share/armgcc/bin/../lib/gcc/arm-none-eabi/9.3.1/thumb/v7e-m+fp/hard\libgcc.a(_arm_cmpdf2.o)
                              C:\Users\Caska\AppData\Local\Temp\robocross.elf.PVLSqf.ltrans0.ltrans.o (__aeabi_dcmple)
d:/2.30/share/armgcc/bin/../lib/gcc/arm-none-eabi/9.3.1/thumb/v7e-m+fp/hard\libgcc.a(_arm_truncdfsf2.o)
                              C:\Users\Caska\AppData\Local\Temp\robocross.elf.PVLSqf.ltrans0.ltrans.o (__aeabi_d2f)
d:/2.30/share/armgcc/bin/../lib/gcc/arm-none-eabi/9.3.1/../../../../arm-none-eabi/lib/thumb/v7e-m+fp/hard\libg_nano.a(lib_a-memcpy-stub.o)
                              C:\Users\Caska\AppData\Local\Temp\robocross.elf.PVLSqf.ltrans0.ltrans.o (memcpy)

Allocating common symbols
Common symbol       size              file

xRobotGo            0x4               obj\release\fil lib\rcr dstu\rcr_setupcustom.o (symbol from plugin)
xStartHandle        0x4               obj\release\fil lib\rcr dstu\rcr_setupcustom.o (symbol from plugin)
xGasHandle          0x4               obj\release\fil lib\rcr dstu\rcr_setupcustom.o (symbol from plugin)
LPulseWheel         0x2               obj\release\fil lib\rcr dstu\rcr_setupcustom.o (symbol from plugin)
UARTBufferEndMsgPointer
                    0x4               obj\release\fil lib\rcr dstu\rcr_setupcustom.o (symbol from plugin)
xQueueManagHandle   0x4               obj\release\fil lib\rcr dstu\rcr_setupcustom.o (symbol from plugin)
xStartEvent         0x4               obj\release\fil lib\rcr dstu\rcr_setupcustom.o (symbol from plugin)
UARTReceiver_Flag   0x4               obj\release\fil lib\rcr dstu\rcr_setupcustom.o (symbol from plugin)
xQueueClutchHandle  0x4               obj\release\fil lib\rcr dstu\rcr_setupcustom.o (symbol from plugin)
xBrakeHandle        0x4               obj\release\fil lib\rcr dstu\rcr_setupcustom.o (symbol from plugin)
globalRangeTransmission
                    0x4               obj\release\fil lib\interrupts.o (symbol from plugin)
xQueueRegistry      0x40              obj\release\freertos_lib\queue.o (symbol from plugin)
ZeroMesFlag         0x1               obj\release\src\robot_tasks.o (symbol from plugin)
Queue_StartIndex    0x4               obj\release\fil lib\rcr dstu\rcr_setupcustom.o (symbol from plugin)
Step                0x4               obj\release\src\carregulators.o (symbol from plugin)
xQueueBrakeHandle   0x4               obj\release\fil lib\rcr dstu\rcr_setupcustom.o (symbol from plugin)
xQueueTransmissionHandle
                    0x4               obj\release\fil lib\rcr dstu\rcr_setupcustom.o (symbol from plugin)
xEventStatus        0x4               obj\release\fil lib\rcr dstu\rcr_setupcustom.o (symbol from plugin)
Period_Right        0x4               obj\release\fil lib\interrupts.o (symbol from plugin)
xMailHandle         0x4               obj\release\fil lib\rcr dstu\rcr_setupcustom.o (symbol from plugin)
UART_Buffer         0xf               obj\release\fil lib\rcr dstu\rcr_setupcustom.o (symbol from plugin)
ErrorTask           0x4               obj\release\src\robot_tasks.o (symbol from plugin)
Brake_Flag          0x1               obj\release\fil lib\rcr dstu\rcr_setupcustom.o (symbol from plugin)
UARTBufferIndex     0x4               obj\release\fil lib\rcr dstu\rcr_setupcustom.o (symbol from plugin)
UARTTransmit_Flag   0x4               obj\release\fil lib\rcr dstu\rcr_setupcustom.o (symbol from plugin)
Clutch_Flag         0x4               obj\release\fil lib\rcr dstu\rcr_setupcustom.o (symbol from plugin)
xClutchHandle       0x4               obj\release\fil lib\rcr dstu\rcr_setupcustom.o (symbol from plugin)
xUARTEvent          0x4               obj\release\fil lib\rcr dstu\rcr_setupcustom.o (symbol from plugin)
xTrInit             0x4               obj\release\fil lib\rcr dstu\rcr_setupcustom.o (symbol from plugin)
Transmission_Flag   0x4               obj\release\fil lib\rcr dstu\rcr_setupcustom.o (symbol from plugin)
xWaitingHandle      0x4               obj\release\fil lib\rcr dstu\rcr_setupcustom.o (symbol from plugin)
xGearsHandle        0x4               obj\release\fil lib\rcr dstu\rcr_setupcustom.o (symbol from plugin)
LRCPointer          0x4               obj\release\modbus\modbus.o (symbol from plugin)
Queue_EndIndex      0x4               obj\release\fil lib\rcr dstu\rcr_setupcustom.o (symbol from plugin)
StartDataSendIndex  0x4               obj\release\modbus\modbus.o (symbol from plugin)
StartFlags          0x8               obj\release\fil lib\rcr dstu\rcr_setupcustom.o (symbol from plugin)
data                0x2               obj\release\src\carmanagement.o (symbol from plugin)
adc_data            0x12              obj\release\fil lib\rcr dstu\rcr_setupcustom.o (symbol from plugin)
QueueBuffer_To_UART
                    0xf               obj\release\fil lib\rcr dstu\rcr_setupcustom.o (symbol from plugin)
TargetSpeed         0x4               obj\release\src\robot_tasks.o (symbol from plugin)
QueueIndexTx        0x4               obj\release\modbus\modbus.o (symbol from plugin)
RPulseWheel         0x2               obj\release\fil lib\rcr dstu\rcr_setupcustom.o (symbol from plugin)
xQueueGasHandle     0x4               obj\release\fil lib\rcr dstu\rcr_setupcustom.o (symbol from plugin)
leftPeriod          0x4               obj\release\src\carregulators.o (symbol from plugin)
UARTBufferLRCIndex  0x4               obj\release\fil lib\rcr dstu\rcr_setupcustom.o (symbol from plugin)
xQueue20Handle      0x4               obj\release\fil lib\rcr dstu\rcr_setupcustom.o (symbol from plugin)
xModBusHandle       0x4               obj\release\fil lib\rcr dstu\rcr_setupcustom.o (symbol from plugin)
Queue_Index         0x4               obj\release\fil lib\rcr dstu\rcr_setupcustom.o (symbol from plugin)
rightPeriod         0x4               obj\release\src\carregulators.o (symbol from plugin)
Current_Velocity    0x4               obj\release\fil lib\rcr dstu\rcr_setupcustom.o (symbol from plugin)
Period_left         0x4               obj\release\fil lib\interrupts.o (symbol from plugin)
TransmissionReg     0x60              obj\release\fil lib\rcr dstu\rcr_setupcustom.o (symbol from plugin)
UARTBufferStartMsgPointer
                    0x4               obj\release\fil lib\rcr dstu\rcr_setupcustom.o (symbol from plugin)

Discarded input sections

 .text          0x00000000        0x0 d:/2.30/share/armgcc/bin/../lib/gcc/arm-none-eabi/9.3.1/thumb/v7e-m+fp/hard/crti.o
 .data          0x00000000        0x0 d:/2.30/share/armgcc/bin/../lib/gcc/arm-none-eabi/9.3.1/thumb/v7e-m+fp/hard/crti.o
 .bss           0x00000000        0x0 d:/2.30/share/armgcc/bin/../lib/gcc/arm-none-eabi/9.3.1/thumb/v7e-m+fp/hard/crti.o
 .data          0x00000000        0x4 d:/2.30/share/armgcc/bin/../lib/gcc/arm-none-eabi/9.3.1/thumb/v7e-m+fp/hard/crtbegin.o
 .text          0x00000000       0x7c d:/2.30/share/armgcc/bin/../lib/gcc/arm-none-eabi/9.3.1/../../../../arm-none-eabi/lib/thumb/v7e-m+fp/hard/crt0.o
 .data          0x00000000        0x0 d:/2.30/share/armgcc/bin/../lib/gcc/arm-none-eabi/9.3.1/../../../../arm-none-eabi/lib/thumb/v7e-m+fp/hard/crt0.o
 .bss           0x00000000        0x0 d:/2.30/share/armgcc/bin/../lib/gcc/arm-none-eabi/9.3.1/../../../../arm-none-eabi/lib/thumb/v7e-m+fp/hard/crt0.o
 .ARM.extab     0x00000000        0x0 d:/2.30/share/armgcc/bin/../lib/gcc/arm-none-eabi/9.3.1/../../../../arm-none-eabi/lib/thumb/v7e-m+fp/hard/crt0.o
 .ARM.exidx     0x00000000       0x10 d:/2.30/share/armgcc/bin/../lib/gcc/arm-none-eabi/9.3.1/../../../../arm-none-eabi/lib/thumb/v7e-m+fp/hard/crt0.o
 .ARM.attributes
                0x00000000       0x1c d:/2.30/share/armgcc/bin/../lib/gcc/arm-none-eabi/9.3.1/../../../../arm-none-eabi/lib/thumb/v7e-m+fp/hard/crt0.o
 .text          0x00000000       0x14 obj\release\src\startup_stm32f407xx.o
 .data          0x00000000        0x0 obj\release\src\startup_stm32f407xx.o
 .bss           0x00000000        0x0 obj\release\src\startup_stm32f407xx.o
 .text          0x00000000        0x0 C:\Users\Caska\AppData\Local\Temp\robocross.elf.PVLSqf.ltrans0.ltrans.o
 .data          0x00000000        0x0 C:\Users\Caska\AppData\Local\Temp\robocross.elf.PVLSqf.ltrans0.ltrans.o
 .bss           0x00000000        0x0 C:\Users\Caska\AppData\Local\Temp\robocross.elf.PVLSqf.ltrans0.ltrans.o
 .bss.Period_Right
                0x00000000        0x4 C:\Users\Caska\AppData\Local\Temp\robocross.elf.PVLSqf.ltrans0.ltrans.o
 .bss.Period_left
                0x00000000        0x4 C:\Users\Caska\AppData\Local\Temp\robocross.elf.PVLSqf.ltrans0.ltrans.o
 .data.AHBPrescTable
                0x00000000       0x10 C:\Users\Caska\AppData\Local\Temp\robocross.elf.PVLSqf.ltrans0.ltrans.o
 .comment       0x00000000       0x4d C:\Users\Caska\AppData\Local\Temp\ccgNoQ0P.debug.temp.o
 .debug_info    0x00000000       0xc0 C:\Users\Caska\AppData\Local\Temp\cc2Sp5jl.debug.temp.o
 .debug_abbrev  0x00000000       0x62 C:\Users\Caska\AppData\Local\Temp\cc2Sp5jl.debug.temp.o
 .debug_line    0x00000000       0xcf C:\Users\Caska\AppData\Local\Temp\cc2Sp5jl.debug.temp.o
 .debug_str     0x00000000      0x1e1 C:\Users\Caska\AppData\Local\Temp\cc2Sp5jl.debug.temp.o
 .comment       0x00000000       0x4d C:\Users\Caska\AppData\Local\Temp\cc2Sp5jl.debug.temp.o
 .comment       0x00000000       0x4d C:\Users\Caska\AppData\Local\Temp\ccqOxDTQ.debug.temp.o
 .comment       0x00000000       0x4d C:\Users\Caska\AppData\Local\Temp\ccOJFbtm.debug.temp.o
 .comment       0x00000000       0x4d C:\Users\Caska\AppData\Local\Temp\ccYxRdbR.debug.temp.o
 .comment       0x00000000       0x4d C:\Users\Caska\AppData\Local\Temp\ccUsQ7dm.debug.temp.o
 .comment       0x00000000       0x4d C:\Users\Caska\AppData\Local\Temp\ccQnP1gR.debug.temp.o
 .comment       0x00000000       0x4d C:\Users\Caska\AppData\Local\Temp\ccMiOVjm.debug.temp.o
 .comment       0x00000000       0x4d C:\Users\Caska\AppData\Local\Temp\cciMHQaV.debug.temp.o
 .comment       0x00000000       0x4d C:\Users\Caska\AppData\Local\Temp\ccOfBL1t.debug.temp.o
 .comment       0x00000000       0x4d C:\Users\Caska\AppData\Local\Temp\ccyKdhb3.debug.temp.o
 .comment       0x00000000       0x4d C:\Users\Caska\AppData\Local\Temp\ccw2PZqB.debug.temp.o
 .comment       0x00000000       0x4d C:\Users\Caska\AppData\Local\Temp\ccuksIG9.debug.temp.o
 .comment       0x00000000       0x4d C:\Users\Caska\AppData\Local\Temp\ccsC4qWH.debug.temp.o
 .comment       0x00000000       0x4d C:\Users\Caska\AppData\Local\Temp\ccGYGKug.debug.temp.o
 .comment       0x00000000       0x4d C:\Users\Caska\AppData\Local\Temp\ccoEHpaO.debug.temp.o
 .comment       0x00000000       0x4d C:\Users\Caska\AppData\Local\Temp\cc6jI4Pl.debug.temp.o
 .text          0x00000000        0x0 d:/2.30/share/armgcc/bin/../lib/gcc/arm-none-eabi/9.3.1/../../../../arm-none-eabi/lib/thumb/v7e-m+fp/hard\libg_nano.a(lib_a-exit.o)
 .data          0x00000000        0x0 d:/2.30/share/armgcc/bin/../lib/gcc/arm-none-eabi/9.3.1/../../../../arm-none-eabi/lib/thumb/v7e-m+fp/hard\libg_nano.a(lib_a-exit.o)
 .bss           0x00000000        0x0 d:/2.30/share/armgcc/bin/../lib/gcc/arm-none-eabi/9.3.1/../../../../arm-none-eabi/lib/thumb/v7e-m+fp/hard\libg_nano.a(lib_a-exit.o)
 .text.exit     0x00000000       0x28 d:/2.30/share/armgcc/bin/../lib/gcc/arm-none-eabi/9.3.1/../../../../arm-none-eabi/lib/thumb/v7e-m+fp/hard\libg_nano.a(lib_a-exit.o)
 .debug_frame   0x00000000       0x28 d:/2.30/share/armgcc/bin/../lib/gcc/arm-none-eabi/9.3.1/../../../../arm-none-eabi/lib/thumb/v7e-m+fp/hard\libg_nano.a(lib_a-exit.o)
 .ARM.attributes
                0x00000000       0x34 d:/2.30/share/armgcc/bin/../lib/gcc/arm-none-eabi/9.3.1/../../../../arm-none-eabi/lib/thumb/v7e-m+fp/hard\libg_nano.a(lib_a-exit.o)
 .text          0x00000000        0x0 d:/2.30/share/armgcc/bin/../lib/gcc/arm-none-eabi/9.3.1/../../../../arm-none-eabi/lib/thumb/v7e-m+fp/hard\libg_nano.a(lib_a-impure.o)
 .data          0x00000000        0x0 d:/2.30/share/armgcc/bin/../lib/gcc/arm-none-eabi/9.3.1/../../../../arm-none-eabi/lib/thumb/v7e-m+fp/hard\libg_nano.a(lib_a-impure.o)
 .bss           0x00000000        0x0 d:/2.30/share/armgcc/bin/../lib/gcc/arm-none-eabi/9.3.1/../../../../arm-none-eabi/lib/thumb/v7e-m+fp/hard\libg_nano.a(lib_a-impure.o)
 .data._impure_ptr
                0x00000000        0x4 d:/2.30/share/armgcc/bin/../lib/gcc/arm-none-eabi/9.3.1/../../../../arm-none-eabi/lib/thumb/v7e-m+fp/hard\libg_nano.a(lib_a-impure.o)
 .data.impure_data
                0x00000000       0x60 d:/2.30/share/armgcc/bin/../lib/gcc/arm-none-eabi/9.3.1/../../../../arm-none-eabi/lib/thumb/v7e-m+fp/hard\libg_nano.a(lib_a-impure.o)
 .rodata._global_impure_ptr
                0x00000000        0x4 d:/2.30/share/armgcc/bin/../lib/gcc/arm-none-eabi/9.3.1/../../../../arm-none-eabi/lib/thumb/v7e-m+fp/hard\libg_nano.a(lib_a-impure.o)
 .ARM.attributes
                0x00000000       0x32 d:/2.30/share/armgcc/bin/../lib/gcc/arm-none-eabi/9.3.1/../../../../arm-none-eabi/lib/thumb/v7e-m+fp/hard\libg_nano.a(lib_a-impure.o)
 .text          0x00000000        0x0 d:/2.30/share/armgcc/bin/../lib/gcc/arm-none-eabi/9.3.1/../../../../arm-none-eabi/lib/thumb/v7e-m+fp/hard\libg_nano.a(lib_a-init.o)
 .data          0x00000000        0x0 d:/2.30/share/armgcc/bin/../lib/gcc/arm-none-eabi/9.3.1/../../../../arm-none-eabi/lib/thumb/v7e-m+fp/hard\libg_nano.a(lib_a-init.o)
 .bss           0x00000000        0x0 d:/2.30/share/armgcc/bin/../lib/gcc/arm-none-eabi/9.3.1/../../../../arm-none-eabi/lib/thumb/v7e-m+fp/hard\libg_nano.a(lib_a-init.o)
 .text.__libc_init_array
                0x00000000       0x48 d:/2.30/share/armgcc/bin/../lib/gcc/arm-none-eabi/9.3.1/../../../../arm-none-eabi/lib/thumb/v7e-m+fp/hard\libg_nano.a(lib_a-init.o)
 .debug_frame   0x00000000       0x2c d:/2.30/share/armgcc/bin/../lib/gcc/arm-none-eabi/9.3.1/../../../../arm-none-eabi/lib/thumb/v7e-m+fp/hard\libg_nano.a(lib_a-init.o)
 .ARM.attributes
                0x00000000       0x34 d:/2.30/share/armgcc/bin/../lib/gcc/arm-none-eabi/9.3.1/../../../../arm-none-eabi/lib/thumb/v7e-m+fp/hard\libg_nano.a(lib_a-init.o)
 .text          0x00000000        0x0 d:/2.30/share/armgcc/bin/../lib/gcc/arm-none-eabi/9.3.1/../../../../arm-none-eabi/lib/thumb/v7e-m+fp/hard\libg_nano.a(lib_a-memset.o)
 .data          0x00000000        0x0 d:/2.30/share/armgcc/bin/../lib/gcc/arm-none-eabi/9.3.1/../../../../arm-none-eabi/lib/thumb/v7e-m+fp/hard\libg_nano.a(lib_a-memset.o)
 .bss           0x00000000        0x0 d:/2.30/share/armgcc/bin/../lib/gcc/arm-none-eabi/9.3.1/../../../../arm-none-eabi/lib/thumb/v7e-m+fp/hard\libg_nano.a(lib_a-memset.o)
 .text          0x00000000        0x0 d:/2.30/share/armgcc/bin/../lib/gcc/arm-none-eabi/9.3.1/../../../../arm-none-eabi/lib/thumb/v7e-m+fp/hard\libg_nano.a(lib_a-memcpy-stub.o)
 .data          0x00000000        0x0 d:/2.30/share/armgcc/bin/../lib/gcc/arm-none-eabi/9.3.1/../../../../arm-none-eabi/lib/thumb/v7e-m+fp/hard\libg_nano.a(lib_a-memcpy-stub.o)
 .bss           0x00000000        0x0 d:/2.30/share/armgcc/bin/../lib/gcc/arm-none-eabi/9.3.1/../../../../arm-none-eabi/lib/thumb/v7e-m+fp/hard\libg_nano.a(lib_a-memcpy-stub.o)
 .text          0x00000000        0x0 d:/2.30/share/armgcc/bin/../lib/gcc/arm-none-eabi/9.3.1/../../../../arm-none-eabi/lib/thumb/v7e-m+fp/hard\libnosys.a(_exit.o)
 .data          0x00000000        0x0 d:/2.30/share/armgcc/bin/../lib/gcc/arm-none-eabi/9.3.1/../../../../arm-none-eabi/lib/thumb/v7e-m+fp/hard\libnosys.a(_exit.o)
 .bss           0x00000000        0x0 d:/2.30/share/armgcc/bin/../lib/gcc/arm-none-eabi/9.3.1/../../../../arm-none-eabi/lib/thumb/v7e-m+fp/hard\libnosys.a(_exit.o)
 .text._exit    0x00000000        0x4 d:/2.30/share/armgcc/bin/../lib/gcc/arm-none-eabi/9.3.1/../../../../arm-none-eabi/lib/thumb/v7e-m+fp/hard\libnosys.a(_exit.o)
 .debug_frame   0x00000000       0x20 d:/2.30/share/armgcc/bin/../lib/gcc/arm-none-eabi/9.3.1/../../../../arm-none-eabi/lib/thumb/v7e-m+fp/hard\libnosys.a(_exit.o)
 .ARM.attributes
                0x00000000       0x34 d:/2.30/share/armgcc/bin/../lib/gcc/arm-none-eabi/9.3.1/../../../../arm-none-eabi/lib/thumb/v7e-m+fp/hard\libnosys.a(_exit.o)
 .text          0x00000000      0x254 d:/2.30/share/armgcc/bin/../lib/gcc/arm-none-eabi/9.3.1/thumb/v7e-m+fp/hard\libgcc.a(_arm_muldf3.o)
 .data          0x00000000        0x0 d:/2.30/share/armgcc/bin/../lib/gcc/arm-none-eabi/9.3.1/thumb/v7e-m+fp/hard\libgcc.a(_arm_muldf3.o)
 .bss           0x00000000        0x0 d:/2.30/share/armgcc/bin/../lib/gcc/arm-none-eabi/9.3.1/thumb/v7e-m+fp/hard\libgcc.a(_arm_muldf3.o)
 .debug_frame   0x00000000       0x30 d:/2.30/share/armgcc/bin/../lib/gcc/arm-none-eabi/9.3.1/thumb/v7e-m+fp/hard\libgcc.a(_arm_muldf3.o)
 .ARM.attributes
                0x00000000       0x1e d:/2.30/share/armgcc/bin/../lib/gcc/arm-none-eabi/9.3.1/thumb/v7e-m+fp/hard\libgcc.a(_arm_muldf3.o)
 .data          0x00000000        0x0 d:/2.30/share/armgcc/bin/../lib/gcc/arm-none-eabi/9.3.1/thumb/v7e-m+fp/hard\libgcc.a(_arm_addsubdf3.o)
 .bss           0x00000000        0x0 d:/2.30/share/armgcc/bin/../lib/gcc/arm-none-eabi/9.3.1/thumb/v7e-m+fp/hard\libgcc.a(_arm_addsubdf3.o)
 .data          0x00000000        0x0 d:/2.30/share/armgcc/bin/../lib/gcc/arm-none-eabi/9.3.1/thumb/v7e-m+fp/hard\libgcc.a(_arm_muldivdf3.o)
 .bss           0x00000000        0x0 d:/2.30/share/armgcc/bin/../lib/gcc/arm-none-eabi/9.3.1/thumb/v7e-m+fp/hard\libgcc.a(_arm_muldivdf3.o)
 .data          0x00000000        0x0 d:/2.30/share/armgcc/bin/../lib/gcc/arm-none-eabi/9.3.1/thumb/v7e-m+fp/hard\libgcc.a(_arm_cmpdf2.o)
 .bss           0x00000000        0x0 d:/2.30/share/armgcc/bin/../lib/gcc/arm-none-eabi/9.3.1/thumb/v7e-m+fp/hard\libgcc.a(_arm_cmpdf2.o)
 .data          0x00000000        0x0 d:/2.30/share/armgcc/bin/../lib/gcc/arm-none-eabi/9.3.1/thumb/v7e-m+fp/hard\libgcc.a(_arm_truncdfsf2.o)
 .bss           0x00000000        0x0 d:/2.30/share/armgcc/bin/../lib/gcc/arm-none-eabi/9.3.1/thumb/v7e-m+fp/hard\libgcc.a(_arm_truncdfsf2.o)
 .text          0x00000000        0x0 d:/2.30/share/armgcc/bin/../lib/gcc/arm-none-eabi/9.3.1/thumb/v7e-m+fp/hard/crtend.o
 .data          0x00000000        0x0 d:/2.30/share/armgcc/bin/../lib/gcc/arm-none-eabi/9.3.1/thumb/v7e-m+fp/hard/crtend.o
 .bss           0x00000000        0x0 d:/2.30/share/armgcc/bin/../lib/gcc/arm-none-eabi/9.3.1/thumb/v7e-m+fp/hard/crtend.o
 .eh_frame      0x00000000        0x4 d:/2.30/share/armgcc/bin/../lib/gcc/arm-none-eabi/9.3.1/thumb/v7e-m+fp/hard/crtend.o
 .ARM.attributes
                0x00000000       0x32 d:/2.30/share/armgcc/bin/../lib/gcc/arm-none-eabi/9.3.1/thumb/v7e-m+fp/hard/crtend.o
 .text          0x00000000        0x0 d:/2.30/share/armgcc/bin/../lib/gcc/arm-none-eabi/9.3.1/thumb/v7e-m+fp/hard/crtn.o
 .data          0x00000000        0x0 d:/2.30/share/armgcc/bin/../lib/gcc/arm-none-eabi/9.3.1/thumb/v7e-m+fp/hard/crtn.o
 .bss           0x00000000        0x0 d:/2.30/share/armgcc/bin/../lib/gcc/arm-none-eabi/9.3.1/thumb/v7e-m+fp/hard/crtn.o

Memory Configuration

Name             Origin             Length             Attributes
FLASH            0x08000000         0x00100000         xr
RAM              0x20000000         0x00020000         xrw
CCMRAM           0x10000000         0x00010000         xrw
*default*        0x00000000         0xffffffff

Linker script and memory map

LOAD d:/2.30/share/armgcc/bin/../lib/gcc/arm-none-eabi/9.3.1/thumb/v7e-m+fp/hard/crti.o
LOAD d:/2.30/share/armgcc/bin/../lib/gcc/arm-none-eabi/9.3.1/thumb/v7e-m+fp/hard/crtbegin.o
LOAD d:/2.30/share/armgcc/bin/../lib/gcc/arm-none-eabi/9.3.1/../../../../arm-none-eabi/lib/thumb/v7e-m+fp/hard/crt0.o
                0x00000000                __HEAP_SIZE = 0x0
                0x00000100                __STACK_SIZE = 0x100
                0x00000000                _Min_Heap_Size = __HEAP_SIZE
                0x00000100                _Min_Stack_Size = __STACK_SIZE
                0x20020000                _estack = (ORIGIN (RAM) + LENGTH (RAM))

.isr_vector     0x08000000      0x188
                0x08000000                . = ALIGN (0x4)
 *(.isr_vector)
 .isr_vector    0x08000000      0x188 obj\release\src\startup_stm32f407xx.o
                0x08000000                g_pfnVectors
                0x08000188                . = ALIGN (0x4)

.text           0x08000190     0x4f28
                0x08000190                . = ALIGN (0x4)
 *(.text)
 .text          0x08000190       0x40 d:/2.30/share/armgcc/bin/../lib/gcc/arm-none-eabi/9.3.1/thumb/v7e-m+fp/hard/crtbegin.o
 .text          0x080001d0      0x378 d:/2.30/share/armgcc/bin/../lib/gcc/arm-none-eabi/9.3.1/thumb/v7e-m+fp/hard\libgcc.a(_arm_addsubdf3.o)
                0x080001d0                __aeabi_drsub
                0x080001d8                __aeabi_dsub
                0x080001d8                __subdf3
                0x080001dc                __aeabi_dadd
                0x080001dc                __adddf3
                0x08000454                __floatunsidf
                0x08000454                __aeabi_ui2d
                0x08000474                __floatsidf
                0x08000474                __aeabi_i2d
                0x08000498                __aeabi_f2d
                0x08000498                __extendsfdf2
                0x080004dc                __floatundidf
                0x080004dc                __aeabi_ul2d
                0x080004ec                __floatdidf
                0x080004ec                __aeabi_l2d
 .text          0x08000548      0x424 d:/2.30/share/armgcc/bin/../lib/gcc/arm-none-eabi/9.3.1/thumb/v7e-m+fp/hard\libgcc.a(_arm_muldivdf3.o)
                0x08000548                __aeabi_dmul
                0x08000548                __muldf3
                0x0800079c                __divdf3
                0x0800079c                __aeabi_ddiv
 .text          0x0800096c      0x110 d:/2.30/share/armgcc/bin/../lib/gcc/arm-none-eabi/9.3.1/thumb/v7e-m+fp/hard\libgcc.a(_arm_cmpdf2.o)
                0x0800096c                __gtdf2
                0x0800096c                __gedf2
                0x08000974                __ltdf2
                0x08000974                __ledf2
                0x0800097c                __nedf2
                0x0800097c                __eqdf2
                0x0800097c                __cmpdf2
                0x080009f8                __aeabi_cdrcmple
                0x08000a08                __aeabi_cdcmpeq
                0x08000a08                __aeabi_cdcmple
                0x08000a18                __aeabi_dcmpeq
                0x08000a2c                __aeabi_dcmplt
                0x08000a40                __aeabi_dcmple
                0x08000a54                __aeabi_dcmpge
                0x08000a68                __aeabi_dcmpgt
 .text          0x08000a7c       0xa0 d:/2.30/share/armgcc/bin/../lib/gcc/arm-none-eabi/9.3.1/thumb/v7e-m+fp/hard\libgcc.a(_arm_truncdfsf2.o)
                0x08000a7c                __truncdfsf2
                0x08000a7c                __aeabi_d2f
 *(.text*)
 .text.Reset_Handler
                0x08000b1c       0x4c obj\release\src\startup_stm32f407xx.o
                0x08000b1c                Reset_Handler
 .text.Default_Handler
                0x08000b68        0x2 obj\release\src\startup_stm32f407xx.o
                0x08000b68                RTC_Alarm_IRQHandler
                0x08000b68                HASH_RNG_IRQHandler
                0x08000b68                TIM8_CC_IRQHandler
                0x08000b68                DebugMon_Handler
                0x08000b68                TIM1_CC_IRQHandler
                0x08000b68                DMA2_Stream5_IRQHandler
                0x08000b68                HardFault_Handler
                0x08000b68                DMA1_Stream5_IRQHandler
                0x08000b68                PVD_IRQHandler
                0x08000b68                SDIO_IRQHandler
                0x08000b68                TAMP_STAMP_IRQHandler
                0x08000b68                NMI_Handler
                0x08000b68                CAN2_RX1_IRQHandler
                0x08000b68                TIM8_TRG_COM_TIM14_IRQHandler
                0x08000b68                TIM1_UP_TIM10_IRQHandler
                0x08000b68                I2C3_ER_IRQHandler
                0x08000b68                I2C2_EV_IRQHandler
                0x08000b68                DMA1_Stream2_IRQHandler
                0x08000b68                CAN1_RX0_IRQHandler
                0x08000b68                FPU_IRQHandler
                0x08000b68                OTG_HS_WKUP_IRQHandler
                0x08000b68                UsageFault_Handler
                0x08000b68                CAN2_SCE_IRQHandler
                0x08000b68                DMA2_Stream2_IRQHandler
                0x08000b68                SPI1_IRQHandler
                0x08000b68                TIM1_BRK_TIM9_IRQHandler
                0x08000b68                DCMI_IRQHandler
                0x08000b68                CAN2_RX0_IRQHandler
                0x08000b68                DMA2_Stream3_IRQHandler
                0x08000b68                USART6_IRQHandler
                0x08000b68                CAN1_RX1_IRQHandler
                0x08000b68                UART5_IRQHandler
                0x08000b68                DMA2_Stream0_IRQHandler
                0x08000b68                I2C1_EV_IRQHandler
                0x08000b68                DMA1_Stream6_IRQHandler
                0x08000b68                DMA1_Stream1_IRQHandler
                0x08000b68                UART4_IRQHandler
                0x08000b68                RCC_IRQHandler
                0x08000b68                TIM8_BRK_TIM12_IRQHandler
                0x08000b68                Default_Handler
                0x08000b68                ADC_IRQHandler
                0x08000b68                DMA1_Stream7_IRQHandler
                0x08000b68                CAN2_TX_IRQHandler
                0x08000b68                DMA2_Stream7_IRQHandler
                0x08000b68                I2C3_EV_IRQHandler
                0x08000b68                RTC_WKUP_IRQHandler
                0x08000b68                ETH_WKUP_IRQHandler
                0x08000b68                SPI2_IRQHandler
                0x08000b68                OTG_HS_EP1_IN_IRQHandler
                0x08000b68                MemManage_Handler
                0x08000b68                DMA1_Stream0_IRQHandler
                0x08000b68                CAN1_TX_IRQHandler
                0x08000b68                FSMC_IRQHandler
                0x08000b68                ETH_IRQHandler
                0x08000b68                OTG_HS_EP1_OUT_IRQHandler
                0x08000b68                WWDG_IRQHandler
                0x08000b68                OTG_FS_WKUP_IRQHandler
                0x08000b68                TIM1_TRG_COM_TIM11_IRQHandler
                0x08000b68                OTG_HS_IRQHandler
                0x08000b68                USART2_IRQHandler
                0x08000b68                I2C2_ER_IRQHandler
                0x08000b68                DMA2_Stream1_IRQHandler
                0x08000b68                CAN1_SCE_IRQHandler
                0x08000b68                FLASH_IRQHandler
                0x08000b68                DMA2_Stream4_IRQHandler
                0x08000b68                BusFault_Handler
                0x08000b68                USART1_IRQHandler
                0x08000b68                OTG_FS_IRQHandler
                0x08000b68                SPI3_IRQHandler
                0x08000b68                DMA1_Stream4_IRQHandler
                0x08000b68                I2C1_ER_IRQHandler
                0x08000b68                DMA2_Stream6_IRQHandler
                0x08000b68                DMA1_Stream3_IRQHandler
 *fill*         0x08000b6a        0x2 
 .text.PID_Init
                0x08000b6c       0x68 C:\Users\Caska\AppData\Local\Temp\robocross.elf.PVLSqf.ltrans0.ltrans.o
 .text.move_transmission_to_certain_state
                0x08000bd4       0xf8 C:\Users\Caska\AppData\Local\Temp\robocross.elf.PVLSqf.ltrans0.ltrans.o
 .text.Get_Transmission
                0x08000ccc       0x5c C:\Users\Caska\AppData\Local\Temp\robocross.elf.PVLSqf.ltrans0.ltrans.o
 .text.Set_Transmission
                0x08000d28       0xf8 C:\Users\Caska\AppData\Local\Temp\robocross.elf.PVLSqf.ltrans0.ltrans.o
 .text.Get_Clutch
                0x08000e20       0x2c C:\Users\Caska\AppData\Local\Temp\robocross.elf.PVLSqf.ltrans0.ltrans.o
 .text.ModBus_IsFull_Queue
                0x08000e4c       0x60 C:\Users\Caska\AppData\Local\Temp\robocross.elf.PVLSqf.ltrans0.ltrans.o
 .text.ModBus_Init
                0x08000eac       0x80 C:\Users\Caska\AppData\Local\Temp\robocross.elf.PVLSqf.ltrans0.ltrans.o
 .text.prvTaskExitError.part.0
                0x08000f2c       0x14 C:\Users\Caska\AppData\Local\Temp\robocross.elf.PVLSqf.ltrans0.ltrans.o
 .text.prvTaskExitError
                0x08000f40       0x34 C:\Users\Caska\AppData\Local\Temp\robocross.elf.PVLSqf.ltrans0.ltrans.o
 .text.vTaskSwitchContext.part.0
                0x08000f74       0x90 C:\Users\Caska\AppData\Local\Temp\robocross.elf.PVLSqf.ltrans0.ltrans.o
 .text.prvResetNextTaskUnblockTime.part.0
                0x08001004       0x18 C:\Users\Caska\AppData\Local\Temp\robocross.elf.PVLSqf.ltrans0.ltrans.o
 .text.xTaskGetSchedulerState
                0x0800101c       0x20 C:\Users\Caska\AppData\Local\Temp\robocross.elf.PVLSqf.ltrans0.ltrans.o
 .text.vTaskSuspendAll
                0x0800103c       0x10 C:\Users\Caska\AppData\Local\Temp\robocross.elf.PVLSqf.ltrans0.ltrans.o
 .text.vPortEnableVFP
                0x0800104c       0x14 C:\Users\Caska\AppData\Local\Temp\robocross.elf.PVLSqf.ltrans0.ltrans.o
 .text.vPortExitCritical
                0x08001060       0x1c C:\Users\Caska\AppData\Local\Temp\robocross.elf.PVLSqf.ltrans0.ltrans.o
 .text.vPortEnterCritical
                0x0800107c       0x38 C:\Users\Caska\AppData\Local\Temp\robocross.elf.PVLSqf.ltrans0.ltrans.o
 .text.xTaskCheckForTimeOut
                0x080010b4       0x60 C:\Users\Caska\AppData\Local\Temp\robocross.elf.PVLSqf.ltrans0.ltrans.o
 .text.prvPortStartFirstTask
                0x08001114       0x28 C:\Users\Caska\AppData\Local\Temp\robocross.elf.PVLSqf.ltrans0.ltrans.o
 .text.uxListRemove
                0x0800113c       0x24 C:\Users\Caska\AppData\Local\Temp\robocross.elf.PVLSqf.ltrans0.ltrans.o
 .text.vListInsert
                0x08001160       0x34 C:\Users\Caska\AppData\Local\Temp\robocross.elf.PVLSqf.ltrans0.ltrans.o
 .text.prvInsertTimerInActiveList
                0x08001194       0x44 C:\Users\Caska\AppData\Local\Temp\robocross.elf.PVLSqf.ltrans0.ltrans.o
 .text.vListInsertEnd
                0x080011d8       0x18 C:\Users\Caska\AppData\Local\Temp\robocross.elf.PVLSqf.ltrans0.ltrans.o
 .text.vTaskPrioritySet.part.0
                0x080011f0       0xcc C:\Users\Caska\AppData\Local\Temp\robocross.elf.PVLSqf.ltrans0.ltrans.o
 .text.prvAddCurrentTaskToDelayedList
                0x080012bc       0x98 C:\Users\Caska\AppData\Local\Temp\robocross.elf.PVLSqf.ltrans0.ltrans.o
 .text.vTaskPlaceOnEventList
                0x08001354       0x20 C:\Users\Caska\AppData\Local\Temp\robocross.elf.PVLSqf.ltrans0.ltrans.o
 .text.xTaskRemoveFromEventList
                0x08001374       0x84 C:\Users\Caska\AppData\Local\Temp\robocross.elf.PVLSqf.ltrans0.ltrans.o
 .text.prvUnlockQueue
                0x080013f8       0x9c C:\Users\Caska\AppData\Local\Temp\robocross.elf.PVLSqf.ltrans0.ltrans.o
 .text.xTaskIncrementTick
                0x08001494      0x174 C:\Users\Caska\AppData\Local\Temp\robocross.elf.PVLSqf.ltrans0.ltrans.o
 .text.xTaskResumeAll
                0x08001608      0x11c C:\Users\Caska\AppData\Local\Temp\robocross.elf.PVLSqf.ltrans0.ltrans.o
 .text.xEventGroupWaitBits.constprop.0
                0x08001724       0xd0 C:\Users\Caska\AppData\Local\Temp\robocross.elf.PVLSqf.ltrans0.ltrans.o
 .text.xQueueSemaphoreTake.constprop.0
                0x080017f4      0x320 C:\Users\Caska\AppData\Local\Temp\robocross.elf.PVLSqf.ltrans0.ltrans.o
 .text.vMessageSending
                0x08001b14      0x250 C:\Users\Caska\AppData\Local\Temp\robocross.elf.PVLSqf.ltrans0.ltrans.o
 .text.vTaskDelay
                0x08001d64       0x38 C:\Users\Caska\AppData\Local\Temp\robocross.elf.PVLSqf.ltrans0.ltrans.o
 .text.vTransmissionInit
                0x08001d9c       0x40 C:\Users\Caska\AppData\Local\Temp\robocross.elf.PVLSqf.ltrans0.ltrans.o
 .text.vTaskResume
                0x08001ddc       0x98 C:\Users\Caska\AppData\Local\Temp\robocross.elf.PVLSqf.ltrans0.ltrans.o
 .text.vTaskSuspend
                0x08001e74      0x114 C:\Users\Caska\AppData\Local\Temp\robocross.elf.PVLSqf.ltrans0.ltrans.o
 .text.vRobotGo
                0x08001f88       0xa0 C:\Users\Caska\AppData\Local\Temp\robocross.elf.PVLSqf.ltrans0.ltrans.o
 .text.vListInitialise
                0x08002028       0x18 C:\Users\Caska\AppData\Local\Temp\robocross.elf.PVLSqf.ltrans0.ltrans.o
 .text.vPortFree
                0x08002040       0x40 C:\Users\Caska\AppData\Local\Temp\robocross.elf.PVLSqf.ltrans0.ltrans.o
 .text.prvIdleTask
                0x08002080       0x70 C:\Users\Caska\AppData\Local\Temp\robocross.elf.PVLSqf.ltrans0.ltrans.o
 .text.pvPortMalloc
                0x080020f0       0xc0 C:\Users\Caska\AppData\Local\Temp\robocross.elf.PVLSqf.ltrans0.ltrans.o
 .text.xEventGroupSetBits
                0x080021b0      0x104 C:\Users\Caska\AppData\Local\Temp\robocross.elf.PVLSqf.ltrans0.ltrans.o
 .text.xEventGroupClearBits
                0x080022b4       0x2c C:\Users\Caska\AppData\Local\Temp\robocross.elf.PVLSqf.ltrans0.ltrans.o
 .text.SetPWM   0x080022e0       0xbc C:\Users\Caska\AppData\Local\Temp\robocross.elf.PVLSqf.ltrans0.ltrans.o
 .text.Set_Gas  0x0800239c       0x54 C:\Users\Caska\AppData\Local\Temp\robocross.elf.PVLSqf.ltrans0.ltrans.o
 .text.vGasManagement
                0x080023f0       0x40 C:\Users\Caska\AppData\Local\Temp\robocross.elf.PVLSqf.ltrans0.ltrans.o
 .text.Move_Clutch
                0x08002430       0x98 C:\Users\Caska\AppData\Local\Temp\robocross.elf.PVLSqf.ltrans0.ltrans.o
 .text.xQueueReceive
                0x080024c8      0x180 C:\Users\Caska\AppData\Local\Temp\robocross.elf.PVLSqf.ltrans0.ltrans.o
 .text.vManagementGearsBox
                0x08002648       0xa4 C:\Users\Caska\AppData\Local\Temp\robocross.elf.PVLSqf.ltrans0.ltrans.o
 .text.vBrakeManagement
                0x080026ec       0xbc C:\Users\Caska\AppData\Local\Temp\robocross.elf.PVLSqf.ltrans0.ltrans.o
 .text.vClutchManagement
                0x080027a8       0xdc C:\Users\Caska\AppData\Local\Temp\robocross.elf.PVLSqf.ltrans0.ltrans.o
 .text.xQueueGenericSend.constprop.0
                0x08002884      0x258 C:\Users\Caska\AppData\Local\Temp\robocross.elf.PVLSqf.ltrans0.ltrans.o
 *fill*         0x08002adc        0x4 
 .text.vSecurityMemoryManagement
                0x08002ae0      0x5c8 C:\Users\Caska\AppData\Local\Temp\robocross.elf.PVLSqf.ltrans0.ltrans.o
 .text.vModBusManagement
                0x080030a8      0x260 C:\Users\Caska\AppData\Local\Temp\robocross.elf.PVLSqf.ltrans0.ltrans.o
 .text.vWaitingEvent
                0x08003308       0x40 C:\Users\Caska\AppData\Local\Temp\robocross.elf.PVLSqf.ltrans0.ltrans.o
 .text.vStart   0x08003348      0x1b8 C:\Users\Caska\AppData\Local\Temp\robocross.elf.PVLSqf.ltrans0.ltrans.o
 .text.xTimerGenericCommand.constprop.0
                0x08003500       0x34 C:\Users\Caska\AppData\Local\Temp\robocross.elf.PVLSqf.ltrans0.ltrans.o
 .text.prvSwitchTimerLists
                0x08003534       0x74 C:\Users\Caska\AppData\Local\Temp\robocross.elf.PVLSqf.ltrans0.ltrans.o
 .text.prvTimerTask
                0x080035a8      0x294 C:\Users\Caska\AppData\Local\Temp\robocross.elf.PVLSqf.ltrans0.ltrans.o
 .text.xQueueGenericCreate.part.0
                0x0800383c       0x90 C:\Users\Caska\AppData\Local\Temp\robocross.elf.PVLSqf.ltrans0.ltrans.o
 .text.xTaskCreate.constprop.0
                0x080038cc      0x1e8 C:\Users\Caska\AppData\Local\Temp\robocross.elf.PVLSqf.ltrans0.ltrans.o
 .text.SystemInit
                0x08003ab4       0xfc C:\Users\Caska\AppData\Local\Temp\robocross.elf.PVLSqf.ltrans0.ltrans.o
                0x08003ab4                SystemInit
 .text.EXTI15_10_IRQHandler
                0x08003bb0       0x14 C:\Users\Caska\AppData\Local\Temp\robocross.elf.PVLSqf.ltrans0.ltrans.o
                0x08003bb0                EXTI15_10_IRQHandler
 .text.EXTI9_5_IRQHandler
                0x08003bc4       0x3c C:\Users\Caska\AppData\Local\Temp\robocross.elf.PVLSqf.ltrans0.ltrans.o
                0x08003bc4                EXTI9_5_IRQHandler
 .text.EXTI4_IRQHandler
                0x08003c00        0xc C:\Users\Caska\AppData\Local\Temp\robocross.elf.PVLSqf.ltrans0.ltrans.o
                0x08003c00                EXTI4_IRQHandler
 .text.EXTI3_IRQHandler
                0x08003c0c        0xc C:\Users\Caska\AppData\Local\Temp\robocross.elf.PVLSqf.ltrans0.ltrans.o
                0x08003c0c                EXTI3_IRQHandler
 .text.EXTI2_IRQHandler
                0x08003c18        0xc C:\Users\Caska\AppData\Local\Temp\robocross.elf.PVLSqf.ltrans0.ltrans.o
                0x08003c18                EXTI2_IRQHandler
 .text.EXTI1_IRQHandler
                0x08003c24       0x1c C:\Users\Caska\AppData\Local\Temp\robocross.elf.PVLSqf.ltrans0.ltrans.o
                0x08003c24                EXTI1_IRQHandler
 .text.EXTI0_IRQHandler
                0x08003c40       0x1c C:\Users\Caska\AppData\Local\Temp\robocross.elf.PVLSqf.ltrans0.ltrans.o
                0x08003c40                EXTI0_IRQHandler
 .text.TIM8_UP_TIM13_IRQHandler
                0x08003c5c        0xc C:\Users\Caska\AppData\Local\Temp\robocross.elf.PVLSqf.ltrans0.ltrans.o
                0x08003c5c                TIM8_UP_TIM13_IRQHandler
 .text.TIM7_IRQHandler
                0x08003c68      0x19c C:\Users\Caska\AppData\Local\Temp\robocross.elf.PVLSqf.ltrans0.ltrans.o
                0x08003c68                TIM7_IRQHandler
 *fill*         0x08003e04        0x4 
 .text.TIM6_DAC_IRQHandler
                0x08003e08      0x18c C:\Users\Caska\AppData\Local\Temp\robocross.elf.PVLSqf.ltrans0.ltrans.o
                0x08003e08                TIM6_DAC_IRQHandler
 .text.TIM5_IRQHandler
                0x08003f94        0xc C:\Users\Caska\AppData\Local\Temp\robocross.elf.PVLSqf.ltrans0.ltrans.o
                0x08003f94                TIM5_IRQHandler
 .text.TIM4_IRQHandler
                0x08003fa0        0xc C:\Users\Caska\AppData\Local\Temp\robocross.elf.PVLSqf.ltrans0.ltrans.o
                0x08003fa0                TIM4_IRQHandler
 .text.TIM3_IRQHandler
                0x08003fac        0xc C:\Users\Caska\AppData\Local\Temp\robocross.elf.PVLSqf.ltrans0.ltrans.o
                0x08003fac                TIM3_IRQHandler
 .text.TIM2_IRQHandler
                0x08003fb8        0xc C:\Users\Caska\AppData\Local\Temp\robocross.elf.PVLSqf.ltrans0.ltrans.o
                0x08003fb8                TIM2_IRQHandler
 .text.USART3_IRQHandler
                0x08003fc4       0x3c C:\Users\Caska\AppData\Local\Temp\robocross.elf.PVLSqf.ltrans0.ltrans.o
                0x08003fc4                USART3_IRQHandler
 .text.vTaskSwitchContext
                0x08004000       0x1c C:\Users\Caska\AppData\Local\Temp\robocross.elf.PVLSqf.ltrans0.ltrans.o
                0x08004000                vTaskSwitchContext
 .text.startup.main
                0x0800401c      0xf90 C:\Users\Caska\AppData\Local\Temp\robocross.elf.PVLSqf.ltrans0.ltrans.o
                0x0800401c                main
 .text.SysTick_Handler
                0x08004fac       0x2c C:\Users\Caska\AppData\Local\Temp\robocross.elf.PVLSqf.ltrans0.ltrans.o
                0x08004fac                SysTick_Handler
 *fill*         0x08004fd8        0x8 
 .text.PendSV_Handler
                0x08004fe0       0x64 C:\Users\Caska\AppData\Local\Temp\robocross.elf.PVLSqf.ltrans0.ltrans.o
                0x08004fe0                PendSV_Handler
 *fill*         0x08005044        0xc 
 .text.SVC_Handler
                0x08005050       0x24 C:\Users\Caska\AppData\Local\Temp\robocross.elf.PVLSqf.ltrans0.ltrans.o
                0x08005050                SVC_Handler
 .text.memset   0x08005074       0x10 d:/2.30/share/armgcc/bin/../lib/gcc/arm-none-eabi/9.3.1/../../../../arm-none-eabi/lib/thumb/v7e-m+fp/hard\libg_nano.a(lib_a-memset.o)
                0x08005074                memset
 .text.memcpy   0x08005084       0x1c d:/2.30/share/armgcc/bin/../lib/gcc/arm-none-eabi/9.3.1/../../../../arm-none-eabi/lib/thumb/v7e-m+fp/hard\libg_nano.a(lib_a-memcpy-stub.o)
                0x08005084                memcpy
 *(.glue_7)
 .glue_7        0x080050a0        0x0 linker stubs
 *(.glue_7t)
 .glue_7t       0x080050a0        0x0 linker stubs
 *(.eh_frame)
 .eh_frame      0x080050a0        0x0 d:/2.30/share/armgcc/bin/../lib/gcc/arm-none-eabi/9.3.1/thumb/v7e-m+fp/hard/crtbegin.o
 *(.init)
 .init          0x080050a0        0x4 d:/2.30/share/armgcc/bin/../lib/gcc/arm-none-eabi/9.3.1/thumb/v7e-m+fp/hard/crti.o
                0x080050a0                _init
 .init          0x080050a4        0x8 d:/2.30/share/armgcc/bin/../lib/gcc/arm-none-eabi/9.3.1/thumb/v7e-m+fp/hard/crtn.o
 *(.fini)
 .fini          0x080050ac        0x4 d:/2.30/share/armgcc/bin/../lib/gcc/arm-none-eabi/9.3.1/thumb/v7e-m+fp/hard/crti.o
                0x080050ac                _fini
 .fini          0x080050b0        0x8 d:/2.30/share/armgcc/bin/../lib/gcc/arm-none-eabi/9.3.1/thumb/v7e-m+fp/hard/crtn.o
                0x080050b8                . = ALIGN (0x4)
                0x080050b8                _etext = .

.vfp11_veneer   0x080050b8        0x0
 .vfp11_veneer  0x080050b8        0x0 linker stubs

.v4_bx          0x080050b8        0x0
 .v4_bx         0x080050b8        0x0 linker stubs

.iplt           0x080050b8        0x0
 .iplt          0x080050b8        0x0 d:/2.30/share/armgcc/bin/../lib/gcc/arm-none-eabi/9.3.1/thumb/v7e-m+fp/hard/crtbegin.o

.rodata         0x080050b8       0xe0
                0x080050b8                . = ALIGN (0x4)
 *(.rodata)
 *(.rodata*)
 .rodata.main.str1.4
                0x080050b8       0x70 C:\Users\Caska\AppData\Local\Temp\robocross.elf.PVLSqf.ltrans0.ltrans.o
 .rodata.DIR_List
                0x08005128       0x28 C:\Users\Caska\AppData\Local\Temp\robocross.elf.PVLSqf.ltrans0.ltrans.o
 .rodata.PWM_List
                0x08005150       0x28 C:\Users\Caska\AppData\Local\Temp\robocross.elf.PVLSqf.ltrans0.ltrans.o
 .rodata.TransmissionManagementMatrix
                0x08005178       0x20 C:\Users\Caska\AppData\Local\Temp\robocross.elf.PVLSqf.ltrans0.ltrans.o
                0x08005198                . = ALIGN (0x4)

.rel.dyn        0x08005198        0x0
 .rel.iplt      0x08005198        0x0 d:/2.30/share/armgcc/bin/../lib/gcc/arm-none-eabi/9.3.1/thumb/v7e-m+fp/hard/crtbegin.o

.ARM.extab
 *(.ARM.extab* .gnu.linkonce.armextab.*)

.ARM            0x08005198        0x0
                0x08005198                __exidx_start = .
 *(.ARM.exidx*)
                0x08005198                __exidx_end = .

.preinit_array  0x08005198        0x0
                0x08005198                PROVIDE (__preinit_array_start = .)
 *(.preinit_array*)
                0x08005198                PROVIDE (__preinit_array_end = .)

.init_array     0x08005198        0x4
                0x08005198                PROVIDE (__init_array_start = .)
 *(SORT_BY_NAME(.init_array.*))
 *(.init_array*)
 .init_array    0x08005198        0x4 d:/2.30/share/armgcc/bin/../lib/gcc/arm-none-eabi/9.3.1/thumb/v7e-m+fp/hard/crtbegin.o
                0x0800519c                PROVIDE (__init_array_end = .)

.fini_array     0x0800519c        0x4
                [!provide]                PROVIDE (__fini_array_start = .)
 *(SORT_BY_NAME(.fini_array.*))
 *(.fini_array*)
 .fini_array    0x0800519c        0x4 d:/2.30/share/armgcc/bin/../lib/gcc/arm-none-eabi/9.3.1/thumb/v7e-m+fp/hard/crtbegin.o
                [!provide]                PROVIDE (__fini_array_end = .)
                0x080051a0                _sidata = LOADADDR (.data)

.data           0x20000000       0x20 load address 0x080051a0
                0x20000000                . = ALIGN (0x4)
                0x20000000                _sdata = .
 *(.data)
 *(.data*)
 .data.Buffer_Index
                0x20000000        0x4 C:\Users\Caska\AppData\Local\Temp\robocross.elf.PVLSqf.ltrans0.ltrans.o
 .data.StartFrameSend
                0x20000004        0xf C:\Users\Caska\AppData\Local\Temp\robocross.elf.PVLSqf.ltrans0.ltrans.o
 *fill*         0x20000013        0x1 
 .data.uxCriticalNesting
                0x20000014        0x4 C:\Users\Caska\AppData\Local\Temp\robocross.elf.PVLSqf.ltrans0.ltrans.o
 .data.uxTopUsedPriority
                0x20000018        0x4 C:\Users\Caska\AppData\Local\Temp\robocross.elf.PVLSqf.ltrans0.ltrans.o
 .data.xFreeBytesRemaining
                0x2000001c        0x4 C:\Users\Caska\AppData\Local\Temp\robocross.elf.PVLSqf.ltrans0.ltrans.o
                0x20000020                . = ALIGN (0x4)
                0x20000020                _edata = .

.igot.plt       0x20000020        0x0 load address 0x080051c0
 .igot.plt      0x20000020        0x0 d:/2.30/share/armgcc/bin/../lib/gcc/arm-none-eabi/9.3.1/thumb/v7e-m+fp/hard/crtbegin.o
                0x20000020                . = ALIGN (0x4)

.bss            0x20000020    0x12f04 load address 0x080051c0
                0x20000020                _sbss = .
                0x20000020                __bss_start__ = _sbss
 *(.bss)
 .bss           0x20000020       0x1c d:/2.30/share/armgcc/bin/../lib/gcc/arm-none-eabi/9.3.1/thumb/v7e-m+fp/hard/crtbegin.o
 *(.bss*)
 .bss.ADC_Buffer
                0x2000003c       0x14 C:\Users\Caska\AppData\Local\Temp\robocross.elf.PVLSqf.ltrans0.ltrans.o
 .bss.Brake_Flag
                0x20000050        0x1 C:\Users\Caska\AppData\Local\Temp\robocross.elf.PVLSqf.ltrans0.ltrans.o
 *fill*         0x20000051        0x3 
 .bss.Clutch_Flag
                0x20000054        0x4 C:\Users\Caska\AppData\Local\Temp\robocross.elf.PVLSqf.ltrans0.ltrans.o
 .bss.Current_Velocity
                0x20000058        0x4 C:\Users\Caska\AppData\Local\Temp\robocross.elf.PVLSqf.ltrans0.ltrans.o
 .bss.ErrorTask
                0x2000005c        0x4 C:\Users\Caska\AppData\Local\Temp\robocross.elf.PVLSqf.ltrans0.ltrans.o
 .bss.LPulseWheel
                0x20000060        0x2 C:\Users\Caska\AppData\Local\Temp\robocross.elf.PVLSqf.ltrans0.ltrans.o
 *fill*         0x20000062        0x2 
 .bss.LRCPointer
                0x20000064        0x4 C:\Users\Caska\AppData\Local\Temp\robocross.elf.PVLSqf.ltrans0.ltrans.o
 .bss.QueueBuffer_To_UART
                0x20000068        0xf C:\Users\Caska\AppData\Local\Temp\robocross.elf.PVLSqf.ltrans0.ltrans.o
 *fill*         0x20000077        0x1 
 .bss.QueueIndexTx
                0x20000078        0x4 C:\Users\Caska\AppData\Local\Temp\robocross.elf.PVLSqf.ltrans0.ltrans.o
 .bss.Queue_EndIndex
                0x2000007c        0x4 C:\Users\Caska\AppData\Local\Temp\robocross.elf.PVLSqf.ltrans0.ltrans.o
 .bss.Queue_Index
                0x20000080        0x4 C:\Users\Caska\AppData\Local\Temp\robocross.elf.PVLSqf.ltrans0.ltrans.o
 .bss.Queue_StartIndex
                0x20000084        0x4 C:\Users\Caska\AppData\Local\Temp\robocross.elf.PVLSqf.ltrans0.ltrans.o
 .bss.RPulseWheel
                0x20000088        0x2 C:\Users\Caska\AppData\Local\Temp\robocross.elf.PVLSqf.ltrans0.ltrans.o
 *fill*         0x2000008a        0x2 
 .bss.StartDataSendIndex
                0x2000008c        0x4 C:\Users\Caska\AppData\Local\Temp\robocross.elf.PVLSqf.ltrans0.ltrans.o
 .bss.StartFlags
                0x20000090        0x8 C:\Users\Caska\AppData\Local\Temp\robocross.elf.PVLSqf.ltrans0.ltrans.o
 .bss.TransmissionReg
                0x20000098       0x60 C:\Users\Caska\AppData\Local\Temp\robocross.elf.PVLSqf.ltrans0.ltrans.o
 .bss.Transmission_Flag
                0x200000f8        0x4 C:\Users\Caska\AppData\Local\Temp\robocross.elf.PVLSqf.ltrans0.ltrans.o
 .bss.UARTBufferEndMsgPointer
                0x200000fc        0x4 C:\Users\Caska\AppData\Local\Temp\robocross.elf.PVLSqf.ltrans0.ltrans.o
 .bss.UARTBufferIndex
                0x20000100        0x4 C:\Users\Caska\AppData\Local\Temp\robocross.elf.PVLSqf.ltrans0.ltrans.o
 .bss.UARTBufferLRCIndex
                0x20000104        0x4 C:\Users\Caska\AppData\Local\Temp\robocross.elf.PVLSqf.ltrans0.ltrans.o
 .bss.UARTBufferStartMsgPointer
                0x20000108        0x4 C:\Users\Caska\AppData\Local\Temp\robocross.elf.PVLSqf.ltrans0.ltrans.o
 .bss.UARTReceiver_Flag
                0x2000010c        0x4 C:\Users\Caska\AppData\Local\Temp\robocross.elf.PVLSqf.ltrans0.ltrans.o
 .bss.UARTTransmit_Flag
                0x20000110        0x4 C:\Users\Caska\AppData\Local\Temp\robocross.elf.PVLSqf.ltrans0.ltrans.o
 .bss.UART_Buffer
                0x20000114        0xf C:\Users\Caska\AppData\Local\Temp\robocross.elf.PVLSqf.ltrans0.ltrans.o
 *fill*         0x20000123        0x1 
 .bss.ZeroCounts
                0x20000124        0x4 C:\Users\Caska\AppData\Local\Temp\robocross.elf.PVLSqf.ltrans0.ltrans.o
 .bss.adc_data  0x20000128       0x12 C:\Users\Caska\AppData\Local\Temp\robocross.elf.PVLSqf.ltrans0.ltrans.o
 *fill*         0x2000013a        0x2 
 .bss.globalRangeTransmission
                0x2000013c        0x4 C:\Users\Caska\AppData\Local\Temp\robocross.elf.PVLSqf.ltrans0.ltrans.o
 .bss.pxCurrentTCB
                0x20000140        0x4 C:\Users\Caska\AppData\Local\Temp\robocross.elf.PVLSqf.ltrans0.ltrans.o
 .bss.pxCurrentTimerList
                0x20000144        0x4 C:\Users\Caska\AppData\Local\Temp\robocross.elf.PVLSqf.ltrans0.ltrans.o
 .bss.pxDelayedTaskList
                0x20000148        0x4 C:\Users\Caska\AppData\Local\Temp\robocross.elf.PVLSqf.ltrans0.ltrans.o
 .bss.pxOverflowDelayedTaskList
                0x2000014c        0x4 C:\Users\Caska\AppData\Local\Temp\robocross.elf.PVLSqf.ltrans0.ltrans.o
 .bss.pxOverflowTimerList
                0x20000150        0x4 C:\Users\Caska\AppData\Local\Temp\robocross.elf.PVLSqf.ltrans0.ltrans.o
 .bss.pxReadyTasksLists
                0x20000154       0x64 C:\Users\Caska\AppData\Local\Temp\robocross.elf.PVLSqf.ltrans0.ltrans.o
 .bss.ucHeap    0x200001b8    0x12c00 C:\Users\Caska\AppData\Local\Temp\robocross.elf.PVLSqf.ltrans0.ltrans.o
 .bss.ulMaxPRIGROUPValue
                0x20012db8        0x4 C:\Users\Caska\AppData\Local\Temp\robocross.elf.PVLSqf.ltrans0.ltrans.o
 .bss.uxCurrentNumberOfTasks
                0x20012dbc        0x4 C:\Users\Caska\AppData\Local\Temp\robocross.elf.PVLSqf.ltrans0.ltrans.o
 .bss.uxDeletedTasksWaitingCleanUp
                0x20012dc0        0x4 C:\Users\Caska\AppData\Local\Temp\robocross.elf.PVLSqf.ltrans0.ltrans.o
 .bss.uxSchedulerSuspended
                0x20012dc4        0x4 C:\Users\Caska\AppData\Local\Temp\robocross.elf.PVLSqf.ltrans0.ltrans.o
 .bss.uxTaskNumber
                0x20012dc8        0x4 C:\Users\Caska\AppData\Local\Temp\robocross.elf.PVLSqf.ltrans0.ltrans.o
 .bss.uxTopReadyPriority
                0x20012dcc        0x4 C:\Users\Caska\AppData\Local\Temp\robocross.elf.PVLSqf.ltrans0.ltrans.o
 .bss.xActiveTimerList1
                0x20012dd0       0x14 C:\Users\Caska\AppData\Local\Temp\robocross.elf.PVLSqf.ltrans0.ltrans.o
 .bss.xActiveTimerList2
                0x20012de4       0x14 C:\Users\Caska\AppData\Local\Temp\robocross.elf.PVLSqf.ltrans0.ltrans.o
 .bss.xBrakeHandle
                0x20012df8        0x4 C:\Users\Caska\AppData\Local\Temp\robocross.elf.PVLSqf.ltrans0.ltrans.o
 .bss.xClutchHandle
                0x20012dfc        0x4 C:\Users\Caska\AppData\Local\Temp\robocross.elf.PVLSqf.ltrans0.ltrans.o
 .bss.xDelayedTaskList1
                0x20012e00       0x14 C:\Users\Caska\AppData\Local\Temp\robocross.elf.PVLSqf.ltrans0.ltrans.o
 .bss.xDelayedTaskList2
                0x20012e14       0x14 C:\Users\Caska\AppData\Local\Temp\robocross.elf.PVLSqf.ltrans0.ltrans.o
 .bss.xEnd      0x20012e28        0x8 C:\Users\Caska\AppData\Local\Temp\robocross.elf.PVLSqf.ltrans0.ltrans.o
 .bss.xEventStatus
                0x20012e30        0x4 C:\Users\Caska\AppData\Local\Temp\robocross.elf.PVLSqf.ltrans0.ltrans.o
 .bss.xGasHandle
                0x20012e34        0x4 C:\Users\Caska\AppData\Local\Temp\robocross.elf.PVLSqf.ltrans0.ltrans.o
 .bss.xGearsHandle
                0x20012e38        0x4 C:\Users\Caska\AppData\Local\Temp\robocross.elf.PVLSqf.ltrans0.ltrans.o
 .bss.xHeapHasBeenInitialised.8155
                0x20012e3c        0x4 C:\Users\Caska\AppData\Local\Temp\robocross.elf.PVLSqf.ltrans0.ltrans.o
 .bss.xIdleTaskHandle
                0x20012e40        0x4 C:\Users\Caska\AppData\Local\Temp\robocross.elf.PVLSqf.ltrans0.ltrans.o
 .bss.xLastTime.8467
                0x20012e44        0x2 C:\Users\Caska\AppData\Local\Temp\robocross.elf.PVLSqf.ltrans0.ltrans.o
 *fill*         0x20012e46        0x2 
 .bss.xMailHandle
                0x20012e48        0x4 C:\Users\Caska\AppData\Local\Temp\robocross.elf.PVLSqf.ltrans0.ltrans.o
 .bss.xModBusHandle
                0x20012e4c        0x4 C:\Users\Caska\AppData\Local\Temp\robocross.elf.PVLSqf.ltrans0.ltrans.o
 .bss.xNextTaskUnblockTime
                0x20012e50        0x2 C:\Users\Caska\AppData\Local\Temp\robocross.elf.PVLSqf.ltrans0.ltrans.o
 *fill*         0x20012e52        0x2 
 .bss.xNumOfOverflows
                0x20012e54        0x4 C:\Users\Caska\AppData\Local\Temp\robocross.elf.PVLSqf.ltrans0.ltrans.o
 .bss.xPendedTicks
                0x20012e58        0x2 C:\Users\Caska\AppData\Local\Temp\robocross.elf.PVLSqf.ltrans0.ltrans.o
 *fill*         0x20012e5a        0x2 
 .bss.xPendingReadyList
                0x20012e5c       0x14 C:\Users\Caska\AppData\Local\Temp\robocross.elf.PVLSqf.ltrans0.ltrans.o
 .bss.xQueue20Handle
                0x20012e70        0x4 C:\Users\Caska\AppData\Local\Temp\robocross.elf.PVLSqf.ltrans0.ltrans.o
 .bss.xQueueBrakeHandle
                0x20012e74        0x4 C:\Users\Caska\AppData\Local\Temp\robocross.elf.PVLSqf.ltrans0.ltrans.o
 .bss.xQueueClutchHandle
                0x20012e78        0x4 C:\Users\Caska\AppData\Local\Temp\robocross.elf.PVLSqf.ltrans0.ltrans.o
 .bss.xQueueGasHandle
                0x20012e7c        0x4 C:\Users\Caska\AppData\Local\Temp\robocross.elf.PVLSqf.ltrans0.ltrans.o
 .bss.xQueueManagHandle
                0x20012e80        0x4 C:\Users\Caska\AppData\Local\Temp\robocross.elf.PVLSqf.ltrans0.ltrans.o
 .bss.xQueueRegistry
                0x20012e84       0x40 C:\Users\Caska\AppData\Local\Temp\robocross.elf.PVLSqf.ltrans0.ltrans.o
 .bss.xQueueTransmissionHandle
                0x20012ec4        0x4 C:\Users\Caska\AppData\Local\Temp\robocross.elf.PVLSqf.ltrans0.ltrans.o
 .bss.xRobotGo  0x20012ec8        0x4 C:\Users\Caska\AppData\Local\Temp\robocross.elf.PVLSqf.ltrans0.ltrans.o
 .bss.xSchedulerRunning
                0x20012ecc        0x4 C:\Users\Caska\AppData\Local\Temp\robocross.elf.PVLSqf.ltrans0.ltrans.o
 .bss.xStart    0x20012ed0        0x8 C:\Users\Caska\AppData\Local\Temp\robocross.elf.PVLSqf.ltrans0.ltrans.o
 .bss.xStartEvent
                0x20012ed8        0x4 C:\Users\Caska\AppData\Local\Temp\robocross.elf.PVLSqf.ltrans0.ltrans.o
 .bss.xStartHandle
                0x20012edc        0x4 C:\Users\Caska\AppData\Local\Temp\robocross.elf.PVLSqf.ltrans0.ltrans.o
 .bss.xSuspendedTaskList
                0x20012ee0       0x14 C:\Users\Caska\AppData\Local\Temp\robocross.elf.PVLSqf.ltrans0.ltrans.o
 .bss.xTasksWaitingTermination
                0x20012ef4       0x14 C:\Users\Caska\AppData\Local\Temp\robocross.elf.PVLSqf.ltrans0.ltrans.o
 .bss.xTickCount
                0x20012f08        0x2 C:\Users\Caska\AppData\Local\Temp\robocross.elf.PVLSqf.ltrans0.ltrans.o
 *fill*         0x20012f0a        0x2 
 .bss.xTimerQueue
                0x20012f0c        0x4 C:\Users\Caska\AppData\Local\Temp\robocross.elf.PVLSqf.ltrans0.ltrans.o
 .bss.xTimerTaskHandle
                0x20012f10        0x4 C:\Users\Caska\AppData\Local\Temp\robocross.elf.PVLSqf.ltrans0.ltrans.o
 .bss.xTrInit   0x20012f14        0x4 C:\Users\Caska\AppData\Local\Temp\robocross.elf.PVLSqf.ltrans0.ltrans.o
 .bss.xUARTEvent
                0x20012f18        0x4 C:\Users\Caska\AppData\Local\Temp\robocross.elf.PVLSqf.ltrans0.ltrans.o
 .bss.xWaitingHandle
                0x20012f1c        0x4 C:\Users\Caska\AppData\Local\Temp\robocross.elf.PVLSqf.ltrans0.ltrans.o
 .bss.xYieldPending
                0x20012f20        0x4 C:\Users\Caska\AppData\Local\Temp\robocross.elf.PVLSqf.ltrans0.ltrans.o
 *(COMMON)
                0x20012f24                . = ALIGN (0x4)
                0x20012f24                _ebss = .
                0x20012f24                __bss_end__ = _ebss

.heap           0x20012f24        0x0 load address 0x080051c0
                0x20012f24                . = ALIGN (0x4)
                [!provide]                PROVIDE (end = .)
                [!provide]                PROVIDE (_end = .)
 *(.heap*)
                0x20012f24                . = (. + _Min_Heap_Size)
                0x20012f24                __HeapLimit = .
                0x20012f24                . = ALIGN (0x4)

.ARM.attributes
                0x00000000       0x30
 *(.ARM.attributes)
 .ARM.attributes
                0x00000000       0x1e d:/2.30/share/armgcc/bin/../lib/gcc/arm-none-eabi/9.3.1/thumb/v7e-m+fp/hard/crti.o
 .ARM.attributes
                0x0000001e       0x34 d:/2.30/share/armgcc/bin/../lib/gcc/arm-none-eabi/9.3.1/thumb/v7e-m+fp/hard/crtbegin.o
 .ARM.attributes
                0x00000052       0x21 obj\release\src\startup_stm32f407xx.o
 .ARM.attributes
                0x00000073       0x32 C:\Users\Caska\AppData\Local\Temp\robocross.elf.PVLSqf.ltrans0.ltrans.o
 .ARM.attributes
                0x000000a5       0x34 d:/2.30/share/armgcc/bin/../lib/gcc/arm-none-eabi/9.3.1/../../../../arm-none-eabi/lib/thumb/v7e-m+fp/hard\libg_nano.a(lib_a-memset.o)
 .ARM.attributes
                0x000000d9       0x34 d:/2.30/share/armgcc/bin/../lib/gcc/arm-none-eabi/9.3.1/../../../../arm-none-eabi/lib/thumb/v7e-m+fp/hard\libg_nano.a(lib_a-memcpy-stub.o)
 .ARM.attributes
                0x0000010d       0x1e d:/2.30/share/armgcc/bin/../lib/gcc/arm-none-eabi/9.3.1/thumb/v7e-m+fp/hard\libgcc.a(_arm_addsubdf3.o)
 .ARM.attributes
                0x0000012b       0x1e d:/2.30/share/armgcc/bin/../lib/gcc/arm-none-eabi/9.3.1/thumb/v7e-m+fp/hard\libgcc.a(_arm_muldivdf3.o)
 .ARM.attributes
                0x00000149       0x1e d:/2.30/share/armgcc/bin/../lib/gcc/arm-none-eabi/9.3.1/thumb/v7e-m+fp/hard\libgcc.a(_arm_cmpdf2.o)
 .ARM.attributes
                0x00000167       0x1e d:/2.30/share/armgcc/bin/../lib/gcc/arm-none-eabi/9.3.1/thumb/v7e-m+fp/hard\libgcc.a(_arm_truncdfsf2.o)
 .ARM.attributes
                0x00000185       0x1e d:/2.30/share/armgcc/bin/../lib/gcc/arm-none-eabi/9.3.1/thumb/v7e-m+fp/hard/crtn.o
                0x2001ff00                __StackLimit = (_estack - _Min_Stack_Size)
                0x00000001                ASSERT ((__StackLimit >= __HeapLimit), Region RAM overflowed with stack)
LOAD obj\release\src\startup_stm32f407xx.o
LOAD obj\release\fil lib\rcr dstu\rcr_setupcustom.o
LOAD C:\Users\Caska\AppData\Local\Temp\robocross.elf.PVLSqf.ltrans0.ltrans.o
LOAD C:\Users\Caska\AppData\Local\Temp\ccgNoQ0P.debug.temp.o
LOAD C:\Users\Caska\AppData\Local\Temp\cc2Sp5jl.debug.temp.o
LOAD C:\Users\Caska\AppData\Local\Temp\ccqOxDTQ.debug.temp.o
LOAD C:\Users\Caska\AppData\Local\Temp\ccOJFbtm.debug.temp.o
LOAD C:\Users\Caska\AppData\Local\Temp\ccYxRdbR.debug.temp.o
LOAD C:\Users\Caska\AppData\Local\Temp\ccUsQ7dm.debug.temp.o
LOAD C:\Users\Caska\AppData\Local\Temp\ccQnP1gR.debug.temp.o
LOAD C:\Users\Caska\AppData\Local\Temp\ccMiOVjm.debug.temp.o
LOAD C:\Users\Caska\AppData\Local\Temp\cciMHQaV.debug.temp.o
LOAD C:\Users\Caska\AppData\Local\Temp\ccOfBL1t.debug.temp.o
LOAD C:\Users\Caska\AppData\Local\Temp\ccyKdhb3.debug.temp.o
LOAD C:\Users\Caska\AppData\Local\Temp\ccw2PZqB.debug.temp.o
LOAD C:\Users\Caska\AppData\Local\Temp\ccuksIG9.debug.temp.o
LOAD C:\Users\Caska\AppData\Local\Temp\ccsC4qWH.debug.temp.o
LOAD C:\Users\Caska\AppData\Local\Temp\ccGYGKug.debug.temp.o
LOAD C:\Users\Caska\AppData\Local\Temp\ccoEHpaO.debug.temp.o
LOAD C:\Users\Caska\AppData\Local\Temp\cc6jI4Pl.debug.temp.o
LOAD obj\release\freertos_lib\croutine.o
LOAD obj\release\freertos_lib\event_groups.o
LOAD obj\release\freertos_lib\heap_2.o
LOAD obj\release\freertos_lib\list.o
LOAD obj\release\freertos_lib\port.o
LOAD obj\release\freertos_lib\queue.o
LOAD obj\release\freertos_lib\stream_buffer.o
LOAD obj\release\freertos_lib\tasks.o
LOAD obj\release\freertos_lib\timers.o
LOAD obj\release\modbus\modbus.o
LOAD obj\release\src\carmanagement.o
LOAD obj\release\src\carregulators.o
LOAD obj\release\src\main.o
LOAD obj\release\src\robot_tasks.o
LOAD obj\release\fil lib\interrupts.o
LOAD obj\release\src\system_stm32f4xx.o
START GROUP
LOAD d:/2.30/share/armgcc/bin/../lib/gcc/arm-none-eabi/9.3.1/thumb/v7e-m+fp/hard\libgcc.a
LOAD d:/2.30/share/armgcc/bin/../lib/gcc/arm-none-eabi/9.3.1/../../../../arm-none-eabi/lib/thumb/v7e-m+fp/hard\libg_nano.a
LOAD d:/2.30/share/armgcc/bin/../lib/gcc/arm-none-eabi/9.3.1/../../../../arm-none-eabi/lib/thumb/v7e-m+fp/hard\libc_nano.a
END GROUP
START GROUP
LOAD d:/2.30/share/armgcc/bin/../lib/gcc/arm-none-eabi/9.3.1/thumb/v7e-m+fp/hard\libgcc.a
LOAD d:/2.30/share/armgcc/bin/../lib/gcc/arm-none-eabi/9.3.1/../../../../arm-none-eabi/lib/thumb/v7e-m+fp/hard\libc_nano.a
LOAD d:/2.30/share/armgcc/bin/../lib/gcc/arm-none-eabi/9.3.1/../../../../arm-none-eabi/lib/thumb/v7e-m+fp/hard\libnosys.a
END GROUP
START GROUP
LOAD d:/2.30/share/armgcc/bin/../lib/gcc/arm-none-eabi/9.3.1/thumb/v7e-m+fp/hard\libgcc.a
LOAD d:/2.30/share/armgcc/bin/../lib/gcc/arm-none-eabi/9.3.1/../../../../arm-none-eabi/lib/thumb/v7e-m+fp/hard\libc_nano.a
LOAD d:/2.30/share/armgcc/bin/../lib/gcc/arm-none-eabi/9.3.1/../../../../arm-none-eabi/lib/thumb/v7e-m+fp/hard\libnosys.a
END GROUP
LOAD d:/2.30/share/armgcc/bin/../lib/gcc/arm-none-eabi/9.3.1/thumb/v7e-m+fp/hard/crtend.o
LOAD d:/2.30/share/armgcc/bin/../lib/gcc/arm-none-eabi/9.3.1/thumb/v7e-m+fp/hard/crtn.o
OUTPUT(bin\Release\robocross.elf elf32-littlearm)
LOAD linker stubs

.debug_line     0x00000000     0x7369
 .debug_line    0x00000000       0x77 obj\release\src\startup_stm32f407xx.o
 .debug_line    0x00000077     0x578b C:\Users\Caska\AppData\Local\Temp\robocross.elf.PVLSqf.ltrans0.ltrans.o
 .debug_line    0x00005802      0x218 C:\Users\Caska\AppData\Local\Temp\ccgNoQ0P.debug.temp.o
 .debug_line    0x00005a1a      0x1b6 C:\Users\Caska\AppData\Local\Temp\ccqOxDTQ.debug.temp.o
 .debug_line    0x00005bd0      0x194 C:\Users\Caska\AppData\Local\Temp\ccOJFbtm.debug.temp.o
 .debug_line    0x00005d64      0x19c C:\Users\Caska\AppData\Local\Temp\ccYxRdbR.debug.temp.o
 .debug_line    0x00005f00      0x103 C:\Users\Caska\AppData\Local\Temp\ccUsQ7dm.debug.temp.o
 .debug_line    0x00006003      0x1b2 C:\Users\Caska\AppData\Local\Temp\ccQnP1gR.debug.temp.o
 .debug_line    0x000061b5      0x181 C:\Users\Caska\AppData\Local\Temp\ccMiOVjm.debug.temp.o
 .debug_line    0x00006336      0x1b5 C:\Users\Caska\AppData\Local\Temp\cciMHQaV.debug.temp.o
 .debug_line    0x000064eb      0x1bf C:\Users\Caska\AppData\Local\Temp\ccOfBL1t.debug.temp.o
 .debug_line    0x000066aa      0x1ef C:\Users\Caska\AppData\Local\Temp\ccyKdhb3.debug.temp.o
 .debug_line    0x00006899      0x1fa C:\Users\Caska\AppData\Local\Temp\ccw2PZqB.debug.temp.o
 .debug_line    0x00006a93      0x1fa C:\Users\Caska\AppData\Local\Temp\ccuksIG9.debug.temp.o
 .debug_line    0x00006c8d      0x1f1 C:\Users\Caska\AppData\Local\Temp\ccsC4qWH.debug.temp.o
 .debug_line    0x00006e7e      0x1f8 C:\Users\Caska\AppData\Local\Temp\ccGYGKug.debug.temp.o
 .debug_line    0x00007076      0x1fb C:\Users\Caska\AppData\Local\Temp\ccoEHpaO.debug.temp.o
 .debug_line    0x00007271       0xf8 C:\Users\Caska\AppData\Local\Temp\cc6jI4Pl.debug.temp.o

.debug_info     0x00000000    0x15842
 .debug_info    0x00000000       0x22 obj\release\src\startup_stm32f407xx.o
 .debug_info    0x00000022     0x5344 C:\Users\Caska\AppData\Local\Temp\robocross.elf.PVLSqf.ltrans0.ltrans.o
 .debug_info    0x00005366     0x18ac C:\Users\Caska\AppData\Local\Temp\ccgNoQ0P.debug.temp.o
                0x00005366                RCR_SetupCustom.c.2f463e7f
 .debug_info    0x00006c12      0xf2b C:\Users\Caska\AppData\Local\Temp\ccqOxDTQ.debug.temp.o
                0x00006c12                event_groups.c.e1632ccb
 .debug_info    0x00007b3d      0xb66 C:\Users\Caska\AppData\Local\Temp\ccOJFbtm.debug.temp.o
                0x00007b3d                heap_2.c.918d5653
 .debug_info    0x000086a3      0xb65 C:\Users\Caska\AppData\Local\Temp\ccYxRdbR.debug.temp.o
                0x000086a3                list.c.04062268
 .debug_info    0x00009208      0x2cd C:\Users\Caska\AppData\Local\Temp\ccUsQ7dm.debug.temp.o
                0x00009208                port.c.9cf4e78c
 .debug_info    0x000094d5     0x16fd C:\Users\Caska\AppData\Local\Temp\ccQnP1gR.debug.temp.o
                0x000094d5                queue.c.8210e9a6
 .debug_info    0x0000abd2     0x134b C:\Users\Caska\AppData\Local\Temp\ccMiOVjm.debug.temp.o
                0x0000abd2                stream_buffer.c.8aa122d7
 .debug_info    0x0000bf1d     0x1dd8 C:\Users\Caska\AppData\Local\Temp\cciMHQaV.debug.temp.o
                0x0000bf1d                tasks.c.bc098c4f
 .debug_info    0x0000dcf5     0x11f8 C:\Users\Caska\AppData\Local\Temp\ccOfBL1t.debug.temp.o
                0x0000dcf5                timers.c.a0515456
 .debug_info    0x0000eeed     0x11be C:\Users\Caska\AppData\Local\Temp\ccyKdhb3.debug.temp.o
                0x0000eeed                ModBus.c.ec56b360
 .debug_info    0x000100ab     0x1133 C:\Users\Caska\AppData\Local\Temp\ccw2PZqB.debug.temp.o
                0x000100ab                CarManagement.c.0f200850
 .debug_info    0x000111de     0x10e8 C:\Users\Caska\AppData\Local\Temp\ccuksIG9.debug.temp.o
                0x000111de                CarRegulators.c.1bae0079
 .debug_info    0x000122c6      0xd8c C:\Users\Caska\AppData\Local\Temp\ccsC4qWH.debug.temp.o
                0x000122c6                main.c.27eaa41f
 .debug_info    0x00013052     0x105a C:\Users\Caska\AppData\Local\Temp\ccGYGKug.debug.temp.o
                0x00013052                robot_tasks.c.b8ef6baa
 .debug_info    0x000140ac     0x1175 C:\Users\Caska\AppData\Local\Temp\ccoEHpaO.debug.temp.o
                0x000140ac                INTERRUPTS.c.3030d104
 .debug_info    0x00015221      0x621 C:\Users\Caska\AppData\Local\Temp\cc6jI4Pl.debug.temp.o
                0x00015221                system_stm32f4xx.c.5ff5eb22

.debug_abbrev   0x00000000     0x28dd
 .debug_abbrev  0x00000000       0x12 obj\release\src\startup_stm32f407xx.o
 .debug_abbrev  0x00000012      0x317 C:\Users\Caska\AppData\Local\Temp\robocross.elf.PVLSqf.ltrans0.ltrans.o
 .debug_abbrev  0x00000329      0x2ce C:\Users\Caska\AppData\Local\Temp\ccgNoQ0P.debug.temp.o
 .debug_abbrev  0x000005f7      0x27c C:\Users\Caska\AppData\Local\Temp\ccqOxDTQ.debug.temp.o
 .debug_abbrev  0x00000873      0x2a8 C:\Users\Caska\AppData\Local\Temp\ccOJFbtm.debug.temp.o
 .debug_abbrev  0x00000b1b      0x20f C:\Users\Caska\AppData\Local\Temp\ccYxRdbR.debug.temp.o
 .debug_abbrev  0x00000d2a      0x15a C:\Users\Caska\AppData\Local\Temp\ccUsQ7dm.debug.temp.o
 .debug_abbrev  0x00000e84      0x2a4 C:\Users\Caska\AppData\Local\Temp\ccQnP1gR.debug.temp.o
 .debug_abbrev  0x00001128      0x2ae C:\Users\Caska\AppData\Local\Temp\ccMiOVjm.debug.temp.o
 .debug_abbrev  0x000013d6      0x303 C:\Users\Caska\AppData\Local\Temp\cciMHQaV.debug.temp.o
 .debug_abbrev  0x000016d9      0x277 C:\Users\Caska\AppData\Local\Temp\ccOfBL1t.debug.temp.o
 .debug_abbrev  0x00001950      0x2e3 C:\Users\Caska\AppData\Local\Temp\ccyKdhb3.debug.temp.o
 .debug_abbrev  0x00001c33      0x281 C:\Users\Caska\AppData\Local\Temp\ccw2PZqB.debug.temp.o
 .debug_abbrev  0x00001eb4      0x258 C:\Users\Caska\AppData\Local\Temp\ccuksIG9.debug.temp.o
 .debug_abbrev  0x0000210c      0x1ed C:\Users\Caska\AppData\Local\Temp\ccsC4qWH.debug.temp.o
 .debug_abbrev  0x000022f9      0x270 C:\Users\Caska\AppData\Local\Temp\ccGYGKug.debug.temp.o
 .debug_abbrev  0x00002569      0x223 C:\Users\Caska\AppData\Local\Temp\ccoEHpaO.debug.temp.o
 .debug_abbrev  0x0000278c      0x151 C:\Users\Caska\AppData\Local\Temp\cc6jI4Pl.debug.temp.o

.debug_aranges  0x00000000      0x2d0
 .debug_aranges
                0x00000000       0x28 obj\release\src\startup_stm32f407xx.o
 .debug_aranges
                0x00000028      0x2a8 C:\Users\Caska\AppData\Local\Temp\robocross.elf.PVLSqf.ltrans0.ltrans.o

.debug_str      0x00000000     0x3fd2
 .debug_str     0x00000000       0x63 obj\release\src\startup_stm32f407xx.o
 .debug_str     0x00000063      0x130 C:\Users\Caska\AppData\Local\Temp\robocross.elf.PVLSqf.ltrans0.ltrans.o
                                0x172 (size before relaxing)
 .debug_str     0x00000193     0x1135 C:\Users\Caska\AppData\Local\Temp\ccgNoQ0P.debug.temp.o
                               0x1201 (size before relaxing)
 .debug_str     0x000012c8      0x3b5 C:\Users\Caska\AppData\Local\Temp\ccqOxDTQ.debug.temp.o
                                0x9da (size before relaxing)
 .debug_str     0x0000167d      0x179 C:\Users\Caska\AppData\Local\Temp\ccOJFbtm.debug.temp.o
                                0x778 (size before relaxing)
 .debug_str     0x000017f6       0x96 C:\Users\Caska\AppData\Local\Temp\ccYxRdbR.debug.temp.o
                                0x716 (size before relaxing)
 .debug_str     0x0000188c      0x211 C:\Users\Caska\AppData\Local\Temp\ccUsQ7dm.debug.temp.o
                                0x460 (size before relaxing)
 .debug_str     0x00001a9d      0x621 C:\Users\Caska\AppData\Local\Temp\ccQnP1gR.debug.temp.o
                                0xdc7 (size before relaxing)
 .debug_str     0x000020be      0x4f4 C:\Users\Caska\AppData\Local\Temp\ccMiOVjm.debug.temp.o
                                0xc20 (size before relaxing)
 .debug_str     0x000025b2      0xca7 C:\Users\Caska\AppData\Local\Temp\cciMHQaV.debug.temp.o
                               0x1532 (size before relaxing)
 .debug_str     0x00003259      0x46c C:\Users\Caska\AppData\Local\Temp\ccOfBL1t.debug.temp.o
                                0xbd7 (size before relaxing)
 .debug_str     0x000036c5      0x280 C:\Users\Caska\AppData\Local\Temp\ccyKdhb3.debug.temp.o
                                0xc7a (size before relaxing)
 .debug_str     0x00003945      0x132 C:\Users\Caska\AppData\Local\Temp\ccw2PZqB.debug.temp.o
                                0xbce (size before relaxing)
 .debug_str     0x00003a77       0xfb C:\Users\Caska\AppData\Local\Temp\ccuksIG9.debug.temp.o
                                0xb97 (size before relaxing)
 .debug_str     0x00003b72       0x15 C:\Users\Caska\AppData\Local\Temp\ccsC4qWH.debug.temp.o
                                0x9e6 (size before relaxing)
 .debug_str     0x00003b87      0x145 C:\Users\Caska\AppData\Local\Temp\ccGYGKug.debug.temp.o
                                0xba8 (size before relaxing)
 .debug_str     0x00003ccc      0x181 C:\Users\Caska\AppData\Local\Temp\ccoEHpaO.debug.temp.o
                                0xc3d (size before relaxing)
 .debug_str     0x00003e4d      0x185 C:\Users\Caska\AppData\Local\Temp\cc6jI4Pl.debug.temp.o
                                0x413 (size before relaxing)

.debug_ranges   0x00000000     0x1648
 .debug_ranges  0x00000000       0x20 obj\release\src\startup_stm32f407xx.o
 .debug_ranges  0x00000020     0x1628 C:\Users\Caska\AppData\Local\Temp\robocross.elf.PVLSqf.ltrans0.ltrans.o

.debug_loc      0x00000000     0x4f36
 .debug_loc     0x00000000     0x4f36 C:\Users\Caska\AppData\Local\Temp\robocross.elf.PVLSqf.ltrans0.ltrans.o

.comment        0x00000000       0x4c
 .comment       0x00000000       0x4c C:\Users\Caska\AppData\Local\Temp\robocross.elf.PVLSqf.ltrans0.ltrans.o
                                 0x4d (size before relaxing)

.debug_frame    0x00000000      0xbb0
 .debug_frame   0x00000000      0x984 C:\Users\Caska\AppData\Local\Temp\robocross.elf.PVLSqf.ltrans0.ltrans.o
 .debug_frame   0x00000984       0x20 d:/2.30/share/armgcc/bin/../lib/gcc/arm-none-eabi/9.3.1/../../../../arm-none-eabi/lib/thumb/v7e-m+fp/hard\libg_nano.a(lib_a-memset.o)
 .debug_frame   0x000009a4       0x28 d:/2.30/share/armgcc/bin/../lib/gcc/arm-none-eabi/9.3.1/../../../../arm-none-eabi/lib/thumb/v7e-m+fp/hard\libg_nano.a(lib_a-memcpy-stub.o)
 .debug_frame   0x000009cc       0xac d:/2.30/share/armgcc/bin/../lib/gcc/arm-none-eabi/9.3.1/thumb/v7e-m+fp/hard\libgcc.a(_arm_addsubdf3.o)
 .debug_frame   0x00000a78       0x50 d:/2.30/share/armgcc/bin/../lib/gcc/arm-none-eabi/9.3.1/thumb/v7e-m+fp/hard\libgcc.a(_arm_muldivdf3.o)
 .debug_frame   0x00000ac8       0xc4 d:/2.30/share/armgcc/bin/../lib/gcc/arm-none-eabi/9.3.1/thumb/v7e-m+fp/hard\libgcc.a(_arm_cmpdf2.o)
 .debug_frame   0x00000b8c       0x24 d:/2.30/share/armgcc/bin/../lib/gcc/arm-none-eabi/9.3.1/thumb/v7e-m+fp/hard\libgcc.a(_arm_truncdfsf2.o)
