Archive member included to satisfy reference by file (symbol)

d:/2.30/share/armgcc/bin/../lib/gcc/arm-none-eabi/9.3.1/../../../../arm-none-eabi/lib/thumb/v7e-m+fp/hard\libg_nano.a(lib_a-exit.o)
                              d:/2.30/share/armgcc/bin/../lib/gcc/arm-none-eabi/9.3.1/../../../../arm-none-eabi/lib/thumb/v7e-m+fp/hard/crt0.o (exit)
d:/2.30/share/armgcc/bin/../lib/gcc/arm-none-eabi/9.3.1/../../../../arm-none-eabi/lib/thumb/v7e-m+fp/hard\libg_nano.a(lib_a-impure.o)
                              d:/2.30/share/armgcc/bin/../lib/gcc/arm-none-eabi/9.3.1/../../../../arm-none-eabi/lib/thumb/v7e-m+fp/hard\libg_nano.a(lib_a-exit.o) (_global_impure_ptr)
d:/2.30/share/armgcc/bin/../lib/gcc/arm-none-eabi/9.3.1/../../../../arm-none-eabi/lib/thumb/v7e-m+fp/hard\libg_nano.a(lib_a-init.o)
                              d:/2.30/share/armgcc/bin/../lib/gcc/arm-none-eabi/9.3.1/../../../../arm-none-eabi/lib/thumb/v7e-m+fp/hard/crt0.o (__libc_init_array)
d:/2.30/share/armgcc/bin/../lib/gcc/arm-none-eabi/9.3.1/../../../../arm-none-eabi/lib/thumb/v7e-m+fp/hard\libg_nano.a(lib_a-memcpy-stub.o)
                              obj\debug\freertos_lib\queue.o (memcpy)
d:/2.30/share/armgcc/bin/../lib/gcc/arm-none-eabi/9.3.1/../../../../arm-none-eabi/lib/thumb/v7e-m+fp/hard\libg_nano.a(lib_a-memset.o)
                              d:/2.30/share/armgcc/bin/../lib/gcc/arm-none-eabi/9.3.1/../../../../arm-none-eabi/lib/thumb/v7e-m+fp/hard/crt0.o (memset)
d:/2.30/share/armgcc/bin/../lib/gcc/arm-none-eabi/9.3.1/../../../../arm-none-eabi/lib/thumb/v7e-m+fp/hard\libnosys.a(_exit.o)
                              d:/2.30/share/armgcc/bin/../lib/gcc/arm-none-eabi/9.3.1/../../../../arm-none-eabi/lib/thumb/v7e-m+fp/hard\libg_nano.a(lib_a-exit.o) (_exit)

Allocating common symbols
Common symbol       size              file

UARTBufferEndMsgPointer
                    0x4               obj\debug\fil lib\rcr dstu\rcr_setupcustom.o
xQueueManagHandle   0x4               obj\debug\fil lib\rcr dstu\rcr_setupcustom.o
UARTReceiver_Flag   0x4               obj\debug\fil lib\rcr dstu\rcr_setupcustom.o
xWaitingHangle      0x4               obj\debug\fil lib\rcr dstu\rcr_setupcustom.o
out                 0x4               obj\debug\modbus\modbus.o
xQueueRegistry      0x40              obj\debug\freertos_lib\queue.o
Queue_StartIndex    0x4               obj\debug\fil lib\rcr dstu\rcr_setupcustom.o
globalTime          0x4               obj\debug\fil lib\interrupts.o
UART_Buffer         0xf               obj\debug\fil lib\rcr dstu\rcr_setupcustom.o
ErrorTask           0x4               obj\debug\src\robot_tasks.o
UARTBufferIndex     0x4               obj\debug\fil lib\rcr dstu\rcr_setupcustom.o
UARTTransmit_Flag   0x4               obj\debug\fil lib\rcr dstu\rcr_setupcustom.o
xClutchHandle       0x4               obj\debug\fil lib\rcr dstu\rcr_setupcustom.o
xGearsHandle        0x4               obj\debug\fil lib\rcr dstu\rcr_setupcustom.o
Queue_EndIndex      0x4               obj\debug\fil lib\rcr dstu\rcr_setupcustom.o
QueueBuffer_To_UART
                    0xf               obj\debug\fil lib\rcr dstu\rcr_setupcustom.o
QueueIndexTx        0x4               obj\debug\modbus\modbus.o
UARTBufferLRCIndex  0x4               obj\debug\fil lib\rcr dstu\rcr_setupcustom.o
xQueue20Handle      0x4               obj\debug\fil lib\rcr dstu\rcr_setupcustom.o
xModBusHandle       0x4               obj\debug\fil lib\rcr dstu\rcr_setupcustom.o
Queue_Index         0x4               obj\debug\fil lib\rcr dstu\rcr_setupcustom.o
status              0x4               obj\debug\fil lib\interrupts.o
UARTBufferStartMsgPointer
                    0x4               obj\debug\fil lib\rcr dstu\rcr_setupcustom.o

Discarded input sections

 .text          0x00000000        0x0 d:/2.30/share/armgcc/bin/../lib/gcc/arm-none-eabi/9.3.1/thumb/v7e-m+fp/hard/crti.o
 .data          0x00000000        0x0 d:/2.30/share/armgcc/bin/../lib/gcc/arm-none-eabi/9.3.1/thumb/v7e-m+fp/hard/crti.o
 .bss           0x00000000        0x0 d:/2.30/share/armgcc/bin/../lib/gcc/arm-none-eabi/9.3.1/thumb/v7e-m+fp/hard/crti.o
 .data          0x00000000        0x4 d:/2.30/share/armgcc/bin/../lib/gcc/arm-none-eabi/9.3.1/thumb/v7e-m+fp/hard/crtbegin.o
 .text          0x00000000       0x7c d:/2.30/share/armgcc/bin/../lib/gcc/arm-none-eabi/9.3.1/../../../../arm-none-eabi/lib/thumb/v7e-m+fp/hard/crt0.o
 .data          0x00000000        0x0 d:/2.30/share/armgcc/bin/../lib/gcc/arm-none-eabi/9.3.1/../../../../arm-none-eabi/lib/thumb/v7e-m+fp/hard/crt0.o
 .bss           0x00000000        0x0 d:/2.30/share/armgcc/bin/../lib/gcc/arm-none-eabi/9.3.1/../../../../arm-none-eabi/lib/thumb/v7e-m+fp/hard/crt0.o
 .ARM.extab     0x00000000        0x0 d:/2.30/share/armgcc/bin/../lib/gcc/arm-none-eabi/9.3.1/../../../../arm-none-eabi/lib/thumb/v7e-m+fp/hard/crt0.o
 .ARM.exidx     0x00000000       0x10 d:/2.30/share/armgcc/bin/../lib/gcc/arm-none-eabi/9.3.1/../../../../arm-none-eabi/lib/thumb/v7e-m+fp/hard/crt0.o
 .ARM.attributes
                0x00000000       0x1c d:/2.30/share/armgcc/bin/../lib/gcc/arm-none-eabi/9.3.1/../../../../arm-none-eabi/lib/thumb/v7e-m+fp/hard/crt0.o
 .text          0x00000000       0x14 obj\debug\src\startup_stm32f407xx.o
 .data          0x00000000        0x0 obj\debug\src\startup_stm32f407xx.o
 .bss           0x00000000        0x0 obj\debug\src\startup_stm32f407xx.o
 .text          0x00000000        0x0 obj\debug\fil lib\rcr dstu\rcr_setupcustom.o
 .data          0x00000000        0x0 obj\debug\fil lib\rcr dstu\rcr_setupcustom.o
 .bss           0x00000000        0x0 obj\debug\fil lib\rcr dstu\rcr_setupcustom.o
 .text          0x00000000        0x0 obj\debug\freertos_lib\croutine.o
 .data          0x00000000        0x0 obj\debug\freertos_lib\croutine.o
 .bss           0x00000000        0x0 obj\debug\freertos_lib\croutine.o
 .debug_info    0x00000000       0xc0 obj\debug\freertos_lib\croutine.o
 .debug_abbrev  0x00000000       0x62 obj\debug\freertos_lib\croutine.o
 .debug_aranges
                0x00000000       0x18 obj\debug\freertos_lib\croutine.o
 .debug_line    0x00000000       0xd2 obj\debug\freertos_lib\croutine.o
 .debug_str     0x00000000      0x1ce obj\debug\freertos_lib\croutine.o
 .comment       0x00000000       0x4d obj\debug\freertos_lib\croutine.o
 .ARM.attributes
                0x00000000       0x39 obj\debug\freertos_lib\croutine.o
 .text          0x00000000        0x0 obj\debug\freertos_lib\event_groups.o
 .data          0x00000000        0x0 obj\debug\freertos_lib\event_groups.o
 .bss           0x00000000        0x0 obj\debug\freertos_lib\event_groups.o
 .text.xEventGroupCreate
                0x00000000       0x2e obj\debug\freertos_lib\event_groups.o
 .text.xEventGroupSync
                0x00000000      0x15c obj\debug\freertos_lib\event_groups.o
 .text.xEventGroupWaitBits
                0x00000000      0x19c obj\debug\freertos_lib\event_groups.o
 .text.xEventGroupClearBits
                0x00000000       0x70 obj\debug\freertos_lib\event_groups.o
 .text.xEventGroupGetBitsFromISR
                0x00000000       0x48 obj\debug\freertos_lib\event_groups.o
 .text.xEventGroupSetBits
                0x00000000      0x116 obj\debug\freertos_lib\event_groups.o
 .text.vEventGroupDelete
                0x00000000       0x62 obj\debug\freertos_lib\event_groups.o
 .text.vEventGroupSetBitsCallback
                0x00000000       0x1a obj\debug\freertos_lib\event_groups.o
 .text.vEventGroupClearBitsCallback
                0x00000000       0x1a obj\debug\freertos_lib\event_groups.o
 .text.prvTestWaitCondition
                0x00000000       0x44 obj\debug\freertos_lib\event_groups.o
 .text.uxEventGroupGetNumber
                0x00000000       0x2c obj\debug\freertos_lib\event_groups.o
 .text.vEventGroupSetNumber
                0x00000000       0x1c obj\debug\freertos_lib\event_groups.o
 .debug_info    0x00000000     0x11e0 obj\debug\freertos_lib\event_groups.o
 .debug_abbrev  0x00000000      0x36a obj\debug\freertos_lib\event_groups.o
 .debug_aranges
                0x00000000       0x78 obj\debug\freertos_lib\event_groups.o
 .debug_ranges  0x00000000       0x68 obj\debug\freertos_lib\event_groups.o
 .debug_line    0x00000000      0x5fd obj\debug\freertos_lib\event_groups.o
 .debug_str     0x00000000      0x9b3 obj\debug\freertos_lib\event_groups.o
 .comment       0x00000000       0x4d obj\debug\freertos_lib\event_groups.o
 .debug_frame   0x00000000      0x1d0 obj\debug\freertos_lib\event_groups.o
 .ARM.attributes
                0x00000000       0x34 obj\debug\freertos_lib\event_groups.o
 .text          0x00000000        0x0 obj\debug\freertos_lib\heap_2.o
 .data          0x00000000        0x0 obj\debug\freertos_lib\heap_2.o
 .bss           0x00000000        0x0 obj\debug\freertos_lib\heap_2.o
 .rodata.heapSTRUCT_SIZE
                0x00000000        0x2 obj\debug\freertos_lib\heap_2.o
 .text.xPortGetFreeHeapSize
                0x00000000       0x18 obj\debug\freertos_lib\heap_2.o
 .text.vPortInitialiseBlocks
                0x00000000        0xe obj\debug\freertos_lib\heap_2.o
 .text          0x00000000        0x0 obj\debug\freertos_lib\list.o
 .data          0x00000000        0x0 obj\debug\freertos_lib\list.o
 .bss           0x00000000        0x0 obj\debug\freertos_lib\list.o
 .text          0x00000000        0x0 obj\debug\freertos_lib\port.o
 .data          0x00000000        0x0 obj\debug\freertos_lib\port.o
 .bss           0x00000000        0x0 obj\debug\freertos_lib\port.o
 .rodata.pcInterruptPriorityRegisters
                0x00000000        0x4 obj\debug\freertos_lib\port.o
 .text.vPortEndScheduler
                0x00000000       0x38 obj\debug\freertos_lib\port.o
 .text          0x00000000        0x0 obj\debug\freertos_lib\queue.o
 .data          0x00000000        0x0 obj\debug\freertos_lib\queue.o
 .bss           0x00000000        0x0 obj\debug\freertos_lib\queue.o
 .text.prvInitialiseMutex
                0x00000000       0x34 obj\debug\freertos_lib\queue.o
 .text.xQueueCreateMutex
                0x00000000       0x30 obj\debug\freertos_lib\queue.o
 .text.xQueueGiveMutexRecursive
                0x00000000       0x68 obj\debug\freertos_lib\queue.o
 .text.xQueueTakeMutexRecursive
                0x00000000       0x6c obj\debug\freertos_lib\queue.o
 .text.xQueueCreateCountingSemaphore
                0x00000000       0x66 obj\debug\freertos_lib\queue.o
 .text.xQueueGiveFromISR
                0x00000000      0x138 obj\debug\freertos_lib\queue.o
 .text.xQueueSemaphoreTake
                0x00000000      0x218 obj\debug\freertos_lib\queue.o
 .text.xQueuePeek
                0x00000000      0x1c4 obj\debug\freertos_lib\queue.o
 .text.xQueueReceiveFromISR
                0x00000000      0x11e obj\debug\freertos_lib\queue.o
 .text.xQueuePeekFromISR
                0x00000000       0xd2 obj\debug\freertos_lib\queue.o
 .text.uxQueueMessagesWaiting
                0x00000000       0x3c obj\debug\freertos_lib\queue.o
 .text.uxQueueSpacesAvailable
                0x00000000       0x46 obj\debug\freertos_lib\queue.o
 .text.uxQueueMessagesWaitingFromISR
                0x00000000       0x3c obj\debug\freertos_lib\queue.o
 .text.vQueueDelete
                0x00000000       0x3c obj\debug\freertos_lib\queue.o
 .text.uxQueueGetQueueNumber
                0x00000000       0x18 obj\debug\freertos_lib\queue.o
 .text.vQueueSetQueueNumber
                0x00000000       0x1c obj\debug\freertos_lib\queue.o
 .text.ucQueueGetQueueType
                0x00000000       0x1a obj\debug\freertos_lib\queue.o
 .text.prvGetDisinheritPriorityAfterTimeout
                0x00000000       0x30 obj\debug\freertos_lib\queue.o
 .text.xQueueIsQueueEmptyFromISR
                0x00000000       0x48 obj\debug\freertos_lib\queue.o
 .text.xQueueIsQueueFullFromISR
                0x00000000       0x4c obj\debug\freertos_lib\queue.o
 .text.pcQueueGetName
                0x00000000       0x4c obj\debug\freertos_lib\queue.o
 .text.vQueueUnregisterQueue
                0x00000000       0x54 obj\debug\freertos_lib\queue.o
 .text          0x00000000        0x0 obj\debug\freertos_lib\stream_buffer.o
 .data          0x00000000        0x0 obj\debug\freertos_lib\stream_buffer.o
 .bss           0x00000000        0x0 obj\debug\freertos_lib\stream_buffer.o
 .text.xStreamBufferGenericCreate
                0x00000000       0xc4 obj\debug\freertos_lib\stream_buffer.o
 .text.vStreamBufferDelete
                0x00000000       0x4e obj\debug\freertos_lib\stream_buffer.o
 .text.xStreamBufferReset
                0x00000000       0x78 obj\debug\freertos_lib\stream_buffer.o
 .text.xStreamBufferSetTriggerLevel
                0x00000000       0x5c obj\debug\freertos_lib\stream_buffer.o
 .text.xStreamBufferSpacesAvailable
                0x00000000       0x66 obj\debug\freertos_lib\stream_buffer.o
 .text.xStreamBufferBytesAvailable
                0x00000000       0x3a obj\debug\freertos_lib\stream_buffer.o
 .text.xStreamBufferSend
                0x00000000      0x196 obj\debug\freertos_lib\stream_buffer.o
 .text.xStreamBufferSendFromISR
                0x00000000       0xe6 obj\debug\freertos_lib\stream_buffer.o
 .text.prvWriteMessageToBuffer
                0x00000000       0x7a obj\debug\freertos_lib\stream_buffer.o
 .text.xStreamBufferReceive
                0x00000000      0x134 obj\debug\freertos_lib\stream_buffer.o
 .text.xStreamBufferNextMessageLengthBytes
                0x00000000       0x92 obj\debug\freertos_lib\stream_buffer.o
 .text.xStreamBufferReceiveFromISR
                0x00000000       0xe2 obj\debug\freertos_lib\stream_buffer.o
 .text.prvReadMessageFromBuffer
                0x00000000       0x64 obj\debug\freertos_lib\stream_buffer.o
 .text.xStreamBufferIsEmpty
                0x00000000       0x50 obj\debug\freertos_lib\stream_buffer.o
 .text.xStreamBufferIsFull
                0x00000000       0x60 obj\debug\freertos_lib\stream_buffer.o
 .text.xStreamBufferSendCompletedFromISR
                0x00000000       0x8a obj\debug\freertos_lib\stream_buffer.o
 .text.xStreamBufferReceiveCompletedFromISR
                0x00000000       0x8a obj\debug\freertos_lib\stream_buffer.o
 .text.prvWriteBytesToBuffer
                0x00000000       0xe4 obj\debug\freertos_lib\stream_buffer.o
 .text.prvReadBytesFromBuffer
                0x00000000       0xf4 obj\debug\freertos_lib\stream_buffer.o
 .text.prvBytesInBuffer
                0x00000000       0x40 obj\debug\freertos_lib\stream_buffer.o
 .text.prvInitialiseNewStreamBuffer
                0x00000000       0x66 obj\debug\freertos_lib\stream_buffer.o
 .text.uxStreamBufferGetStreamBufferNumber
                0x00000000       0x18 obj\debug\freertos_lib\stream_buffer.o
 .text.vStreamBufferSetStreamBufferNumber
                0x00000000       0x1c obj\debug\freertos_lib\stream_buffer.o
 .text.ucStreamBufferGetStreamBufferType
                0x00000000       0x1e obj\debug\freertos_lib\stream_buffer.o
 .debug_info    0x00000000     0x1a38 obj\debug\freertos_lib\stream_buffer.o
 .debug_abbrev  0x00000000      0x3ca obj\debug\freertos_lib\stream_buffer.o
 .debug_aranges
                0x00000000       0xd8 obj\debug\freertos_lib\stream_buffer.o
 .debug_ranges  0x00000000       0xc8 obj\debug\freertos_lib\stream_buffer.o
 .debug_line    0x00000000      0xa7b obj\debug\freertos_lib\stream_buffer.o
 .debug_str     0x00000000      0xbf9 obj\debug\freertos_lib\stream_buffer.o
 .comment       0x00000000       0x4d obj\debug\freertos_lib\stream_buffer.o
 .debug_frame   0x00000000      0x3a8 obj\debug\freertos_lib\stream_buffer.o
 .ARM.attributes
                0x00000000       0x34 obj\debug\freertos_lib\stream_buffer.o
 .text          0x00000000        0x0 obj\debug\freertos_lib\tasks.o
 .data          0x00000000        0x0 obj\debug\freertos_lib\tasks.o
 .bss           0x00000000        0x0 obj\debug\freertos_lib\tasks.o
 .text.xTaskDelayUntil
                0x00000000       0xfc obj\debug\freertos_lib\tasks.o
 .text.vTaskDelay
                0x00000000       0x68 obj\debug\freertos_lib\tasks.o
 .text.eTaskGetState
                0x00000000       0xf4 obj\debug\freertos_lib\tasks.o
 .text.uxTaskPriorityGet
                0x00000000       0x34 obj\debug\freertos_lib\tasks.o
 .text.uxTaskPriorityGetFromISR
                0x00000000       0x58 obj\debug\freertos_lib\tasks.o
 .text.vTaskSuspend
                0x00000000      0x140 obj\debug\freertos_lib\tasks.o
 .text.prvTaskIsTaskSuspended
                0x00000000       0x64 obj\debug\freertos_lib\tasks.o
 .text.vTaskResume
                0x00000000       0xbc obj\debug\freertos_lib\tasks.o
 .text.xTaskResumeFromISR
                0x00000000       0xec obj\debug\freertos_lib\tasks.o
 .text.vTaskEndScheduler
                0x00000000       0x30 obj\debug\freertos_lib\tasks.o
 .text.xTaskGetTickCountFromISR
                0x00000000       0x24 obj\debug\freertos_lib\tasks.o
 .text.uxTaskGetNumberOfTasks
                0x00000000       0x18 obj\debug\freertos_lib\tasks.o
 .text.pcTaskGetName
                0x00000000       0x48 obj\debug\freertos_lib\tasks.o
 .text.uxTaskGetSystemState
                0x00000000      0x11c obj\debug\freertos_lib\tasks.o
 .text.xTaskCatchUpTicks
                0x00000000       0x50 obj\debug\freertos_lib\tasks.o
 .text.vTaskPlaceOnUnorderedEventList
                0x00000000       0x78 obj\debug\freertos_lib\tasks.o
 .text.vTaskRemoveFromUnorderedEventList
                0x00000000       0xc4 obj\debug\freertos_lib\tasks.o
 .text.vTaskSetTimeOutState
                0x00000000       0x4c obj\debug\freertos_lib\tasks.o
 .text.uxTaskGetTaskNumber
                0x00000000       0x2c obj\debug\freertos_lib\tasks.o
 .text.vTaskSetTaskNumber
                0x00000000       0x26 obj\debug\freertos_lib\tasks.o
 .text.vTaskGetInfo
                0x00000000       0xcc obj\debug\freertos_lib\tasks.o
 .text.prvListTasksWithinSingleList
                0x00000000       0xa4 obj\debug\freertos_lib\tasks.o
 .text.prvTaskCheckFreeStackSpace
                0x00000000       0x38 obj\debug\freertos_lib\tasks.o
 .text.xTaskGetCurrentTaskHandle
                0x00000000       0x20 obj\debug\freertos_lib\tasks.o
 .text.xTaskPriorityInherit
                0x00000000       0xec obj\debug\freertos_lib\tasks.o
 .text.vTaskPriorityDisinheritAfterTimeout
                0x00000000      0x11c obj\debug\freertos_lib\tasks.o
 .text.uxTaskResetEventItemValue
                0x00000000       0x30 obj\debug\freertos_lib\tasks.o
 .text.pvTaskIncrementMutexHeldCount
                0x00000000       0x28 obj\debug\freertos_lib\tasks.o
 .text.ulTaskGenericNotifyTake
                0x00000000       0xd0 obj\debug\freertos_lib\tasks.o
 .text.xTaskGenericNotifyWait
                0x00000000      0x100 obj\debug\freertos_lib\tasks.o
 .text.xTaskGenericNotify
                0x00000000      0x1c0 obj\debug\freertos_lib\tasks.o
 .text.xTaskGenericNotifyFromISR
                0x00000000      0x204 obj\debug\freertos_lib\tasks.o
 .text.vTaskGenericNotifyGiveFromISR
                0x00000000      0x158 obj\debug\freertos_lib\tasks.o
 .text.xTaskGenericNotifyStateClear
                0x00000000       0x74 obj\debug\freertos_lib\tasks.o
 .text.ulTaskGenericNotifyValueClear
                0x00000000       0x5c obj\debug\freertos_lib\tasks.o
 .text          0x00000000        0x0 obj\debug\freertos_lib\timers.o
 .data          0x00000000        0x0 obj\debug\freertos_lib\timers.o
 .bss           0x00000000        0x0 obj\debug\freertos_lib\timers.o
 .text.xTimerCreate
                0x00000000       0x42 obj\debug\freertos_lib\timers.o
 .text.prvInitialiseNewTimer
                0x00000000       0x76 obj\debug\freertos_lib\timers.o
 .text.xTimerGetTimerDaemonTaskHandle
                0x00000000       0x38 obj\debug\freertos_lib\timers.o
 .text.xTimerGetPeriod
                0x00000000       0x38 obj\debug\freertos_lib\timers.o
 .text.vTimerSetReloadMode
                0x00000000       0x66 obj\debug\freertos_lib\timers.o
 .text.uxTimerGetReloadMode
                0x00000000       0x52 obj\debug\freertos_lib\timers.o
 .text.xTimerGetExpiryTime
                0x00000000       0x3c obj\debug\freertos_lib\timers.o
 .text.pcTimerGetName
                0x00000000       0x38 obj\debug\freertos_lib\timers.o
 .text.xTimerIsTimerActive
                0x00000000       0x52 obj\debug\freertos_lib\timers.o
 .text.pvTimerGetTimerID
                0x00000000       0x40 obj\debug\freertos_lib\timers.o
 .text.vTimerSetTimerID
                0x00000000       0x40 obj\debug\freertos_lib\timers.o
 .text.uxTimerGetTimerNumber
                0x00000000       0x18 obj\debug\freertos_lib\timers.o
 .text.vTimerSetTimerNumber
                0x00000000       0x1c obj\debug\freertos_lib\timers.o
 .text          0x00000000        0x0 obj\debug\modbus\modbus.o
 .data          0x00000000        0x0 obj\debug\modbus\modbus.o
 .bss           0x00000000        0x0 obj\debug\modbus\modbus.o
 .data.prescaler_table
                0x00000000       0x10 obj\debug\modbus\modbus.o
 .data.DIR_List
                0x00000000       0x28 obj\debug\modbus\modbus.o
 .data.PWM_List
                0x00000000       0x28 obj\debug\modbus\modbus.o
 .text          0x00000000        0x0 obj\debug\src\carmanagement.o
 .data          0x00000000        0x0 obj\debug\src\carmanagement.o
 .bss           0x00000000        0x0 obj\debug\src\carmanagement.o
 .data.prescaler_table
                0x00000000       0x10 obj\debug\src\carmanagement.o
 .data.DIR_List
                0x00000000       0x28 obj\debug\src\carmanagement.o
 .data.PWM_List
                0x00000000       0x28 obj\debug\src\carmanagement.o
 .text          0x00000000        0x0 obj\debug\src\main.o
 .data          0x00000000        0x0 obj\debug\src\main.o
 .bss           0x00000000        0x0 obj\debug\src\main.o
 .data.prescaler_table
                0x00000000       0x10 obj\debug\src\main.o
 .data.DIR_List
                0x00000000       0x28 obj\debug\src\main.o
 .data.PWM_List
                0x00000000       0x28 obj\debug\src\main.o
 .text          0x00000000        0x0 obj\debug\src\robot_tasks.o
 .data          0x00000000        0x0 obj\debug\src\robot_tasks.o
 .bss           0x00000000        0x0 obj\debug\src\robot_tasks.o
 .data.prescaler_table
                0x00000000       0x10 obj\debug\src\robot_tasks.o
 .data.DIR_List
                0x00000000       0x28 obj\debug\src\robot_tasks.o
 .data.PWM_List
                0x00000000       0x28 obj\debug\src\robot_tasks.o
 .text          0x00000000        0x0 obj\debug\fil lib\interrupts.o
 .data          0x00000000        0x0 obj\debug\fil lib\interrupts.o
 .bss           0x00000000        0x0 obj\debug\fil lib\interrupts.o
 .data.prescaler_table
                0x00000000       0x10 obj\debug\fil lib\interrupts.o
 .data.DIR_List
                0x00000000       0x28 obj\debug\fil lib\interrupts.o
 .data.PWM_List
                0x00000000       0x28 obj\debug\fil lib\interrupts.o
 .text.TIM1_IRQHandler
                0x00000000       0x18 obj\debug\fil lib\interrupts.o
 COMMON         0x00000000        0x8 obj\debug\fil lib\interrupts.o
 .text          0x00000000        0x0 obj\debug\src\system_stm32f4xx.o
 .data          0x00000000        0x0 obj\debug\src\system_stm32f4xx.o
 .bss           0x00000000        0x0 obj\debug\src\system_stm32f4xx.o
 .data.AHBPrescTable
                0x00000000       0x10 obj\debug\src\system_stm32f4xx.o
 .text.SystemCoreClockUpdate
                0x00000000      0x104 obj\debug\src\system_stm32f4xx.o
 .text          0x00000000        0x0 d:/2.30/share/armgcc/bin/../lib/gcc/arm-none-eabi/9.3.1/../../../../arm-none-eabi/lib/thumb/v7e-m+fp/hard\libg_nano.a(lib_a-exit.o)
 .data          0x00000000        0x0 d:/2.30/share/armgcc/bin/../lib/gcc/arm-none-eabi/9.3.1/../../../../arm-none-eabi/lib/thumb/v7e-m+fp/hard\libg_nano.a(lib_a-exit.o)
 .bss           0x00000000        0x0 d:/2.30/share/armgcc/bin/../lib/gcc/arm-none-eabi/9.3.1/../../../../arm-none-eabi/lib/thumb/v7e-m+fp/hard\libg_nano.a(lib_a-exit.o)
 .text.exit     0x00000000       0x28 d:/2.30/share/armgcc/bin/../lib/gcc/arm-none-eabi/9.3.1/../../../../arm-none-eabi/lib/thumb/v7e-m+fp/hard\libg_nano.a(lib_a-exit.o)
 .debug_frame   0x00000000       0x28 d:/2.30/share/armgcc/bin/../lib/gcc/arm-none-eabi/9.3.1/../../../../arm-none-eabi/lib/thumb/v7e-m+fp/hard\libg_nano.a(lib_a-exit.o)
 .ARM.attributes
                0x00000000       0x34 d:/2.30/share/armgcc/bin/../lib/gcc/arm-none-eabi/9.3.1/../../../../arm-none-eabi/lib/thumb/v7e-m+fp/hard\libg_nano.a(lib_a-exit.o)
 .text          0x00000000        0x0 d:/2.30/share/armgcc/bin/../lib/gcc/arm-none-eabi/9.3.1/../../../../arm-none-eabi/lib/thumb/v7e-m+fp/hard\libg_nano.a(lib_a-impure.o)
 .data          0x00000000        0x0 d:/2.30/share/armgcc/bin/../lib/gcc/arm-none-eabi/9.3.1/../../../../arm-none-eabi/lib/thumb/v7e-m+fp/hard\libg_nano.a(lib_a-impure.o)
 .bss           0x00000000        0x0 d:/2.30/share/armgcc/bin/../lib/gcc/arm-none-eabi/9.3.1/../../../../arm-none-eabi/lib/thumb/v7e-m+fp/hard\libg_nano.a(lib_a-impure.o)
 .data._impure_ptr
                0x00000000        0x4 d:/2.30/share/armgcc/bin/../lib/gcc/arm-none-eabi/9.3.1/../../../../arm-none-eabi/lib/thumb/v7e-m+fp/hard\libg_nano.a(lib_a-impure.o)
 .data.impure_data
                0x00000000       0x60 d:/2.30/share/armgcc/bin/../lib/gcc/arm-none-eabi/9.3.1/../../../../arm-none-eabi/lib/thumb/v7e-m+fp/hard\libg_nano.a(lib_a-impure.o)
 .rodata._global_impure_ptr
                0x00000000        0x4 d:/2.30/share/armgcc/bin/../lib/gcc/arm-none-eabi/9.3.1/../../../../arm-none-eabi/lib/thumb/v7e-m+fp/hard\libg_nano.a(lib_a-impure.o)
 .ARM.attributes
                0x00000000       0x32 d:/2.30/share/armgcc/bin/../lib/gcc/arm-none-eabi/9.3.1/../../../../arm-none-eabi/lib/thumb/v7e-m+fp/hard\libg_nano.a(lib_a-impure.o)
 .text          0x00000000        0x0 d:/2.30/share/armgcc/bin/../lib/gcc/arm-none-eabi/9.3.1/../../../../arm-none-eabi/lib/thumb/v7e-m+fp/hard\libg_nano.a(lib_a-init.o)
 .data          0x00000000        0x0 d:/2.30/share/armgcc/bin/../lib/gcc/arm-none-eabi/9.3.1/../../../../arm-none-eabi/lib/thumb/v7e-m+fp/hard\libg_nano.a(lib_a-init.o)
 .bss           0x00000000        0x0 d:/2.30/share/armgcc/bin/../lib/gcc/arm-none-eabi/9.3.1/../../../../arm-none-eabi/lib/thumb/v7e-m+fp/hard\libg_nano.a(lib_a-init.o)
 .text.__libc_init_array
                0x00000000       0x48 d:/2.30/share/armgcc/bin/../lib/gcc/arm-none-eabi/9.3.1/../../../../arm-none-eabi/lib/thumb/v7e-m+fp/hard\libg_nano.a(lib_a-init.o)
 .debug_frame   0x00000000       0x2c d:/2.30/share/armgcc/bin/../lib/gcc/arm-none-eabi/9.3.1/../../../../arm-none-eabi/lib/thumb/v7e-m+fp/hard\libg_nano.a(lib_a-init.o)
 .ARM.attributes
                0x00000000       0x34 d:/2.30/share/armgcc/bin/../lib/gcc/arm-none-eabi/9.3.1/../../../../arm-none-eabi/lib/thumb/v7e-m+fp/hard\libg_nano.a(lib_a-init.o)
 .text          0x00000000        0x0 d:/2.30/share/armgcc/bin/../lib/gcc/arm-none-eabi/9.3.1/../../../../arm-none-eabi/lib/thumb/v7e-m+fp/hard\libg_nano.a(lib_a-memcpy-stub.o)
 .data          0x00000000        0x0 d:/2.30/share/armgcc/bin/../lib/gcc/arm-none-eabi/9.3.1/../../../../arm-none-eabi/lib/thumb/v7e-m+fp/hard\libg_nano.a(lib_a-memcpy-stub.o)
 .bss           0x00000000        0x0 d:/2.30/share/armgcc/bin/../lib/gcc/arm-none-eabi/9.3.1/../../../../arm-none-eabi/lib/thumb/v7e-m+fp/hard\libg_nano.a(lib_a-memcpy-stub.o)
 .text          0x00000000        0x0 d:/2.30/share/armgcc/bin/../lib/gcc/arm-none-eabi/9.3.1/../../../../arm-none-eabi/lib/thumb/v7e-m+fp/hard\libg_nano.a(lib_a-memset.o)
 .data          0x00000000        0x0 d:/2.30/share/armgcc/bin/../lib/gcc/arm-none-eabi/9.3.1/../../../../arm-none-eabi/lib/thumb/v7e-m+fp/hard\libg_nano.a(lib_a-memset.o)
 .bss           0x00000000        0x0 d:/2.30/share/armgcc/bin/../lib/gcc/arm-none-eabi/9.3.1/../../../../arm-none-eabi/lib/thumb/v7e-m+fp/hard\libg_nano.a(lib_a-memset.o)
 .text          0x00000000        0x0 d:/2.30/share/armgcc/bin/../lib/gcc/arm-none-eabi/9.3.1/../../../../arm-none-eabi/lib/thumb/v7e-m+fp/hard\libnosys.a(_exit.o)
 .data          0x00000000        0x0 d:/2.30/share/armgcc/bin/../lib/gcc/arm-none-eabi/9.3.1/../../../../arm-none-eabi/lib/thumb/v7e-m+fp/hard\libnosys.a(_exit.o)
 .bss           0x00000000        0x0 d:/2.30/share/armgcc/bin/../lib/gcc/arm-none-eabi/9.3.1/../../../../arm-none-eabi/lib/thumb/v7e-m+fp/hard\libnosys.a(_exit.o)
 .text._exit    0x00000000        0x4 d:/2.30/share/armgcc/bin/../lib/gcc/arm-none-eabi/9.3.1/../../../../arm-none-eabi/lib/thumb/v7e-m+fp/hard\libnosys.a(_exit.o)
 .debug_frame   0x00000000       0x20 d:/2.30/share/armgcc/bin/../lib/gcc/arm-none-eabi/9.3.1/../../../../arm-none-eabi/lib/thumb/v7e-m+fp/hard\libnosys.a(_exit.o)
 .ARM.attributes
                0x00000000       0x34 d:/2.30/share/armgcc/bin/../lib/gcc/arm-none-eabi/9.3.1/../../../../arm-none-eabi/lib/thumb/v7e-m+fp/hard\libnosys.a(_exit.o)
 .text          0x00000000        0x0 d:/2.30/share/armgcc/bin/../lib/gcc/arm-none-eabi/9.3.1/thumb/v7e-m+fp/hard/crtend.o
 .data          0x00000000        0x0 d:/2.30/share/armgcc/bin/../lib/gcc/arm-none-eabi/9.3.1/thumb/v7e-m+fp/hard/crtend.o
 .bss           0x00000000        0x0 d:/2.30/share/armgcc/bin/../lib/gcc/arm-none-eabi/9.3.1/thumb/v7e-m+fp/hard/crtend.o
 .eh_frame      0x00000000        0x4 d:/2.30/share/armgcc/bin/../lib/gcc/arm-none-eabi/9.3.1/thumb/v7e-m+fp/hard/crtend.o
 .ARM.attributes
                0x00000000       0x32 d:/2.30/share/armgcc/bin/../lib/gcc/arm-none-eabi/9.3.1/thumb/v7e-m+fp/hard/crtend.o
 .text          0x00000000        0x0 d:/2.30/share/armgcc/bin/../lib/gcc/arm-none-eabi/9.3.1/thumb/v7e-m+fp/hard/crtn.o
 .data          0x00000000        0x0 d:/2.30/share/armgcc/bin/../lib/gcc/arm-none-eabi/9.3.1/thumb/v7e-m+fp/hard/crtn.o
 .bss           0x00000000        0x0 d:/2.30/share/armgcc/bin/../lib/gcc/arm-none-eabi/9.3.1/thumb/v7e-m+fp/hard/crtn.o

Memory Configuration

Name             Origin             Length             Attributes
FLASH            0x08000000         0x00100000         xr
RAM              0x20000000         0x00020000         xrw
CCMRAM           0x10000000         0x00010000         xrw
*default*        0x00000000         0xffffffff

Linker script and memory map

LOAD d:/2.30/share/armgcc/bin/../lib/gcc/arm-none-eabi/9.3.1/thumb/v7e-m+fp/hard/crti.o
LOAD d:/2.30/share/armgcc/bin/../lib/gcc/arm-none-eabi/9.3.1/thumb/v7e-m+fp/hard/crtbegin.o
LOAD d:/2.30/share/armgcc/bin/../lib/gcc/arm-none-eabi/9.3.1/../../../../arm-none-eabi/lib/thumb/v7e-m+fp/hard/crt0.o
                0x00000000                __HEAP_SIZE = 0x0
                0x00000100                __STACK_SIZE = 0x100
                0x00000000                _Min_Heap_Size = __HEAP_SIZE
                0x00000100                _Min_Stack_Size = __STACK_SIZE
                0x20020000                _estack = (ORIGIN (RAM) + LENGTH (RAM))

.isr_vector     0x08000000      0x188
                0x08000000                . = ALIGN (0x4)
 *(.isr_vector)
 .isr_vector    0x08000000      0x188 obj\debug\src\startup_stm32f407xx.o
                0x08000000                g_pfnVectors
                0x08000188                . = ALIGN (0x4)

.text           0x08000190     0x4c30
                0x08000190                . = ALIGN (0x4)
 *(.text)
 .text          0x08000190       0x40 d:/2.30/share/armgcc/bin/../lib/gcc/arm-none-eabi/9.3.1/thumb/v7e-m+fp/hard/crtbegin.o
 *(.text*)
 .text.Reset_Handler
                0x080001d0       0x4c obj\debug\src\startup_stm32f407xx.o
                0x080001d0                Reset_Handler
 .text.Default_Handler
                0x0800021c        0x2 obj\debug\src\startup_stm32f407xx.o
                0x0800021c                RTC_Alarm_IRQHandler
                0x0800021c                HASH_RNG_IRQHandler
                0x0800021c                TIM8_CC_IRQHandler
                0x0800021c                DebugMon_Handler
                0x0800021c                TIM1_CC_IRQHandler
                0x0800021c                DMA2_Stream5_IRQHandler
                0x0800021c                HardFault_Handler
                0x0800021c                DMA1_Stream5_IRQHandler
                0x0800021c                PVD_IRQHandler
                0x0800021c                SDIO_IRQHandler
                0x0800021c                TAMP_STAMP_IRQHandler
                0x0800021c                NMI_Handler
                0x0800021c                CAN2_RX1_IRQHandler
                0x0800021c                TIM8_TRG_COM_TIM14_IRQHandler
                0x0800021c                TIM1_UP_TIM10_IRQHandler
                0x0800021c                I2C3_ER_IRQHandler
                0x0800021c                I2C2_EV_IRQHandler
                0x0800021c                DMA1_Stream2_IRQHandler
                0x0800021c                CAN1_RX0_IRQHandler
                0x0800021c                FPU_IRQHandler
                0x0800021c                OTG_HS_WKUP_IRQHandler
                0x0800021c                UsageFault_Handler
                0x0800021c                CAN2_SCE_IRQHandler
                0x0800021c                DMA2_Stream2_IRQHandler
                0x0800021c                SPI1_IRQHandler
                0x0800021c                TIM1_BRK_TIM9_IRQHandler
                0x0800021c                DCMI_IRQHandler
                0x0800021c                CAN2_RX0_IRQHandler
                0x0800021c                DMA2_Stream3_IRQHandler
                0x0800021c                USART6_IRQHandler
                0x0800021c                CAN1_RX1_IRQHandler
                0x0800021c                UART5_IRQHandler
                0x0800021c                DMA2_Stream0_IRQHandler
                0x0800021c                I2C1_EV_IRQHandler
                0x0800021c                DMA1_Stream6_IRQHandler
                0x0800021c                DMA1_Stream1_IRQHandler
                0x0800021c                UART4_IRQHandler
                0x0800021c                RCC_IRQHandler
                0x0800021c                TIM8_BRK_TIM12_IRQHandler
                0x0800021c                Default_Handler
                0x0800021c                ADC_IRQHandler
                0x0800021c                DMA1_Stream7_IRQHandler
                0x0800021c                CAN2_TX_IRQHandler
                0x0800021c                DMA2_Stream7_IRQHandler
                0x0800021c                I2C3_EV_IRQHandler
                0x0800021c                RTC_WKUP_IRQHandler
                0x0800021c                ETH_WKUP_IRQHandler
                0x0800021c                SPI2_IRQHandler
                0x0800021c                OTG_HS_EP1_IN_IRQHandler
                0x0800021c                MemManage_Handler
                0x0800021c                DMA1_Stream0_IRQHandler
                0x0800021c                CAN1_TX_IRQHandler
                0x0800021c                FSMC_IRQHandler
                0x0800021c                ETH_IRQHandler
                0x0800021c                OTG_HS_EP1_OUT_IRQHandler
                0x0800021c                WWDG_IRQHandler
                0x0800021c                OTG_FS_WKUP_IRQHandler
                0x0800021c                TIM1_TRG_COM_TIM11_IRQHandler
                0x0800021c                OTG_HS_IRQHandler
                0x0800021c                USART2_IRQHandler
                0x0800021c                I2C2_ER_IRQHandler
                0x0800021c                DMA2_Stream1_IRQHandler
                0x0800021c                CAN1_SCE_IRQHandler
                0x0800021c                FLASH_IRQHandler
                0x0800021c                DMA2_Stream4_IRQHandler
                0x0800021c                BusFault_Handler
                0x0800021c                USART1_IRQHandler
                0x0800021c                OTG_FS_IRQHandler
                0x0800021c                SPI3_IRQHandler
                0x0800021c                DMA1_Stream4_IRQHandler
                0x0800021c                I2C1_ER_IRQHandler
                0x0800021c                DMA2_Stream6_IRQHandler
                0x0800021c                DMA1_Stream3_IRQHandler
 *fill*         0x0800021e        0x2 
 .text.__NVIC_EnableIRQ
                0x08000220       0x3c obj\debug\fil lib\rcr dstu\rcr_setupcustom.o
 .text.BoardStart
                0x0800025c     0x15f4 obj\debug\fil lib\rcr dstu\rcr_setupcustom.o
                0x0800025c                BoardStart
 .text.TimEngineClutchConfigure
                0x08001850      0x1b8 obj\debug\fil lib\rcr dstu\rcr_setupcustom.o
                0x08001850                TimEngineClutchConfigure
 .text.pvPortMalloc
                0x08001a08      0x164 obj\debug\freertos_lib\heap_2.o
                0x08001a08                pvPortMalloc
 .text.vPortFree
                0x08001b6c       0x74 obj\debug\freertos_lib\heap_2.o
                0x08001b6c                vPortFree
 .text.prvHeapInit
                0x08001be0       0x54 obj\debug\freertos_lib\heap_2.o
 .text.vListInitialise
                0x08001c34       0x40 obj\debug\freertos_lib\list.o
                0x08001c34                vListInitialise
 .text.vListInitialiseItem
                0x08001c74       0x1a obj\debug\freertos_lib\list.o
                0x08001c74                vListInitialiseItem
 .text.vListInsertEnd
                0x08001c8e       0x48 obj\debug\freertos_lib\list.o
                0x08001c8e                vListInsertEnd
 .text.vListInsert
                0x08001cd6       0x72 obj\debug\freertos_lib\list.o
                0x08001cd6                vListInsert
 .text.uxListRemove
                0x08001d48       0x54 obj\debug\freertos_lib\list.o
                0x08001d48                uxListRemove
 .text.pxPortInitialiseStack
                0x08001d9c       0x68 obj\debug\freertos_lib\port.o
                0x08001d9c                pxPortInitialiseStack
 .text.prvTaskExitError
                0x08001e04       0x58 obj\debug\freertos_lib\port.o
 *fill*         0x08001e5c        0x4 
 .text.SVC_Handler
                0x08001e60       0x28 obj\debug\freertos_lib\port.o
                0x08001e60                SVC_Handler
 .text.prvPortStartFirstTask
                0x08001e88       0x2c obj\debug\freertos_lib\port.o
 .text.xPortStartScheduler
                0x08001eb4      0x164 obj\debug\freertos_lib\port.o
                0x08001eb4                xPortStartScheduler
 .text.vPortEnterCritical
                0x08002018       0x60 obj\debug\freertos_lib\port.o
                0x08002018                vPortEnterCritical
 .text.vPortExitCritical
                0x08002078       0x54 obj\debug\freertos_lib\port.o
                0x08002078                vPortExitCritical
 *fill*         0x080020cc        0x4 
 .text.PendSV_Handler
                0x080020d0       0x68 obj\debug\freertos_lib\port.o
                0x080020d0                PendSV_Handler
 .text.SysTick_Handler
                0x08002138       0x44 obj\debug\freertos_lib\port.o
                0x08002138                SysTick_Handler
 .text.vPortSetupTimerInterrupt
                0x0800217c       0x48 obj\debug\freertos_lib\port.o
                0x0800217c                vPortSetupTimerInterrupt
 .text.vPortEnableVFP
                0x080021c4       0x18 obj\debug\freertos_lib\port.o
 .text.vPortValidateInterruptPriority
                0x080021dc       0x80 obj\debug\freertos_lib\port.o
                0x080021dc                vPortValidateInterruptPriority
 .text.xQueueGenericReset
                0x0800225c       0xd0 obj\debug\freertos_lib\queue.o
                0x0800225c                xQueueGenericReset
 .text.xQueueGenericCreate
                0x0800232c       0xbe obj\debug\freertos_lib\queue.o
                0x0800232c                xQueueGenericCreate
 .text.prvInitialiseNewQueue
                0x080023ea       0x46 obj\debug\freertos_lib\queue.o
 .text.xQueueGenericSend
                0x08002430      0x1fc obj\debug\freertos_lib\queue.o
                0x08002430                xQueueGenericSend
 .text.xQueueGenericSendFromISR
                0x0800262c      0x154 obj\debug\freertos_lib\queue.o
                0x0800262c                xQueueGenericSendFromISR
 .text.xQueueReceive
                0x08002780      0x1c0 obj\debug\freertos_lib\queue.o
                0x08002780                xQueueReceive
 .text.prvCopyDataToQueue
                0x08002940       0xd4 obj\debug\freertos_lib\queue.o
 .text.prvCopyDataFromQueue
                0x08002a14       0x4c obj\debug\freertos_lib\queue.o
 .text.prvUnlockQueue
                0x08002a60       0xa4 obj\debug\freertos_lib\queue.o
 .text.prvIsQueueEmpty
                0x08002b04       0x2c obj\debug\freertos_lib\queue.o
 .text.prvIsQueueFull
                0x08002b30       0x30 obj\debug\freertos_lib\queue.o
 .text.vQueueAddToRegistry
                0x08002b60       0x54 obj\debug\freertos_lib\queue.o
                0x08002b60                vQueueAddToRegistry
 .text.vQueueWaitForMessageRestricted
                0x08002bb4       0x68 obj\debug\freertos_lib\queue.o
                0x08002bb4                vQueueWaitForMessageRestricted
 .text.xTaskCreate
                0x08002c1c       0x82 obj\debug\freertos_lib\tasks.o
                0x08002c1c                xTaskCreate
 .text.prvInitialiseNewTask
                0x08002c9e      0x12c obj\debug\freertos_lib\tasks.o
 *fill*         0x08002dca        0x2 
 .text.prvAddNewTaskToReadyList
                0x08002dcc       0xdc obj\debug\freertos_lib\tasks.o
 .text.vTaskDelete
                0x08002ea8      0x120 obj\debug\freertos_lib\tasks.o
                0x08002ea8                vTaskDelete
 .text.vTaskPrioritySet
                0x08002fc8      0x154 obj\debug\freertos_lib\tasks.o
                0x08002fc8                vTaskPrioritySet
 .text.vTaskStartScheduler
                0x0800311c       0xa4 obj\debug\freertos_lib\tasks.o
                0x0800311c                vTaskStartScheduler
 .text.vTaskSuspendAll
                0x080031c0       0x1c obj\debug\freertos_lib\tasks.o
                0x080031c0                vTaskSuspendAll
 .text.xTaskResumeAll
                0x080031dc      0x138 obj\debug\freertos_lib\tasks.o
                0x080031dc                xTaskResumeAll
 .text.xTaskGetTickCount
                0x08003314       0x20 obj\debug\freertos_lib\tasks.o
                0x08003314                xTaskGetTickCount
 .text.xTaskIncrementTick
                0x08003334      0x180 obj\debug\freertos_lib\tasks.o
                0x08003334                xTaskIncrementTick
 .text.vTaskSwitchContext
                0x080034b4      0x100 obj\debug\freertos_lib\tasks.o
                0x080034b4                vTaskSwitchContext
 .text.vTaskPlaceOnEventList
                0x080035b4       0x48 obj\debug\freertos_lib\tasks.o
                0x080035b4                vTaskPlaceOnEventList
 .text.vTaskPlaceOnEventListRestricted
                0x080035fc       0x58 obj\debug\freertos_lib\tasks.o
                0x080035fc                vTaskPlaceOnEventListRestricted
 .text.xTaskRemoveFromEventList
                0x08003654       0xc4 obj\debug\freertos_lib\tasks.o
                0x08003654                xTaskRemoveFromEventList
 .text.vTaskInternalSetTimeOutState
                0x08003718       0x2c obj\debug\freertos_lib\tasks.o
                0x08003718                vTaskInternalSetTimeOutState
 .text.xTaskCheckForTimeOut
                0x08003744       0xcc obj\debug\freertos_lib\tasks.o
                0x08003744                xTaskCheckForTimeOut
 .text.vTaskMissedYield
                0x08003810       0x18 obj\debug\freertos_lib\tasks.o
                0x08003810                vTaskMissedYield
 .text.prvIdleTask
                0x08003828       0x34 obj\debug\freertos_lib\tasks.o
 .text.prvInitialiseTaskLists
                0x0800385c       0x80 obj\debug\freertos_lib\tasks.o
 .text.prvCheckTasksWaitingTermination
                0x080038dc       0x5c obj\debug\freertos_lib\tasks.o
 .text.prvDeleteTCB
                0x08003938       0x20 obj\debug\freertos_lib\tasks.o
 .text.prvResetNextTaskUnblockTime
                0x08003958       0x38 obj\debug\freertos_lib\tasks.o
 .text.xTaskGetSchedulerState
                0x08003990       0x3c obj\debug\freertos_lib\tasks.o
                0x08003990                xTaskGetSchedulerState
 .text.xTaskPriorityDisinherit
                0x080039cc       0xf4 obj\debug\freertos_lib\tasks.o
                0x080039cc                xTaskPriorityDisinherit
 .text.prvAddCurrentTaskToDelayedList
                0x08003ac0       0xcc obj\debug\freertos_lib\tasks.o
 .text.xTimerCreateTimerTask
                0x08003b8c       0x64 obj\debug\freertos_lib\timers.o
                0x08003b8c                xTimerCreateTimerTask
 .text.xTimerGenericCommand
                0x08003bf0       0x9c obj\debug\freertos_lib\timers.o
                0x08003bf0                xTimerGenericCommand
 .text.prvProcessExpiredTimer
                0x08003c8c       0x98 obj\debug\freertos_lib\timers.o
 .text.prvTimerTask
                0x08003d24       0x24 obj\debug\freertos_lib\timers.o
 .text.prvProcessTimerOrBlockTask
                0x08003d48       0x9c obj\debug\freertos_lib\timers.o
 .text.prvGetNextExpireTime
                0x08003de4       0x48 obj\debug\freertos_lib\timers.o
 .text.prvSampleTimeNow
                0x08003e2c       0x40 obj\debug\freertos_lib\timers.o
 .text.prvInsertTimerInActiveList
                0x08003e6c       0x84 obj\debug\freertos_lib\timers.o
 .text.prvProcessReceivedCommands
                0x08003ef0      0x18c obj\debug\freertos_lib\timers.o
 .text.prvSwitchTimerLists
                0x0800407c       0xc8 obj\debug\freertos_lib\timers.o
 .text.prvCheckForValidListAndQueue
                0x08004144       0x6c obj\debug\freertos_lib\timers.o
 .text.ModBus_Init
                0x080041b0       0x74 obj\debug\modbus\modbus.o
                0x080041b0                ModBus_Init
 .text.ModBus_QueueClear
                0x08004224       0x58 obj\debug\modbus\modbus.o
                0x08004224                ModBus_QueueClear
 .text.LRC_Counting
                0x0800427c       0x40 obj\debug\modbus\modbus.o
                0x0800427c                LRC_Counting
 .text.ModBus_ASCII_TO_HEX_Converter
                0x080042bc       0x72 obj\debug\modbus\modbus.o
                0x080042bc                ModBus_ASCII_TO_HEX_Converter
 *fill*         0x0800432e        0x2 
 .text.ModBus_ClearMsgs
                0x08004330       0x3c obj\debug\modbus\modbus.o
                0x08004330                ModBus_ClearMsgs
 .text.ModBus_CheckFrame
                0x0800436c       0x84 obj\debug\modbus\modbus.o
                0x0800436c                ModBus_CheckFrame
 .text.ModBus_ParsePacket
                0x080043f0      0x154 obj\debug\modbus\modbus.o
                0x080043f0                ModBus_ParsePacket
 .text.ModBus_IsFull_Queue
                0x08004544       0x78 obj\debug\modbus\modbus.o
                0x08004544                ModBus_IsFull_Queue
 .text.ModBus_SendResponse
                0x080045bc       0x2c obj\debug\modbus\modbus.o
                0x080045bc                ModBus_SendResponse
 .text.ModBus_PutQueue
                0x080045e8       0x5c obj\debug\modbus\modbus.o
                0x080045e8                ModBus_PutQueue
 .text.Get_Queue
                0x08004644       0x20 obj\debug\modbus\modbus.o
                0x08004644                Get_Queue
 .text.ModBus_SendByte
                0x08004664       0x84 obj\debug\modbus\modbus.o
                0x08004664                ModBus_SendByte
 .text.Move_Clutch
                0x080046e8       0x4c obj\debug\src\carmanagement.o
                0x080046e8                Move_Clutch
 .text.main     0x08004734      0x140 obj\debug\src\main.o
                0x08004734                main
 .text.vApplicationTickHook
                0x08004874        0xe obj\debug\src\robot_tasks.o
                0x08004874                vApplicationTickHook
 .text.vApplicationIdleHook
                0x08004882        0xe obj\debug\src\robot_tasks.o
                0x08004882                vApplicationIdleHook
 .text.vApplicationStackOverflowHook
                0x08004890       0x16 obj\debug\src\robot_tasks.o
                0x08004890                vApplicationStackOverflowHook
 .text.vApplicationMallocFailedHook
                0x080048a6        0xe obj\debug\src\robot_tasks.o
                0x080048a6                vApplicationMallocFailedHook
 .text.vInitMainSectors
                0x080048b4       0x24 obj\debug\src\robot_tasks.o
                0x080048b4                vInitMainSectors
 .text.vWaitingEvent
                0x080048d8       0x84 obj\debug\src\robot_tasks.o
                0x080048d8                vWaitingEvent
 .text.vManagementGearsBox
                0x0800495c       0x1c obj\debug\src\robot_tasks.o
                0x0800495c                vManagementGearsBox
 .text.vClutchManagement
                0x08004978        0xe obj\debug\src\robot_tasks.o
                0x08004978                vClutchManagement
 *fill*         0x08004986        0x2 
 .text.vModBusManagement
                0x08004988       0x84 obj\debug\src\robot_tasks.o
                0x08004988                vModBusManagement
 .text.vSecurityMemoryManagement
                0x08004a0c        0xa obj\debug\src\robot_tasks.o
                0x08004a0c                vSecurityMemoryManagement
 *fill*         0x08004a16        0x2 
 .text.USART3_IRQHandler
                0x08004a18       0x58 obj\debug\fil lib\interrupts.o
                0x08004a18                USART3_IRQHandler
 .text.TIM2_IRQHandler
                0x08004a70       0x16 obj\debug\fil lib\interrupts.o
                0x08004a70                TIM2_IRQHandler
 *fill*         0x08004a86        0x2 
 .text.TIM3_IRQHandler
                0x08004a88       0x18 obj\debug\fil lib\interrupts.o
                0x08004a88                TIM3_IRQHandler
 .text.TIM4_IRQHandler
                0x08004aa0       0x18 obj\debug\fil lib\interrupts.o
                0x08004aa0                TIM4_IRQHandler
 .text.TIM5_IRQHandler
                0x08004ab8       0x18 obj\debug\fil lib\interrupts.o
                0x08004ab8                TIM5_IRQHandler
 .text.TIM6_DAC_IRQHandler
                0x08004ad0       0x18 obj\debug\fil lib\interrupts.o
                0x08004ad0                TIM6_DAC_IRQHandler
 .text.TIM7_IRQHandler
                0x08004ae8       0x18 obj\debug\fil lib\interrupts.o
                0x08004ae8                TIM7_IRQHandler
 .text.TIM8_UP_TIM13_IRQHandler
                0x08004b00       0x18 obj\debug\fil lib\interrupts.o
                0x08004b00                TIM8_UP_TIM13_IRQHandler
 .text.EXTI0_IRQHandler
                0x08004b18       0x18 obj\debug\fil lib\interrupts.o
                0x08004b18                EXTI0_IRQHandler
 .text.EXTI1_IRQHandler
                0x08004b30       0x18 obj\debug\fil lib\interrupts.o
                0x08004b30                EXTI1_IRQHandler
 .text.EXTI2_IRQHandler
                0x08004b48       0x18 obj\debug\fil lib\interrupts.o
                0x08004b48                EXTI2_IRQHandler
 .text.EXTI3_IRQHandler
                0x08004b60       0x18 obj\debug\fil lib\interrupts.o
                0x08004b60                EXTI3_IRQHandler
 .text.EXTI4_IRQHandler
                0x08004b78       0x18 obj\debug\fil lib\interrupts.o
                0x08004b78                EXTI4_IRQHandler
 .text.EXTI9_5_IRQHandler
                0x08004b90       0x60 obj\debug\fil lib\interrupts.o
                0x08004b90                EXTI9_5_IRQHandler
 .text.EXTI15_10_IRQHandler
                0x08004bf0       0x28 obj\debug\fil lib\interrupts.o
                0x08004bf0                EXTI15_10_IRQHandler
 .text.SystemInit
                0x08004c18       0x6c obj\debug\src\system_stm32f4xx.o
                0x08004c18                SystemInit
 .text.SetSysClock
                0x08004c84       0xf8 obj\debug\src\system_stm32f4xx.o
 .text.memcpy   0x08004d7c       0x1c d:/2.30/share/armgcc/bin/../lib/gcc/arm-none-eabi/9.3.1/../../../../arm-none-eabi/lib/thumb/v7e-m+fp/hard\libg_nano.a(lib_a-memcpy-stub.o)
                0x08004d7c                memcpy
 .text.memset   0x08004d98       0x10 d:/2.30/share/armgcc/bin/../lib/gcc/arm-none-eabi/9.3.1/../../../../arm-none-eabi/lib/thumb/v7e-m+fp/hard\libg_nano.a(lib_a-memset.o)
                0x08004d98                memset
 *(.glue_7)
 .glue_7        0x08004da8        0x0 linker stubs
 *(.glue_7t)
 .glue_7t       0x08004da8        0x0 linker stubs
 *(.eh_frame)
 .eh_frame      0x08004da8        0x0 d:/2.30/share/armgcc/bin/../lib/gcc/arm-none-eabi/9.3.1/thumb/v7e-m+fp/hard/crtbegin.o
 *(.init)
 .init          0x08004da8        0x4 d:/2.30/share/armgcc/bin/../lib/gcc/arm-none-eabi/9.3.1/thumb/v7e-m+fp/hard/crti.o
                0x08004da8                _init
 .init          0x08004dac        0x8 d:/2.30/share/armgcc/bin/../lib/gcc/arm-none-eabi/9.3.1/thumb/v7e-m+fp/hard/crtn.o
 *(.fini)
 .fini          0x08004db4        0x4 d:/2.30/share/armgcc/bin/../lib/gcc/arm-none-eabi/9.3.1/thumb/v7e-m+fp/hard/crti.o
                0x08004db4                _fini
 .fini          0x08004db8        0x8 d:/2.30/share/armgcc/bin/../lib/gcc/arm-none-eabi/9.3.1/thumb/v7e-m+fp/hard/crtn.o
                0x08004dc0                . = ALIGN (0x4)
                0x08004dc0                _etext = .

.vfp11_veneer   0x08004dc0        0x0
 .vfp11_veneer  0x08004dc0        0x0 linker stubs

.v4_bx          0x08004dc0        0x0
 .v4_bx         0x08004dc0        0x0 linker stubs

.iplt           0x08004dc0        0x0
 .iplt          0x08004dc0        0x0 d:/2.30/share/armgcc/bin/../lib/gcc/arm-none-eabi/9.3.1/thumb/v7e-m+fp/hard/crtbegin.o

.rodata         0x08004dc0       0x5c
                0x08004dc0                . = ALIGN (0x4)
 *(.rodata)
 .rodata        0x08004dc0        0x5 obj\debug\freertos_lib\tasks.o
 *fill*         0x08004dc5        0x3 
 .rodata        0x08004dc8        0xd obj\debug\freertos_lib\timers.o
 *fill*         0x08004dd5        0x3 
 .rodata        0x08004dd8       0x2a obj\debug\src\main.o
 *fill*         0x08004e02        0x2 
 .rodata        0x08004e04       0x16 obj\debug\src\robot_tasks.o
 *(.rodata*)
                0x08004e1c                . = ALIGN (0x4)
 *fill*         0x08004e1a        0x2 

.rel.dyn        0x08004e1c        0x0
 .rel.iplt      0x08004e1c        0x0 d:/2.30/share/armgcc/bin/../lib/gcc/arm-none-eabi/9.3.1/thumb/v7e-m+fp/hard/crtbegin.o

.ARM.extab
 *(.ARM.extab* .gnu.linkonce.armextab.*)

.ARM            0x08004e1c        0x0
                0x08004e1c                __exidx_start = .
 *(.ARM.exidx*)
                0x08004e1c                __exidx_end = .

.preinit_array  0x08004e1c        0x0
                0x08004e1c                PROVIDE (__preinit_array_start = .)
 *(.preinit_array*)
                0x08004e1c                PROVIDE (__preinit_array_end = .)

.init_array     0x08004e1c        0x4
                0x08004e1c                PROVIDE (__init_array_start = .)
 *(SORT_BY_NAME(.init_array.*))
 *(.init_array*)
 .init_array    0x08004e1c        0x4 d:/2.30/share/armgcc/bin/../lib/gcc/arm-none-eabi/9.3.1/thumb/v7e-m+fp/hard/crtbegin.o
                0x08004e20                PROVIDE (__init_array_end = .)

.fini_array     0x08004e20        0x4
                [!provide]                PROVIDE (__fini_array_start = .)
 *(SORT_BY_NAME(.fini_array.*))
 *(.fini_array*)
 .fini_array    0x08004e20        0x4 d:/2.30/share/armgcc/bin/../lib/gcc/arm-none-eabi/9.3.1/thumb/v7e-m+fp/hard/crtbegin.o
                [!provide]                PROVIDE (__fini_array_end = .)
                0x08004e24                _sidata = LOADADDR (.data)

.data           0x20000000       0x70 load address 0x08004e24
                0x20000000                . = ALIGN (0x4)
                0x20000000                _sdata = .
 *(.data)
 *(.data*)
 .data.prescaler_table
                0x20000000       0x10 obj\debug\fil lib\rcr dstu\rcr_setupcustom.o
 .data.DIR_List
                0x20000010       0x28 obj\debug\fil lib\rcr dstu\rcr_setupcustom.o
 .data.PWM_List
                0x20000038       0x28 obj\debug\fil lib\rcr dstu\rcr_setupcustom.o
 .data.xFreeBytesRemaining
                0x20000060        0x4 obj\debug\freertos_lib\heap_2.o
 .data.uxCriticalNesting
                0x20000064        0x4 obj\debug\freertos_lib\port.o
 .data.uxTopUsedPriority
                0x20000068        0x4 obj\debug\freertos_lib\tasks.o
                0x20000068                uxTopUsedPriority
 .data.SystemCoreClock
                0x2000006c        0x4 obj\debug\src\system_stm32f4xx.o
                0x2000006c                SystemCoreClock
                0x20000070                . = ALIGN (0x4)
                0x20000070                _edata = .

.igot.plt       0x20000070        0x0 load address 0x08004e94
 .igot.plt      0x20000070        0x0 d:/2.30/share/armgcc/bin/../lib/gcc/arm-none-eabi/9.3.1/thumb/v7e-m+fp/hard/crtbegin.o
                0x20000070                . = ALIGN (0x4)

.bss            0x20000070    0x12e28 load address 0x08004e94
                0x20000070                _sbss = .
                0x20000070                __bss_start__ = _sbss
 *(.bss)
 .bss           0x20000070       0x1c d:/2.30/share/armgcc/bin/../lib/gcc/arm-none-eabi/9.3.1/thumb/v7e-m+fp/hard/crtbegin.o
 *(.bss*)
 .bss.ucHeap    0x2000008c    0x12c00 obj\debug\freertos_lib\heap_2.o
 .bss.xStart    0x20012c8c        0x8 obj\debug\freertos_lib\heap_2.o
 .bss.xEnd      0x20012c94        0x8 obj\debug\freertos_lib\heap_2.o
 .bss.xHeapHasBeenInitialised.8155
                0x20012c9c        0x4 obj\debug\freertos_lib\heap_2.o
 .bss.ucMaxSysCallPriority
                0x20012ca0        0x1 obj\debug\freertos_lib\port.o
 *fill*         0x20012ca1        0x3 
 .bss.ulMaxPRIGROUPValue
                0x20012ca4        0x4 obj\debug\freertos_lib\port.o
 .bss.pxCurrentTCB
                0x20012ca8        0x4 obj\debug\freertos_lib\tasks.o
                0x20012ca8                pxCurrentTCB
 .bss.pxReadyTasksLists
                0x20012cac       0x64 obj\debug\freertos_lib\tasks.o
 .bss.xDelayedTaskList1
                0x20012d10       0x14 obj\debug\freertos_lib\tasks.o
 .bss.xDelayedTaskList2
                0x20012d24       0x14 obj\debug\freertos_lib\tasks.o
 .bss.pxDelayedTaskList
                0x20012d38        0x4 obj\debug\freertos_lib\tasks.o
 .bss.pxOverflowDelayedTaskList
                0x20012d3c        0x4 obj\debug\freertos_lib\tasks.o
 .bss.xPendingReadyList
                0x20012d40       0x14 obj\debug\freertos_lib\tasks.o
 .bss.xTasksWaitingTermination
                0x20012d54       0x14 obj\debug\freertos_lib\tasks.o
 .bss.uxDeletedTasksWaitingCleanUp
                0x20012d68        0x4 obj\debug\freertos_lib\tasks.o
 .bss.xSuspendedTaskList
                0x20012d6c       0x14 obj\debug\freertos_lib\tasks.o
 .bss.uxCurrentNumberOfTasks
                0x20012d80        0x4 obj\debug\freertos_lib\tasks.o
 .bss.xTickCount
                0x20012d84        0x4 obj\debug\freertos_lib\tasks.o
 .bss.uxTopReadyPriority
                0x20012d88        0x4 obj\debug\freertos_lib\tasks.o
 .bss.xSchedulerRunning
                0x20012d8c        0x4 obj\debug\freertos_lib\tasks.o
 .bss.xPendedTicks
                0x20012d90        0x4 obj\debug\freertos_lib\tasks.o
 .bss.xYieldPending
                0x20012d94        0x4 obj\debug\freertos_lib\tasks.o
 .bss.xNumOfOverflows
                0x20012d98        0x4 obj\debug\freertos_lib\tasks.o
 .bss.uxTaskNumber
                0x20012d9c        0x4 obj\debug\freertos_lib\tasks.o
 .bss.xNextTaskUnblockTime
                0x20012da0        0x4 obj\debug\freertos_lib\tasks.o
 .bss.xIdleTaskHandle
                0x20012da4        0x4 obj\debug\freertos_lib\tasks.o
 .bss.uxSchedulerSuspended
                0x20012da8        0x4 obj\debug\freertos_lib\tasks.o
 .bss.xActiveTimerList1
                0x20012dac       0x14 obj\debug\freertos_lib\timers.o
 .bss.xActiveTimerList2
                0x20012dc0       0x14 obj\debug\freertos_lib\timers.o
 .bss.pxCurrentTimerList
                0x20012dd4        0x4 obj\debug\freertos_lib\timers.o
 .bss.pxOverflowTimerList
                0x20012dd8        0x4 obj\debug\freertos_lib\timers.o
 .bss.xTimerQueue
                0x20012ddc        0x4 obj\debug\freertos_lib\timers.o
 .bss.xTimerTaskHandle
                0x20012de0        0x4 obj\debug\freertos_lib\timers.o
 .bss.xLastTime.8467
                0x20012de4        0x4 obj\debug\freertos_lib\timers.o
 .bss.Error     0x20012de8        0x4 obj\debug\modbus\modbus.o
 .bss.UARTBufferSlaveAddrIndex.8844
                0x20012dec        0x4 obj\debug\modbus\modbus.o
 *(COMMON)
 COMMON         0x20012df0       0x5c obj\debug\fil lib\rcr dstu\rcr_setupcustom.o
                0x20012df0                UARTBufferEndMsgPointer
                0x20012df4                xQueueManagHandle
                0x20012df8                UARTReceiver_Flag
                0x20012dfc                xWaitingHangle
                0x20012e00                Queue_StartIndex
                0x20012e04                UART_Buffer
                0x20012e14                UARTBufferIndex
                0x20012e18                UARTTransmit_Flag
                0x20012e1c                xClutchHandle
                0x20012e20                xGearsHandle
                0x20012e24                Queue_EndIndex
                0x20012e28                QueueBuffer_To_UART
                0x20012e38                UARTBufferLRCIndex
                0x20012e3c                xQueue20Handle
                0x20012e40                xModBusHandle
                0x20012e44                Queue_Index
                0x20012e48                UARTBufferStartMsgPointer
 COMMON         0x20012e4c       0x40 obj\debug\freertos_lib\queue.o
                0x20012e4c                xQueueRegistry
 COMMON         0x20012e8c        0x8 obj\debug\modbus\modbus.o
                0x20012e8c                out
                0x20012e90                QueueIndexTx
 COMMON         0x20012e94        0x4 obj\debug\src\robot_tasks.o
                0x20012e94                ErrorTask
                0x20012e98                . = ALIGN (0x4)
                0x20012e98                _ebss = .
                0x20012e98                __bss_end__ = _ebss

.heap           0x20012e98        0x0 load address 0x08004e94
                0x20012e98                . = ALIGN (0x4)
                [!provide]                PROVIDE (end = .)
                [!provide]                PROVIDE (_end = .)
 *(.heap*)
                0x20012e98                . = (. + _Min_Heap_Size)
                0x20012e98                __HeapLimit = .
                0x20012e98                . = ALIGN (0x4)

.ARM.attributes
                0x00000000       0x30
 *(.ARM.attributes)
 .ARM.attributes
                0x00000000       0x1e d:/2.30/share/armgcc/bin/../lib/gcc/arm-none-eabi/9.3.1/thumb/v7e-m+fp/hard/crti.o
 .ARM.attributes
                0x0000001e       0x34 d:/2.30/share/armgcc/bin/../lib/gcc/arm-none-eabi/9.3.1/thumb/v7e-m+fp/hard/crtbegin.o
 .ARM.attributes
                0x00000052       0x21 obj\debug\src\startup_stm32f407xx.o
 .ARM.attributes
                0x00000073       0x34 obj\debug\fil lib\rcr dstu\rcr_setupcustom.o
 .ARM.attributes
                0x000000a7       0x34 obj\debug\freertos_lib\heap_2.o
 .ARM.attributes
                0x000000db       0x34 obj\debug\freertos_lib\list.o
 .ARM.attributes
                0x0000010f       0x34 obj\debug\freertos_lib\port.o
 .ARM.attributes
                0x00000143       0x34 obj\debug\freertos_lib\queue.o
 .ARM.attributes
                0x00000177       0x34 obj\debug\freertos_lib\tasks.o
 .ARM.attributes
                0x000001ab       0x34 obj\debug\freertos_lib\timers.o
 .ARM.attributes
                0x000001df       0x34 obj\debug\modbus\modbus.o
 .ARM.attributes
                0x00000213       0x34 obj\debug\src\carmanagement.o
 .ARM.attributes
                0x00000247       0x34 obj\debug\src\main.o
 .ARM.attributes
                0x0000027b       0x34 obj\debug\src\robot_tasks.o
 .ARM.attributes
                0x000002af       0x34 obj\debug\fil lib\interrupts.o
 .ARM.attributes
                0x000002e3       0x34 obj\debug\src\system_stm32f4xx.o
 .ARM.attributes
                0x00000317       0x34 d:/2.30/share/armgcc/bin/../lib/gcc/arm-none-eabi/9.3.1/../../../../arm-none-eabi/lib/thumb/v7e-m+fp/hard\libg_nano.a(lib_a-memcpy-stub.o)
 .ARM.attributes
                0x0000034b       0x34 d:/2.30/share/armgcc/bin/../lib/gcc/arm-none-eabi/9.3.1/../../../../arm-none-eabi/lib/thumb/v7e-m+fp/hard\libg_nano.a(lib_a-memset.o)
 .ARM.attributes
                0x0000037f       0x1e d:/2.30/share/armgcc/bin/../lib/gcc/arm-none-eabi/9.3.1/thumb/v7e-m+fp/hard/crtn.o
                0x2001ff00                __StackLimit = (_estack - _Min_Stack_Size)
                0x00000001                ASSERT ((__StackLimit >= __HeapLimit), Region RAM overflowed with stack)
LOAD obj\debug\src\startup_stm32f407xx.o
LOAD obj\debug\fil lib\rcr dstu\rcr_setupcustom.o
LOAD obj\debug\freertos_lib\croutine.o
LOAD obj\debug\freertos_lib\event_groups.o
LOAD obj\debug\freertos_lib\heap_2.o
LOAD obj\debug\freertos_lib\list.o
LOAD obj\debug\freertos_lib\port.o
LOAD obj\debug\freertos_lib\queue.o
LOAD obj\debug\freertos_lib\stream_buffer.o
LOAD obj\debug\freertos_lib\tasks.o
LOAD obj\debug\freertos_lib\timers.o
LOAD obj\debug\modbus\modbus.o
LOAD obj\debug\src\carmanagement.o
LOAD obj\debug\src\main.o
LOAD obj\debug\src\robot_tasks.o
LOAD obj\debug\fil lib\interrupts.o
LOAD obj\debug\src\system_stm32f4xx.o
START GROUP
LOAD d:/2.30/share/armgcc/bin/../lib/gcc/arm-none-eabi/9.3.1/thumb/v7e-m+fp/hard\libgcc.a
LOAD d:/2.30/share/armgcc/bin/../lib/gcc/arm-none-eabi/9.3.1/../../../../arm-none-eabi/lib/thumb/v7e-m+fp/hard\libg_nano.a
LOAD d:/2.30/share/armgcc/bin/../lib/gcc/arm-none-eabi/9.3.1/../../../../arm-none-eabi/lib/thumb/v7e-m+fp/hard\libc_nano.a
END GROUP
START GROUP
LOAD d:/2.30/share/armgcc/bin/../lib/gcc/arm-none-eabi/9.3.1/thumb/v7e-m+fp/hard\libgcc.a
LOAD d:/2.30/share/armgcc/bin/../lib/gcc/arm-none-eabi/9.3.1/../../../../arm-none-eabi/lib/thumb/v7e-m+fp/hard\libc_nano.a
LOAD d:/2.30/share/armgcc/bin/../lib/gcc/arm-none-eabi/9.3.1/../../../../arm-none-eabi/lib/thumb/v7e-m+fp/hard\libnosys.a
END GROUP
START GROUP
LOAD d:/2.30/share/armgcc/bin/../lib/gcc/arm-none-eabi/9.3.1/thumb/v7e-m+fp/hard\libgcc.a
LOAD d:/2.30/share/armgcc/bin/../lib/gcc/arm-none-eabi/9.3.1/../../../../arm-none-eabi/lib/thumb/v7e-m+fp/hard\libc_nano.a
LOAD d:/2.30/share/armgcc/bin/../lib/gcc/arm-none-eabi/9.3.1/../../../../arm-none-eabi/lib/thumb/v7e-m+fp/hard\libnosys.a
END GROUP
LOAD d:/2.30/share/armgcc/bin/../lib/gcc/arm-none-eabi/9.3.1/thumb/v7e-m+fp/hard/crtend.o
LOAD d:/2.30/share/armgcc/bin/../lib/gcc/arm-none-eabi/9.3.1/thumb/v7e-m+fp/hard/crtn.o
OUTPUT(bin\Debug\robocross.elf elf32-littlearm)
LOAD linker stubs

.debug_line     0x00000000     0x529a
 .debug_line    0x00000000       0x77 obj\debug\src\startup_stm32f407xx.o
 .debug_line    0x00000077      0x325 obj\debug\fil lib\rcr dstu\rcr_setupcustom.o
 .debug_line    0x0000039c      0x33c obj\debug\freertos_lib\heap_2.o
 .debug_line    0x000006d8      0x2ba obj\debug\freertos_lib\list.o
 .debug_line    0x00000992      0x450 obj\debug\freertos_lib\port.o
 .debug_line    0x00000de2     0x1131 obj\debug\freertos_lib\queue.o
 .debug_line    0x00001f13     0x17f1 obj\debug\freertos_lib\tasks.o
 .debug_line    0x00003704      0x816 obj\debug\freertos_lib\timers.o
 .debug_line    0x00003f1a      0x59b obj\debug\modbus\modbus.o
 .debug_line    0x000044b5      0x219 obj\debug\src\carmanagement.o
 .debug_line    0x000046ce      0x23a obj\debug\src\main.o
 .debug_line    0x00004908      0x32b obj\debug\src\robot_tasks.o
 .debug_line    0x00004c33      0x3e2 obj\debug\fil lib\interrupts.o
 .debug_line    0x00005015      0x285 obj\debug\src\system_stm32f4xx.o

.debug_info     0x00000000     0xe175
 .debug_info    0x00000000       0x22 obj\debug\src\startup_stm32f407xx.o
 .debug_info    0x00000022     0x1185 obj\debug\fil lib\rcr dstu\rcr_setupcustom.o
 .debug_info    0x000011a7      0xc23 obj\debug\freertos_lib\heap_2.o
 .debug_info    0x00001dca      0xba8 obj\debug\freertos_lib\list.o
 .debug_info    0x00002972      0x530 obj\debug\freertos_lib\port.o
 .debug_info    0x00002ea2     0x2005 obj\debug\freertos_lib\queue.o
 .debug_info    0x00004ea7     0x29f2 obj\debug\freertos_lib\tasks.o
 .debug_info    0x00007899     0x158d obj\debug\freertos_lib\timers.o
 .debug_info    0x00008e26     0x1235 obj\debug\modbus\modbus.o
 .debug_info    0x0000a05b      0xdb1 obj\debug\src\carmanagement.o
 .debug_info    0x0000ae0c      0xdc4 obj\debug\src\main.o
 .debug_info    0x0000bbd0      0xf2d obj\debug\src\robot_tasks.o
 .debug_info    0x0000cafd     0x1010 obj\debug\fil lib\interrupts.o
 .debug_info    0x0000db0d      0x668 obj\debug\src\system_stm32f4xx.o

.debug_abbrev   0x00000000     0x221e
 .debug_abbrev  0x00000000       0x12 obj\debug\src\startup_stm32f407xx.o
 .debug_abbrev  0x00000012      0x2cd obj\debug\fil lib\rcr dstu\rcr_setupcustom.o
 .debug_abbrev  0x000002df      0x305 obj\debug\freertos_lib\heap_2.o
 .debug_abbrev  0x000005e4      0x232 obj\debug\freertos_lib\list.o
 .debug_abbrev  0x00000816      0x241 obj\debug\freertos_lib\port.o
 .debug_abbrev  0x00000a57      0x36e obj\debug\freertos_lib\queue.o
 .debug_abbrev  0x00000dc5      0x3e8 obj\debug\freertos_lib\tasks.o
 .debug_abbrev  0x000011ad      0x338 obj\debug\freertos_lib\timers.o
 .debug_abbrev  0x000014e5      0x2f5 obj\debug\modbus\modbus.o
 .debug_abbrev  0x000017da      0x225 obj\debug\src\carmanagement.o
 .debug_abbrev  0x000019ff      0x227 obj\debug\src\main.o
 .debug_abbrev  0x00001c26      0x275 obj\debug\src\robot_tasks.o
 .debug_abbrev  0x00001e9b      0x20b obj\debug\fil lib\interrupts.o
 .debug_abbrev  0x000020a6      0x178 obj\debug\src\system_stm32f4xx.o

.debug_aranges  0x00000000      0x740
 .debug_aranges
                0x00000000       0x28 obj\debug\src\startup_stm32f407xx.o
 .debug_aranges
                0x00000028       0x30 obj\debug\fil lib\rcr dstu\rcr_setupcustom.o
 .debug_aranges
                0x00000058       0x40 obj\debug\freertos_lib\heap_2.o
 .debug_aranges
                0x00000098       0x40 obj\debug\freertos_lib\list.o
 .debug_aranges
                0x000000d8       0x80 obj\debug\freertos_lib\port.o
 .debug_aranges
                0x00000158      0x130 obj\debug\freertos_lib\queue.o
 .debug_aranges
                0x00000288      0x1f8 obj\debug\freertos_lib\tasks.o
 .debug_aranges
                0x00000480       0xd8 obj\debug\freertos_lib\timers.o
 .debug_aranges
                0x00000558       0x78 obj\debug\modbus\modbus.o
 .debug_aranges
                0x000005d0       0x20 obj\debug\src\carmanagement.o
 .debug_aranges
                0x000005f0       0x20 obj\debug\src\main.o
 .debug_aranges
                0x00000610       0x68 obj\debug\src\robot_tasks.o
 .debug_aranges
                0x00000678       0x98 obj\debug\fil lib\interrupts.o
 .debug_aranges
                0x00000710       0x30 obj\debug\src\system_stm32f4xx.o

.debug_str      0x00000000     0x3076
 .debug_str     0x00000000       0x56 obj\debug\src\startup_stm32f407xx.o
 .debug_str     0x00000056      0xd0f obj\debug\fil lib\rcr dstu\rcr_setupcustom.o
                                0xdbc (size before relaxing)
 .debug_str     0x00000d65      0x1a2 obj\debug\freertos_lib\heap_2.o
                                0x765 (size before relaxing)
 .debug_str     0x00000f07      0x13d obj\debug\freertos_lib\list.o
                                0x6ef (size before relaxing)
 .debug_str     0x00001044      0x230 obj\debug\freertos_lib\port.o
                                0x439 (size before relaxing)
 .debug_str     0x00001274      0x666 obj\debug\freertos_lib\queue.o
                                0xda0 (size before relaxing)
 .debug_str     0x000018da      0xd09 obj\debug\freertos_lib\tasks.o
                               0x151f (size before relaxing)
 .debug_str     0x000025e3      0x46c obj\debug\freertos_lib\timers.o
                                0xbb0 (size before relaxing)
 .debug_str     0x00002a4f      0x1c6 obj\debug\modbus\modbus.o
                                0x9ef (size before relaxing)
 .debug_str     0x00002c15       0x20 obj\debug\src\carmanagement.o
                                0x837 (size before relaxing)
 .debug_str     0x00002c35       0x16 obj\debug\src\main.o
                                0x82d (size before relaxing)
 .debug_str     0x00002c4b       0xe6 obj\debug\src\robot_tasks.o
                                0x95e (size before relaxing)
 .debug_str     0x00002d31      0x160 obj\debug\fil lib\interrupts.o
                                0x98a (size before relaxing)
 .debug_str     0x00002e91      0x1e5 obj\debug\src\system_stm32f4xx.o
                                0x400 (size before relaxing)

.debug_ranges   0x00000000      0x680
 .debug_ranges  0x00000000       0x20 obj\debug\src\startup_stm32f407xx.o
 .debug_ranges  0x00000020       0x38 obj\debug\fil lib\rcr dstu\rcr_setupcustom.o
 .debug_ranges  0x00000058       0x30 obj\debug\freertos_lib\heap_2.o
 .debug_ranges  0x00000088       0x30 obj\debug\freertos_lib\list.o
 .debug_ranges  0x000000b8       0x70 obj\debug\freertos_lib\port.o
 .debug_ranges  0x00000128      0x120 obj\debug\freertos_lib\queue.o
 .debug_ranges  0x00000248      0x1e8 obj\debug\freertos_lib\tasks.o
 .debug_ranges  0x00000430       0xc8 obj\debug\freertos_lib\timers.o
 .debug_ranges  0x000004f8       0x68 obj\debug\modbus\modbus.o
 .debug_ranges  0x00000560       0x10 obj\debug\src\carmanagement.o
 .debug_ranges  0x00000570       0x10 obj\debug\src\main.o
 .debug_ranges  0x00000580       0x58 obj\debug\src\robot_tasks.o
 .debug_ranges  0x000005d8       0x88 obj\debug\fil lib\interrupts.o
 .debug_ranges  0x00000660       0x20 obj\debug\src\system_stm32f4xx.o

.comment        0x00000000       0x4c
 .comment       0x00000000       0x4c obj\debug\fil lib\rcr dstu\rcr_setupcustom.o
                                 0x4d (size before relaxing)
 .comment       0x0000004c       0x4d obj\debug\freertos_lib\heap_2.o
 .comment       0x0000004c       0x4d obj\debug\freertos_lib\list.o
 .comment       0x0000004c       0x4d obj\debug\freertos_lib\port.o
 .comment       0x0000004c       0x4d obj\debug\freertos_lib\queue.o
 .comment       0x0000004c       0x4d obj\debug\freertos_lib\tasks.o
 .comment       0x0000004c       0x4d obj\debug\freertos_lib\timers.o
 .comment       0x0000004c       0x4d obj\debug\modbus\modbus.o
 .comment       0x0000004c       0x4d obj\debug\src\carmanagement.o
 .comment       0x0000004c       0x4d obj\debug\src\main.o
 .comment       0x0000004c       0x4d obj\debug\src\robot_tasks.o
 .comment       0x0000004c       0x4d obj\debug\fil lib\interrupts.o
 .comment       0x0000004c       0x4d obj\debug\src\system_stm32f4xx.o

.debug_frame    0x00000000     0x1b60
 .debug_frame   0x00000000       0x7c obj\debug\fil lib\rcr dstu\rcr_setupcustom.o
 .debug_frame   0x0000007c       0xc0 obj\debug\freertos_lib\heap_2.o
 .debug_frame   0x0000013c       0xd8 obj\debug\freertos_lib\list.o
 .debug_frame   0x00000214      0x1a8 obj\debug\freertos_lib\port.o
 .debug_frame   0x000003bc      0x534 obj\debug\freertos_lib\queue.o
 .debug_frame   0x000008f0      0x890 obj\debug\freertos_lib\tasks.o
 .debug_frame   0x00001180      0x38c obj\debug\freertos_lib\timers.o
 .debug_frame   0x0000150c      0x1c4 obj\debug\modbus\modbus.o
 .debug_frame   0x000016d0       0x38 obj\debug\src\carmanagement.o
 .debug_frame   0x00001708       0x30 obj\debug\src\main.o
 .debug_frame   0x00001738      0x154 obj\debug\src\robot_tasks.o
 .debug_frame   0x0000188c      0x210 obj\debug\fil lib\interrupts.o
 .debug_frame   0x00001a9c       0x7c obj\debug\src\system_stm32f4xx.o
 .debug_frame   0x00001b18       0x28 d:/2.30/share/armgcc/bin/../lib/gcc/arm-none-eabi/9.3.1/../../../../arm-none-eabi/lib/thumb/v7e-m+fp/hard\libg_nano.a(lib_a-memcpy-stub.o)
 .debug_frame   0x00001b40       0x20 d:/2.30/share/armgcc/bin/../lib/gcc/arm-none-eabi/9.3.1/../../../../arm-none-eabi/lib/thumb/v7e-m+fp/hard\libg_nano.a(lib_a-memset.o)
