Archive member included to satisfy reference by file (symbol)

d:/2.30/share/armgcc/bin/../lib/gcc/arm-none-eabi/9.3.1/thumb/v7e-m+fp/hard\libgcc.a(_arm_addsubdf3.o)
                              obj\debug\src\main.o (__aeabi_ui2d)
d:/2.30/share/armgcc/bin/../lib/gcc/arm-none-eabi/9.3.1/thumb/v7e-m+fp/hard\libgcc.a(_arm_muldivdf3.o)
                              obj\debug\src\main.o (__aeabi_ddiv)
d:/2.30/share/armgcc/bin/../lib/gcc/arm-none-eabi/9.3.1/thumb/v7e-m+fp/hard\libgcc.a(_arm_fixunsdfsi.o)
                              obj\debug\src\main.o (__aeabi_d2uiz)
d:/2.30/share/armgcc/bin/../lib/gcc/arm-none-eabi/9.3.1/../../../../arm-none-eabi/lib/thumb/v7e-m+fp/hard\libg_nano.a(lib_a-exit.o)
                              d:/2.30/share/armgcc/bin/../lib/gcc/arm-none-eabi/9.3.1/../../../../arm-none-eabi/lib/thumb/v7e-m+fp/hard/crt0.o (exit)
d:/2.30/share/armgcc/bin/../lib/gcc/arm-none-eabi/9.3.1/../../../../arm-none-eabi/lib/thumb/v7e-m+fp/hard\libg_nano.a(lib_a-impure.o)
                              d:/2.30/share/armgcc/bin/../lib/gcc/arm-none-eabi/9.3.1/../../../../arm-none-eabi/lib/thumb/v7e-m+fp/hard\libg_nano.a(lib_a-exit.o) (_global_impure_ptr)
d:/2.30/share/armgcc/bin/../lib/gcc/arm-none-eabi/9.3.1/../../../../arm-none-eabi/lib/thumb/v7e-m+fp/hard\libg_nano.a(lib_a-init.o)
                              d:/2.30/share/armgcc/bin/../lib/gcc/arm-none-eabi/9.3.1/../../../../arm-none-eabi/lib/thumb/v7e-m+fp/hard/crt0.o (__libc_init_array)
d:/2.30/share/armgcc/bin/../lib/gcc/arm-none-eabi/9.3.1/../../../../arm-none-eabi/lib/thumb/v7e-m+fp/hard\libg_nano.a(lib_a-memcpy-stub.o)
                              obj\debug\freertos_lib\queue.o (memcpy)
d:/2.30/share/armgcc/bin/../lib/gcc/arm-none-eabi/9.3.1/../../../../arm-none-eabi/lib/thumb/v7e-m+fp/hard\libg_nano.a(lib_a-memset.o)
                              d:/2.30/share/armgcc/bin/../lib/gcc/arm-none-eabi/9.3.1/../../../../arm-none-eabi/lib/thumb/v7e-m+fp/hard/crt0.o (memset)
d:/2.30/share/armgcc/bin/../lib/gcc/arm-none-eabi/9.3.1/../../../../arm-none-eabi/lib/thumb/v7e-m+fp/hard\libnosys.a(_exit.o)
                              d:/2.30/share/armgcc/bin/../lib/gcc/arm-none-eabi/9.3.1/../../../../arm-none-eabi/lib/thumb/v7e-m+fp/hard\libg_nano.a(lib_a-exit.o) (_exit)

Allocating common symbols
Common symbol       size              file

xQueue21Handle      0x4               obj\debug\modbus\modbus.o
UARTBufferEndMsgPointer
                    0x4               obj\debug\modbus\modbus.o
UARTReceiver_Flag   0x4               obj\debug\modbus\modbus.o
out                 0x4               obj\debug\modbus\modbus.o
xQueueRegistry      0x40              obj\debug\freertos_lib\queue.o
Queue_StartIndex    0x4               obj\debug\modbus\modbus.o
globalTime          0x4               obj\debug\fil lib\interrupts.o
UART_Buffer         0x11              obj\debug\modbus\modbus.o
ErrorTask           0x4               obj\debug\src\robot_tasks.o
UARTBufferIndex     0x4               obj\debug\modbus\modbus.o
UARTTransmit_Flag   0x4               obj\debug\modbus\modbus.o
xGearsHandle        0x4               obj\debug\modbus\modbus.o
Queue_EndIndex      0x4               obj\debug\modbus\modbus.o
QueueBuffer_To_UART
                    0x6               obj\debug\modbus\modbus.o
QueueIndexTx        0x4               obj\debug\modbus\modbus.o
xQueue22Handle      0x4               obj\debug\modbus\modbus.o
UARTBufferLRCIndex  0x4               obj\debug\modbus\modbus.o
xQueue20Handle      0x4               obj\debug\modbus\modbus.o
xTaskQueueManagHandle
                    0x4               obj\debug\modbus\modbus.o
xModBusHandle       0x4               obj\debug\modbus\modbus.o
Queue_Index         0x4               obj\debug\modbus\modbus.o
status              0x4               obj\debug\fil lib\interrupts.o
Clocks              0x14              obj\debug\src\main.o
UARTBufferStartMsgPointer
                    0x4               obj\debug\modbus\modbus.o

Discarded input sections

 .text          0x00000000        0x0 d:/2.30/share/armgcc/bin/../lib/gcc/arm-none-eabi/9.3.1/thumb/v7e-m+fp/hard/crti.o
 .data          0x00000000        0x0 d:/2.30/share/armgcc/bin/../lib/gcc/arm-none-eabi/9.3.1/thumb/v7e-m+fp/hard/crti.o
 .bss           0x00000000        0x0 d:/2.30/share/armgcc/bin/../lib/gcc/arm-none-eabi/9.3.1/thumb/v7e-m+fp/hard/crti.o
 .data          0x00000000        0x4 d:/2.30/share/armgcc/bin/../lib/gcc/arm-none-eabi/9.3.1/thumb/v7e-m+fp/hard/crtbegin.o
 .text          0x00000000       0x7c d:/2.30/share/armgcc/bin/../lib/gcc/arm-none-eabi/9.3.1/../../../../arm-none-eabi/lib/thumb/v7e-m+fp/hard/crt0.o
 .data          0x00000000        0x0 d:/2.30/share/armgcc/bin/../lib/gcc/arm-none-eabi/9.3.1/../../../../arm-none-eabi/lib/thumb/v7e-m+fp/hard/crt0.o
 .bss           0x00000000        0x0 d:/2.30/share/armgcc/bin/../lib/gcc/arm-none-eabi/9.3.1/../../../../arm-none-eabi/lib/thumb/v7e-m+fp/hard/crt0.o
 .ARM.extab     0x00000000        0x0 d:/2.30/share/armgcc/bin/../lib/gcc/arm-none-eabi/9.3.1/../../../../arm-none-eabi/lib/thumb/v7e-m+fp/hard/crt0.o
 .ARM.exidx     0x00000000       0x10 d:/2.30/share/armgcc/bin/../lib/gcc/arm-none-eabi/9.3.1/../../../../arm-none-eabi/lib/thumb/v7e-m+fp/hard/crt0.o
 .ARM.attributes
                0x00000000       0x1c d:/2.30/share/armgcc/bin/../lib/gcc/arm-none-eabi/9.3.1/../../../../arm-none-eabi/lib/thumb/v7e-m+fp/hard/crt0.o
 .text          0x00000000       0x14 obj\debug\src\startup_stm32f407xx.o
 .data          0x00000000        0x0 obj\debug\src\startup_stm32f407xx.o
 .bss           0x00000000        0x0 obj\debug\src\startup_stm32f407xx.o
 .text          0x00000000        0x0 obj\debug\freertos_lib\croutine.o
 .data          0x00000000        0x0 obj\debug\freertos_lib\croutine.o
 .bss           0x00000000        0x0 obj\debug\freertos_lib\croutine.o
 .debug_info    0x00000000       0xc0 obj\debug\freertos_lib\croutine.o
 .debug_abbrev  0x00000000       0x62 obj\debug\freertos_lib\croutine.o
 .debug_aranges
                0x00000000       0x18 obj\debug\freertos_lib\croutine.o
 .debug_line    0x00000000       0xd2 obj\debug\freertos_lib\croutine.o
 .debug_str     0x00000000      0x1ce obj\debug\freertos_lib\croutine.o
 .comment       0x00000000       0x4d obj\debug\freertos_lib\croutine.o
 .ARM.attributes
                0x00000000       0x39 obj\debug\freertos_lib\croutine.o
 .text          0x00000000        0x0 obj\debug\freertos_lib\event_groups.o
 .data          0x00000000        0x0 obj\debug\freertos_lib\event_groups.o
 .bss           0x00000000        0x0 obj\debug\freertos_lib\event_groups.o
 .text.xEventGroupCreate
                0x00000000       0x2e obj\debug\freertos_lib\event_groups.o
 .text.xEventGroupSync
                0x00000000      0x15c obj\debug\freertos_lib\event_groups.o
 .text.xEventGroupWaitBits
                0x00000000      0x19c obj\debug\freertos_lib\event_groups.o
 .text.xEventGroupClearBits
                0x00000000       0x70 obj\debug\freertos_lib\event_groups.o
 .text.xEventGroupGetBitsFromISR
                0x00000000       0x48 obj\debug\freertos_lib\event_groups.o
 .text.xEventGroupSetBits
                0x00000000      0x116 obj\debug\freertos_lib\event_groups.o
 .text.vEventGroupDelete
                0x00000000       0x62 obj\debug\freertos_lib\event_groups.o
 .text.vEventGroupSetBitsCallback
                0x00000000       0x1a obj\debug\freertos_lib\event_groups.o
 .text.vEventGroupClearBitsCallback
                0x00000000       0x1a obj\debug\freertos_lib\event_groups.o
 .text.prvTestWaitCondition
                0x00000000       0x44 obj\debug\freertos_lib\event_groups.o
 .text.uxEventGroupGetNumber
                0x00000000       0x2c obj\debug\freertos_lib\event_groups.o
 .text.vEventGroupSetNumber
                0x00000000       0x1c obj\debug\freertos_lib\event_groups.o
 .debug_info    0x00000000     0x11e0 obj\debug\freertos_lib\event_groups.o
 .debug_abbrev  0x00000000      0x36a obj\debug\freertos_lib\event_groups.o
 .debug_aranges
                0x00000000       0x78 obj\debug\freertos_lib\event_groups.o
 .debug_ranges  0x00000000       0x68 obj\debug\freertos_lib\event_groups.o
 .debug_line    0x00000000      0x5fd obj\debug\freertos_lib\event_groups.o
 .debug_str     0x00000000      0x9b3 obj\debug\freertos_lib\event_groups.o
 .comment       0x00000000       0x4d obj\debug\freertos_lib\event_groups.o
 .debug_frame   0x00000000      0x1d0 obj\debug\freertos_lib\event_groups.o
 .ARM.attributes
                0x00000000       0x34 obj\debug\freertos_lib\event_groups.o
 .text          0x00000000        0x0 obj\debug\freertos_lib\heap_2.o
 .data          0x00000000        0x0 obj\debug\freertos_lib\heap_2.o
 .bss           0x00000000        0x0 obj\debug\freertos_lib\heap_2.o
 .rodata.heapSTRUCT_SIZE
                0x00000000        0x2 obj\debug\freertos_lib\heap_2.o
 .text.xPortGetFreeHeapSize
                0x00000000       0x18 obj\debug\freertos_lib\heap_2.o
 .text.vPortInitialiseBlocks
                0x00000000        0xe obj\debug\freertos_lib\heap_2.o
 .text          0x00000000        0x0 obj\debug\freertos_lib\list.o
 .data          0x00000000        0x0 obj\debug\freertos_lib\list.o
 .bss           0x00000000        0x0 obj\debug\freertos_lib\list.o
 .text          0x00000000        0x0 obj\debug\freertos_lib\port.o
 .data          0x00000000        0x0 obj\debug\freertos_lib\port.o
 .bss           0x00000000        0x0 obj\debug\freertos_lib\port.o
 .rodata.pcInterruptPriorityRegisters
                0x00000000        0x4 obj\debug\freertos_lib\port.o
 .text.vPortEndScheduler
                0x00000000       0x38 obj\debug\freertos_lib\port.o
 .text          0x00000000        0x0 obj\debug\freertos_lib\queue.o
 .data          0x00000000        0x0 obj\debug\freertos_lib\queue.o
 .bss           0x00000000        0x0 obj\debug\freertos_lib\queue.o
 .text.prvInitialiseMutex
                0x00000000       0x34 obj\debug\freertos_lib\queue.o
 .text.xQueueCreateMutex
                0x00000000       0x30 obj\debug\freertos_lib\queue.o
 .text.xQueueGiveMutexRecursive
                0x00000000       0x68 obj\debug\freertos_lib\queue.o
 .text.xQueueTakeMutexRecursive
                0x00000000       0x6c obj\debug\freertos_lib\queue.o
 .text.xQueueCreateCountingSemaphore
                0x00000000       0x66 obj\debug\freertos_lib\queue.o
 .text.xQueueGiveFromISR
                0x00000000      0x138 obj\debug\freertos_lib\queue.o
 .text.xQueueSemaphoreTake
                0x00000000      0x218 obj\debug\freertos_lib\queue.o
 .text.xQueuePeek
                0x00000000      0x1c4 obj\debug\freertos_lib\queue.o
 .text.xQueueReceiveFromISR
                0x00000000      0x11e obj\debug\freertos_lib\queue.o
 .text.xQueuePeekFromISR
                0x00000000       0xd2 obj\debug\freertos_lib\queue.o
 .text.uxQueueMessagesWaiting
                0x00000000       0x3c obj\debug\freertos_lib\queue.o
 .text.uxQueueSpacesAvailable
                0x00000000       0x46 obj\debug\freertos_lib\queue.o
 .text.uxQueueMessagesWaitingFromISR
                0x00000000       0x3c obj\debug\freertos_lib\queue.o
 .text.vQueueDelete
                0x00000000       0x3c obj\debug\freertos_lib\queue.o
 .text.uxQueueGetQueueNumber
                0x00000000       0x18 obj\debug\freertos_lib\queue.o
 .text.vQueueSetQueueNumber
                0x00000000       0x1c obj\debug\freertos_lib\queue.o
 .text.ucQueueGetQueueType
                0x00000000       0x1a obj\debug\freertos_lib\queue.o
 .text.prvGetDisinheritPriorityAfterTimeout
                0x00000000       0x30 obj\debug\freertos_lib\queue.o
 .text.xQueueIsQueueEmptyFromISR
                0x00000000       0x48 obj\debug\freertos_lib\queue.o
 .text.xQueueIsQueueFullFromISR
                0x00000000       0x4c obj\debug\freertos_lib\queue.o
 .text.pcQueueGetName
                0x00000000       0x4c obj\debug\freertos_lib\queue.o
 .text.vQueueUnregisterQueue
                0x00000000       0x54 obj\debug\freertos_lib\queue.o
 .text          0x00000000        0x0 obj\debug\freertos_lib\stream_buffer.o
 .data          0x00000000        0x0 obj\debug\freertos_lib\stream_buffer.o
 .bss           0x00000000        0x0 obj\debug\freertos_lib\stream_buffer.o
 .text.xStreamBufferGenericCreate
                0x00000000       0xc4 obj\debug\freertos_lib\stream_buffer.o
 .text.vStreamBufferDelete
                0x00000000       0x4e obj\debug\freertos_lib\stream_buffer.o
 .text.xStreamBufferReset
                0x00000000       0x78 obj\debug\freertos_lib\stream_buffer.o
 .text.xStreamBufferSetTriggerLevel
                0x00000000       0x5c obj\debug\freertos_lib\stream_buffer.o
 .text.xStreamBufferSpacesAvailable
                0x00000000       0x66 obj\debug\freertos_lib\stream_buffer.o
 .text.xStreamBufferBytesAvailable
                0x00000000       0x3a obj\debug\freertos_lib\stream_buffer.o
 .text.xStreamBufferSend
                0x00000000      0x196 obj\debug\freertos_lib\stream_buffer.o
 .text.xStreamBufferSendFromISR
                0x00000000       0xe6 obj\debug\freertos_lib\stream_buffer.o
 .text.prvWriteMessageToBuffer
                0x00000000       0x7a obj\debug\freertos_lib\stream_buffer.o
 .text.xStreamBufferReceive
                0x00000000      0x134 obj\debug\freertos_lib\stream_buffer.o
 .text.xStreamBufferNextMessageLengthBytes
                0x00000000       0x92 obj\debug\freertos_lib\stream_buffer.o
 .text.xStreamBufferReceiveFromISR
                0x00000000       0xe2 obj\debug\freertos_lib\stream_buffer.o
 .text.prvReadMessageFromBuffer
                0x00000000       0x64 obj\debug\freertos_lib\stream_buffer.o
 .text.xStreamBufferIsEmpty
                0x00000000       0x50 obj\debug\freertos_lib\stream_buffer.o
 .text.xStreamBufferIsFull
                0x00000000       0x60 obj\debug\freertos_lib\stream_buffer.o
 .text.xStreamBufferSendCompletedFromISR
                0x00000000       0x8a obj\debug\freertos_lib\stream_buffer.o
 .text.xStreamBufferReceiveCompletedFromISR
                0x00000000       0x8a obj\debug\freertos_lib\stream_buffer.o
 .text.prvWriteBytesToBuffer
                0x00000000       0xe4 obj\debug\freertos_lib\stream_buffer.o
 .text.prvReadBytesFromBuffer
                0x00000000       0xf4 obj\debug\freertos_lib\stream_buffer.o
 .text.prvBytesInBuffer
                0x00000000       0x40 obj\debug\freertos_lib\stream_buffer.o
 .text.prvInitialiseNewStreamBuffer
                0x00000000       0x66 obj\debug\freertos_lib\stream_buffer.o
 .text.uxStreamBufferGetStreamBufferNumber
                0x00000000       0x18 obj\debug\freertos_lib\stream_buffer.o
 .text.vStreamBufferSetStreamBufferNumber
                0x00000000       0x1c obj\debug\freertos_lib\stream_buffer.o
 .text.ucStreamBufferGetStreamBufferType
                0x00000000       0x1e obj\debug\freertos_lib\stream_buffer.o
 .debug_info    0x00000000     0x1a38 obj\debug\freertos_lib\stream_buffer.o
 .debug_abbrev  0x00000000      0x3ca obj\debug\freertos_lib\stream_buffer.o
 .debug_aranges
                0x00000000       0xd8 obj\debug\freertos_lib\stream_buffer.o
 .debug_ranges  0x00000000       0xc8 obj\debug\freertos_lib\stream_buffer.o
 .debug_line    0x00000000      0xa7b obj\debug\freertos_lib\stream_buffer.o
 .debug_str     0x00000000      0xbf9 obj\debug\freertos_lib\stream_buffer.o
 .comment       0x00000000       0x4d obj\debug\freertos_lib\stream_buffer.o
 .debug_frame   0x00000000      0x3a8 obj\debug\freertos_lib\stream_buffer.o
 .ARM.attributes
                0x00000000       0x34 obj\debug\freertos_lib\stream_buffer.o
 .text          0x00000000        0x0 obj\debug\freertos_lib\tasks.o
 .data          0x00000000        0x0 obj\debug\freertos_lib\tasks.o
 .bss           0x00000000        0x0 obj\debug\freertos_lib\tasks.o
 .text.xTaskDelayUntil
                0x00000000       0xfc obj\debug\freertos_lib\tasks.o
 .text.vTaskDelay
                0x00000000       0x68 obj\debug\freertos_lib\tasks.o
 .text.eTaskGetState
                0x00000000       0xf4 obj\debug\freertos_lib\tasks.o
 .text.uxTaskPriorityGet
                0x00000000       0x34 obj\debug\freertos_lib\tasks.o
 .text.uxTaskPriorityGetFromISR
                0x00000000       0x58 obj\debug\freertos_lib\tasks.o
 .text.vTaskSuspend
                0x00000000      0x140 obj\debug\freertos_lib\tasks.o
 .text.prvTaskIsTaskSuspended
                0x00000000       0x64 obj\debug\freertos_lib\tasks.o
 .text.vTaskResume
                0x00000000       0xbc obj\debug\freertos_lib\tasks.o
 .text.xTaskResumeFromISR
                0x00000000       0xec obj\debug\freertos_lib\tasks.o
 .text.vTaskEndScheduler
                0x00000000       0x30 obj\debug\freertos_lib\tasks.o
 .text.xTaskGetTickCountFromISR
                0x00000000       0x24 obj\debug\freertos_lib\tasks.o
 .text.uxTaskGetNumberOfTasks
                0x00000000       0x18 obj\debug\freertos_lib\tasks.o
 .text.pcTaskGetName
                0x00000000       0x48 obj\debug\freertos_lib\tasks.o
 .text.uxTaskGetSystemState
                0x00000000      0x11c obj\debug\freertos_lib\tasks.o
 .text.xTaskCatchUpTicks
                0x00000000       0x50 obj\debug\freertos_lib\tasks.o
 .text.vTaskPlaceOnUnorderedEventList
                0x00000000       0x78 obj\debug\freertos_lib\tasks.o
 .text.vTaskRemoveFromUnorderedEventList
                0x00000000       0xc4 obj\debug\freertos_lib\tasks.o
 .text.vTaskSetTimeOutState
                0x00000000       0x4c obj\debug\freertos_lib\tasks.o
 .text.uxTaskGetTaskNumber
                0x00000000       0x2c obj\debug\freertos_lib\tasks.o
 .text.vTaskSetTaskNumber
                0x00000000       0x26 obj\debug\freertos_lib\tasks.o
 .text.vTaskGetInfo
                0x00000000       0xcc obj\debug\freertos_lib\tasks.o
 .text.prvListTasksWithinSingleList
                0x00000000       0xa4 obj\debug\freertos_lib\tasks.o
 .text.prvTaskCheckFreeStackSpace
                0x00000000       0x38 obj\debug\freertos_lib\tasks.o
 .text.xTaskGetCurrentTaskHandle
                0x00000000       0x20 obj\debug\freertos_lib\tasks.o
 .text.xTaskPriorityInherit
                0x00000000       0xec obj\debug\freertos_lib\tasks.o
 .text.vTaskPriorityDisinheritAfterTimeout
                0x00000000      0x11c obj\debug\freertos_lib\tasks.o
 .text.uxTaskResetEventItemValue
                0x00000000       0x30 obj\debug\freertos_lib\tasks.o
 .text.pvTaskIncrementMutexHeldCount
                0x00000000       0x28 obj\debug\freertos_lib\tasks.o
 .text.ulTaskGenericNotifyTake
                0x00000000       0xd0 obj\debug\freertos_lib\tasks.o
 .text.xTaskGenericNotifyWait
                0x00000000      0x100 obj\debug\freertos_lib\tasks.o
 .text.xTaskGenericNotify
                0x00000000      0x1c0 obj\debug\freertos_lib\tasks.o
 .text.xTaskGenericNotifyFromISR
                0x00000000      0x204 obj\debug\freertos_lib\tasks.o
 .text.vTaskGenericNotifyGiveFromISR
                0x00000000      0x158 obj\debug\freertos_lib\tasks.o
 .text.xTaskGenericNotifyStateClear
                0x00000000       0x74 obj\debug\freertos_lib\tasks.o
 .text.ulTaskGenericNotifyValueClear
                0x00000000       0x5c obj\debug\freertos_lib\tasks.o
 .text          0x00000000        0x0 obj\debug\freertos_lib\timers.o
 .data          0x00000000        0x0 obj\debug\freertos_lib\timers.o
 .bss           0x00000000        0x0 obj\debug\freertos_lib\timers.o
 .text.xTimerCreate
                0x00000000       0x42 obj\debug\freertos_lib\timers.o
 .text.prvInitialiseNewTimer
                0x00000000       0x76 obj\debug\freertos_lib\timers.o
 .text.xTimerGetTimerDaemonTaskHandle
                0x00000000       0x38 obj\debug\freertos_lib\timers.o
 .text.xTimerGetPeriod
                0x00000000       0x38 obj\debug\freertos_lib\timers.o
 .text.vTimerSetReloadMode
                0x00000000       0x66 obj\debug\freertos_lib\timers.o
 .text.uxTimerGetReloadMode
                0x00000000       0x52 obj\debug\freertos_lib\timers.o
 .text.xTimerGetExpiryTime
                0x00000000       0x3c obj\debug\freertos_lib\timers.o
 .text.pcTimerGetName
                0x00000000       0x38 obj\debug\freertos_lib\timers.o
 .text.xTimerIsTimerActive
                0x00000000       0x52 obj\debug\freertos_lib\timers.o
 .text.pvTimerGetTimerID
                0x00000000       0x40 obj\debug\freertos_lib\timers.o
 .text.vTimerSetTimerID
                0x00000000       0x40 obj\debug\freertos_lib\timers.o
 .text.uxTimerGetTimerNumber
                0x00000000       0x18 obj\debug\freertos_lib\timers.o
 .text.vTimerSetTimerNumber
                0x00000000       0x1c obj\debug\freertos_lib\timers.o
 .text          0x00000000        0x0 obj\debug\modbus\modbus.o
 .data          0x00000000        0x0 obj\debug\modbus\modbus.o
 .bss           0x00000000        0x0 obj\debug\modbus\modbus.o
 .data.prescaler_table
                0x00000000       0x10 obj\debug\modbus\modbus.o
 .data.DIR_List
                0x00000000       0x28 obj\debug\modbus\modbus.o
 .data.PWM_List
                0x00000000       0x28 obj\debug\modbus\modbus.o
 .rodata.ResponseSuccess
                0x00000000        0x3 obj\debug\modbus\modbus.o
 .rodata.ResponseError
                0x00000000        0x4 obj\debug\modbus\modbus.o
 .text          0x00000000        0x0 obj\debug\src\main.o
 .data          0x00000000        0x0 obj\debug\src\main.o
 .bss           0x00000000        0x0 obj\debug\src\main.o
 .data.DIR_List
                0x00000000       0x28 obj\debug\src\main.o
 .data.PWM_List
                0x00000000       0x28 obj\debug\src\main.o
 .text          0x00000000        0x0 obj\debug\src\robot_tasks.o
 .data          0x00000000        0x0 obj\debug\src\robot_tasks.o
 .bss           0x00000000        0x0 obj\debug\src\robot_tasks.o
 .data.prescaler_table
                0x00000000       0x10 obj\debug\src\robot_tasks.o
 .data.DIR_List
                0x00000000       0x28 obj\debug\src\robot_tasks.o
 .data.PWM_List
                0x00000000       0x28 obj\debug\src\robot_tasks.o
 .text          0x00000000        0x0 obj\debug\fil lib\interrupts.o
 .data          0x00000000        0x0 obj\debug\fil lib\interrupts.o
 .bss           0x00000000        0x0 obj\debug\fil lib\interrupts.o
 .data.prescaler_table
                0x00000000       0x10 obj\debug\fil lib\interrupts.o
 .data.DIR_List
                0x00000000       0x28 obj\debug\fil lib\interrupts.o
 .data.PWM_List
                0x00000000       0x28 obj\debug\fil lib\interrupts.o
 .text.TIM1_IRQHandler
                0x00000000       0x20 obj\debug\fil lib\interrupts.o
 .text          0x00000000        0x0 obj\debug\src\system_stm32f4xx.o
 .data          0x00000000        0x0 obj\debug\src\system_stm32f4xx.o
 .bss           0x00000000        0x0 obj\debug\src\system_stm32f4xx.o
 .data.AHBPrescTable
                0x00000000       0x10 obj\debug\src\system_stm32f4xx.o
 .text.SystemCoreClockUpdate
                0x00000000      0x104 obj\debug\src\system_stm32f4xx.o
 .data          0x00000000        0x0 d:/2.30/share/armgcc/bin/../lib/gcc/arm-none-eabi/9.3.1/thumb/v7e-m+fp/hard\libgcc.a(_arm_addsubdf3.o)
 .bss           0x00000000        0x0 d:/2.30/share/armgcc/bin/../lib/gcc/arm-none-eabi/9.3.1/thumb/v7e-m+fp/hard\libgcc.a(_arm_addsubdf3.o)
 .data          0x00000000        0x0 d:/2.30/share/armgcc/bin/../lib/gcc/arm-none-eabi/9.3.1/thumb/v7e-m+fp/hard\libgcc.a(_arm_muldivdf3.o)
 .bss           0x00000000        0x0 d:/2.30/share/armgcc/bin/../lib/gcc/arm-none-eabi/9.3.1/thumb/v7e-m+fp/hard\libgcc.a(_arm_muldivdf3.o)
 .data          0x00000000        0x0 d:/2.30/share/armgcc/bin/../lib/gcc/arm-none-eabi/9.3.1/thumb/v7e-m+fp/hard\libgcc.a(_arm_fixunsdfsi.o)
 .bss           0x00000000        0x0 d:/2.30/share/armgcc/bin/../lib/gcc/arm-none-eabi/9.3.1/thumb/v7e-m+fp/hard\libgcc.a(_arm_fixunsdfsi.o)
 .text          0x00000000        0x0 d:/2.30/share/armgcc/bin/../lib/gcc/arm-none-eabi/9.3.1/../../../../arm-none-eabi/lib/thumb/v7e-m+fp/hard\libg_nano.a(lib_a-exit.o)
 .data          0x00000000        0x0 d:/2.30/share/armgcc/bin/../lib/gcc/arm-none-eabi/9.3.1/../../../../arm-none-eabi/lib/thumb/v7e-m+fp/hard\libg_nano.a(lib_a-exit.o)
 .bss           0x00000000        0x0 d:/2.30/share/armgcc/bin/../lib/gcc/arm-none-eabi/9.3.1/../../../../arm-none-eabi/lib/thumb/v7e-m+fp/hard\libg_nano.a(lib_a-exit.o)
 .text.exit     0x00000000       0x28 d:/2.30/share/armgcc/bin/../lib/gcc/arm-none-eabi/9.3.1/../../../../arm-none-eabi/lib/thumb/v7e-m+fp/hard\libg_nano.a(lib_a-exit.o)
 .debug_frame   0x00000000       0x28 d:/2.30/share/armgcc/bin/../lib/gcc/arm-none-eabi/9.3.1/../../../../arm-none-eabi/lib/thumb/v7e-m+fp/hard\libg_nano.a(lib_a-exit.o)
 .ARM.attributes
                0x00000000       0x34 d:/2.30/share/armgcc/bin/../lib/gcc/arm-none-eabi/9.3.1/../../../../arm-none-eabi/lib/thumb/v7e-m+fp/hard\libg_nano.a(lib_a-exit.o)
 .text          0x00000000        0x0 d:/2.30/share/armgcc/bin/../lib/gcc/arm-none-eabi/9.3.1/../../../../arm-none-eabi/lib/thumb/v7e-m+fp/hard\libg_nano.a(lib_a-impure.o)
 .data          0x00000000        0x0 d:/2.30/share/armgcc/bin/../lib/gcc/arm-none-eabi/9.3.1/../../../../arm-none-eabi/lib/thumb/v7e-m+fp/hard\libg_nano.a(lib_a-impure.o)
 .bss           0x00000000        0x0 d:/2.30/share/armgcc/bin/../lib/gcc/arm-none-eabi/9.3.1/../../../../arm-none-eabi/lib/thumb/v7e-m+fp/hard\libg_nano.a(lib_a-impure.o)
 .data._impure_ptr
                0x00000000        0x4 d:/2.30/share/armgcc/bin/../lib/gcc/arm-none-eabi/9.3.1/../../../../arm-none-eabi/lib/thumb/v7e-m+fp/hard\libg_nano.a(lib_a-impure.o)
 .data.impure_data
                0x00000000       0x60 d:/2.30/share/armgcc/bin/../lib/gcc/arm-none-eabi/9.3.1/../../../../arm-none-eabi/lib/thumb/v7e-m+fp/hard\libg_nano.a(lib_a-impure.o)
 .rodata._global_impure_ptr
                0x00000000        0x4 d:/2.30/share/armgcc/bin/../lib/gcc/arm-none-eabi/9.3.1/../../../../arm-none-eabi/lib/thumb/v7e-m+fp/hard\libg_nano.a(lib_a-impure.o)
 .ARM.attributes
                0x00000000       0x32 d:/2.30/share/armgcc/bin/../lib/gcc/arm-none-eabi/9.3.1/../../../../arm-none-eabi/lib/thumb/v7e-m+fp/hard\libg_nano.a(lib_a-impure.o)
 .text          0x00000000        0x0 d:/2.30/share/armgcc/bin/../lib/gcc/arm-none-eabi/9.3.1/../../../../arm-none-eabi/lib/thumb/v7e-m+fp/hard\libg_nano.a(lib_a-init.o)
 .data          0x00000000        0x0 d:/2.30/share/armgcc/bin/../lib/gcc/arm-none-eabi/9.3.1/../../../../arm-none-eabi/lib/thumb/v7e-m+fp/hard\libg_nano.a(lib_a-init.o)
 .bss           0x00000000        0x0 d:/2.30/share/armgcc/bin/../lib/gcc/arm-none-eabi/9.3.1/../../../../arm-none-eabi/lib/thumb/v7e-m+fp/hard\libg_nano.a(lib_a-init.o)
 .text.__libc_init_array
                0x00000000       0x48 d:/2.30/share/armgcc/bin/../lib/gcc/arm-none-eabi/9.3.1/../../../../arm-none-eabi/lib/thumb/v7e-m+fp/hard\libg_nano.a(lib_a-init.o)
 .debug_frame   0x00000000       0x2c d:/2.30/share/armgcc/bin/../lib/gcc/arm-none-eabi/9.3.1/../../../../arm-none-eabi/lib/thumb/v7e-m+fp/hard\libg_nano.a(lib_a-init.o)
 .ARM.attributes
                0x00000000       0x34 d:/2.30/share/armgcc/bin/../lib/gcc/arm-none-eabi/9.3.1/../../../../arm-none-eabi/lib/thumb/v7e-m+fp/hard\libg_nano.a(lib_a-init.o)
 .text          0x00000000        0x0 d:/2.30/share/armgcc/bin/../lib/gcc/arm-none-eabi/9.3.1/../../../../arm-none-eabi/lib/thumb/v7e-m+fp/hard\libg_nano.a(lib_a-memcpy-stub.o)
 .data          0x00000000        0x0 d:/2.30/share/armgcc/bin/../lib/gcc/arm-none-eabi/9.3.1/../../../../arm-none-eabi/lib/thumb/v7e-m+fp/hard\libg_nano.a(lib_a-memcpy-stub.o)
 .bss           0x00000000        0x0 d:/2.30/share/armgcc/bin/../lib/gcc/arm-none-eabi/9.3.1/../../../../arm-none-eabi/lib/thumb/v7e-m+fp/hard\libg_nano.a(lib_a-memcpy-stub.o)
 .text          0x00000000        0x0 d:/2.30/share/armgcc/bin/../lib/gcc/arm-none-eabi/9.3.1/../../../../arm-none-eabi/lib/thumb/v7e-m+fp/hard\libg_nano.a(lib_a-memset.o)
 .data          0x00000000        0x0 d:/2.30/share/armgcc/bin/../lib/gcc/arm-none-eabi/9.3.1/../../../../arm-none-eabi/lib/thumb/v7e-m+fp/hard\libg_nano.a(lib_a-memset.o)
 .bss           0x00000000        0x0 d:/2.30/share/armgcc/bin/../lib/gcc/arm-none-eabi/9.3.1/../../../../arm-none-eabi/lib/thumb/v7e-m+fp/hard\libg_nano.a(lib_a-memset.o)
 .text          0x00000000        0x0 d:/2.30/share/armgcc/bin/../lib/gcc/arm-none-eabi/9.3.1/../../../../arm-none-eabi/lib/thumb/v7e-m+fp/hard\libnosys.a(_exit.o)
 .data          0x00000000        0x0 d:/2.30/share/armgcc/bin/../lib/gcc/arm-none-eabi/9.3.1/../../../../arm-none-eabi/lib/thumb/v7e-m+fp/hard\libnosys.a(_exit.o)
 .bss           0x00000000        0x0 d:/2.30/share/armgcc/bin/../lib/gcc/arm-none-eabi/9.3.1/../../../../arm-none-eabi/lib/thumb/v7e-m+fp/hard\libnosys.a(_exit.o)
 .text._exit    0x00000000        0x4 d:/2.30/share/armgcc/bin/../lib/gcc/arm-none-eabi/9.3.1/../../../../arm-none-eabi/lib/thumb/v7e-m+fp/hard\libnosys.a(_exit.o)
 .debug_frame   0x00000000       0x20 d:/2.30/share/armgcc/bin/../lib/gcc/arm-none-eabi/9.3.1/../../../../arm-none-eabi/lib/thumb/v7e-m+fp/hard\libnosys.a(_exit.o)
 .ARM.attributes
                0x00000000       0x34 d:/2.30/share/armgcc/bin/../lib/gcc/arm-none-eabi/9.3.1/../../../../arm-none-eabi/lib/thumb/v7e-m+fp/hard\libnosys.a(_exit.o)
 .text          0x00000000        0x0 d:/2.30/share/armgcc/bin/../lib/gcc/arm-none-eabi/9.3.1/thumb/v7e-m+fp/hard/crtend.o
 .data          0x00000000        0x0 d:/2.30/share/armgcc/bin/../lib/gcc/arm-none-eabi/9.3.1/thumb/v7e-m+fp/hard/crtend.o
 .bss           0x00000000        0x0 d:/2.30/share/armgcc/bin/../lib/gcc/arm-none-eabi/9.3.1/thumb/v7e-m+fp/hard/crtend.o
 .eh_frame      0x00000000        0x4 d:/2.30/share/armgcc/bin/../lib/gcc/arm-none-eabi/9.3.1/thumb/v7e-m+fp/hard/crtend.o
 .ARM.attributes
                0x00000000       0x32 d:/2.30/share/armgcc/bin/../lib/gcc/arm-none-eabi/9.3.1/thumb/v7e-m+fp/hard/crtend.o
 .text          0x00000000        0x0 d:/2.30/share/armgcc/bin/../lib/gcc/arm-none-eabi/9.3.1/thumb/v7e-m+fp/hard/crtn.o
 .data          0x00000000        0x0 d:/2.30/share/armgcc/bin/../lib/gcc/arm-none-eabi/9.3.1/thumb/v7e-m+fp/hard/crtn.o
 .bss           0x00000000        0x0 d:/2.30/share/armgcc/bin/../lib/gcc/arm-none-eabi/9.3.1/thumb/v7e-m+fp/hard/crtn.o

Memory Configuration

Name             Origin             Length             Attributes
FLASH            0x08000000         0x00100000         xr
RAM              0x20000000         0x00020000         xrw
CCMRAM           0x10000000         0x00010000         xrw
*default*        0x00000000         0xffffffff

Linker script and memory map

LOAD d:/2.30/share/armgcc/bin/../lib/gcc/arm-none-eabi/9.3.1/thumb/v7e-m+fp/hard/crti.o
LOAD d:/2.30/share/armgcc/bin/../lib/gcc/arm-none-eabi/9.3.1/thumb/v7e-m+fp/hard/crtbegin.o
LOAD d:/2.30/share/armgcc/bin/../lib/gcc/arm-none-eabi/9.3.1/../../../../arm-none-eabi/lib/thumb/v7e-m+fp/hard/crt0.o
                0x00000000                __HEAP_SIZE = 0x0
                0x00000100                __STACK_SIZE = 0x100
                0x00000000                _Min_Heap_Size = __HEAP_SIZE
                0x00000100                _Min_Stack_Size = __STACK_SIZE
                0x20020000                _estack = (ORIGIN (RAM) + LENGTH (RAM))

.isr_vector     0x08000000      0x188
                0x08000000                . = ALIGN (0x4)
 *(.isr_vector)
 .isr_vector    0x08000000      0x188 obj\debug\src\startup_stm32f407xx.o
                0x08000000                g_pfnVectors
                0x08000188                . = ALIGN (0x4)

.text           0x08000190     0x5488
                0x08000190                . = ALIGN (0x4)
 *(.text)
 .text          0x08000190       0x40 d:/2.30/share/armgcc/bin/../lib/gcc/arm-none-eabi/9.3.1/thumb/v7e-m+fp/hard/crtbegin.o
 .text          0x080001d0      0x378 d:/2.30/share/armgcc/bin/../lib/gcc/arm-none-eabi/9.3.1/thumb/v7e-m+fp/hard\libgcc.a(_arm_addsubdf3.o)
                0x080001d0                __aeabi_drsub
                0x080001d8                __aeabi_dsub
                0x080001d8                __subdf3
                0x080001dc                __aeabi_dadd
                0x080001dc                __adddf3
                0x08000454                __floatunsidf
                0x08000454                __aeabi_ui2d
                0x08000474                __floatsidf
                0x08000474                __aeabi_i2d
                0x08000498                __aeabi_f2d
                0x08000498                __extendsfdf2
                0x080004dc                __floatundidf
                0x080004dc                __aeabi_ul2d
                0x080004ec                __floatdidf
                0x080004ec                __aeabi_l2d
 .text          0x08000548      0x424 d:/2.30/share/armgcc/bin/../lib/gcc/arm-none-eabi/9.3.1/thumb/v7e-m+fp/hard\libgcc.a(_arm_muldivdf3.o)
                0x08000548                __aeabi_dmul
                0x08000548                __muldf3
                0x0800079c                __divdf3
                0x0800079c                __aeabi_ddiv
 .text          0x0800096c       0x40 d:/2.30/share/armgcc/bin/../lib/gcc/arm-none-eabi/9.3.1/thumb/v7e-m+fp/hard\libgcc.a(_arm_fixunsdfsi.o)
                0x0800096c                __aeabi_d2uiz
                0x0800096c                __fixunsdfsi
 *(.text*)
 .text.Reset_Handler
                0x080009ac       0x4c obj\debug\src\startup_stm32f407xx.o
                0x080009ac                Reset_Handler
 .text.Default_Handler
                0x080009f8        0x2 obj\debug\src\startup_stm32f407xx.o
                0x080009f8                RTC_Alarm_IRQHandler
                0x080009f8                HASH_RNG_IRQHandler
                0x080009f8                TIM8_CC_IRQHandler
                0x080009f8                DebugMon_Handler
                0x080009f8                TIM1_CC_IRQHandler
                0x080009f8                DMA2_Stream5_IRQHandler
                0x080009f8                HardFault_Handler
                0x080009f8                DMA1_Stream5_IRQHandler
                0x080009f8                PVD_IRQHandler
                0x080009f8                SDIO_IRQHandler
                0x080009f8                TAMP_STAMP_IRQHandler
                0x080009f8                NMI_Handler
                0x080009f8                CAN2_RX1_IRQHandler
                0x080009f8                TIM8_TRG_COM_TIM14_IRQHandler
                0x080009f8                TIM1_UP_TIM10_IRQHandler
                0x080009f8                I2C3_ER_IRQHandler
                0x080009f8                I2C2_EV_IRQHandler
                0x080009f8                DMA1_Stream2_IRQHandler
                0x080009f8                CAN1_RX0_IRQHandler
                0x080009f8                FPU_IRQHandler
                0x080009f8                OTG_HS_WKUP_IRQHandler
                0x080009f8                UsageFault_Handler
                0x080009f8                CAN2_SCE_IRQHandler
                0x080009f8                DMA2_Stream2_IRQHandler
                0x080009f8                SPI1_IRQHandler
                0x080009f8                TIM1_BRK_TIM9_IRQHandler
                0x080009f8                DCMI_IRQHandler
                0x080009f8                CAN2_RX0_IRQHandler
                0x080009f8                DMA2_Stream3_IRQHandler
                0x080009f8                USART6_IRQHandler
                0x080009f8                CAN1_RX1_IRQHandler
                0x080009f8                UART5_IRQHandler
                0x080009f8                DMA2_Stream0_IRQHandler
                0x080009f8                I2C1_EV_IRQHandler
                0x080009f8                DMA1_Stream6_IRQHandler
                0x080009f8                DMA1_Stream1_IRQHandler
                0x080009f8                UART4_IRQHandler
                0x080009f8                RCC_IRQHandler
                0x080009f8                TIM8_BRK_TIM12_IRQHandler
                0x080009f8                Default_Handler
                0x080009f8                ADC_IRQHandler
                0x080009f8                DMA1_Stream7_IRQHandler
                0x080009f8                CAN2_TX_IRQHandler
                0x080009f8                DMA2_Stream7_IRQHandler
                0x080009f8                I2C3_EV_IRQHandler
                0x080009f8                RTC_WKUP_IRQHandler
                0x080009f8                ETH_WKUP_IRQHandler
                0x080009f8                SPI2_IRQHandler
                0x080009f8                OTG_HS_EP1_IN_IRQHandler
                0x080009f8                MemManage_Handler
                0x080009f8                DMA1_Stream0_IRQHandler
                0x080009f8                CAN1_TX_IRQHandler
                0x080009f8                FSMC_IRQHandler
                0x080009f8                ETH_IRQHandler
                0x080009f8                OTG_HS_EP1_OUT_IRQHandler
                0x080009f8                WWDG_IRQHandler
                0x080009f8                OTG_FS_WKUP_IRQHandler
                0x080009f8                TIM1_TRG_COM_TIM11_IRQHandler
                0x080009f8                OTG_HS_IRQHandler
                0x080009f8                USART2_IRQHandler
                0x080009f8                I2C2_ER_IRQHandler
                0x080009f8                DMA2_Stream1_IRQHandler
                0x080009f8                CAN1_SCE_IRQHandler
                0x080009f8                FLASH_IRQHandler
                0x080009f8                DMA2_Stream4_IRQHandler
                0x080009f8                BusFault_Handler
                0x080009f8                USART1_IRQHandler
                0x080009f8                OTG_FS_IRQHandler
                0x080009f8                SPI3_IRQHandler
                0x080009f8                DMA1_Stream4_IRQHandler
                0x080009f8                I2C1_ER_IRQHandler
                0x080009f8                DMA2_Stream6_IRQHandler
                0x080009f8                DMA1_Stream3_IRQHandler
 *fill*         0x080009fa        0x2 
 .text.pvPortMalloc
                0x080009fc      0x164 obj\debug\freertos_lib\heap_2.o
                0x080009fc                pvPortMalloc
 .text.vPortFree
                0x08000b60       0x74 obj\debug\freertos_lib\heap_2.o
                0x08000b60                vPortFree
 .text.prvHeapInit
                0x08000bd4       0x54 obj\debug\freertos_lib\heap_2.o
 .text.vListInitialise
                0x08000c28       0x40 obj\debug\freertos_lib\list.o
                0x08000c28                vListInitialise
 .text.vListInitialiseItem
                0x08000c68       0x1a obj\debug\freertos_lib\list.o
                0x08000c68                vListInitialiseItem
 .text.vListInsertEnd
                0x08000c82       0x48 obj\debug\freertos_lib\list.o
                0x08000c82                vListInsertEnd
 .text.vListInsert
                0x08000cca       0x72 obj\debug\freertos_lib\list.o
                0x08000cca                vListInsert
 .text.uxListRemove
                0x08000d3c       0x54 obj\debug\freertos_lib\list.o
                0x08000d3c                uxListRemove
 .text.pxPortInitialiseStack
                0x08000d90       0x68 obj\debug\freertos_lib\port.o
                0x08000d90                pxPortInitialiseStack
 .text.prvTaskExitError
                0x08000df8       0x58 obj\debug\freertos_lib\port.o
 .text.SVC_Handler
                0x08000e50       0x28 obj\debug\freertos_lib\port.o
                0x08000e50                SVC_Handler
 .text.prvPortStartFirstTask
                0x08000e78       0x2c obj\debug\freertos_lib\port.o
 .text.xPortStartScheduler
                0x08000ea4      0x164 obj\debug\freertos_lib\port.o
                0x08000ea4                xPortStartScheduler
 .text.vPortEnterCritical
                0x08001008       0x60 obj\debug\freertos_lib\port.o
                0x08001008                vPortEnterCritical
 .text.vPortExitCritical
                0x08001068       0x54 obj\debug\freertos_lib\port.o
                0x08001068                vPortExitCritical
 *fill*         0x080010bc        0x4 
 .text.PendSV_Handler
                0x080010c0       0x68 obj\debug\freertos_lib\port.o
                0x080010c0                PendSV_Handler
 .text.SysTick_Handler
                0x08001128       0x44 obj\debug\freertos_lib\port.o
                0x08001128                SysTick_Handler
 .text.vPortSetupTimerInterrupt
                0x0800116c       0x48 obj\debug\freertos_lib\port.o
                0x0800116c                vPortSetupTimerInterrupt
 .text.vPortEnableVFP
                0x080011b4       0x18 obj\debug\freertos_lib\port.o
 .text.vPortValidateInterruptPriority
                0x080011cc       0x80 obj\debug\freertos_lib\port.o
                0x080011cc                vPortValidateInterruptPriority
 .text.xQueueGenericReset
                0x0800124c       0xd0 obj\debug\freertos_lib\queue.o
                0x0800124c                xQueueGenericReset
 .text.xQueueGenericCreate
                0x0800131c       0xbe obj\debug\freertos_lib\queue.o
                0x0800131c                xQueueGenericCreate
 .text.prvInitialiseNewQueue
                0x080013da       0x46 obj\debug\freertos_lib\queue.o
 .text.xQueueGenericSend
                0x08001420      0x1fc obj\debug\freertos_lib\queue.o
                0x08001420                xQueueGenericSend
 .text.xQueueGenericSendFromISR
                0x0800161c      0x154 obj\debug\freertos_lib\queue.o
                0x0800161c                xQueueGenericSendFromISR
 .text.xQueueReceive
                0x08001770      0x1c0 obj\debug\freertos_lib\queue.o
                0x08001770                xQueueReceive
 .text.prvCopyDataToQueue
                0x08001930       0xd4 obj\debug\freertos_lib\queue.o
 .text.prvCopyDataFromQueue
                0x08001a04       0x4c obj\debug\freertos_lib\queue.o
 .text.prvUnlockQueue
                0x08001a50       0xa4 obj\debug\freertos_lib\queue.o
 .text.prvIsQueueEmpty
                0x08001af4       0x2c obj\debug\freertos_lib\queue.o
 .text.prvIsQueueFull
                0x08001b20       0x30 obj\debug\freertos_lib\queue.o
 .text.vQueueAddToRegistry
                0x08001b50       0x54 obj\debug\freertos_lib\queue.o
                0x08001b50                vQueueAddToRegistry
 .text.vQueueWaitForMessageRestricted
                0x08001ba4       0x68 obj\debug\freertos_lib\queue.o
                0x08001ba4                vQueueWaitForMessageRestricted
 .text.xTaskCreate
                0x08001c0c       0x82 obj\debug\freertos_lib\tasks.o
                0x08001c0c                xTaskCreate
 .text.prvInitialiseNewTask
                0x08001c8e      0x12c obj\debug\freertos_lib\tasks.o
 *fill*         0x08001dba        0x2 
 .text.prvAddNewTaskToReadyList
                0x08001dbc       0xdc obj\debug\freertos_lib\tasks.o
 .text.vTaskDelete
                0x08001e98      0x120 obj\debug\freertos_lib\tasks.o
                0x08001e98                vTaskDelete
 .text.vTaskPrioritySet
                0x08001fb8      0x154 obj\debug\freertos_lib\tasks.o
                0x08001fb8                vTaskPrioritySet
 .text.vTaskStartScheduler
                0x0800210c       0xa4 obj\debug\freertos_lib\tasks.o
                0x0800210c                vTaskStartScheduler
 .text.vTaskSuspendAll
                0x080021b0       0x1c obj\debug\freertos_lib\tasks.o
                0x080021b0                vTaskSuspendAll
 .text.xTaskResumeAll
                0x080021cc      0x138 obj\debug\freertos_lib\tasks.o
                0x080021cc                xTaskResumeAll
 .text.xTaskGetTickCount
                0x08002304       0x20 obj\debug\freertos_lib\tasks.o
                0x08002304                xTaskGetTickCount
 .text.xTaskIncrementTick
                0x08002324      0x180 obj\debug\freertos_lib\tasks.o
                0x08002324                xTaskIncrementTick
 .text.vTaskSwitchContext
                0x080024a4      0x100 obj\debug\freertos_lib\tasks.o
                0x080024a4                vTaskSwitchContext
 .text.vTaskPlaceOnEventList
                0x080025a4       0x48 obj\debug\freertos_lib\tasks.o
                0x080025a4                vTaskPlaceOnEventList
 .text.vTaskPlaceOnEventListRestricted
                0x080025ec       0x58 obj\debug\freertos_lib\tasks.o
                0x080025ec                vTaskPlaceOnEventListRestricted
 .text.xTaskRemoveFromEventList
                0x08002644       0xc4 obj\debug\freertos_lib\tasks.o
                0x08002644                xTaskRemoveFromEventList
 .text.vTaskInternalSetTimeOutState
                0x08002708       0x2c obj\debug\freertos_lib\tasks.o
                0x08002708                vTaskInternalSetTimeOutState
 .text.xTaskCheckForTimeOut
                0x08002734       0xcc obj\debug\freertos_lib\tasks.o
                0x08002734                xTaskCheckForTimeOut
 .text.vTaskMissedYield
                0x08002800       0x18 obj\debug\freertos_lib\tasks.o
                0x08002800                vTaskMissedYield
 .text.prvIdleTask
                0x08002818       0x34 obj\debug\freertos_lib\tasks.o
 .text.prvInitialiseTaskLists
                0x0800284c       0x80 obj\debug\freertos_lib\tasks.o
 .text.prvCheckTasksWaitingTermination
                0x080028cc       0x5c obj\debug\freertos_lib\tasks.o
 .text.prvDeleteTCB
                0x08002928       0x20 obj\debug\freertos_lib\tasks.o
 .text.prvResetNextTaskUnblockTime
                0x08002948       0x38 obj\debug\freertos_lib\tasks.o
 .text.xTaskGetSchedulerState
                0x08002980       0x3c obj\debug\freertos_lib\tasks.o
                0x08002980                xTaskGetSchedulerState
 .text.xTaskPriorityDisinherit
                0x080029bc       0xf4 obj\debug\freertos_lib\tasks.o
                0x080029bc                xTaskPriorityDisinherit
 .text.prvAddCurrentTaskToDelayedList
                0x08002ab0       0xcc obj\debug\freertos_lib\tasks.o
 .text.xTimerCreateTimerTask
                0x08002b7c       0x64 obj\debug\freertos_lib\timers.o
                0x08002b7c                xTimerCreateTimerTask
 .text.xTimerGenericCommand
                0x08002be0       0x9c obj\debug\freertos_lib\timers.o
                0x08002be0                xTimerGenericCommand
 .text.prvProcessExpiredTimer
                0x08002c7c       0x98 obj\debug\freertos_lib\timers.o
 .text.prvTimerTask
                0x08002d14       0x24 obj\debug\freertos_lib\timers.o
 .text.prvProcessTimerOrBlockTask
                0x08002d38       0x9c obj\debug\freertos_lib\timers.o
 .text.prvGetNextExpireTime
                0x08002dd4       0x48 obj\debug\freertos_lib\timers.o
 .text.prvSampleTimeNow
                0x08002e1c       0x40 obj\debug\freertos_lib\timers.o
 .text.prvInsertTimerInActiveList
                0x08002e5c       0x84 obj\debug\freertos_lib\timers.o
 .text.prvProcessReceivedCommands
                0x08002ee0      0x18c obj\debug\freertos_lib\timers.o
 .text.prvSwitchTimerLists
                0x0800306c       0xc8 obj\debug\freertos_lib\timers.o
 .text.prvCheckForValidListAndQueue
                0x08003134       0x6c obj\debug\freertos_lib\timers.o
 .text.ModBus_Init
                0x080031a0       0xe8 obj\debug\modbus\modbus.o
                0x080031a0                ModBus_Init
 .text.ModBus_QueueClear
                0x08003288       0x58 obj\debug\modbus\modbus.o
                0x08003288                ModBus_QueueClear
 .text.LRC_Counting
                0x080032e0       0x40 obj\debug\modbus\modbus.o
                0x080032e0                LRC_Counting
 .text.ModBus_ASCII_TO_HEX_Converter
                0x08003320       0x72 obj\debug\modbus\modbus.o
                0x08003320                ModBus_ASCII_TO_HEX_Converter
 *fill*         0x08003392        0x2 
 .text.ModBus_ClearMsgs
                0x08003394       0x3c obj\debug\modbus\modbus.o
                0x08003394                ModBus_ClearMsgs
 .text.ModBus_CheckFrame
                0x080033d0       0x88 obj\debug\modbus\modbus.o
                0x080033d0                ModBus_CheckFrame
 .text.ModBus_ParsePacket
                0x08003458      0x160 obj\debug\modbus\modbus.o
                0x08003458                ModBus_ParsePacket
 .text.ModBus_IsFull_Queue
                0x080035b8       0x74 obj\debug\modbus\modbus.o
                0x080035b8                ModBus_IsFull_Queue
 .text.ModBus_SendResponse
                0x0800362c       0x2c obj\debug\modbus\modbus.o
                0x0800362c                ModBus_SendResponse
 .text.ModBus_PutQueue
                0x08003658       0x5c obj\debug\modbus\modbus.o
                0x08003658                ModBus_PutQueue
 .text.Get_Queue
                0x080036b4       0x20 obj\debug\modbus\modbus.o
                0x080036b4                Get_Queue
 .text.ModBus_SendByte
                0x080036d4       0x80 obj\debug\modbus\modbus.o
                0x080036d4                ModBus_SendByte
 .text.__NVIC_EnableIRQ
                0x08003754       0x3c obj\debug\src\main.o
 .text.main     0x08003790     0x1960 obj\debug\src\main.o
                0x08003790                main
 .text.vApplicationTickHook
                0x080050f0        0xe obj\debug\src\robot_tasks.o
                0x080050f0                vApplicationTickHook
 .text.vApplicationIdleHook
                0x080050fe        0xe obj\debug\src\robot_tasks.o
                0x080050fe                vApplicationIdleHook
 .text.vApplicationStackOverflowHook
                0x0800510c       0x16 obj\debug\src\robot_tasks.o
                0x0800510c                vApplicationStackOverflowHook
 .text.vApplicationMallocFailedHook
                0x08005122        0xe obj\debug\src\robot_tasks.o
                0x08005122                vApplicationMallocFailedHook
 .text.vInitMainSectors
                0x08005130       0x24 obj\debug\src\robot_tasks.o
                0x08005130                vInitMainSectors
 .text.vManagementGearsBox
                0x08005154       0x2c obj\debug\src\robot_tasks.o
                0x08005154                vManagementGearsBox
 .text.vModBusManagement
                0x08005180       0x64 obj\debug\src\robot_tasks.o
                0x08005180                vModBusManagement
 .text.vSecurityMemoryManagement
                0x080051e4        0xa obj\debug\src\robot_tasks.o
                0x080051e4                vSecurityMemoryManagement
 *fill*         0x080051ee        0x2 
 .text.USART3_IRQHandler
                0x080051f0       0x70 obj\debug\fil lib\interrupts.o
                0x080051f0                USART3_IRQHandler
 .text.TIM2_IRQHandler
                0x08005260       0x20 obj\debug\fil lib\interrupts.o
                0x08005260                TIM2_IRQHandler
 .text.TIM3_IRQHandler
                0x08005280       0x20 obj\debug\fil lib\interrupts.o
                0x08005280                TIM3_IRQHandler
 .text.TIM4_IRQHandler
                0x080052a0       0x50 obj\debug\fil lib\interrupts.o
                0x080052a0                TIM4_IRQHandler
 .text.TIM5_IRQHandler
                0x080052f0       0x20 obj\debug\fil lib\interrupts.o
                0x080052f0                TIM5_IRQHandler
 .text.TIM6_DAC_IRQHandler
                0x08005310       0x20 obj\debug\fil lib\interrupts.o
                0x08005310                TIM6_DAC_IRQHandler
 .text.TIM7_IRQHandler
                0x08005330       0x20 obj\debug\fil lib\interrupts.o
                0x08005330                TIM7_IRQHandler
 .text.TIM8_UP_TIM13_IRQHandler
                0x08005350       0x20 obj\debug\fil lib\interrupts.o
                0x08005350                TIM8_UP_TIM13_IRQHandler
 .text.EXTI0_IRQHandler
                0x08005370       0x18 obj\debug\fil lib\interrupts.o
                0x08005370                EXTI0_IRQHandler
 .text.EXTI1_IRQHandler
                0x08005388       0x18 obj\debug\fil lib\interrupts.o
                0x08005388                EXTI1_IRQHandler
 .text.EXTI2_IRQHandler
                0x080053a0       0x18 obj\debug\fil lib\interrupts.o
                0x080053a0                EXTI2_IRQHandler
 .text.EXTI3_IRQHandler
                0x080053b8       0x18 obj\debug\fil lib\interrupts.o
                0x080053b8                EXTI3_IRQHandler
 .text.EXTI4_IRQHandler
                0x080053d0       0x18 obj\debug\fil lib\interrupts.o
                0x080053d0                EXTI4_IRQHandler
 .text.EXTI9_5_IRQHandler
                0x080053e8       0x60 obj\debug\fil lib\interrupts.o
                0x080053e8                EXTI9_5_IRQHandler
 .text.EXTI15_10_IRQHandler
                0x08005448       0x28 obj\debug\fil lib\interrupts.o
                0x08005448                EXTI15_10_IRQHandler
 .text.SystemInit
                0x08005470       0x6c obj\debug\src\system_stm32f4xx.o
                0x08005470                SystemInit
 .text.SetSysClock
                0x080054dc       0xf8 obj\debug\src\system_stm32f4xx.o
 .text.memcpy   0x080055d4       0x1c d:/2.30/share/armgcc/bin/../lib/gcc/arm-none-eabi/9.3.1/../../../../arm-none-eabi/lib/thumb/v7e-m+fp/hard\libg_nano.a(lib_a-memcpy-stub.o)
                0x080055d4                memcpy
 .text.memset   0x080055f0       0x10 d:/2.30/share/armgcc/bin/../lib/gcc/arm-none-eabi/9.3.1/../../../../arm-none-eabi/lib/thumb/v7e-m+fp/hard\libg_nano.a(lib_a-memset.o)
                0x080055f0                memset
 *(.glue_7)
 .glue_7        0x08005600        0x0 linker stubs
 *(.glue_7t)
 .glue_7t       0x08005600        0x0 linker stubs
 *(.eh_frame)
 .eh_frame      0x08005600        0x0 d:/2.30/share/armgcc/bin/../lib/gcc/arm-none-eabi/9.3.1/thumb/v7e-m+fp/hard/crtbegin.o
 *(.init)
 .init          0x08005600        0x4 d:/2.30/share/armgcc/bin/../lib/gcc/arm-none-eabi/9.3.1/thumb/v7e-m+fp/hard/crti.o
                0x08005600                _init
 .init          0x08005604        0x8 d:/2.30/share/armgcc/bin/../lib/gcc/arm-none-eabi/9.3.1/thumb/v7e-m+fp/hard/crtn.o
 *(.fini)
 .fini          0x0800560c        0x4 d:/2.30/share/armgcc/bin/../lib/gcc/arm-none-eabi/9.3.1/thumb/v7e-m+fp/hard/crti.o
                0x0800560c                _fini
 .fini          0x08005610        0x8 d:/2.30/share/armgcc/bin/../lib/gcc/arm-none-eabi/9.3.1/thumb/v7e-m+fp/hard/crtn.o
                0x08005618                . = ALIGN (0x4)
                0x08005618                _etext = .

.vfp11_veneer   0x08005618        0x0
 .vfp11_veneer  0x08005618        0x0 linker stubs

.v4_bx          0x08005618        0x0
 .v4_bx         0x08005618        0x0 linker stubs

.iplt           0x08005618        0x0
 .iplt          0x08005618        0x0 d:/2.30/share/armgcc/bin/../lib/gcc/arm-none-eabi/9.3.1/thumb/v7e-m+fp/hard/crtbegin.o

.rodata         0x08005618       0x4c
                0x08005618                . = ALIGN (0x4)
 *(.rodata)
 .rodata        0x08005618        0x5 obj\debug\freertos_lib\tasks.o
 *fill*         0x0800561d        0x3 
 .rodata        0x08005620        0xd obj\debug\freertos_lib\timers.o
 *fill*         0x0800562d        0x3 
 .rodata        0x08005630       0x15 obj\debug\modbus\modbus.o
 *fill*         0x08005645        0x3 
 .rodata        0x08005648       0x1a obj\debug\src\main.o
 *(.rodata*)
                0x08005664                . = ALIGN (0x4)
 *fill*         0x08005662        0x2 

.rel.dyn        0x08005664        0x0
 .rel.iplt      0x08005664        0x0 d:/2.30/share/armgcc/bin/../lib/gcc/arm-none-eabi/9.3.1/thumb/v7e-m+fp/hard/crtbegin.o

.ARM.extab
 *(.ARM.extab* .gnu.linkonce.armextab.*)

.ARM            0x08005664        0x0
                0x08005664                __exidx_start = .
 *(.ARM.exidx*)
                0x08005664                __exidx_end = .

.preinit_array  0x08005664        0x0
                0x08005664                PROVIDE (__preinit_array_start = .)
 *(.preinit_array*)
                0x08005664                PROVIDE (__preinit_array_end = .)

.init_array     0x08005664        0x4
                0x08005664                PROVIDE (__init_array_start = .)
 *(SORT_BY_NAME(.init_array.*))
 *(.init_array*)
 .init_array    0x08005664        0x4 d:/2.30/share/armgcc/bin/../lib/gcc/arm-none-eabi/9.3.1/thumb/v7e-m+fp/hard/crtbegin.o
                0x08005668                PROVIDE (__init_array_end = .)

.fini_array     0x08005668        0x4
                [!provide]                PROVIDE (__fini_array_start = .)
 *(SORT_BY_NAME(.fini_array.*))
 *(.fini_array*)
 .fini_array    0x08005668        0x4 d:/2.30/share/armgcc/bin/../lib/gcc/arm-none-eabi/9.3.1/thumb/v7e-m+fp/hard/crtbegin.o
                [!provide]                PROVIDE (__fini_array_end = .)
                0x0800566c                _sidata = LOADADDR (.data)

.data           0x20000000       0x24 load address 0x0800566c
                0x20000000                . = ALIGN (0x4)
                0x20000000                _sdata = .
 *(.data)
 *(.data*)
 .data.xFreeBytesRemaining
                0x20000000        0x4 obj\debug\freertos_lib\heap_2.o
 .data.uxCriticalNesting
                0x20000004        0x4 obj\debug\freertos_lib\port.o
 .data.uxTopUsedPriority
                0x20000008        0x4 obj\debug\freertos_lib\tasks.o
                0x20000008                uxTopUsedPriority
 .data.prescaler_table
                0x2000000c       0x10 obj\debug\src\main.o
 .data.dir      0x2000001c        0x4 obj\debug\fil lib\interrupts.o
                0x2000001c                dir
 .data.SystemCoreClock
                0x20000020        0x4 obj\debug\src\system_stm32f4xx.o
                0x20000020                SystemCoreClock
                0x20000024                . = ALIGN (0x4)
                0x20000024                _edata = .

.igot.plt       0x20000024        0x0 load address 0x08005690
 .igot.plt      0x20000024        0x0 d:/2.30/share/armgcc/bin/../lib/gcc/arm-none-eabi/9.3.1/thumb/v7e-m+fp/hard/crtbegin.o
                0x20000024                . = ALIGN (0x4)

.bss            0x20000024    0x12e40 load address 0x08005690
                0x20000024                _sbss = .
                0x20000024                __bss_start__ = _sbss
 *(.bss)
 .bss           0x20000024       0x1c d:/2.30/share/armgcc/bin/../lib/gcc/arm-none-eabi/9.3.1/thumb/v7e-m+fp/hard/crtbegin.o
 *(.bss*)
 .bss.ucHeap    0x20000040    0x12c00 obj\debug\freertos_lib\heap_2.o
 .bss.xStart    0x20012c40        0x8 obj\debug\freertos_lib\heap_2.o
 .bss.xEnd      0x20012c48        0x8 obj\debug\freertos_lib\heap_2.o
 .bss.xHeapHasBeenInitialised.8155
                0x20012c50        0x4 obj\debug\freertos_lib\heap_2.o
 .bss.ucMaxSysCallPriority
                0x20012c54        0x1 obj\debug\freertos_lib\port.o
 *fill*         0x20012c55        0x3 
 .bss.ulMaxPRIGROUPValue
                0x20012c58        0x4 obj\debug\freertos_lib\port.o
 .bss.pxCurrentTCB
                0x20012c5c        0x4 obj\debug\freertos_lib\tasks.o
                0x20012c5c                pxCurrentTCB
 .bss.pxReadyTasksLists
                0x20012c60       0x64 obj\debug\freertos_lib\tasks.o
 .bss.xDelayedTaskList1
                0x20012cc4       0x14 obj\debug\freertos_lib\tasks.o
 .bss.xDelayedTaskList2
                0x20012cd8       0x14 obj\debug\freertos_lib\tasks.o
 .bss.pxDelayedTaskList
                0x20012cec        0x4 obj\debug\freertos_lib\tasks.o
 .bss.pxOverflowDelayedTaskList
                0x20012cf0        0x4 obj\debug\freertos_lib\tasks.o
 .bss.xPendingReadyList
                0x20012cf4       0x14 obj\debug\freertos_lib\tasks.o
 .bss.xTasksWaitingTermination
                0x20012d08       0x14 obj\debug\freertos_lib\tasks.o
 .bss.uxDeletedTasksWaitingCleanUp
                0x20012d1c        0x4 obj\debug\freertos_lib\tasks.o
 .bss.xSuspendedTaskList
                0x20012d20       0x14 obj\debug\freertos_lib\tasks.o
 .bss.uxCurrentNumberOfTasks
                0x20012d34        0x4 obj\debug\freertos_lib\tasks.o
 .bss.xTickCount
                0x20012d38        0x4 obj\debug\freertos_lib\tasks.o
 .bss.uxTopReadyPriority
                0x20012d3c        0x4 obj\debug\freertos_lib\tasks.o
 .bss.xSchedulerRunning
                0x20012d40        0x4 obj\debug\freertos_lib\tasks.o
 .bss.xPendedTicks
                0x20012d44        0x4 obj\debug\freertos_lib\tasks.o
 .bss.xYieldPending
                0x20012d48        0x4 obj\debug\freertos_lib\tasks.o
 .bss.xNumOfOverflows
                0x20012d4c        0x4 obj\debug\freertos_lib\tasks.o
 .bss.uxTaskNumber
                0x20012d50        0x4 obj\debug\freertos_lib\tasks.o
 .bss.xNextTaskUnblockTime
                0x20012d54        0x4 obj\debug\freertos_lib\tasks.o
 .bss.xIdleTaskHandle
                0x20012d58        0x4 obj\debug\freertos_lib\tasks.o
 .bss.uxSchedulerSuspended
                0x20012d5c        0x4 obj\debug\freertos_lib\tasks.o
 .bss.xActiveTimerList1
                0x20012d60       0x14 obj\debug\freertos_lib\timers.o
 .bss.xActiveTimerList2
                0x20012d74       0x14 obj\debug\freertos_lib\timers.o
 .bss.pxCurrentTimerList
                0x20012d88        0x4 obj\debug\freertos_lib\timers.o
 .bss.pxOverflowTimerList
                0x20012d8c        0x4 obj\debug\freertos_lib\timers.o
 .bss.xTimerQueue
                0x20012d90        0x4 obj\debug\freertos_lib\timers.o
 .bss.xTimerTaskHandle
                0x20012d94        0x4 obj\debug\freertos_lib\timers.o
 .bss.xLastTime.8467
                0x20012d98        0x4 obj\debug\freertos_lib\timers.o
 .bss.Error     0x20012d9c        0x4 obj\debug\modbus\modbus.o
 .bss.UARTBufferSlaveAddrIndex.8842
                0x20012da0        0x4 obj\debug\modbus\modbus.o
 *(COMMON)
 COMMON         0x20012da4       0x40 obj\debug\freertos_lib\queue.o
                0x20012da4                xQueueRegistry
 COMMON         0x20012de4       0x60 obj\debug\modbus\modbus.o
                0x20012de4                xQueue21Handle
                0x20012de8                UARTBufferEndMsgPointer
                0x20012dec                UARTReceiver_Flag
                0x20012df0                out
                0x20012df4                Queue_StartIndex
                0x20012df8                UART_Buffer
                0x20012e0c                UARTBufferIndex
                0x20012e10                UARTTransmit_Flag
                0x20012e14                xGearsHandle
                0x20012e18                Queue_EndIndex
                0x20012e1c                QueueBuffer_To_UART
                0x20012e24                QueueIndexTx
                0x20012e28                xQueue22Handle
                0x20012e2c                UARTBufferLRCIndex
                0x20012e30                xQueue20Handle
                0x20012e34                xTaskQueueManagHandle
                0x20012e38                xModBusHandle
                0x20012e3c                Queue_Index
                0x20012e40                UARTBufferStartMsgPointer
 COMMON         0x20012e44       0x14 obj\debug\src\main.o
                0x20012e44                Clocks
 COMMON         0x20012e58        0x4 obj\debug\src\robot_tasks.o
                0x20012e58                ErrorTask
 COMMON         0x20012e5c        0x8 obj\debug\fil lib\interrupts.o
                0x20012e5c                globalTime
                0x20012e60                status
                0x20012e64                . = ALIGN (0x4)
                0x20012e64                _ebss = .
                0x20012e64                __bss_end__ = _ebss

.heap           0x20012e64        0x0 load address 0x08005690
                0x20012e64                . = ALIGN (0x4)
                [!provide]                PROVIDE (end = .)
                [!provide]                PROVIDE (_end = .)
 *(.heap*)
                0x20012e64                . = (. + _Min_Heap_Size)
                0x20012e64                __HeapLimit = .
                0x20012e64                . = ALIGN (0x4)

.ARM.attributes
                0x00000000       0x30
 *(.ARM.attributes)
 .ARM.attributes
                0x00000000       0x1e d:/2.30/share/armgcc/bin/../lib/gcc/arm-none-eabi/9.3.1/thumb/v7e-m+fp/hard/crti.o
 .ARM.attributes
                0x0000001e       0x34 d:/2.30/share/armgcc/bin/../lib/gcc/arm-none-eabi/9.3.1/thumb/v7e-m+fp/hard/crtbegin.o
 .ARM.attributes
                0x00000052       0x21 obj\debug\src\startup_stm32f407xx.o
 .ARM.attributes
                0x00000073       0x34 obj\debug\freertos_lib\heap_2.o
 .ARM.attributes
                0x000000a7       0x34 obj\debug\freertos_lib\list.o
 .ARM.attributes
                0x000000db       0x34 obj\debug\freertos_lib\port.o
 .ARM.attributes
                0x0000010f       0x34 obj\debug\freertos_lib\queue.o
 .ARM.attributes
                0x00000143       0x34 obj\debug\freertos_lib\tasks.o
 .ARM.attributes
                0x00000177       0x34 obj\debug\freertos_lib\timers.o
 .ARM.attributes
                0x000001ab       0x34 obj\debug\modbus\modbus.o
 .ARM.attributes
                0x000001df       0x34 obj\debug\src\main.o
 .ARM.attributes
                0x00000213       0x34 obj\debug\src\robot_tasks.o
 .ARM.attributes
                0x00000247       0x34 obj\debug\fil lib\interrupts.o
 .ARM.attributes
                0x0000027b       0x34 obj\debug\src\system_stm32f4xx.o
 .ARM.attributes
                0x000002af       0x1e d:/2.30/share/armgcc/bin/../lib/gcc/arm-none-eabi/9.3.1/thumb/v7e-m+fp/hard\libgcc.a(_arm_addsubdf3.o)
 .ARM.attributes
                0x000002cd       0x1e d:/2.30/share/armgcc/bin/../lib/gcc/arm-none-eabi/9.3.1/thumb/v7e-m+fp/hard\libgcc.a(_arm_muldivdf3.o)
 .ARM.attributes
                0x000002eb       0x1e d:/2.30/share/armgcc/bin/../lib/gcc/arm-none-eabi/9.3.1/thumb/v7e-m+fp/hard\libgcc.a(_arm_fixunsdfsi.o)
 .ARM.attributes
                0x00000309       0x34 d:/2.30/share/armgcc/bin/../lib/gcc/arm-none-eabi/9.3.1/../../../../arm-none-eabi/lib/thumb/v7e-m+fp/hard\libg_nano.a(lib_a-memcpy-stub.o)
 .ARM.attributes
                0x0000033d       0x34 d:/2.30/share/armgcc/bin/../lib/gcc/arm-none-eabi/9.3.1/../../../../arm-none-eabi/lib/thumb/v7e-m+fp/hard\libg_nano.a(lib_a-memset.o)
 .ARM.attributes
                0x00000371       0x1e d:/2.30/share/armgcc/bin/../lib/gcc/arm-none-eabi/9.3.1/thumb/v7e-m+fp/hard/crtn.o
                0x2001ff00                __StackLimit = (_estack - _Min_Stack_Size)
                0x00000001                ASSERT ((__StackLimit >= __HeapLimit), Region RAM overflowed with stack)
LOAD obj\debug\src\startup_stm32f407xx.o
LOAD obj\debug\freertos_lib\croutine.o
LOAD obj\debug\freertos_lib\event_groups.o
LOAD obj\debug\freertos_lib\heap_2.o
LOAD obj\debug\freertos_lib\list.o
LOAD obj\debug\freertos_lib\port.o
LOAD obj\debug\freertos_lib\queue.o
LOAD obj\debug\freertos_lib\stream_buffer.o
LOAD obj\debug\freertos_lib\tasks.o
LOAD obj\debug\freertos_lib\timers.o
LOAD obj\debug\modbus\modbus.o
LOAD obj\debug\src\main.o
LOAD obj\debug\src\robot_tasks.o
LOAD obj\debug\fil lib\interrupts.o
LOAD obj\debug\src\system_stm32f4xx.o
START GROUP
LOAD d:/2.30/share/armgcc/bin/../lib/gcc/arm-none-eabi/9.3.1/thumb/v7e-m+fp/hard\libgcc.a
LOAD d:/2.30/share/armgcc/bin/../lib/gcc/arm-none-eabi/9.3.1/../../../../arm-none-eabi/lib/thumb/v7e-m+fp/hard\libg_nano.a
LOAD d:/2.30/share/armgcc/bin/../lib/gcc/arm-none-eabi/9.3.1/../../../../arm-none-eabi/lib/thumb/v7e-m+fp/hard\libc_nano.a
END GROUP
START GROUP
LOAD d:/2.30/share/armgcc/bin/../lib/gcc/arm-none-eabi/9.3.1/thumb/v7e-m+fp/hard\libgcc.a
LOAD d:/2.30/share/armgcc/bin/../lib/gcc/arm-none-eabi/9.3.1/../../../../arm-none-eabi/lib/thumb/v7e-m+fp/hard\libc_nano.a
LOAD d:/2.30/share/armgcc/bin/../lib/gcc/arm-none-eabi/9.3.1/../../../../arm-none-eabi/lib/thumb/v7e-m+fp/hard\libnosys.a
END GROUP
START GROUP
LOAD d:/2.30/share/armgcc/bin/../lib/gcc/arm-none-eabi/9.3.1/thumb/v7e-m+fp/hard\libgcc.a
LOAD d:/2.30/share/armgcc/bin/../lib/gcc/arm-none-eabi/9.3.1/../../../../arm-none-eabi/lib/thumb/v7e-m+fp/hard\libc_nano.a
LOAD d:/2.30/share/armgcc/bin/../lib/gcc/arm-none-eabi/9.3.1/../../../../arm-none-eabi/lib/thumb/v7e-m+fp/hard\libnosys.a
END GROUP
LOAD d:/2.30/share/armgcc/bin/../lib/gcc/arm-none-eabi/9.3.1/thumb/v7e-m+fp/hard/crtend.o
LOAD d:/2.30/share/armgcc/bin/../lib/gcc/arm-none-eabi/9.3.1/thumb/v7e-m+fp/hard/crtn.o
OUTPUT(bin\Debug\robocross.elf elf32-littlearm)
LOAD linker stubs

.debug_line     0x00000000     0x4ebc
 .debug_line    0x00000000       0x77 obj\debug\src\startup_stm32f407xx.o
 .debug_line    0x00000077      0x33c obj\debug\freertos_lib\heap_2.o
 .debug_line    0x000003b3      0x2ba obj\debug\freertos_lib\list.o
 .debug_line    0x0000066d      0x450 obj\debug\freertos_lib\port.o
 .debug_line    0x00000abd     0x1131 obj\debug\freertos_lib\queue.o
 .debug_line    0x00001bee     0x17f1 obj\debug\freertos_lib\tasks.o
 .debug_line    0x000033df      0x816 obj\debug\freertos_lib\timers.o
 .debug_line    0x00003bf5      0x5e5 obj\debug\modbus\modbus.o
 .debug_line    0x000041da      0x386 obj\debug\src\main.o
 .debug_line    0x00004560      0x2df obj\debug\src\robot_tasks.o
 .debug_line    0x0000483f      0x3f8 obj\debug\fil lib\interrupts.o
 .debug_line    0x00004c37      0x285 obj\debug\src\system_stm32f4xx.o

.debug_info     0x00000000     0xc6cd
 .debug_info    0x00000000       0x22 obj\debug\src\startup_stm32f407xx.o
 .debug_info    0x00000022      0xc23 obj\debug\freertos_lib\heap_2.o
 .debug_info    0x00000c45      0xba8 obj\debug\freertos_lib\list.o
 .debug_info    0x000017ed      0x530 obj\debug\freertos_lib\port.o
 .debug_info    0x00001d1d     0x2005 obj\debug\freertos_lib\queue.o
 .debug_info    0x00003d22     0x29f2 obj\debug\freertos_lib\tasks.o
 .debug_info    0x00006714     0x158d obj\debug\freertos_lib\timers.o
 .debug_info    0x00007ca1     0x12f9 obj\debug\modbus\modbus.o
 .debug_info    0x00008f9a     0x11c3 obj\debug\src\main.o
 .debug_info    0x0000a15d      0xed6 obj\debug\src\robot_tasks.o
 .debug_info    0x0000b033     0x1032 obj\debug\fil lib\interrupts.o
 .debug_info    0x0000c065      0x668 obj\debug\src\system_stm32f4xx.o

.debug_abbrev   0x00000000     0x1dd0
 .debug_abbrev  0x00000000       0x12 obj\debug\src\startup_stm32f407xx.o
 .debug_abbrev  0x00000012      0x305 obj\debug\freertos_lib\heap_2.o
 .debug_abbrev  0x00000317      0x232 obj\debug\freertos_lib\list.o
 .debug_abbrev  0x00000549      0x241 obj\debug\freertos_lib\port.o
 .debug_abbrev  0x0000078a      0x36e obj\debug\freertos_lib\queue.o
 .debug_abbrev  0x00000af8      0x3e8 obj\debug\freertos_lib\tasks.o
 .debug_abbrev  0x00000ee0      0x338 obj\debug\freertos_lib\timers.o
 .debug_abbrev  0x00001218      0x322 obj\debug\modbus\modbus.o
 .debug_abbrev  0x0000153a      0x2ac obj\debug\src\main.o
 .debug_abbrev  0x000017e6      0x254 obj\debug\src\robot_tasks.o
 .debug_abbrev  0x00001a3a      0x21e obj\debug\fil lib\interrupts.o
 .debug_abbrev  0x00001c58      0x178 obj\debug\src\system_stm32f4xx.o

.debug_aranges  0x00000000      0x6e8
 .debug_aranges
                0x00000000       0x28 obj\debug\src\startup_stm32f407xx.o
 .debug_aranges
                0x00000028       0x40 obj\debug\freertos_lib\heap_2.o
 .debug_aranges
                0x00000068       0x40 obj\debug\freertos_lib\list.o
 .debug_aranges
                0x000000a8       0x80 obj\debug\freertos_lib\port.o
 .debug_aranges
                0x00000128      0x130 obj\debug\freertos_lib\queue.o
 .debug_aranges
                0x00000258      0x1f8 obj\debug\freertos_lib\tasks.o
 .debug_aranges
                0x00000450       0xd8 obj\debug\freertos_lib\timers.o
 .debug_aranges
                0x00000528       0x78 obj\debug\modbus\modbus.o
 .debug_aranges
                0x000005a0       0x28 obj\debug\src\main.o
 .debug_aranges
                0x000005c8       0x58 obj\debug\src\robot_tasks.o
 .debug_aranges
                0x00000620       0x98 obj\debug\fil lib\interrupts.o
 .debug_aranges
                0x000006b8       0x30 obj\debug\src\system_stm32f4xx.o

.debug_str      0x00000000     0x2ff9
 .debug_str     0x00000000       0x56 obj\debug\src\startup_stm32f407xx.o
 .debug_str     0x00000056      0x6b2 obj\debug\freertos_lib\heap_2.o
                                0x765 (size before relaxing)
 .debug_str     0x00000708      0x13d obj\debug\freertos_lib\list.o
                                0x6ef (size before relaxing)
 .debug_str     0x00000845      0x230 obj\debug\freertos_lib\port.o
                                0x439 (size before relaxing)
 .debug_str     0x00000a75      0x6a5 obj\debug\freertos_lib\queue.o
                                0xda0 (size before relaxing)
 .debug_str     0x0000111a      0xd09 obj\debug\freertos_lib\tasks.o
                               0x151f (size before relaxing)
 .debug_str     0x00001e23      0x46c obj\debug\freertos_lib\timers.o
                                0xbb0 (size before relaxing)
 .debug_str     0x0000228f      0x409 obj\debug\modbus\modbus.o
                                0xa12 (size before relaxing)
 .debug_str     0x00002698      0x57e obj\debug\src\main.o
                                0xd9f (size before relaxing)
 .debug_str     0x00002c16       0xa5 obj\debug\src\robot_tasks.o
                                0x921 (size before relaxing)
 .debug_str     0x00002cbb      0x160 obj\debug\fil lib\interrupts.o
                                0x98f (size before relaxing)
 .debug_str     0x00002e1b      0x1de obj\debug\src\system_stm32f4xx.o
                                0x400 (size before relaxing)

.debug_ranges   0x00000000      0x630
 .debug_ranges  0x00000000       0x20 obj\debug\src\startup_stm32f407xx.o
 .debug_ranges  0x00000020       0x30 obj\debug\freertos_lib\heap_2.o
 .debug_ranges  0x00000050       0x30 obj\debug\freertos_lib\list.o
 .debug_ranges  0x00000080       0x70 obj\debug\freertos_lib\port.o
 .debug_ranges  0x000000f0      0x120 obj\debug\freertos_lib\queue.o
 .debug_ranges  0x00000210      0x1e8 obj\debug\freertos_lib\tasks.o
 .debug_ranges  0x000003f8       0xc8 obj\debug\freertos_lib\timers.o
 .debug_ranges  0x000004c0       0x68 obj\debug\modbus\modbus.o
 .debug_ranges  0x00000528       0x18 obj\debug\src\main.o
 .debug_ranges  0x00000540       0x48 obj\debug\src\robot_tasks.o
 .debug_ranges  0x00000588       0x88 obj\debug\fil lib\interrupts.o
 .debug_ranges  0x00000610       0x20 obj\debug\src\system_stm32f4xx.o

.comment        0x00000000       0x4c
 .comment       0x00000000       0x4c obj\debug\freertos_lib\heap_2.o
                                 0x4d (size before relaxing)
 .comment       0x0000004c       0x4d obj\debug\freertos_lib\list.o
 .comment       0x0000004c       0x4d obj\debug\freertos_lib\port.o
 .comment       0x0000004c       0x4d obj\debug\freertos_lib\queue.o
 .comment       0x0000004c       0x4d obj\debug\freertos_lib\tasks.o
 .comment       0x0000004c       0x4d obj\debug\freertos_lib\timers.o
 .comment       0x0000004c       0x4d obj\debug\modbus\modbus.o
 .comment       0x0000004c       0x4d obj\debug\src\main.o
 .comment       0x0000004c       0x4d obj\debug\src\robot_tasks.o
 .comment       0x0000004c       0x4d obj\debug\fil lib\interrupts.o
 .comment       0x0000004c       0x4d obj\debug\src\system_stm32f4xx.o

.debug_frame    0x00000000     0x1bc0
 .debug_frame   0x00000000       0xc0 obj\debug\freertos_lib\heap_2.o
 .debug_frame   0x000000c0       0xd8 obj\debug\freertos_lib\list.o
 .debug_frame   0x00000198      0x1a8 obj\debug\freertos_lib\port.o
 .debug_frame   0x00000340      0x534 obj\debug\freertos_lib\queue.o
 .debug_frame   0x00000874      0x890 obj\debug\freertos_lib\tasks.o
 .debug_frame   0x00001104      0x38c obj\debug\freertos_lib\timers.o
 .debug_frame   0x00001490      0x1d0 obj\debug\modbus\modbus.o
 .debug_frame   0x00001660       0x58 obj\debug\src\main.o
 .debug_frame   0x000016b8      0x114 obj\debug\src\robot_tasks.o
 .debug_frame   0x000017cc      0x210 obj\debug\fil lib\interrupts.o
 .debug_frame   0x000019dc       0x7c obj\debug\src\system_stm32f4xx.o
 .debug_frame   0x00001a58       0xac d:/2.30/share/armgcc/bin/../lib/gcc/arm-none-eabi/9.3.1/thumb/v7e-m+fp/hard\libgcc.a(_arm_addsubdf3.o)
 .debug_frame   0x00001b04       0x50 d:/2.30/share/armgcc/bin/../lib/gcc/arm-none-eabi/9.3.1/thumb/v7e-m+fp/hard\libgcc.a(_arm_muldivdf3.o)
 .debug_frame   0x00001b54       0x24 d:/2.30/share/armgcc/bin/../lib/gcc/arm-none-eabi/9.3.1/thumb/v7e-m+fp/hard\libgcc.a(_arm_fixunsdfsi.o)
 .debug_frame   0x00001b78       0x28 d:/2.30/share/armgcc/bin/../lib/gcc/arm-none-eabi/9.3.1/../../../../arm-none-eabi/lib/thumb/v7e-m+fp/hard\libg_nano.a(lib_a-memcpy-stub.o)
 .debug_frame   0x00001ba0       0x20 d:/2.30/share/armgcc/bin/../lib/gcc/arm-none-eabi/9.3.1/../../../../arm-none-eabi/lib/thumb/v7e-m+fp/hard\libg_nano.a(lib_a-memset.o)
