Archive member included to satisfy reference by file (symbol)

d:/2.30/share/armgcc/bin/../lib/gcc/arm-none-eabi/9.3.1/thumb/v7e-m+fp/hard\libgcc.a(_arm_muldf3.o)
                              obj\debug\src\carregulators.o (__aeabi_dmul)
d:/2.30/share/armgcc/bin/../lib/gcc/arm-none-eabi/9.3.1/thumb/v7e-m+fp/hard\libgcc.a(_arm_addsubdf3.o)
                              obj\debug\src\robot_tasks.o (__aeabi_dadd)
d:/2.30/share/armgcc/bin/../lib/gcc/arm-none-eabi/9.3.1/thumb/v7e-m+fp/hard\libgcc.a(_arm_muldivdf3.o)
                              obj\debug\src\carregulators.o (__aeabi_ddiv)
d:/2.30/share/armgcc/bin/../lib/gcc/arm-none-eabi/9.3.1/thumb/v7e-m+fp/hard\libgcc.a(_arm_cmpdf2.o)
                              obj\debug\src\robot_tasks.o (__aeabi_dcmplt)
d:/2.30/share/armgcc/bin/../lib/gcc/arm-none-eabi/9.3.1/thumb/v7e-m+fp/hard\libgcc.a(_arm_truncdfsf2.o)
                              obj\debug\src\carregulators.o (__aeabi_d2f)
d:/2.30/share/armgcc/bin/../lib/gcc/arm-none-eabi/9.3.1/../../../../arm-none-eabi/lib/thumb/v7e-m+fp/hard\libg_nano.a(lib_a-exit.o)
                              d:/2.30/share/armgcc/bin/../lib/gcc/arm-none-eabi/9.3.1/../../../../arm-none-eabi/lib/thumb/v7e-m+fp/hard/crt0.o (exit)
d:/2.30/share/armgcc/bin/../lib/gcc/arm-none-eabi/9.3.1/../../../../arm-none-eabi/lib/thumb/v7e-m+fp/hard\libg_nano.a(lib_a-impure.o)
                              d:/2.30/share/armgcc/bin/../lib/gcc/arm-none-eabi/9.3.1/../../../../arm-none-eabi/lib/thumb/v7e-m+fp/hard\libg_nano.a(lib_a-exit.o) (_global_impure_ptr)
d:/2.30/share/armgcc/bin/../lib/gcc/arm-none-eabi/9.3.1/../../../../arm-none-eabi/lib/thumb/v7e-m+fp/hard\libg_nano.a(lib_a-init.o)
                              d:/2.30/share/armgcc/bin/../lib/gcc/arm-none-eabi/9.3.1/../../../../arm-none-eabi/lib/thumb/v7e-m+fp/hard/crt0.o (__libc_init_array)
d:/2.30/share/armgcc/bin/../lib/gcc/arm-none-eabi/9.3.1/../../../../arm-none-eabi/lib/thumb/v7e-m+fp/hard\libg_nano.a(lib_a-memcpy-stub.o)
                              obj\debug\freertos_lib\queue.o (memcpy)
d:/2.30/share/armgcc/bin/../lib/gcc/arm-none-eabi/9.3.1/../../../../arm-none-eabi/lib/thumb/v7e-m+fp/hard\libg_nano.a(lib_a-memset.o)
                              d:/2.30/share/armgcc/bin/../lib/gcc/arm-none-eabi/9.3.1/../../../../arm-none-eabi/lib/thumb/v7e-m+fp/hard/crt0.o (memset)
d:/2.30/share/armgcc/bin/../lib/gcc/arm-none-eabi/9.3.1/../../../../arm-none-eabi/lib/thumb/v7e-m+fp/hard\libnosys.a(_exit.o)
                              d:/2.30/share/armgcc/bin/../lib/gcc/arm-none-eabi/9.3.1/../../../../arm-none-eabi/lib/thumb/v7e-m+fp/hard\libg_nano.a(lib_a-exit.o) (_exit)

Allocating common symbols
Common symbol       size              file

xRobotGo            0x4               obj\debug\fil lib\rcr dstu\rcr_setupcustom.o
xStartHandle        0x4               obj\debug\fil lib\rcr dstu\rcr_setupcustom.o
xGasHandle          0x4               obj\debug\fil lib\rcr dstu\rcr_setupcustom.o
LPulseWheel         0x2               obj\debug\fil lib\rcr dstu\rcr_setupcustom.o
UARTBufferEndMsgPointer
                    0x4               obj\debug\fil lib\rcr dstu\rcr_setupcustom.o
xQueueManagHandle   0x4               obj\debug\fil lib\rcr dstu\rcr_setupcustom.o
xStartEvent         0x4               obj\debug\fil lib\rcr dstu\rcr_setupcustom.o
UARTReceiver_Flag   0x4               obj\debug\fil lib\rcr dstu\rcr_setupcustom.o
xWaitingHangle      0x4               obj\debug\fil lib\rcr dstu\rcr_setupcustom.o
xBrakeHandle        0x4               obj\debug\fil lib\rcr dstu\rcr_setupcustom.o
globalRangeTransmission
                    0x4               obj\debug\fil lib\interrupts.o
xQueueRegistry      0x40              obj\debug\freertos_lib\queue.o
ZeroMesFlag         0x1               obj\debug\src\robot_tasks.o
Queue_StartIndex    0x4               obj\debug\fil lib\rcr dstu\rcr_setupcustom.o
Step                0x4               obj\debug\src\carregulators.o
xQueueBrakeHandle   0x4               obj\debug\fil lib\rcr dstu\rcr_setupcustom.o
xQueueTransmissionHandle
                    0x4               obj\debug\fil lib\rcr dstu\rcr_setupcustom.o
UART_Buffer         0xf               obj\debug\fil lib\rcr dstu\rcr_setupcustom.o
ErrorTask           0x4               obj\debug\src\robot_tasks.o
Brake_Flag          0x4               obj\debug\fil lib\rcr dstu\rcr_setupcustom.o
xCarRegulatorHandle
                    0x4               obj\debug\fil lib\rcr dstu\rcr_setupcustom.o
UARTBufferIndex     0x4               obj\debug\fil lib\rcr dstu\rcr_setupcustom.o
UARTTransmit_Flag   0x4               obj\debug\fil lib\rcr dstu\rcr_setupcustom.o
Clutch_Flag         0x4               obj\debug\fil lib\rcr dstu\rcr_setupcustom.o
xCarManagementHandle
                    0x4               obj\debug\fil lib\rcr dstu\rcr_setupcustom.o
xClutchHandle       0x4               obj\debug\fil lib\rcr dstu\rcr_setupcustom.o
Transmission_Flag   0x4               obj\debug\fil lib\rcr dstu\rcr_setupcustom.o
xGearsHandle        0x4               obj\debug\fil lib\rcr dstu\rcr_setupcustom.o
LRCPointer          0x4               obj\debug\modbus\modbus.o
Queue_EndIndex      0x4               obj\debug\fil lib\rcr dstu\rcr_setupcustom.o
StartDataSendIndex  0x4               obj\debug\modbus\modbus.o
StartFlags          0x8               obj\debug\fil lib\rcr dstu\rcr_setupcustom.o
adc_data            0x10              obj\debug\fil lib\rcr dstu\rcr_setupcustom.o
QueueBuffer_To_UART
                    0xf               obj\debug\fil lib\rcr dstu\rcr_setupcustom.o
TargetSpeed         0x4               obj\debug\src\robot_tasks.o
QueueIndexTx        0x4               obj\debug\modbus\modbus.o
RPulseWheel         0x2               obj\debug\fil lib\rcr dstu\rcr_setupcustom.o
globalRangeCar      0x4               obj\debug\fil lib\interrupts.o
UARTBufferLRCIndex  0x4               obj\debug\fil lib\rcr dstu\rcr_setupcustom.o
xQueue20Handle      0x4               obj\debug\fil lib\rcr dstu\rcr_setupcustom.o
xModBusHandle       0x4               obj\debug\fil lib\rcr dstu\rcr_setupcustom.o
Queue_Index         0x4               obj\debug\fil lib\rcr dstu\rcr_setupcustom.o
Current_Velocity    0x4               obj\debug\fil lib\rcr dstu\rcr_setupcustom.o
TransmissionReg     0x60              obj\debug\fil lib\rcr dstu\rcr_setupcustom.o
Clocks              0x10              obj\debug\fil lib\rcr dstu\rcr_setupcustom.o
UARTBufferStartMsgPointer
                    0x4               obj\debug\fil lib\rcr dstu\rcr_setupcustom.o

Discarded input sections

 .text          0x00000000        0x0 d:/2.30/share/armgcc/bin/../lib/gcc/arm-none-eabi/9.3.1/thumb/v7e-m+fp/hard/crti.o
 .data          0x00000000        0x0 d:/2.30/share/armgcc/bin/../lib/gcc/arm-none-eabi/9.3.1/thumb/v7e-m+fp/hard/crti.o
 .bss           0x00000000        0x0 d:/2.30/share/armgcc/bin/../lib/gcc/arm-none-eabi/9.3.1/thumb/v7e-m+fp/hard/crti.o
 .data          0x00000000        0x4 d:/2.30/share/armgcc/bin/../lib/gcc/arm-none-eabi/9.3.1/thumb/v7e-m+fp/hard/crtbegin.o
 .text          0x00000000       0x7c d:/2.30/share/armgcc/bin/../lib/gcc/arm-none-eabi/9.3.1/../../../../arm-none-eabi/lib/thumb/v7e-m+fp/hard/crt0.o
 .data          0x00000000        0x0 d:/2.30/share/armgcc/bin/../lib/gcc/arm-none-eabi/9.3.1/../../../../arm-none-eabi/lib/thumb/v7e-m+fp/hard/crt0.o
 .bss           0x00000000        0x0 d:/2.30/share/armgcc/bin/../lib/gcc/arm-none-eabi/9.3.1/../../../../arm-none-eabi/lib/thumb/v7e-m+fp/hard/crt0.o
 .ARM.extab     0x00000000        0x0 d:/2.30/share/armgcc/bin/../lib/gcc/arm-none-eabi/9.3.1/../../../../arm-none-eabi/lib/thumb/v7e-m+fp/hard/crt0.o
 .ARM.exidx     0x00000000       0x10 d:/2.30/share/armgcc/bin/../lib/gcc/arm-none-eabi/9.3.1/../../../../arm-none-eabi/lib/thumb/v7e-m+fp/hard/crt0.o
 .ARM.attributes
                0x00000000       0x1c d:/2.30/share/armgcc/bin/../lib/gcc/arm-none-eabi/9.3.1/../../../../arm-none-eabi/lib/thumb/v7e-m+fp/hard/crt0.o
 .text          0x00000000       0x14 obj\debug\src\startup_stm32f407xx.o
 .data          0x00000000        0x0 obj\debug\src\startup_stm32f407xx.o
 .bss           0x00000000        0x0 obj\debug\src\startup_stm32f407xx.o
 .text          0x00000000        0x0 obj\debug\fil lib\rcr dstu\rcr_setupcustom.o
 .data          0x00000000        0x0 obj\debug\fil lib\rcr dstu\rcr_setupcustom.o
 .bss           0x00000000        0x0 obj\debug\fil lib\rcr dstu\rcr_setupcustom.o
 .text.ADC_Init
                0x00000000      0x124 obj\debug\fil lib\rcr dstu\rcr_setupcustom.o
 .text          0x00000000        0x0 obj\debug\freertos_lib\croutine.o
 .data          0x00000000        0x0 obj\debug\freertos_lib\croutine.o
 .bss           0x00000000        0x0 obj\debug\freertos_lib\croutine.o
 .debug_info    0x00000000       0xc0 obj\debug\freertos_lib\croutine.o
 .debug_abbrev  0x00000000       0x62 obj\debug\freertos_lib\croutine.o
 .debug_aranges
                0x00000000       0x18 obj\debug\freertos_lib\croutine.o
 .debug_line    0x00000000       0xd2 obj\debug\freertos_lib\croutine.o
 .debug_str     0x00000000      0x1db obj\debug\freertos_lib\croutine.o
 .comment       0x00000000       0x4d obj\debug\freertos_lib\croutine.o
 .ARM.attributes
                0x00000000       0x39 obj\debug\freertos_lib\croutine.o
 .text          0x00000000        0x0 obj\debug\freertos_lib\event_groups.o
 .data          0x00000000        0x0 obj\debug\freertos_lib\event_groups.o
 .bss           0x00000000        0x0 obj\debug\freertos_lib\event_groups.o
 .text.xEventGroupCreate
                0x00000000       0x2e obj\debug\freertos_lib\event_groups.o
 .text.xEventGroupSync
                0x00000000      0x15c obj\debug\freertos_lib\event_groups.o
 .text.xEventGroupWaitBits
                0x00000000      0x19c obj\debug\freertos_lib\event_groups.o
 .text.xEventGroupClearBits
                0x00000000       0x70 obj\debug\freertos_lib\event_groups.o
 .text.xEventGroupGetBitsFromISR
                0x00000000       0x48 obj\debug\freertos_lib\event_groups.o
 .text.xEventGroupSetBits
                0x00000000      0x116 obj\debug\freertos_lib\event_groups.o
 .text.vEventGroupDelete
                0x00000000       0x62 obj\debug\freertos_lib\event_groups.o
 .text.vEventGroupSetBitsCallback
                0x00000000       0x1a obj\debug\freertos_lib\event_groups.o
 .text.vEventGroupClearBitsCallback
                0x00000000       0x1a obj\debug\freertos_lib\event_groups.o
 .text.prvTestWaitCondition
                0x00000000       0x44 obj\debug\freertos_lib\event_groups.o
 .text.uxEventGroupGetNumber
                0x00000000       0x2c obj\debug\freertos_lib\event_groups.o
 .text.vEventGroupSetNumber
                0x00000000       0x1c obj\debug\freertos_lib\event_groups.o
 .debug_info    0x00000000     0x11e0 obj\debug\freertos_lib\event_groups.o
 .debug_abbrev  0x00000000      0x36a obj\debug\freertos_lib\event_groups.o
 .debug_aranges
                0x00000000       0x78 obj\debug\freertos_lib\event_groups.o
 .debug_ranges  0x00000000       0x68 obj\debug\freertos_lib\event_groups.o
 .debug_line    0x00000000      0x5fd obj\debug\freertos_lib\event_groups.o
 .debug_str     0x00000000      0x9c0 obj\debug\freertos_lib\event_groups.o
 .comment       0x00000000       0x4d obj\debug\freertos_lib\event_groups.o
 .debug_frame   0x00000000      0x1d0 obj\debug\freertos_lib\event_groups.o
 .ARM.attributes
                0x00000000       0x34 obj\debug\freertos_lib\event_groups.o
 .text          0x00000000        0x0 obj\debug\freertos_lib\heap_2.o
 .data          0x00000000        0x0 obj\debug\freertos_lib\heap_2.o
 .bss           0x00000000        0x0 obj\debug\freertos_lib\heap_2.o
 .rodata.heapSTRUCT_SIZE
                0x00000000        0x2 obj\debug\freertos_lib\heap_2.o
 .text.xPortGetFreeHeapSize
                0x00000000       0x18 obj\debug\freertos_lib\heap_2.o
 .text.vPortInitialiseBlocks
                0x00000000        0xe obj\debug\freertos_lib\heap_2.o
 .text          0x00000000        0x0 obj\debug\freertos_lib\list.o
 .data          0x00000000        0x0 obj\debug\freertos_lib\list.o
 .bss           0x00000000        0x0 obj\debug\freertos_lib\list.o
 .text          0x00000000        0x0 obj\debug\freertos_lib\port.o
 .data          0x00000000        0x0 obj\debug\freertos_lib\port.o
 .bss           0x00000000        0x0 obj\debug\freertos_lib\port.o
 .rodata.pcInterruptPriorityRegisters
                0x00000000        0x4 obj\debug\freertos_lib\port.o
 .text.vPortEndScheduler
                0x00000000       0x38 obj\debug\freertos_lib\port.o
 .text          0x00000000        0x0 obj\debug\freertos_lib\queue.o
 .data          0x00000000        0x0 obj\debug\freertos_lib\queue.o
 .bss           0x00000000        0x0 obj\debug\freertos_lib\queue.o
 .text.prvInitialiseMutex
                0x00000000       0x34 obj\debug\freertos_lib\queue.o
 .text.xQueueCreateMutex
                0x00000000       0x30 obj\debug\freertos_lib\queue.o
 .text.xQueueGiveMutexRecursive
                0x00000000       0x68 obj\debug\freertos_lib\queue.o
 .text.xQueueTakeMutexRecursive
                0x00000000       0x6c obj\debug\freertos_lib\queue.o
 .text.xQueueCreateCountingSemaphore
                0x00000000       0x66 obj\debug\freertos_lib\queue.o
 .text.xQueueGiveFromISR
                0x00000000      0x138 obj\debug\freertos_lib\queue.o
 .text.xQueueReceiveFromISR
                0x00000000      0x11e obj\debug\freertos_lib\queue.o
 .text.xQueuePeekFromISR
                0x00000000       0xd2 obj\debug\freertos_lib\queue.o
 .text.uxQueueMessagesWaiting
                0x00000000       0x3c obj\debug\freertos_lib\queue.o
 .text.uxQueueSpacesAvailable
                0x00000000       0x46 obj\debug\freertos_lib\queue.o
 .text.uxQueueMessagesWaitingFromISR
                0x00000000       0x3c obj\debug\freertos_lib\queue.o
 .text.uxQueueGetQueueNumber
                0x00000000       0x18 obj\debug\freertos_lib\queue.o
 .text.vQueueSetQueueNumber
                0x00000000       0x1c obj\debug\freertos_lib\queue.o
 .text.ucQueueGetQueueType
                0x00000000       0x1a obj\debug\freertos_lib\queue.o
 .text.xQueueIsQueueEmptyFromISR
                0x00000000       0x48 obj\debug\freertos_lib\queue.o
 .text.xQueueIsQueueFullFromISR
                0x00000000       0x4c obj\debug\freertos_lib\queue.o
 .text.pcQueueGetName
                0x00000000       0x4c obj\debug\freertos_lib\queue.o
 .text          0x00000000        0x0 obj\debug\freertos_lib\stream_buffer.o
 .data          0x00000000        0x0 obj\debug\freertos_lib\stream_buffer.o
 .bss           0x00000000        0x0 obj\debug\freertos_lib\stream_buffer.o
 .text.xStreamBufferGenericCreate
                0x00000000       0xc4 obj\debug\freertos_lib\stream_buffer.o
 .text.vStreamBufferDelete
                0x00000000       0x4e obj\debug\freertos_lib\stream_buffer.o
 .text.xStreamBufferReset
                0x00000000       0x78 obj\debug\freertos_lib\stream_buffer.o
 .text.xStreamBufferSetTriggerLevel
                0x00000000       0x5c obj\debug\freertos_lib\stream_buffer.o
 .text.xStreamBufferSpacesAvailable
                0x00000000       0x66 obj\debug\freertos_lib\stream_buffer.o
 .text.xStreamBufferBytesAvailable
                0x00000000       0x3a obj\debug\freertos_lib\stream_buffer.o
 .text.xStreamBufferSend
                0x00000000      0x196 obj\debug\freertos_lib\stream_buffer.o
 .text.xStreamBufferSendFromISR
                0x00000000       0xe6 obj\debug\freertos_lib\stream_buffer.o
 .text.prvWriteMessageToBuffer
                0x00000000       0x7a obj\debug\freertos_lib\stream_buffer.o
 .text.xStreamBufferReceive
                0x00000000      0x134 obj\debug\freertos_lib\stream_buffer.o
 .text.xStreamBufferNextMessageLengthBytes
                0x00000000       0x92 obj\debug\freertos_lib\stream_buffer.o
 .text.xStreamBufferReceiveFromISR
                0x00000000       0xe2 obj\debug\freertos_lib\stream_buffer.o
 .text.prvReadMessageFromBuffer
                0x00000000       0x64 obj\debug\freertos_lib\stream_buffer.o
 .text.xStreamBufferIsEmpty
                0x00000000       0x50 obj\debug\freertos_lib\stream_buffer.o
 .text.xStreamBufferIsFull
                0x00000000       0x60 obj\debug\freertos_lib\stream_buffer.o
 .text.xStreamBufferSendCompletedFromISR
                0x00000000       0x8a obj\debug\freertos_lib\stream_buffer.o
 .text.xStreamBufferReceiveCompletedFromISR
                0x00000000       0x8a obj\debug\freertos_lib\stream_buffer.o
 .text.prvWriteBytesToBuffer
                0x00000000       0xe4 obj\debug\freertos_lib\stream_buffer.o
 .text.prvReadBytesFromBuffer
                0x00000000       0xf4 obj\debug\freertos_lib\stream_buffer.o
 .text.prvBytesInBuffer
                0x00000000       0x40 obj\debug\freertos_lib\stream_buffer.o
 .text.prvInitialiseNewStreamBuffer
                0x00000000       0x66 obj\debug\freertos_lib\stream_buffer.o
 .text.uxStreamBufferGetStreamBufferNumber
                0x00000000       0x18 obj\debug\freertos_lib\stream_buffer.o
 .text.vStreamBufferSetStreamBufferNumber
                0x00000000       0x1c obj\debug\freertos_lib\stream_buffer.o
 .text.ucStreamBufferGetStreamBufferType
                0x00000000       0x1e obj\debug\freertos_lib\stream_buffer.o
 .debug_info    0x00000000     0x1a38 obj\debug\freertos_lib\stream_buffer.o
 .debug_abbrev  0x00000000      0x3ca obj\debug\freertos_lib\stream_buffer.o
 .debug_aranges
                0x00000000       0xd8 obj\debug\freertos_lib\stream_buffer.o
 .debug_ranges  0x00000000       0xc8 obj\debug\freertos_lib\stream_buffer.o
 .debug_line    0x00000000      0xa7b obj\debug\freertos_lib\stream_buffer.o
 .debug_str     0x00000000      0xc06 obj\debug\freertos_lib\stream_buffer.o
 .comment       0x00000000       0x4d obj\debug\freertos_lib\stream_buffer.o
 .debug_frame   0x00000000      0x3a8 obj\debug\freertos_lib\stream_buffer.o
 .ARM.attributes
                0x00000000       0x34 obj\debug\freertos_lib\stream_buffer.o
 .text          0x00000000        0x0 obj\debug\freertos_lib\tasks.o
 .data          0x00000000        0x0 obj\debug\freertos_lib\tasks.o
 .bss           0x00000000        0x0 obj\debug\freertos_lib\tasks.o
 .text.xTaskDelayUntil
                0x00000000       0xfc obj\debug\freertos_lib\tasks.o
 .text.eTaskGetState
                0x00000000       0xf4 obj\debug\freertos_lib\tasks.o
 .text.uxTaskPriorityGet
                0x00000000       0x34 obj\debug\freertos_lib\tasks.o
 .text.uxTaskPriorityGetFromISR
                0x00000000       0x58 obj\debug\freertos_lib\tasks.o
 .text.xTaskResumeFromISR
                0x00000000       0xec obj\debug\freertos_lib\tasks.o
 .text.vTaskEndScheduler
                0x00000000       0x30 obj\debug\freertos_lib\tasks.o
 .text.xTaskGetTickCountFromISR
                0x00000000       0x24 obj\debug\freertos_lib\tasks.o
 .text.uxTaskGetNumberOfTasks
                0x00000000       0x18 obj\debug\freertos_lib\tasks.o
 .text.pcTaskGetName
                0x00000000       0x48 obj\debug\freertos_lib\tasks.o
 .text.uxTaskGetSystemState
                0x00000000      0x11c obj\debug\freertos_lib\tasks.o
 .text.xTaskCatchUpTicks
                0x00000000       0x50 obj\debug\freertos_lib\tasks.o
 .text.vTaskPlaceOnUnorderedEventList
                0x00000000       0x78 obj\debug\freertos_lib\tasks.o
 .text.vTaskRemoveFromUnorderedEventList
                0x00000000       0xc4 obj\debug\freertos_lib\tasks.o
 .text.vTaskSetTimeOutState
                0x00000000       0x4c obj\debug\freertos_lib\tasks.o
 .text.uxTaskGetTaskNumber
                0x00000000       0x2c obj\debug\freertos_lib\tasks.o
 .text.vTaskSetTaskNumber
                0x00000000       0x26 obj\debug\freertos_lib\tasks.o
 .text.vTaskGetInfo
                0x00000000       0xcc obj\debug\freertos_lib\tasks.o
 .text.prvListTasksWithinSingleList
                0x00000000       0xa4 obj\debug\freertos_lib\tasks.o
 .text.prvTaskCheckFreeStackSpace
                0x00000000       0x38 obj\debug\freertos_lib\tasks.o
 .text.xTaskGetCurrentTaskHandle
                0x00000000       0x20 obj\debug\freertos_lib\tasks.o
 .text.uxTaskResetEventItemValue
                0x00000000       0x30 obj\debug\freertos_lib\tasks.o
 .text.ulTaskGenericNotifyTake
                0x00000000       0xd0 obj\debug\freertos_lib\tasks.o
 .text.xTaskGenericNotifyWait
                0x00000000      0x100 obj\debug\freertos_lib\tasks.o
 .text.xTaskGenericNotify
                0x00000000      0x1c0 obj\debug\freertos_lib\tasks.o
 .text.xTaskGenericNotifyFromISR
                0x00000000      0x204 obj\debug\freertos_lib\tasks.o
 .text.vTaskGenericNotifyGiveFromISR
                0x00000000      0x158 obj\debug\freertos_lib\tasks.o
 .text.xTaskGenericNotifyStateClear
                0x00000000       0x74 obj\debug\freertos_lib\tasks.o
 .text.ulTaskGenericNotifyValueClear
                0x00000000       0x5c obj\debug\freertos_lib\tasks.o
 .text          0x00000000        0x0 obj\debug\freertos_lib\timers.o
 .data          0x00000000        0x0 obj\debug\freertos_lib\timers.o
 .bss           0x00000000        0x0 obj\debug\freertos_lib\timers.o
 .text.xTimerCreate
                0x00000000       0x42 obj\debug\freertos_lib\timers.o
 .text.prvInitialiseNewTimer
                0x00000000       0x76 obj\debug\freertos_lib\timers.o
 .text.xTimerGetTimerDaemonTaskHandle
                0x00000000       0x38 obj\debug\freertos_lib\timers.o
 .text.xTimerGetPeriod
                0x00000000       0x38 obj\debug\freertos_lib\timers.o
 .text.vTimerSetReloadMode
                0x00000000       0x66 obj\debug\freertos_lib\timers.o
 .text.uxTimerGetReloadMode
                0x00000000       0x52 obj\debug\freertos_lib\timers.o
 .text.xTimerGetExpiryTime
                0x00000000       0x3c obj\debug\freertos_lib\timers.o
 .text.pcTimerGetName
                0x00000000       0x38 obj\debug\freertos_lib\timers.o
 .text.xTimerIsTimerActive
                0x00000000       0x52 obj\debug\freertos_lib\timers.o
 .text.pvTimerGetTimerID
                0x00000000       0x40 obj\debug\freertos_lib\timers.o
 .text.vTimerSetTimerID
                0x00000000       0x40 obj\debug\freertos_lib\timers.o
 .text.uxTimerGetTimerNumber
                0x00000000       0x18 obj\debug\freertos_lib\timers.o
 .text.vTimerSetTimerNumber
                0x00000000       0x1c obj\debug\freertos_lib\timers.o
 .text          0x00000000        0x0 obj\debug\modbus\modbus.o
 .data          0x00000000        0x0 obj\debug\modbus\modbus.o
 .bss           0x00000000        0x0 obj\debug\modbus\modbus.o
 .data.prescaler_table
                0x00000000       0x10 obj\debug\modbus\modbus.o
 .text          0x00000000        0x0 obj\debug\src\carmanagement.o
 .data          0x00000000        0x0 obj\debug\src\carmanagement.o
 .bss           0x00000000        0x0 obj\debug\src\carmanagement.o
 .data.prescaler_table
                0x00000000       0x10 obj\debug\src\carmanagement.o
 .text.Recovery_Transmission
                0x00000000      0x160 obj\debug\src\carmanagement.o
 .text          0x00000000        0x0 obj\debug\src\carregulators.o
 .data          0x00000000        0x0 obj\debug\src\carregulators.o
 .bss           0x00000000        0x0 obj\debug\src\carregulators.o
 .data.prescaler_table
                0x00000000       0x10 obj\debug\src\carregulators.o
 .text          0x00000000        0x0 obj\debug\src\main.o
 .data          0x00000000        0x0 obj\debug\src\main.o
 .bss           0x00000000        0x0 obj\debug\src\main.o
 .data.prescaler_table
                0x00000000       0x10 obj\debug\src\main.o
 .text          0x00000000        0x0 obj\debug\src\robot_tasks.o
 .data          0x00000000        0x0 obj\debug\src\robot_tasks.o
 .bss           0x00000000        0x0 obj\debug\src\robot_tasks.o
 .data.prescaler_table
                0x00000000       0x10 obj\debug\src\robot_tasks.o
 .text.vCarManagement
                0x00000000        0xa obj\debug\src\robot_tasks.o
 .text          0x00000000        0x0 obj\debug\fil lib\interrupts.o
 .data          0x00000000        0x0 obj\debug\fil lib\interrupts.o
 .bss           0x00000000        0x0 obj\debug\fil lib\interrupts.o
 .data.prescaler_table
                0x00000000       0x10 obj\debug\fil lib\interrupts.o
 .bss.TransmissionPWM
                0x00000000        0x4 obj\debug\fil lib\interrupts.o
 .bss.direction
                0x00000000        0x4 obj\debug\fil lib\interrupts.o
 .text.TIM1_IRQHandler
                0x00000000       0x18 obj\debug\fil lib\interrupts.o
 .text          0x00000000        0x0 obj\debug\src\system_stm32f4xx.o
 .data          0x00000000        0x0 obj\debug\src\system_stm32f4xx.o
 .bss           0x00000000        0x0 obj\debug\src\system_stm32f4xx.o
 .data.AHBPrescTable
                0x00000000       0x10 obj\debug\src\system_stm32f4xx.o
 .text.SystemCoreClockUpdate
                0x00000000      0x104 obj\debug\src\system_stm32f4xx.o
 .text          0x00000000      0x254 d:/2.30/share/armgcc/bin/../lib/gcc/arm-none-eabi/9.3.1/thumb/v7e-m+fp/hard\libgcc.a(_arm_muldf3.o)
 .data          0x00000000        0x0 d:/2.30/share/armgcc/bin/../lib/gcc/arm-none-eabi/9.3.1/thumb/v7e-m+fp/hard\libgcc.a(_arm_muldf3.o)
 .bss           0x00000000        0x0 d:/2.30/share/armgcc/bin/../lib/gcc/arm-none-eabi/9.3.1/thumb/v7e-m+fp/hard\libgcc.a(_arm_muldf3.o)
 .debug_frame   0x00000000       0x30 d:/2.30/share/armgcc/bin/../lib/gcc/arm-none-eabi/9.3.1/thumb/v7e-m+fp/hard\libgcc.a(_arm_muldf3.o)
 .ARM.attributes
                0x00000000       0x1e d:/2.30/share/armgcc/bin/../lib/gcc/arm-none-eabi/9.3.1/thumb/v7e-m+fp/hard\libgcc.a(_arm_muldf3.o)
 .data          0x00000000        0x0 d:/2.30/share/armgcc/bin/../lib/gcc/arm-none-eabi/9.3.1/thumb/v7e-m+fp/hard\libgcc.a(_arm_addsubdf3.o)
 .bss           0x00000000        0x0 d:/2.30/share/armgcc/bin/../lib/gcc/arm-none-eabi/9.3.1/thumb/v7e-m+fp/hard\libgcc.a(_arm_addsubdf3.o)
 .data          0x00000000        0x0 d:/2.30/share/armgcc/bin/../lib/gcc/arm-none-eabi/9.3.1/thumb/v7e-m+fp/hard\libgcc.a(_arm_muldivdf3.o)
 .bss           0x00000000        0x0 d:/2.30/share/armgcc/bin/../lib/gcc/arm-none-eabi/9.3.1/thumb/v7e-m+fp/hard\libgcc.a(_arm_muldivdf3.o)
 .data          0x00000000        0x0 d:/2.30/share/armgcc/bin/../lib/gcc/arm-none-eabi/9.3.1/thumb/v7e-m+fp/hard\libgcc.a(_arm_cmpdf2.o)
 .bss           0x00000000        0x0 d:/2.30/share/armgcc/bin/../lib/gcc/arm-none-eabi/9.3.1/thumb/v7e-m+fp/hard\libgcc.a(_arm_cmpdf2.o)
 .data          0x00000000        0x0 d:/2.30/share/armgcc/bin/../lib/gcc/arm-none-eabi/9.3.1/thumb/v7e-m+fp/hard\libgcc.a(_arm_truncdfsf2.o)
 .bss           0x00000000        0x0 d:/2.30/share/armgcc/bin/../lib/gcc/arm-none-eabi/9.3.1/thumb/v7e-m+fp/hard\libgcc.a(_arm_truncdfsf2.o)
 .text          0x00000000        0x0 d:/2.30/share/armgcc/bin/../lib/gcc/arm-none-eabi/9.3.1/../../../../arm-none-eabi/lib/thumb/v7e-m+fp/hard\libg_nano.a(lib_a-exit.o)
 .data          0x00000000        0x0 d:/2.30/share/armgcc/bin/../lib/gcc/arm-none-eabi/9.3.1/../../../../arm-none-eabi/lib/thumb/v7e-m+fp/hard\libg_nano.a(lib_a-exit.o)
 .bss           0x00000000        0x0 d:/2.30/share/armgcc/bin/../lib/gcc/arm-none-eabi/9.3.1/../../../../arm-none-eabi/lib/thumb/v7e-m+fp/hard\libg_nano.a(lib_a-exit.o)
 .text.exit     0x00000000       0x28 d:/2.30/share/armgcc/bin/../lib/gcc/arm-none-eabi/9.3.1/../../../../arm-none-eabi/lib/thumb/v7e-m+fp/hard\libg_nano.a(lib_a-exit.o)
 .debug_frame   0x00000000       0x28 d:/2.30/share/armgcc/bin/../lib/gcc/arm-none-eabi/9.3.1/../../../../arm-none-eabi/lib/thumb/v7e-m+fp/hard\libg_nano.a(lib_a-exit.o)
 .ARM.attributes
                0x00000000       0x34 d:/2.30/share/armgcc/bin/../lib/gcc/arm-none-eabi/9.3.1/../../../../arm-none-eabi/lib/thumb/v7e-m+fp/hard\libg_nano.a(lib_a-exit.o)
 .text          0x00000000        0x0 d:/2.30/share/armgcc/bin/../lib/gcc/arm-none-eabi/9.3.1/../../../../arm-none-eabi/lib/thumb/v7e-m+fp/hard\libg_nano.a(lib_a-impure.o)
 .data          0x00000000        0x0 d:/2.30/share/armgcc/bin/../lib/gcc/arm-none-eabi/9.3.1/../../../../arm-none-eabi/lib/thumb/v7e-m+fp/hard\libg_nano.a(lib_a-impure.o)
 .bss           0x00000000        0x0 d:/2.30/share/armgcc/bin/../lib/gcc/arm-none-eabi/9.3.1/../../../../arm-none-eabi/lib/thumb/v7e-m+fp/hard\libg_nano.a(lib_a-impure.o)
 .data._impure_ptr
                0x00000000        0x4 d:/2.30/share/armgcc/bin/../lib/gcc/arm-none-eabi/9.3.1/../../../../arm-none-eabi/lib/thumb/v7e-m+fp/hard\libg_nano.a(lib_a-impure.o)
 .data.impure_data
                0x00000000       0x60 d:/2.30/share/armgcc/bin/../lib/gcc/arm-none-eabi/9.3.1/../../../../arm-none-eabi/lib/thumb/v7e-m+fp/hard\libg_nano.a(lib_a-impure.o)
 .rodata._global_impure_ptr
                0x00000000        0x4 d:/2.30/share/armgcc/bin/../lib/gcc/arm-none-eabi/9.3.1/../../../../arm-none-eabi/lib/thumb/v7e-m+fp/hard\libg_nano.a(lib_a-impure.o)
 .ARM.attributes
                0x00000000       0x32 d:/2.30/share/armgcc/bin/../lib/gcc/arm-none-eabi/9.3.1/../../../../arm-none-eabi/lib/thumb/v7e-m+fp/hard\libg_nano.a(lib_a-impure.o)
 .text          0x00000000        0x0 d:/2.30/share/armgcc/bin/../lib/gcc/arm-none-eabi/9.3.1/../../../../arm-none-eabi/lib/thumb/v7e-m+fp/hard\libg_nano.a(lib_a-init.o)
 .data          0x00000000        0x0 d:/2.30/share/armgcc/bin/../lib/gcc/arm-none-eabi/9.3.1/../../../../arm-none-eabi/lib/thumb/v7e-m+fp/hard\libg_nano.a(lib_a-init.o)
 .bss           0x00000000        0x0 d:/2.30/share/armgcc/bin/../lib/gcc/arm-none-eabi/9.3.1/../../../../arm-none-eabi/lib/thumb/v7e-m+fp/hard\libg_nano.a(lib_a-init.o)
 .text.__libc_init_array
                0x00000000       0x48 d:/2.30/share/armgcc/bin/../lib/gcc/arm-none-eabi/9.3.1/../../../../arm-none-eabi/lib/thumb/v7e-m+fp/hard\libg_nano.a(lib_a-init.o)
 .debug_frame   0x00000000       0x2c d:/2.30/share/armgcc/bin/../lib/gcc/arm-none-eabi/9.3.1/../../../../arm-none-eabi/lib/thumb/v7e-m+fp/hard\libg_nano.a(lib_a-init.o)
 .ARM.attributes
                0x00000000       0x34 d:/2.30/share/armgcc/bin/../lib/gcc/arm-none-eabi/9.3.1/../../../../arm-none-eabi/lib/thumb/v7e-m+fp/hard\libg_nano.a(lib_a-init.o)
 .text          0x00000000        0x0 d:/2.30/share/armgcc/bin/../lib/gcc/arm-none-eabi/9.3.1/../../../../arm-none-eabi/lib/thumb/v7e-m+fp/hard\libg_nano.a(lib_a-memcpy-stub.o)
 .data          0x00000000        0x0 d:/2.30/share/armgcc/bin/../lib/gcc/arm-none-eabi/9.3.1/../../../../arm-none-eabi/lib/thumb/v7e-m+fp/hard\libg_nano.a(lib_a-memcpy-stub.o)
 .bss           0x00000000        0x0 d:/2.30/share/armgcc/bin/../lib/gcc/arm-none-eabi/9.3.1/../../../../arm-none-eabi/lib/thumb/v7e-m+fp/hard\libg_nano.a(lib_a-memcpy-stub.o)
 .text          0x00000000        0x0 d:/2.30/share/armgcc/bin/../lib/gcc/arm-none-eabi/9.3.1/../../../../arm-none-eabi/lib/thumb/v7e-m+fp/hard\libg_nano.a(lib_a-memset.o)
 .data          0x00000000        0x0 d:/2.30/share/armgcc/bin/../lib/gcc/arm-none-eabi/9.3.1/../../../../arm-none-eabi/lib/thumb/v7e-m+fp/hard\libg_nano.a(lib_a-memset.o)
 .bss           0x00000000        0x0 d:/2.30/share/armgcc/bin/../lib/gcc/arm-none-eabi/9.3.1/../../../../arm-none-eabi/lib/thumb/v7e-m+fp/hard\libg_nano.a(lib_a-memset.o)
 .text          0x00000000        0x0 d:/2.30/share/armgcc/bin/../lib/gcc/arm-none-eabi/9.3.1/../../../../arm-none-eabi/lib/thumb/v7e-m+fp/hard\libnosys.a(_exit.o)
 .data          0x00000000        0x0 d:/2.30/share/armgcc/bin/../lib/gcc/arm-none-eabi/9.3.1/../../../../arm-none-eabi/lib/thumb/v7e-m+fp/hard\libnosys.a(_exit.o)
 .bss           0x00000000        0x0 d:/2.30/share/armgcc/bin/../lib/gcc/arm-none-eabi/9.3.1/../../../../arm-none-eabi/lib/thumb/v7e-m+fp/hard\libnosys.a(_exit.o)
 .text._exit    0x00000000        0x4 d:/2.30/share/armgcc/bin/../lib/gcc/arm-none-eabi/9.3.1/../../../../arm-none-eabi/lib/thumb/v7e-m+fp/hard\libnosys.a(_exit.o)
 .debug_frame   0x00000000       0x20 d:/2.30/share/armgcc/bin/../lib/gcc/arm-none-eabi/9.3.1/../../../../arm-none-eabi/lib/thumb/v7e-m+fp/hard\libnosys.a(_exit.o)
 .ARM.attributes
                0x00000000       0x34 d:/2.30/share/armgcc/bin/../lib/gcc/arm-none-eabi/9.3.1/../../../../arm-none-eabi/lib/thumb/v7e-m+fp/hard\libnosys.a(_exit.o)
 .text          0x00000000        0x0 d:/2.30/share/armgcc/bin/../lib/gcc/arm-none-eabi/9.3.1/thumb/v7e-m+fp/hard/crtend.o
 .data          0x00000000        0x0 d:/2.30/share/armgcc/bin/../lib/gcc/arm-none-eabi/9.3.1/thumb/v7e-m+fp/hard/crtend.o
 .bss           0x00000000        0x0 d:/2.30/share/armgcc/bin/../lib/gcc/arm-none-eabi/9.3.1/thumb/v7e-m+fp/hard/crtend.o
 .eh_frame      0x00000000        0x4 d:/2.30/share/armgcc/bin/../lib/gcc/arm-none-eabi/9.3.1/thumb/v7e-m+fp/hard/crtend.o
 .ARM.attributes
                0x00000000       0x32 d:/2.30/share/armgcc/bin/../lib/gcc/arm-none-eabi/9.3.1/thumb/v7e-m+fp/hard/crtend.o
 .text          0x00000000        0x0 d:/2.30/share/armgcc/bin/../lib/gcc/arm-none-eabi/9.3.1/thumb/v7e-m+fp/hard/crtn.o
 .data          0x00000000        0x0 d:/2.30/share/armgcc/bin/../lib/gcc/arm-none-eabi/9.3.1/thumb/v7e-m+fp/hard/crtn.o
 .bss           0x00000000        0x0 d:/2.30/share/armgcc/bin/../lib/gcc/arm-none-eabi/9.3.1/thumb/v7e-m+fp/hard/crtn.o

Memory Configuration

Name             Origin             Length             Attributes
FLASH            0x08000000         0x00100000         xr
RAM              0x20000000         0x00020000         xrw
CCMRAM           0x10000000         0x00010000         xrw
*default*        0x00000000         0xffffffff

Linker script and memory map

LOAD d:/2.30/share/armgcc/bin/../lib/gcc/arm-none-eabi/9.3.1/thumb/v7e-m+fp/hard/crti.o
LOAD d:/2.30/share/armgcc/bin/../lib/gcc/arm-none-eabi/9.3.1/thumb/v7e-m+fp/hard/crtbegin.o
LOAD d:/2.30/share/armgcc/bin/../lib/gcc/arm-none-eabi/9.3.1/../../../../arm-none-eabi/lib/thumb/v7e-m+fp/hard/crt0.o
                0x00000000                __HEAP_SIZE = 0x0
                0x00000100                __STACK_SIZE = 0x100
                0x00000000                _Min_Heap_Size = __HEAP_SIZE
                0x00000100                _Min_Stack_Size = __STACK_SIZE
                0x20020000                _estack = (ORIGIN (RAM) + LENGTH (RAM))

.isr_vector     0x08000000      0x188
                0x08000000                . = ALIGN (0x4)
 *(.isr_vector)
 .isr_vector    0x08000000      0x188 obj\debug\src\startup_stm32f407xx.o
                0x08000000                g_pfnVectors
                0x08000188                . = ALIGN (0x4)

.text           0x08000190     0x7938
                0x08000190                . = ALIGN (0x4)
 *(.text)
 .text          0x08000190       0x40 d:/2.30/share/armgcc/bin/../lib/gcc/arm-none-eabi/9.3.1/thumb/v7e-m+fp/hard/crtbegin.o
 .text          0x080001d0      0x378 d:/2.30/share/armgcc/bin/../lib/gcc/arm-none-eabi/9.3.1/thumb/v7e-m+fp/hard\libgcc.a(_arm_addsubdf3.o)
                0x080001d0                __aeabi_drsub
                0x080001d8                __aeabi_dsub
                0x080001d8                __subdf3
                0x080001dc                __aeabi_dadd
                0x080001dc                __adddf3
                0x08000454                __floatunsidf
                0x08000454                __aeabi_ui2d
                0x08000474                __floatsidf
                0x08000474                __aeabi_i2d
                0x08000498                __aeabi_f2d
                0x08000498                __extendsfdf2
                0x080004dc                __floatundidf
                0x080004dc                __aeabi_ul2d
                0x080004ec                __floatdidf
                0x080004ec                __aeabi_l2d
 .text          0x08000548      0x424 d:/2.30/share/armgcc/bin/../lib/gcc/arm-none-eabi/9.3.1/thumb/v7e-m+fp/hard\libgcc.a(_arm_muldivdf3.o)
                0x08000548                __aeabi_dmul
                0x08000548                __muldf3
                0x0800079c                __divdf3
                0x0800079c                __aeabi_ddiv
 .text          0x0800096c      0x110 d:/2.30/share/armgcc/bin/../lib/gcc/arm-none-eabi/9.3.1/thumb/v7e-m+fp/hard\libgcc.a(_arm_cmpdf2.o)
                0x0800096c                __gtdf2
                0x0800096c                __gedf2
                0x08000974                __ltdf2
                0x08000974                __ledf2
                0x0800097c                __nedf2
                0x0800097c                __eqdf2
                0x0800097c                __cmpdf2
                0x080009f8                __aeabi_cdrcmple
                0x08000a08                __aeabi_cdcmpeq
                0x08000a08                __aeabi_cdcmple
                0x08000a18                __aeabi_dcmpeq
                0x08000a2c                __aeabi_dcmplt
                0x08000a40                __aeabi_dcmple
                0x08000a54                __aeabi_dcmpge
                0x08000a68                __aeabi_dcmpgt
 .text          0x08000a7c       0xa0 d:/2.30/share/armgcc/bin/../lib/gcc/arm-none-eabi/9.3.1/thumb/v7e-m+fp/hard\libgcc.a(_arm_truncdfsf2.o)
                0x08000a7c                __truncdfsf2
                0x08000a7c                __aeabi_d2f
 *(.text*)
 .text.Reset_Handler
                0x08000b1c       0x4c obj\debug\src\startup_stm32f407xx.o
                0x08000b1c                Reset_Handler
 .text.Default_Handler
                0x08000b68        0x2 obj\debug\src\startup_stm32f407xx.o
                0x08000b68                RTC_Alarm_IRQHandler
                0x08000b68                HASH_RNG_IRQHandler
                0x08000b68                TIM8_CC_IRQHandler
                0x08000b68                DebugMon_Handler
                0x08000b68                TIM1_CC_IRQHandler
                0x08000b68                DMA2_Stream5_IRQHandler
                0x08000b68                HardFault_Handler
                0x08000b68                DMA1_Stream5_IRQHandler
                0x08000b68                PVD_IRQHandler
                0x08000b68                SDIO_IRQHandler
                0x08000b68                TAMP_STAMP_IRQHandler
                0x08000b68                NMI_Handler
                0x08000b68                CAN2_RX1_IRQHandler
                0x08000b68                TIM8_TRG_COM_TIM14_IRQHandler
                0x08000b68                TIM1_UP_TIM10_IRQHandler
                0x08000b68                I2C3_ER_IRQHandler
                0x08000b68                I2C2_EV_IRQHandler
                0x08000b68                DMA1_Stream2_IRQHandler
                0x08000b68                CAN1_RX0_IRQHandler
                0x08000b68                FPU_IRQHandler
                0x08000b68                OTG_HS_WKUP_IRQHandler
                0x08000b68                UsageFault_Handler
                0x08000b68                CAN2_SCE_IRQHandler
                0x08000b68                DMA2_Stream2_IRQHandler
                0x08000b68                SPI1_IRQHandler
                0x08000b68                TIM1_BRK_TIM9_IRQHandler
                0x08000b68                DCMI_IRQHandler
                0x08000b68                CAN2_RX0_IRQHandler
                0x08000b68                DMA2_Stream3_IRQHandler
                0x08000b68                USART6_IRQHandler
                0x08000b68                CAN1_RX1_IRQHandler
                0x08000b68                UART5_IRQHandler
                0x08000b68                DMA2_Stream0_IRQHandler
                0x08000b68                I2C1_EV_IRQHandler
                0x08000b68                DMA1_Stream6_IRQHandler
                0x08000b68                DMA1_Stream1_IRQHandler
                0x08000b68                UART4_IRQHandler
                0x08000b68                RCC_IRQHandler
                0x08000b68                TIM8_BRK_TIM12_IRQHandler
                0x08000b68                Default_Handler
                0x08000b68                ADC_IRQHandler
                0x08000b68                DMA1_Stream7_IRQHandler
                0x08000b68                CAN2_TX_IRQHandler
                0x08000b68                DMA2_Stream7_IRQHandler
                0x08000b68                I2C3_EV_IRQHandler
                0x08000b68                RTC_WKUP_IRQHandler
                0x08000b68                ETH_WKUP_IRQHandler
                0x08000b68                SPI2_IRQHandler
                0x08000b68                OTG_HS_EP1_IN_IRQHandler
                0x08000b68                MemManage_Handler
                0x08000b68                DMA1_Stream0_IRQHandler
                0x08000b68                CAN1_TX_IRQHandler
                0x08000b68                FSMC_IRQHandler
                0x08000b68                ETH_IRQHandler
                0x08000b68                OTG_HS_EP1_OUT_IRQHandler
                0x08000b68                WWDG_IRQHandler
                0x08000b68                OTG_FS_WKUP_IRQHandler
                0x08000b68                TIM1_TRG_COM_TIM11_IRQHandler
                0x08000b68                OTG_HS_IRQHandler
                0x08000b68                USART2_IRQHandler
                0x08000b68                I2C2_ER_IRQHandler
                0x08000b68                DMA2_Stream1_IRQHandler
                0x08000b68                CAN1_SCE_IRQHandler
                0x08000b68                FLASH_IRQHandler
                0x08000b68                DMA2_Stream4_IRQHandler
                0x08000b68                BusFault_Handler
                0x08000b68                USART1_IRQHandler
                0x08000b68                OTG_FS_IRQHandler
                0x08000b68                SPI3_IRQHandler
                0x08000b68                DMA1_Stream4_IRQHandler
                0x08000b68                I2C1_ER_IRQHandler
                0x08000b68                DMA2_Stream6_IRQHandler
                0x08000b68                DMA1_Stream3_IRQHandler
 *fill*         0x08000b6a        0x2 
 .text.__NVIC_EnableIRQ
                0x08000b6c       0x3c obj\debug\fil lib\rcr dstu\rcr_setupcustom.o
 .text.__NVIC_SetPriority
                0x08000ba8       0x54 obj\debug\fil lib\rcr dstu\rcr_setupcustom.o
 .text.SysTick_Config
                0x08000bfc       0x44 obj\debug\fil lib\rcr dstu\rcr_setupcustom.o
 .text.BoardStart
                0x08000c40     0x17c8 obj\debug\fil lib\rcr dstu\rcr_setupcustom.o
                0x08000c40                BoardStart
 .text.InterruptsEnable
                0x08002408       0x2c obj\debug\fil lib\rcr dstu\rcr_setupcustom.o
                0x08002408                InterruptsEnable
 .text.TimEngineClutchConfigure
                0x08002434       0xd4 obj\debug\fil lib\rcr dstu\rcr_setupcustom.o
                0x08002434                TimEngineClutchConfigure
 .text.TimGasConfigure
                0x08002508       0xc4 obj\debug\fil lib\rcr dstu\rcr_setupcustom.o
                0x08002508                TimGasConfigure
 .text.add_ext_interrupt
                0x080025cc      0x120 obj\debug\fil lib\rcr dstu\rcr_setupcustom.o
                0x080025cc                add_ext_interrupt
 .text.SetPWM   0x080026ec      0x110 obj\debug\fil lib\rcr dstu\rcr_setupcustom.o
                0x080026ec                SetPWM
 .text.pvPortMalloc
                0x080027fc      0x164 obj\debug\freertos_lib\heap_2.o
                0x080027fc                pvPortMalloc
 .text.vPortFree
                0x08002960       0x74 obj\debug\freertos_lib\heap_2.o
                0x08002960                vPortFree
 .text.prvHeapInit
                0x080029d4       0x54 obj\debug\freertos_lib\heap_2.o
 .text.vListInitialise
                0x08002a28       0x40 obj\debug\freertos_lib\list.o
                0x08002a28                vListInitialise
 .text.vListInitialiseItem
                0x08002a68       0x1a obj\debug\freertos_lib\list.o
                0x08002a68                vListInitialiseItem
 .text.vListInsertEnd
                0x08002a82       0x48 obj\debug\freertos_lib\list.o
                0x08002a82                vListInsertEnd
 .text.vListInsert
                0x08002aca       0x72 obj\debug\freertos_lib\list.o
                0x08002aca                vListInsert
 .text.uxListRemove
                0x08002b3c       0x54 obj\debug\freertos_lib\list.o
                0x08002b3c                uxListRemove
 .text.pxPortInitialiseStack
                0x08002b90       0x68 obj\debug\freertos_lib\port.o
                0x08002b90                pxPortInitialiseStack
 .text.prvTaskExitError
                0x08002bf8       0x58 obj\debug\freertos_lib\port.o
 .text.SVC_Handler
                0x08002c50       0x28 obj\debug\freertos_lib\port.o
                0x08002c50                SVC_Handler
 .text.prvPortStartFirstTask
                0x08002c78       0x2c obj\debug\freertos_lib\port.o
 .text.xPortStartScheduler
                0x08002ca4      0x164 obj\debug\freertos_lib\port.o
                0x08002ca4                xPortStartScheduler
 .text.vPortEnterCritical
                0x08002e08       0x60 obj\debug\freertos_lib\port.o
                0x08002e08                vPortEnterCritical
 .text.vPortExitCritical
                0x08002e68       0x54 obj\debug\freertos_lib\port.o
                0x08002e68                vPortExitCritical
 *fill*         0x08002ebc        0x4 
 .text.PendSV_Handler
                0x08002ec0       0x68 obj\debug\freertos_lib\port.o
                0x08002ec0                PendSV_Handler
 .text.SysTick_Handler
                0x08002f28       0x44 obj\debug\freertos_lib\port.o
                0x08002f28                SysTick_Handler
 .text.vPortSetupTimerInterrupt
                0x08002f6c       0x48 obj\debug\freertos_lib\port.o
                0x08002f6c                vPortSetupTimerInterrupt
 .text.vPortEnableVFP
                0x08002fb4       0x18 obj\debug\freertos_lib\port.o
 .text.vPortValidateInterruptPriority
                0x08002fcc       0x80 obj\debug\freertos_lib\port.o
                0x08002fcc                vPortValidateInterruptPriority
 .text.xQueueGenericReset
                0x0800304c       0xd0 obj\debug\freertos_lib\queue.o
                0x0800304c                xQueueGenericReset
 .text.xQueueGenericCreate
                0x0800311c       0xbe obj\debug\freertos_lib\queue.o
                0x0800311c                xQueueGenericCreate
 .text.prvInitialiseNewQueue
                0x080031da       0x46 obj\debug\freertos_lib\queue.o
 .text.xQueueGenericSend
                0x08003220      0x1fc obj\debug\freertos_lib\queue.o
                0x08003220                xQueueGenericSend
 .text.xQueueGenericSendFromISR
                0x0800341c      0x154 obj\debug\freertos_lib\queue.o
                0x0800341c                xQueueGenericSendFromISR
 .text.xQueueReceive
                0x08003570      0x1c0 obj\debug\freertos_lib\queue.o
                0x08003570                xQueueReceive
 .text.xQueueSemaphoreTake
                0x08003730      0x218 obj\debug\freertos_lib\queue.o
                0x08003730                xQueueSemaphoreTake
 .text.xQueuePeek
                0x08003948      0x1c4 obj\debug\freertos_lib\queue.o
                0x08003948                xQueuePeek
 .text.vQueueDelete
                0x08003b0c       0x3c obj\debug\freertos_lib\queue.o
                0x08003b0c                vQueueDelete
 .text.prvGetDisinheritPriorityAfterTimeout
                0x08003b48       0x30 obj\debug\freertos_lib\queue.o
 .text.prvCopyDataToQueue
                0x08003b78       0xd4 obj\debug\freertos_lib\queue.o
 .text.prvCopyDataFromQueue
                0x08003c4c       0x4c obj\debug\freertos_lib\queue.o
 .text.prvUnlockQueue
                0x08003c98       0xa4 obj\debug\freertos_lib\queue.o
 .text.prvIsQueueEmpty
                0x08003d3c       0x2c obj\debug\freertos_lib\queue.o
 .text.prvIsQueueFull
                0x08003d68       0x30 obj\debug\freertos_lib\queue.o
 .text.vQueueAddToRegistry
                0x08003d98       0x54 obj\debug\freertos_lib\queue.o
                0x08003d98                vQueueAddToRegistry
 .text.vQueueUnregisterQueue
                0x08003dec       0x54 obj\debug\freertos_lib\queue.o
                0x08003dec                vQueueUnregisterQueue
 .text.vQueueWaitForMessageRestricted
                0x08003e40       0x68 obj\debug\freertos_lib\queue.o
                0x08003e40                vQueueWaitForMessageRestricted
 .text.xTaskCreate
                0x08003ea8       0x82 obj\debug\freertos_lib\tasks.o
                0x08003ea8                xTaskCreate
 .text.prvInitialiseNewTask
                0x08003f2a      0x12c obj\debug\freertos_lib\tasks.o
 *fill*         0x08004056        0x2 
 .text.prvAddNewTaskToReadyList
                0x08004058       0xdc obj\debug\freertos_lib\tasks.o
 .text.vTaskDelete
                0x08004134      0x120 obj\debug\freertos_lib\tasks.o
                0x08004134                vTaskDelete
 .text.vTaskDelay
                0x08004254       0x68 obj\debug\freertos_lib\tasks.o
                0x08004254                vTaskDelay
 .text.vTaskPrioritySet
                0x080042bc      0x154 obj\debug\freertos_lib\tasks.o
                0x080042bc                vTaskPrioritySet
 .text.vTaskSuspend
                0x08004410      0x140 obj\debug\freertos_lib\tasks.o
                0x08004410                vTaskSuspend
 .text.prvTaskIsTaskSuspended
                0x08004550       0x64 obj\debug\freertos_lib\tasks.o
 .text.vTaskResume
                0x080045b4       0xbc obj\debug\freertos_lib\tasks.o
                0x080045b4                vTaskResume
 .text.vTaskStartScheduler
                0x08004670       0xa4 obj\debug\freertos_lib\tasks.o
                0x08004670                vTaskStartScheduler
 .text.vTaskSuspendAll
                0x08004714       0x1c obj\debug\freertos_lib\tasks.o
                0x08004714                vTaskSuspendAll
 .text.xTaskResumeAll
                0x08004730      0x138 obj\debug\freertos_lib\tasks.o
                0x08004730                xTaskResumeAll
 .text.xTaskGetTickCount
                0x08004868       0x20 obj\debug\freertos_lib\tasks.o
                0x08004868                xTaskGetTickCount
 .text.xTaskIncrementTick
                0x08004888      0x180 obj\debug\freertos_lib\tasks.o
                0x08004888                xTaskIncrementTick
 .text.vTaskSwitchContext
                0x08004a08      0x100 obj\debug\freertos_lib\tasks.o
                0x08004a08                vTaskSwitchContext
 .text.vTaskPlaceOnEventList
                0x08004b08       0x48 obj\debug\freertos_lib\tasks.o
                0x08004b08                vTaskPlaceOnEventList
 .text.vTaskPlaceOnEventListRestricted
                0x08004b50       0x58 obj\debug\freertos_lib\tasks.o
                0x08004b50                vTaskPlaceOnEventListRestricted
 .text.xTaskRemoveFromEventList
                0x08004ba8       0xc4 obj\debug\freertos_lib\tasks.o
                0x08004ba8                xTaskRemoveFromEventList
 .text.vTaskInternalSetTimeOutState
                0x08004c6c       0x2c obj\debug\freertos_lib\tasks.o
                0x08004c6c                vTaskInternalSetTimeOutState
 .text.xTaskCheckForTimeOut
                0x08004c98       0xcc obj\debug\freertos_lib\tasks.o
                0x08004c98                xTaskCheckForTimeOut
 .text.vTaskMissedYield
                0x08004d64       0x18 obj\debug\freertos_lib\tasks.o
                0x08004d64                vTaskMissedYield
 .text.prvIdleTask
                0x08004d7c       0x34 obj\debug\freertos_lib\tasks.o
 .text.prvInitialiseTaskLists
                0x08004db0       0x80 obj\debug\freertos_lib\tasks.o
 .text.prvCheckTasksWaitingTermination
                0x08004e30       0x5c obj\debug\freertos_lib\tasks.o
 .text.prvDeleteTCB
                0x08004e8c       0x20 obj\debug\freertos_lib\tasks.o
 .text.prvResetNextTaskUnblockTime
                0x08004eac       0x38 obj\debug\freertos_lib\tasks.o
 .text.xTaskGetSchedulerState
                0x08004ee4       0x3c obj\debug\freertos_lib\tasks.o
                0x08004ee4                xTaskGetSchedulerState
 .text.xTaskPriorityInherit
                0x08004f20       0xec obj\debug\freertos_lib\tasks.o
                0x08004f20                xTaskPriorityInherit
 .text.xTaskPriorityDisinherit
                0x0800500c       0xf4 obj\debug\freertos_lib\tasks.o
                0x0800500c                xTaskPriorityDisinherit
 .text.vTaskPriorityDisinheritAfterTimeout
                0x08005100      0x11c obj\debug\freertos_lib\tasks.o
                0x08005100                vTaskPriorityDisinheritAfterTimeout
 .text.pvTaskIncrementMutexHeldCount
                0x0800521c       0x28 obj\debug\freertos_lib\tasks.o
                0x0800521c                pvTaskIncrementMutexHeldCount
 .text.prvAddCurrentTaskToDelayedList
                0x08005244       0xcc obj\debug\freertos_lib\tasks.o
 .text.xTimerCreateTimerTask
                0x08005310       0x64 obj\debug\freertos_lib\timers.o
                0x08005310                xTimerCreateTimerTask
 .text.xTimerGenericCommand
                0x08005374       0x9c obj\debug\freertos_lib\timers.o
                0x08005374                xTimerGenericCommand
 .text.prvProcessExpiredTimer
                0x08005410       0x98 obj\debug\freertos_lib\timers.o
 .text.prvTimerTask
                0x080054a8       0x24 obj\debug\freertos_lib\timers.o
 .text.prvProcessTimerOrBlockTask
                0x080054cc       0x9c obj\debug\freertos_lib\timers.o
 .text.prvGetNextExpireTime
                0x08005568       0x48 obj\debug\freertos_lib\timers.o
 .text.prvSampleTimeNow
                0x080055b0       0x40 obj\debug\freertos_lib\timers.o
 .text.prvInsertTimerInActiveList
                0x080055f0       0x84 obj\debug\freertos_lib\timers.o
 .text.prvProcessReceivedCommands
                0x08005674      0x18c obj\debug\freertos_lib\timers.o
 .text.prvSwitchTimerLists
                0x08005800       0xc8 obj\debug\freertos_lib\timers.o
 .text.prvCheckForValidListAndQueue
                0x080058c8       0x6c obj\debug\freertos_lib\timers.o
 .text.ModBus_Init
                0x08005934       0x90 obj\debug\modbus\modbus.o
                0x08005934                ModBus_Init
 .text.ModBus_QueueClear
                0x080059c4       0x58 obj\debug\modbus\modbus.o
                0x080059c4                ModBus_QueueClear
 .text.LRC_Counting
                0x08005a1c       0x40 obj\debug\modbus\modbus.o
                0x08005a1c                LRC_Counting
 .text.ModBus_DEC_TO_ASCII_Converter
                0x08005a5c       0x60 obj\debug\modbus\modbus.o
                0x08005a5c                ModBus_DEC_TO_ASCII_Converter
 .text.ModBus_HEX_TO_ASCII_Converter
                0x08005abc       0x7c obj\debug\modbus\modbus.o
                0x08005abc                ModBus_HEX_TO_ASCII_Converter
 .text.ModBus_ASCII_TO_HEX_Converter
                0x08005b38       0x72 obj\debug\modbus\modbus.o
                0x08005b38                ModBus_ASCII_TO_HEX_Converter
 *fill*         0x08005baa        0x2 
 .text.ModBus_ClearMsgs
                0x08005bac       0x3c obj\debug\modbus\modbus.o
                0x08005bac                ModBus_ClearMsgs
 .text.ModBus_CheckFrame
                0x08005be8       0x84 obj\debug\modbus\modbus.o
                0x08005be8                ModBus_CheckFrame
 .text.ModBus_ParsePacket
                0x08005c6c      0x184 obj\debug\modbus\modbus.o
                0x08005c6c                ModBus_ParsePacket
 .text.ModBus_IsFull_Queue
                0x08005df0       0x78 obj\debug\modbus\modbus.o
                0x08005df0                ModBus_IsFull_Queue
 .text.ModBus_SendResponse
                0x08005e68       0x2c obj\debug\modbus\modbus.o
                0x08005e68                ModBus_SendResponse
 .text.ModBus_PutQueue
                0x08005e94       0x5c obj\debug\modbus\modbus.o
                0x08005e94                ModBus_PutQueue
 .text.ModBus_SendResponseSpeed
                0x08005ef0      0x11c obj\debug\modbus\modbus.o
                0x08005ef0                ModBus_SendResponseSpeed
 .text.Get_Queue
                0x0800600c       0x20 obj\debug\modbus\modbus.o
                0x0800600c                Get_Queue
 .text.ModBus_SendByte
                0x0800602c       0x84 obj\debug\modbus\modbus.o
                0x0800602c                ModBus_SendByte
 .text.Move_Clutch
                0x080060b0       0xe8 obj\debug\src\carmanagement.o
                0x080060b0                Move_Clutch
 .text.Get_Clutch
                0x08006198       0x40 obj\debug\src\carmanagement.o
                0x08006198                Get_Clutch
 .text.Get_Transmission
                0x080061d8       0x8c obj\debug\src\carmanagement.o
                0x080061d8                Get_Transmission
 .text.Set_Transmission
                0x08006264      0x124 obj\debug\src\carmanagement.o
                0x08006264                Set_Transmission
 .text.Set_Gas  0x08006388       0x70 obj\debug\src\carmanagement.o
                0x08006388                Set_Gas
 .text.Set_Brake
                0x080063f8       0x40 obj\debug\src\carmanagement.o
                0x080063f8                Set_Brake
 .text.MoveTo   0x08006438       0xa8 obj\debug\src\carmanagement.o
                0x08006438                MoveTo
 .text.Speed_Calc_Car
                0x080064e0      0x110 obj\debug\src\carregulators.o
                0x080064e0                Speed_Calc_Car
 .text.Speed_Calc_Transmission
                0x080065f0       0xc4 obj\debug\src\carregulators.o
                0x080065f0                Speed_Calc_Transmission
 .text.PID_Init
                0x080066b4      0x128 obj\debug\src\carregulators.o
                0x080066b4                PID_Init
 .text.PID_Calc
                0x080067dc      0x146 obj\debug\src\carregulators.o
                0x080067dc                PID_Calc
 *fill*         0x08006922        0x2 
 .text.main     0x08006924      0x204 obj\debug\src\main.o
                0x08006924                main
 .text.vApplicationTickHook
                0x08006b28        0xe obj\debug\src\robot_tasks.o
                0x08006b28                vApplicationTickHook
 .text.vApplicationIdleHook
                0x08006b36        0xe obj\debug\src\robot_tasks.o
                0x08006b36                vApplicationIdleHook
 .text.vApplicationStackOverflowHook
                0x08006b44       0x16 obj\debug\src\robot_tasks.o
                0x08006b44                vApplicationStackOverflowHook
 .text.vApplicationMallocFailedHook
                0x08006b5a        0xe obj\debug\src\robot_tasks.o
                0x08006b5a                vApplicationMallocFailedHook
 .text.vRobotGo
                0x08006b68      0x294 obj\debug\src\robot_tasks.o
                0x08006b68                vRobotGo
 .text.vStart   0x08006dfc      0x164 obj\debug\src\robot_tasks.o
                0x08006dfc                vStart
 .text.vClutchManagement
                0x08006f60      0x144 obj\debug\src\robot_tasks.o
                0x08006f60                vClutchManagement
 .text.vBrakeManagement
                0x080070a4       0xcc obj\debug\src\robot_tasks.o
                0x080070a4                vBrakeManagement
 .text.vGasManagement
                0x08007170       0xb0 obj\debug\src\robot_tasks.o
                0x08007170                vGasManagement
 .text.vWaitingEvent
                0x08007220       0xb0 obj\debug\src\robot_tasks.o
                0x08007220                vWaitingEvent
 .text.vManagementGearsBox
                0x080072d0       0x38 obj\debug\src\robot_tasks.o
                0x080072d0                vManagementGearsBox
 .text.vModBusManagement
                0x08007308       0xb4 obj\debug\src\robot_tasks.o
                0x08007308                vModBusManagement
 *fill*         0x080073bc        0x4 
 .text.vSecurityMemoryManagement
                0x080073c0      0x1cc obj\debug\src\robot_tasks.o
                0x080073c0                vSecurityMemoryManagement
 .text.USART3_IRQHandler
                0x0800758c       0x58 obj\debug\fil lib\interrupts.o
                0x0800758c                USART3_IRQHandler
 .text.TIM2_IRQHandler
                0x080075e4       0x16 obj\debug\fil lib\interrupts.o
                0x080075e4                TIM2_IRQHandler
 *fill*         0x080075fa        0x2 
 .text.TIM3_IRQHandler
                0x080075fc       0x18 obj\debug\fil lib\interrupts.o
                0x080075fc                TIM3_IRQHandler
 .text.TIM4_IRQHandler
                0x08007614       0x18 obj\debug\fil lib\interrupts.o
                0x08007614                TIM4_IRQHandler
 .text.TIM5_IRQHandler
                0x0800762c       0x18 obj\debug\fil lib\interrupts.o
                0x0800762c                TIM5_IRQHandler
 *fill*         0x08007644        0x4 
 .text.TIM6_DAC_IRQHandler
                0x08007648       0xb4 obj\debug\fil lib\interrupts.o
                0x08007648                TIM6_DAC_IRQHandler
 *fill*         0x080076fc        0x4 
 .text.TIM7_IRQHandler
                0x08007700       0xe0 obj\debug\fil lib\interrupts.o
                0x08007700                TIM7_IRQHandler
 .text.TIM8_UP_TIM13_IRQHandler
                0x080077e0       0x18 obj\debug\fil lib\interrupts.o
                0x080077e0                TIM8_UP_TIM13_IRQHandler
 .text.EXTI0_IRQHandler
                0x080077f8       0x2c obj\debug\fil lib\interrupts.o
                0x080077f8                EXTI0_IRQHandler
 .text.EXTI1_IRQHandler
                0x08007824       0x2c obj\debug\fil lib\interrupts.o
                0x08007824                EXTI1_IRQHandler
 .text.EXTI2_IRQHandler
                0x08007850       0x18 obj\debug\fil lib\interrupts.o
                0x08007850                EXTI2_IRQHandler
 .text.EXTI3_IRQHandler
                0x08007868       0x18 obj\debug\fil lib\interrupts.o
                0x08007868                EXTI3_IRQHandler
 .text.EXTI4_IRQHandler
                0x08007880       0x18 obj\debug\fil lib\interrupts.o
                0x08007880                EXTI4_IRQHandler
 .text.EXTI9_5_IRQHandler
                0x08007898       0x60 obj\debug\fil lib\interrupts.o
                0x08007898                EXTI9_5_IRQHandler
 .text.EXTI15_10_IRQHandler
                0x080078f8       0x28 obj\debug\fil lib\interrupts.o
                0x080078f8                EXTI15_10_IRQHandler
 .text.SystemInit
                0x08007920       0x6c obj\debug\src\system_stm32f4xx.o
                0x08007920                SystemInit
 .text.SetSysClock
                0x0800798c       0xf8 obj\debug\src\system_stm32f4xx.o
 .text.memcpy   0x08007a84       0x1c d:/2.30/share/armgcc/bin/../lib/gcc/arm-none-eabi/9.3.1/../../../../arm-none-eabi/lib/thumb/v7e-m+fp/hard\libg_nano.a(lib_a-memcpy-stub.o)
                0x08007a84                memcpy
 .text.memset   0x08007aa0       0x10 d:/2.30/share/armgcc/bin/../lib/gcc/arm-none-eabi/9.3.1/../../../../arm-none-eabi/lib/thumb/v7e-m+fp/hard\libg_nano.a(lib_a-memset.o)
                0x08007aa0                memset
 *(.glue_7)
 .glue_7        0x08007ab0        0x0 linker stubs
 *(.glue_7t)
 .glue_7t       0x08007ab0        0x0 linker stubs
 *(.eh_frame)
 .eh_frame      0x08007ab0        0x0 d:/2.30/share/armgcc/bin/../lib/gcc/arm-none-eabi/9.3.1/thumb/v7e-m+fp/hard/crtbegin.o
 *(.init)
 .init          0x08007ab0        0x4 d:/2.30/share/armgcc/bin/../lib/gcc/arm-none-eabi/9.3.1/thumb/v7e-m+fp/hard/crti.o
                0x08007ab0                _init
 .init          0x08007ab4        0x8 d:/2.30/share/armgcc/bin/../lib/gcc/arm-none-eabi/9.3.1/thumb/v7e-m+fp/hard/crtn.o
 *(.fini)
 .fini          0x08007abc        0x4 d:/2.30/share/armgcc/bin/../lib/gcc/arm-none-eabi/9.3.1/thumb/v7e-m+fp/hard/crti.o
                0x08007abc                _fini
 .fini          0x08007ac0        0x8 d:/2.30/share/armgcc/bin/../lib/gcc/arm-none-eabi/9.3.1/thumb/v7e-m+fp/hard/crtn.o
                0x08007ac8                . = ALIGN (0x4)
                0x08007ac8                _etext = .

.vfp11_veneer   0x08007ac8        0x0
 .vfp11_veneer  0x08007ac8        0x0 linker stubs

.v4_bx          0x08007ac8        0x0
 .v4_bx         0x08007ac8        0x0 linker stubs

.iplt           0x08007ac8        0x0
 .iplt          0x08007ac8        0x0 d:/2.30/share/armgcc/bin/../lib/gcc/arm-none-eabi/9.3.1/thumb/v7e-m+fp/hard/crtbegin.o

.rodata         0x08007ac8       0x9c
                0x08007ac8                . = ALIGN (0x4)
 *(.rodata)
 .rodata        0x08007ac8        0x5 obj\debug\freertos_lib\tasks.o
 *fill*         0x08007acd        0x3 
 .rodata        0x08007ad0        0xd obj\debug\freertos_lib\timers.o
 *fill*         0x08007add        0x3 
 .rodata        0x08007ae0       0x46 obj\debug\src\main.o
 *fill*         0x08007b26        0x2 
 .rodata        0x08007b28       0x3a obj\debug\src\robot_tasks.o
 *(.rodata*)
                0x08007b64                . = ALIGN (0x4)
 *fill*         0x08007b62        0x2 

.rel.dyn        0x08007b64        0x0
 .rel.iplt      0x08007b64        0x0 d:/2.30/share/armgcc/bin/../lib/gcc/arm-none-eabi/9.3.1/thumb/v7e-m+fp/hard/crtbegin.o

.ARM.extab
 *(.ARM.extab* .gnu.linkonce.armextab.*)

.ARM            0x08007b64        0x0
                0x08007b64                __exidx_start = .
 *(.ARM.exidx*)
                0x08007b64                __exidx_end = .

.preinit_array  0x08007b64        0x0
                0x08007b64                PROVIDE (__preinit_array_start = .)
 *(.preinit_array*)
                0x08007b64                PROVIDE (__preinit_array_end = .)

.init_array     0x08007b64        0x4
                0x08007b64                PROVIDE (__init_array_start = .)
 *(SORT_BY_NAME(.init_array.*))
 *(.init_array*)
 .init_array    0x08007b64        0x4 d:/2.30/share/armgcc/bin/../lib/gcc/arm-none-eabi/9.3.1/thumb/v7e-m+fp/hard/crtbegin.o
                0x08007b68                PROVIDE (__init_array_end = .)

.fini_array     0x08007b68        0x4
                [!provide]                PROVIDE (__fini_array_start = .)
 *(SORT_BY_NAME(.fini_array.*))
 *(.fini_array*)
 .fini_array    0x08007b68        0x4 d:/2.30/share/armgcc/bin/../lib/gcc/arm-none-eabi/9.3.1/thumb/v7e-m+fp/hard/crtbegin.o
                [!provide]                PROVIDE (__fini_array_end = .)
                0x08007b6c                _sidata = LOADADDR (.data)

.data           0x20000000       0xb0 load address 0x08007b6c
                0x20000000                . = ALIGN (0x4)
                0x20000000                _sdata = .
 *(.data)
 *(.data*)
 .data.prescaler_table
                0x20000000       0x10 obj\debug\fil lib\rcr dstu\rcr_setupcustom.o
 .data.DIR_List
                0x20000010       0x28 obj\debug\fil lib\rcr dstu\rcr_setupcustom.o
 .data.PWM_List
                0x20000038       0x28 obj\debug\fil lib\rcr dstu\rcr_setupcustom.o
 .data.xFreeBytesRemaining
                0x20000060        0x4 obj\debug\freertos_lib\heap_2.o
 .data.uxCriticalNesting
                0x20000064        0x4 obj\debug\freertos_lib\port.o
 .data.uxTopUsedPriority
                0x20000068        0x4 obj\debug\freertos_lib\tasks.o
                0x20000068                uxTopUsedPriority
 .data.StartFrameSend
                0x2000006c        0xf obj\debug\modbus\modbus.o
                0x2000006c                StartFrameSend
 *fill*         0x2000007b        0x1 
 .data.TransmissionManagementMatrix
                0x2000007c       0x20 obj\debug\src\carmanagement.o
 .data.encoderData
                0x2000009c       0x10 obj\debug\src\carregulators.o
                0x2000009c                encoderData
 .data.SystemCoreClock
                0x200000ac        0x4 obj\debug\src\system_stm32f4xx.o
                0x200000ac                SystemCoreClock
                0x200000b0                . = ALIGN (0x4)
                0x200000b0                _edata = .

.igot.plt       0x200000b0        0x0 load address 0x08007c1c
 .igot.plt      0x200000b0        0x0 d:/2.30/share/armgcc/bin/../lib/gcc/arm-none-eabi/9.3.1/thumb/v7e-m+fp/hard/crtbegin.o
                0x200000b0                . = ALIGN (0x4)

.bss            0x200000b0    0x12f0c load address 0x08007c1c
                0x200000b0                _sbss = .
                0x200000b0                __bss_start__ = _sbss
 *(.bss)
 .bss           0x200000b0       0x1c d:/2.30/share/armgcc/bin/../lib/gcc/arm-none-eabi/9.3.1/thumb/v7e-m+fp/hard/crtbegin.o
 *(.bss*)
 .bss.ucHeap    0x200000cc    0x12c00 obj\debug\freertos_lib\heap_2.o
 .bss.xStart    0x20012ccc        0x8 obj\debug\freertos_lib\heap_2.o
 .bss.xEnd      0x20012cd4        0x8 obj\debug\freertos_lib\heap_2.o
 .bss.xHeapHasBeenInitialised.8155
                0x20012cdc        0x4 obj\debug\freertos_lib\heap_2.o
 .bss.ucMaxSysCallPriority
                0x20012ce0        0x1 obj\debug\freertos_lib\port.o
 *fill*         0x20012ce1        0x3 
 .bss.ulMaxPRIGROUPValue
                0x20012ce4        0x4 obj\debug\freertos_lib\port.o
 .bss.pxCurrentTCB
                0x20012ce8        0x4 obj\debug\freertos_lib\tasks.o
                0x20012ce8                pxCurrentTCB
 .bss.pxReadyTasksLists
                0x20012cec       0x64 obj\debug\freertos_lib\tasks.o
 .bss.xDelayedTaskList1
                0x20012d50       0x14 obj\debug\freertos_lib\tasks.o
 .bss.xDelayedTaskList2
                0x20012d64       0x14 obj\debug\freertos_lib\tasks.o
 .bss.pxDelayedTaskList
                0x20012d78        0x4 obj\debug\freertos_lib\tasks.o
 .bss.pxOverflowDelayedTaskList
                0x20012d7c        0x4 obj\debug\freertos_lib\tasks.o
 .bss.xPendingReadyList
                0x20012d80       0x14 obj\debug\freertos_lib\tasks.o
 .bss.xTasksWaitingTermination
                0x20012d94       0x14 obj\debug\freertos_lib\tasks.o
 .bss.uxDeletedTasksWaitingCleanUp
                0x20012da8        0x4 obj\debug\freertos_lib\tasks.o
 .bss.xSuspendedTaskList
                0x20012dac       0x14 obj\debug\freertos_lib\tasks.o
 .bss.uxCurrentNumberOfTasks
                0x20012dc0        0x4 obj\debug\freertos_lib\tasks.o
 .bss.xTickCount
                0x20012dc4        0x4 obj\debug\freertos_lib\tasks.o
 .bss.uxTopReadyPriority
                0x20012dc8        0x4 obj\debug\freertos_lib\tasks.o
 .bss.xSchedulerRunning
                0x20012dcc        0x4 obj\debug\freertos_lib\tasks.o
 .bss.xPendedTicks
                0x20012dd0        0x4 obj\debug\freertos_lib\tasks.o
 .bss.xYieldPending
                0x20012dd4        0x4 obj\debug\freertos_lib\tasks.o
 .bss.xNumOfOverflows
                0x20012dd8        0x4 obj\debug\freertos_lib\tasks.o
 .bss.uxTaskNumber
                0x20012ddc        0x4 obj\debug\freertos_lib\tasks.o
 .bss.xNextTaskUnblockTime
                0x20012de0        0x4 obj\debug\freertos_lib\tasks.o
 .bss.xIdleTaskHandle
                0x20012de4        0x4 obj\debug\freertos_lib\tasks.o
 .bss.uxSchedulerSuspended
                0x20012de8        0x4 obj\debug\freertos_lib\tasks.o
 .bss.xActiveTimerList1
                0x20012dec       0x14 obj\debug\freertos_lib\timers.o
 .bss.xActiveTimerList2
                0x20012e00       0x14 obj\debug\freertos_lib\timers.o
 .bss.pxCurrentTimerList
                0x20012e14        0x4 obj\debug\freertos_lib\timers.o
 .bss.pxOverflowTimerList
                0x20012e18        0x4 obj\debug\freertos_lib\timers.o
 .bss.xTimerQueue
                0x20012e1c        0x4 obj\debug\freertos_lib\timers.o
 .bss.xTimerTaskHandle
                0x20012e20        0x4 obj\debug\freertos_lib\timers.o
 .bss.xLastTime.8467
                0x20012e24        0x4 obj\debug\freertos_lib\timers.o
 .bss.Error     0x20012e28        0x4 obj\debug\modbus\modbus.o
 .bss.UARTBufferSlaveAddrIndex.8955
                0x20012e2c        0x4 obj\debug\modbus\modbus.o
 .bss.Data      0x20012e30        0x8 obj\debug\src\carregulators.o
                0x20012e30                Data
 *(COMMON)
 COMMON         0x20012e38      0x120 obj\debug\fil lib\rcr dstu\rcr_setupcustom.o
                0x20012e38                xRobotGo
                0x20012e3c                xStartHandle
                0x20012e40                xGasHandle
                0x20012e44                LPulseWheel
                0x20012e48                UARTBufferEndMsgPointer
                0x20012e4c                xQueueManagHandle
                0x20012e50                xStartEvent
                0x20012e54                UARTReceiver_Flag
                0x20012e58                xWaitingHangle
                0x20012e5c                xBrakeHandle
                0x20012e60                Queue_StartIndex
                0x20012e64                xQueueBrakeHandle
                0x20012e68                xQueueTransmissionHandle
                0x20012e6c                UART_Buffer
                0x20012e7c                Brake_Flag
                0x20012e80                xCarRegulatorHandle
                0x20012e84                UARTBufferIndex
                0x20012e88                UARTTransmit_Flag
                0x20012e8c                Clutch_Flag
                0x20012e90                xCarManagementHandle
                0x20012e94                xClutchHandle
                0x20012e98                Transmission_Flag
                0x20012e9c                xGearsHandle
                0x20012ea0                Queue_EndIndex
                0x20012ea4                StartFlags
                0x20012eac                adc_data
                0x20012ebc                QueueBuffer_To_UART
                0x20012ecc                RPulseWheel
                0x20012ed0                UARTBufferLRCIndex
                0x20012ed4                xQueue20Handle
                0x20012ed8                xModBusHandle
                0x20012edc                Queue_Index
                0x20012ee0                Current_Velocity
                0x20012ee4                TransmissionReg
                0x20012f44                Clocks
                0x20012f54                UARTBufferStartMsgPointer
 COMMON         0x20012f58       0x40 obj\debug\freertos_lib\queue.o
                0x20012f58                xQueueRegistry
 COMMON         0x20012f98        0xc obj\debug\modbus\modbus.o
                0x20012f98                LRCPointer
                0x20012f9c                StartDataSendIndex
                0x20012fa0                QueueIndexTx
 COMMON         0x20012fa4        0x4 obj\debug\src\carregulators.o
                0x20012fa4                Step
 COMMON         0x20012fa8        0xc obj\debug\src\robot_tasks.o
                0x20012fa8                ZeroMesFlag
                0x20012fac                ErrorTask
                0x20012fb0                TargetSpeed
 COMMON         0x20012fb4        0x8 obj\debug\fil lib\interrupts.o
                0x20012fb4                globalRangeTransmission
                0x20012fb8                globalRangeCar
                0x20012fbc                . = ALIGN (0x4)
                0x20012fbc                _ebss = .
                0x20012fbc                __bss_end__ = _ebss

.heap           0x20012fbc        0x0 load address 0x08007c1c
                0x20012fbc                . = ALIGN (0x4)
                [!provide]                PROVIDE (end = .)
                [!provide]                PROVIDE (_end = .)
 *(.heap*)
                0x20012fbc                . = (. + _Min_Heap_Size)
                0x20012fbc                __HeapLimit = .
                0x20012fbc                . = ALIGN (0x4)

.ARM.attributes
                0x00000000       0x30
 *(.ARM.attributes)
 .ARM.attributes
                0x00000000       0x1e d:/2.30/share/armgcc/bin/../lib/gcc/arm-none-eabi/9.3.1/thumb/v7e-m+fp/hard/crti.o
 .ARM.attributes
                0x0000001e       0x34 d:/2.30/share/armgcc/bin/../lib/gcc/arm-none-eabi/9.3.1/thumb/v7e-m+fp/hard/crtbegin.o
 .ARM.attributes
                0x00000052       0x21 obj\debug\src\startup_stm32f407xx.o
 .ARM.attributes
                0x00000073       0x34 obj\debug\fil lib\rcr dstu\rcr_setupcustom.o
 .ARM.attributes
                0x000000a7       0x34 obj\debug\freertos_lib\heap_2.o
 .ARM.attributes
                0x000000db       0x34 obj\debug\freertos_lib\list.o
 .ARM.attributes
                0x0000010f       0x34 obj\debug\freertos_lib\port.o
 .ARM.attributes
                0x00000143       0x34 obj\debug\freertos_lib\queue.o
 .ARM.attributes
                0x00000177       0x34 obj\debug\freertos_lib\tasks.o
 .ARM.attributes
                0x000001ab       0x34 obj\debug\freertos_lib\timers.o
 .ARM.attributes
                0x000001df       0x34 obj\debug\modbus\modbus.o
 .ARM.attributes
                0x00000213       0x34 obj\debug\src\carmanagement.o
 .ARM.attributes
                0x00000247       0x34 obj\debug\src\carregulators.o
 .ARM.attributes
                0x0000027b       0x34 obj\debug\src\main.o
 .ARM.attributes
                0x000002af       0x34 obj\debug\src\robot_tasks.o
 .ARM.attributes
                0x000002e3       0x34 obj\debug\fil lib\interrupts.o
 .ARM.attributes
                0x00000317       0x34 obj\debug\src\system_stm32f4xx.o
 .ARM.attributes
                0x0000034b       0x1e d:/2.30/share/armgcc/bin/../lib/gcc/arm-none-eabi/9.3.1/thumb/v7e-m+fp/hard\libgcc.a(_arm_addsubdf3.o)
 .ARM.attributes
                0x00000369       0x1e d:/2.30/share/armgcc/bin/../lib/gcc/arm-none-eabi/9.3.1/thumb/v7e-m+fp/hard\libgcc.a(_arm_muldivdf3.o)
 .ARM.attributes
                0x00000387       0x1e d:/2.30/share/armgcc/bin/../lib/gcc/arm-none-eabi/9.3.1/thumb/v7e-m+fp/hard\libgcc.a(_arm_cmpdf2.o)
 .ARM.attributes
                0x000003a5       0x1e d:/2.30/share/armgcc/bin/../lib/gcc/arm-none-eabi/9.3.1/thumb/v7e-m+fp/hard\libgcc.a(_arm_truncdfsf2.o)
 .ARM.attributes
                0x000003c3       0x34 d:/2.30/share/armgcc/bin/../lib/gcc/arm-none-eabi/9.3.1/../../../../arm-none-eabi/lib/thumb/v7e-m+fp/hard\libg_nano.a(lib_a-memcpy-stub.o)
 .ARM.attributes
                0x000003f7       0x34 d:/2.30/share/armgcc/bin/../lib/gcc/arm-none-eabi/9.3.1/../../../../arm-none-eabi/lib/thumb/v7e-m+fp/hard\libg_nano.a(lib_a-memset.o)
 .ARM.attributes
                0x0000042b       0x1e d:/2.30/share/armgcc/bin/../lib/gcc/arm-none-eabi/9.3.1/thumb/v7e-m+fp/hard/crtn.o
                0x2001ff00                __StackLimit = (_estack - _Min_Stack_Size)
                0x00000001                ASSERT ((__StackLimit >= __HeapLimit), Region RAM overflowed with stack)
LOAD obj\debug\src\startup_stm32f407xx.o
LOAD obj\debug\fil lib\rcr dstu\rcr_setupcustom.o
LOAD obj\debug\freertos_lib\croutine.o
LOAD obj\debug\freertos_lib\event_groups.o
LOAD obj\debug\freertos_lib\heap_2.o
LOAD obj\debug\freertos_lib\list.o
LOAD obj\debug\freertos_lib\port.o
LOAD obj\debug\freertos_lib\queue.o
LOAD obj\debug\freertos_lib\stream_buffer.o
LOAD obj\debug\freertos_lib\tasks.o
LOAD obj\debug\freertos_lib\timers.o
LOAD obj\debug\modbus\modbus.o
LOAD obj\debug\src\carmanagement.o
LOAD obj\debug\src\carregulators.o
LOAD obj\debug\src\main.o
LOAD obj\debug\src\robot_tasks.o
LOAD obj\debug\fil lib\interrupts.o
LOAD obj\debug\src\system_stm32f4xx.o
START GROUP
LOAD d:/2.30/share/armgcc/bin/../lib/gcc/arm-none-eabi/9.3.1/thumb/v7e-m+fp/hard\libgcc.a
LOAD d:/2.30/share/armgcc/bin/../lib/gcc/arm-none-eabi/9.3.1/../../../../arm-none-eabi/lib/thumb/v7e-m+fp/hard\libg_nano.a
LOAD d:/2.30/share/armgcc/bin/../lib/gcc/arm-none-eabi/9.3.1/../../../../arm-none-eabi/lib/thumb/v7e-m+fp/hard\libc_nano.a
END GROUP
START GROUP
LOAD d:/2.30/share/armgcc/bin/../lib/gcc/arm-none-eabi/9.3.1/thumb/v7e-m+fp/hard\libgcc.a
LOAD d:/2.30/share/armgcc/bin/../lib/gcc/arm-none-eabi/9.3.1/../../../../arm-none-eabi/lib/thumb/v7e-m+fp/hard\libc_nano.a
LOAD d:/2.30/share/armgcc/bin/../lib/gcc/arm-none-eabi/9.3.1/../../../../arm-none-eabi/lib/thumb/v7e-m+fp/hard\libnosys.a
END GROUP
START GROUP
LOAD d:/2.30/share/armgcc/bin/../lib/gcc/arm-none-eabi/9.3.1/thumb/v7e-m+fp/hard\libgcc.a
LOAD d:/2.30/share/armgcc/bin/../lib/gcc/arm-none-eabi/9.3.1/../../../../arm-none-eabi/lib/thumb/v7e-m+fp/hard\libc_nano.a
LOAD d:/2.30/share/armgcc/bin/../lib/gcc/arm-none-eabi/9.3.1/../../../../arm-none-eabi/lib/thumb/v7e-m+fp/hard\libnosys.a
END GROUP
LOAD d:/2.30/share/armgcc/bin/../lib/gcc/arm-none-eabi/9.3.1/thumb/v7e-m+fp/hard/crtend.o
LOAD d:/2.30/share/armgcc/bin/../lib/gcc/arm-none-eabi/9.3.1/thumb/v7e-m+fp/hard/crtn.o
OUTPUT(bin\Debug\robocross.elf elf32-littlearm)
LOAD linker stubs

.debug_line     0x00000000     0x6309
 .debug_line    0x00000000       0x77 obj\debug\src\startup_stm32f407xx.o
 .debug_line    0x00000077      0x5ba obj\debug\fil lib\rcr dstu\rcr_setupcustom.o
 .debug_line    0x00000631      0x33c obj\debug\freertos_lib\heap_2.o
 .debug_line    0x0000096d      0x2ba obj\debug\freertos_lib\list.o
 .debug_line    0x00000c27      0x450 obj\debug\freertos_lib\port.o
 .debug_line    0x00001077     0x1131 obj\debug\freertos_lib\queue.o
 .debug_line    0x000021a8     0x17f1 obj\debug\freertos_lib\tasks.o
 .debug_line    0x00003999      0x816 obj\debug\freertos_lib\timers.o
 .debug_line    0x000041af      0x711 obj\debug\modbus\modbus.o
 .debug_line    0x000048c0      0x5fe obj\debug\src\carmanagement.o
 .debug_line    0x00004ebe      0x444 obj\debug\src\carregulators.o
 .debug_line    0x00005302      0x253 obj\debug\src\main.o
 .debug_line    0x00005555      0x6df obj\debug\src\robot_tasks.o
 .debug_line    0x00005c34      0x450 obj\debug\fil lib\interrupts.o
 .debug_line    0x00006084      0x285 obj\debug\src\system_stm32f4xx.o

.debug_info     0x00000000    0x10665
 .debug_info    0x00000000       0x22 obj\debug\src\startup_stm32f407xx.o
 .debug_info    0x00000022     0x1a3f obj\debug\fil lib\rcr dstu\rcr_setupcustom.o
 .debug_info    0x00001a61      0xc23 obj\debug\freertos_lib\heap_2.o
 .debug_info    0x00002684      0xba8 obj\debug\freertos_lib\list.o
 .debug_info    0x0000322c      0x530 obj\debug\freertos_lib\port.o
 .debug_info    0x0000375c     0x2005 obj\debug\freertos_lib\queue.o
 .debug_info    0x00005761     0x29f2 obj\debug\freertos_lib\tasks.o
 .debug_info    0x00008153     0x158d obj\debug\freertos_lib\timers.o
 .debug_info    0x000096e0     0x13f3 obj\debug\modbus\modbus.o
 .debug_info    0x0000aad3     0x11c7 obj\debug\src\carmanagement.o
 .debug_info    0x0000bc9a     0x1173 obj\debug\src\carregulators.o
 .debug_info    0x0000ce0d      0xe12 obj\debug\src\main.o
 .debug_info    0x0000dc1f     0x112a obj\debug\src\robot_tasks.o
 .debug_info    0x0000ed49     0x12b4 obj\debug\fil lib\interrupts.o
 .debug_info    0x0000fffd      0x668 obj\debug\src\system_stm32f4xx.o

.debug_abbrev   0x00000000     0x26eb
 .debug_abbrev  0x00000000       0x12 obj\debug\src\startup_stm32f407xx.o
 .debug_abbrev  0x00000012      0x34b obj\debug\fil lib\rcr dstu\rcr_setupcustom.o
 .debug_abbrev  0x0000035d      0x305 obj\debug\freertos_lib\heap_2.o
 .debug_abbrev  0x00000662      0x232 obj\debug\freertos_lib\list.o
 .debug_abbrev  0x00000894      0x241 obj\debug\freertos_lib\port.o
 .debug_abbrev  0x00000ad5      0x36e obj\debug\freertos_lib\queue.o
 .debug_abbrev  0x00000e43      0x3e8 obj\debug\freertos_lib\tasks.o
 .debug_abbrev  0x0000122b      0x338 obj\debug\freertos_lib\timers.o
 .debug_abbrev  0x00001563      0x373 obj\debug\modbus\modbus.o
 .debug_abbrev  0x000018d6      0x2c4 obj\debug\src\carmanagement.o
 .debug_abbrev  0x00001b9a      0x283 obj\debug\src\carregulators.o
 .debug_abbrev  0x00001e1d      0x20f obj\debug\src\main.o
 .debug_abbrev  0x0000202c      0x2d9 obj\debug\src\robot_tasks.o
 .debug_abbrev  0x00002305      0x26e obj\debug\fil lib\interrupts.o
 .debug_abbrev  0x00002573      0x178 obj\debug\src\system_stm32f4xx.o

.debug_aranges  0x00000000      0x820
 .debug_aranges
                0x00000000       0x28 obj\debug\src\startup_stm32f407xx.o
 .debug_aranges
                0x00000028       0x68 obj\debug\fil lib\rcr dstu\rcr_setupcustom.o
 .debug_aranges
                0x00000090       0x40 obj\debug\freertos_lib\heap_2.o
 .debug_aranges
                0x000000d0       0x40 obj\debug\freertos_lib\list.o
 .debug_aranges
                0x00000110       0x80 obj\debug\freertos_lib\port.o
 .debug_aranges
                0x00000190      0x130 obj\debug\freertos_lib\queue.o
 .debug_aranges
                0x000002c0      0x1f8 obj\debug\freertos_lib\tasks.o
 .debug_aranges
                0x000004b8       0xd8 obj\debug\freertos_lib\timers.o
 .debug_aranges
                0x00000590       0x90 obj\debug\modbus\modbus.o
 .debug_aranges
                0x00000620       0x58 obj\debug\src\carmanagement.o
 .debug_aranges
                0x00000678       0x38 obj\debug\src\carregulators.o
 .debug_aranges
                0x000006b0       0x20 obj\debug\src\main.o
 .debug_aranges
                0x000006d0       0x88 obj\debug\src\robot_tasks.o
 .debug_aranges
                0x00000758       0x98 obj\debug\fil lib\interrupts.o
 .debug_aranges
                0x000007f0       0x30 obj\debug\src\system_stm32f4xx.o

.debug_str      0x00000000     0x3669
 .debug_str     0x00000000       0x63 obj\debug\src\startup_stm32f407xx.o
 .debug_str     0x00000063     0x1105 obj\debug\fil lib\rcr dstu\rcr_setupcustom.o
                               0x11cb (size before relaxing)
 .debug_str     0x00001168      0x1a2 obj\debug\freertos_lib\heap_2.o
                                0x772 (size before relaxing)
 .debug_str     0x0000130a      0x13d obj\debug\freertos_lib\list.o
                                0x6fc (size before relaxing)
 .debug_str     0x00001447      0x230 obj\debug\freertos_lib\port.o
                                0x446 (size before relaxing)
 .debug_str     0x00001677      0x666 obj\debug\freertos_lib\queue.o
                                0xdad (size before relaxing)
 .debug_str     0x00001cdd      0xd09 obj\debug\freertos_lib\tasks.o
                               0x152c (size before relaxing)
 .debug_str     0x000029e6      0x46c obj\debug\freertos_lib\timers.o
                                0xbbd (size before relaxing)
 .debug_str     0x00002e52      0x280 obj\debug\modbus\modbus.o
                                0xc2b (size before relaxing)
 .debug_str     0x000030d2       0xd8 obj\debug\src\carmanagement.o
                                0xb20 (size before relaxing)
 .debug_str     0x000031aa       0x9b obj\debug\src\carregulators.o
                                0xae1 (size before relaxing)
 .debug_str     0x00003245       0x10 obj\debug\src\main.o
                                0x985 (size before relaxing)
 .debug_str     0x00003255      0x127 obj\debug\src\robot_tasks.o
                                0xb1b (size before relaxing)
 .debug_str     0x0000337c      0x168 obj\debug\fil lib\interrupts.o
                                0xbd5 (size before relaxing)
 .debug_str     0x000034e4      0x185 obj\debug\src\system_stm32f4xx.o
                                0x40d (size before relaxing)

.debug_ranges   0x00000000      0x738
 .debug_ranges  0x00000000       0x20 obj\debug\src\startup_stm32f407xx.o
 .debug_ranges  0x00000020       0x58 obj\debug\fil lib\rcr dstu\rcr_setupcustom.o
 .debug_ranges  0x00000078       0x30 obj\debug\freertos_lib\heap_2.o
 .debug_ranges  0x000000a8       0x30 obj\debug\freertos_lib\list.o
 .debug_ranges  0x000000d8       0x70 obj\debug\freertos_lib\port.o
 .debug_ranges  0x00000148      0x120 obj\debug\freertos_lib\queue.o
 .debug_ranges  0x00000268      0x1e8 obj\debug\freertos_lib\tasks.o
 .debug_ranges  0x00000450       0xc8 obj\debug\freertos_lib\timers.o
 .debug_ranges  0x00000518       0x80 obj\debug\modbus\modbus.o
 .debug_ranges  0x00000598       0x48 obj\debug\src\carmanagement.o
 .debug_ranges  0x000005e0       0x28 obj\debug\src\carregulators.o
 .debug_ranges  0x00000608       0x10 obj\debug\src\main.o
 .debug_ranges  0x00000618       0x78 obj\debug\src\robot_tasks.o
 .debug_ranges  0x00000690       0x88 obj\debug\fil lib\interrupts.o
 .debug_ranges  0x00000718       0x20 obj\debug\src\system_stm32f4xx.o

.comment        0x00000000       0x4c
 .comment       0x00000000       0x4c obj\debug\fil lib\rcr dstu\rcr_setupcustom.o
                                 0x4d (size before relaxing)
 .comment       0x0000004c       0x4d obj\debug\freertos_lib\heap_2.o
 .comment       0x0000004c       0x4d obj\debug\freertos_lib\list.o
 .comment       0x0000004c       0x4d obj\debug\freertos_lib\port.o
 .comment       0x0000004c       0x4d obj\debug\freertos_lib\queue.o
 .comment       0x0000004c       0x4d obj\debug\freertos_lib\tasks.o
 .comment       0x0000004c       0x4d obj\debug\freertos_lib\timers.o
 .comment       0x0000004c       0x4d obj\debug\modbus\modbus.o
 .comment       0x0000004c       0x4d obj\debug\src\carmanagement.o
 .comment       0x0000004c       0x4d obj\debug\src\carregulators.o
 .comment       0x0000004c       0x4d obj\debug\src\main.o
 .comment       0x0000004c       0x4d obj\debug\src\robot_tasks.o
 .comment       0x0000004c       0x4d obj\debug\fil lib\interrupts.o
 .comment       0x0000004c       0x4d obj\debug\src\system_stm32f4xx.o

.debug_frame    0x00000000     0x20cc
 .debug_frame   0x00000000      0x164 obj\debug\fil lib\rcr dstu\rcr_setupcustom.o
 .debug_frame   0x00000164       0xc0 obj\debug\freertos_lib\heap_2.o
 .debug_frame   0x00000224       0xd8 obj\debug\freertos_lib\list.o
 .debug_frame   0x000002fc      0x1a8 obj\debug\freertos_lib\port.o
 .debug_frame   0x000004a4      0x534 obj\debug\freertos_lib\queue.o
 .debug_frame   0x000009d8      0x890 obj\debug\freertos_lib\tasks.o
 .debug_frame   0x00001268      0x38c obj\debug\freertos_lib\timers.o
 .debug_frame   0x000015f4      0x238 obj\debug\modbus\modbus.o
 .debug_frame   0x0000182c      0x130 obj\debug\src\carmanagement.o
 .debug_frame   0x0000195c       0xa8 obj\debug\src\carregulators.o
 .debug_frame   0x00001a04       0x34 obj\debug\src\main.o
 .debug_frame   0x00001a38      0x1d4 obj\debug\src\robot_tasks.o
 .debug_frame   0x00001c0c      0x218 obj\debug\fil lib\interrupts.o
 .debug_frame   0x00001e24       0x7c obj\debug\src\system_stm32f4xx.o
 .debug_frame   0x00001ea0       0xac d:/2.30/share/armgcc/bin/../lib/gcc/arm-none-eabi/9.3.1/thumb/v7e-m+fp/hard\libgcc.a(_arm_addsubdf3.o)
 .debug_frame   0x00001f4c       0x50 d:/2.30/share/armgcc/bin/../lib/gcc/arm-none-eabi/9.3.1/thumb/v7e-m+fp/hard\libgcc.a(_arm_muldivdf3.o)
 .debug_frame   0x00001f9c       0xc4 d:/2.30/share/armgcc/bin/../lib/gcc/arm-none-eabi/9.3.1/thumb/v7e-m+fp/hard\libgcc.a(_arm_cmpdf2.o)
 .debug_frame   0x00002060       0x24 d:/2.30/share/armgcc/bin/../lib/gcc/arm-none-eabi/9.3.1/thumb/v7e-m+fp/hard\libgcc.a(_arm_truncdfsf2.o)
 .debug_frame   0x00002084       0x28 d:/2.30/share/armgcc/bin/../lib/gcc/arm-none-eabi/9.3.1/../../../../arm-none-eabi/lib/thumb/v7e-m+fp/hard\libg_nano.a(lib_a-memcpy-stub.o)
 .debug_frame   0x000020ac       0x20 d:/2.30/share/armgcc/bin/../lib/gcc/arm-none-eabi/9.3.1/../../../../arm-none-eabi/lib/thumb/v7e-m+fp/hard\libg_nano.a(lib_a-memset.o)
