Archive member included to satisfy reference by file (symbol)

g:/2.30/share/armgcc/bin/../lib/gcc/arm-none-eabi/9.3.1/thumb/v7e-m+fp/hard\libgcc.a(_arm_addsubdf3.o)
                              obj\debug\src\main.o (__aeabi_ui2d)
g:/2.30/share/armgcc/bin/../lib/gcc/arm-none-eabi/9.3.1/thumb/v7e-m+fp/hard\libgcc.a(_arm_muldivdf3.o)
                              obj\debug\src\main.o (__aeabi_ddiv)
g:/2.30/share/armgcc/bin/../lib/gcc/arm-none-eabi/9.3.1/thumb/v7e-m+fp/hard\libgcc.a(_arm_fixunsdfsi.o)
                              obj\debug\src\main.o (__aeabi_d2uiz)
g:/2.30/share/armgcc/bin/../lib/gcc/arm-none-eabi/9.3.1/../../../../arm-none-eabi/lib/thumb/v7e-m+fp/hard\libg_nano.a(lib_a-exit.o)
                              g:/2.30/share/armgcc/bin/../lib/gcc/arm-none-eabi/9.3.1/../../../../arm-none-eabi/lib/thumb/v7e-m+fp/hard/crt0.o (exit)
g:/2.30/share/armgcc/bin/../lib/gcc/arm-none-eabi/9.3.1/../../../../arm-none-eabi/lib/thumb/v7e-m+fp/hard\libg_nano.a(lib_a-impure.o)
                              g:/2.30/share/armgcc/bin/../lib/gcc/arm-none-eabi/9.3.1/../../../../arm-none-eabi/lib/thumb/v7e-m+fp/hard\libg_nano.a(lib_a-exit.o) (_global_impure_ptr)
g:/2.30/share/armgcc/bin/../lib/gcc/arm-none-eabi/9.3.1/../../../../arm-none-eabi/lib/thumb/v7e-m+fp/hard\libg_nano.a(lib_a-init.o)
                              g:/2.30/share/armgcc/bin/../lib/gcc/arm-none-eabi/9.3.1/../../../../arm-none-eabi/lib/thumb/v7e-m+fp/hard/crt0.o (__libc_init_array)
g:/2.30/share/armgcc/bin/../lib/gcc/arm-none-eabi/9.3.1/../../../../arm-none-eabi/lib/thumb/v7e-m+fp/hard\libg_nano.a(lib_a-memcpy-stub.o)
                              obj\debug\freertos_lib\queue.o (memcpy)
g:/2.30/share/armgcc/bin/../lib/gcc/arm-none-eabi/9.3.1/../../../../arm-none-eabi/lib/thumb/v7e-m+fp/hard\libg_nano.a(lib_a-memset.o)
                              g:/2.30/share/armgcc/bin/../lib/gcc/arm-none-eabi/9.3.1/../../../../arm-none-eabi/lib/thumb/v7e-m+fp/hard/crt0.o (memset)
g:/2.30/share/armgcc/bin/../lib/gcc/arm-none-eabi/9.3.1/../../../../arm-none-eabi/lib/thumb/v7e-m+fp/hard\libnosys.a(_exit.o)
                              g:/2.30/share/armgcc/bin/../lib/gcc/arm-none-eabi/9.3.1/../../../../arm-none-eabi/lib/thumb/v7e-m+fp/hard\libg_nano.a(lib_a-exit.o) (_exit)

Allocating common symbols
Common symbol       size              file

xQueueRegistry      0x40              obj\debug\freertos_lib\queue.o
Clocks              0x10              obj\debug\src\main.o

Discarded input sections

 .text          0x00000000        0x0 g:/2.30/share/armgcc/bin/../lib/gcc/arm-none-eabi/9.3.1/thumb/v7e-m+fp/hard/crti.o
 .data          0x00000000        0x0 g:/2.30/share/armgcc/bin/../lib/gcc/arm-none-eabi/9.3.1/thumb/v7e-m+fp/hard/crti.o
 .bss           0x00000000        0x0 g:/2.30/share/armgcc/bin/../lib/gcc/arm-none-eabi/9.3.1/thumb/v7e-m+fp/hard/crti.o
 .data          0x00000000        0x4 g:/2.30/share/armgcc/bin/../lib/gcc/arm-none-eabi/9.3.1/thumb/v7e-m+fp/hard/crtbegin.o
 .text          0x00000000       0x7c g:/2.30/share/armgcc/bin/../lib/gcc/arm-none-eabi/9.3.1/../../../../arm-none-eabi/lib/thumb/v7e-m+fp/hard/crt0.o
 .data          0x00000000        0x0 g:/2.30/share/armgcc/bin/../lib/gcc/arm-none-eabi/9.3.1/../../../../arm-none-eabi/lib/thumb/v7e-m+fp/hard/crt0.o
 .bss           0x00000000        0x0 g:/2.30/share/armgcc/bin/../lib/gcc/arm-none-eabi/9.3.1/../../../../arm-none-eabi/lib/thumb/v7e-m+fp/hard/crt0.o
 .ARM.extab     0x00000000        0x0 g:/2.30/share/armgcc/bin/../lib/gcc/arm-none-eabi/9.3.1/../../../../arm-none-eabi/lib/thumb/v7e-m+fp/hard/crt0.o
 .ARM.exidx     0x00000000       0x10 g:/2.30/share/armgcc/bin/../lib/gcc/arm-none-eabi/9.3.1/../../../../arm-none-eabi/lib/thumb/v7e-m+fp/hard/crt0.o
 .ARM.attributes
                0x00000000       0x1c g:/2.30/share/armgcc/bin/../lib/gcc/arm-none-eabi/9.3.1/../../../../arm-none-eabi/lib/thumb/v7e-m+fp/hard/crt0.o
 .text          0x00000000       0x14 obj\debug\src\startup_stm32f407xx.o
 .data          0x00000000        0x0 obj\debug\src\startup_stm32f407xx.o
 .bss           0x00000000        0x0 obj\debug\src\startup_stm32f407xx.o
 .text          0x00000000        0x0 obj\debug\freertos_lib\croutine.o
 .data          0x00000000        0x0 obj\debug\freertos_lib\croutine.o
 .bss           0x00000000        0x0 obj\debug\freertos_lib\croutine.o
 .debug_info    0x00000000       0xc0 obj\debug\freertos_lib\croutine.o
 .debug_abbrev  0x00000000       0x62 obj\debug\freertos_lib\croutine.o
 .debug_aranges
                0x00000000       0x18 obj\debug\freertos_lib\croutine.o
 .debug_line    0x00000000       0xd2 obj\debug\freertos_lib\croutine.o
 .debug_str     0x00000000      0x1ce obj\debug\freertos_lib\croutine.o
 .comment       0x00000000       0x4d obj\debug\freertos_lib\croutine.o
 .ARM.attributes
                0x00000000       0x39 obj\debug\freertos_lib\croutine.o
 .text          0x00000000        0x0 obj\debug\freertos_lib\event_groups.o
 .data          0x00000000        0x0 obj\debug\freertos_lib\event_groups.o
 .bss           0x00000000        0x0 obj\debug\freertos_lib\event_groups.o
 .text.xEventGroupCreate
                0x00000000       0x2e obj\debug\freertos_lib\event_groups.o
 .text.xEventGroupSync
                0x00000000      0x15c obj\debug\freertos_lib\event_groups.o
 .text.xEventGroupWaitBits
                0x00000000      0x19c obj\debug\freertos_lib\event_groups.o
 .text.xEventGroupClearBits
                0x00000000       0x70 obj\debug\freertos_lib\event_groups.o
 .text.xEventGroupGetBitsFromISR
                0x00000000       0x48 obj\debug\freertos_lib\event_groups.o
 .text.xEventGroupSetBits
                0x00000000      0x116 obj\debug\freertos_lib\event_groups.o
 .text.vEventGroupDelete
                0x00000000       0x62 obj\debug\freertos_lib\event_groups.o
 .text.vEventGroupSetBitsCallback
                0x00000000       0x1a obj\debug\freertos_lib\event_groups.o
 .text.vEventGroupClearBitsCallback
                0x00000000       0x1a obj\debug\freertos_lib\event_groups.o
 .text.prvTestWaitCondition
                0x00000000       0x44 obj\debug\freertos_lib\event_groups.o
 .text.uxEventGroupGetNumber
                0x00000000       0x2c obj\debug\freertos_lib\event_groups.o
 .text.vEventGroupSetNumber
                0x00000000       0x1c obj\debug\freertos_lib\event_groups.o
 .debug_info    0x00000000     0x11e0 obj\debug\freertos_lib\event_groups.o
 .debug_abbrev  0x00000000      0x36a obj\debug\freertos_lib\event_groups.o
 .debug_aranges
                0x00000000       0x78 obj\debug\freertos_lib\event_groups.o
 .debug_ranges  0x00000000       0x68 obj\debug\freertos_lib\event_groups.o
 .debug_line    0x00000000      0x5fd obj\debug\freertos_lib\event_groups.o
 .debug_str     0x00000000      0x9b3 obj\debug\freertos_lib\event_groups.o
 .comment       0x00000000       0x4d obj\debug\freertos_lib\event_groups.o
 .debug_frame   0x00000000      0x1d0 obj\debug\freertos_lib\event_groups.o
 .ARM.attributes
                0x00000000       0x34 obj\debug\freertos_lib\event_groups.o
 .text          0x00000000        0x0 obj\debug\freertos_lib\heap_2.o
 .data          0x00000000        0x0 obj\debug\freertos_lib\heap_2.o
 .bss           0x00000000        0x0 obj\debug\freertos_lib\heap_2.o
 .rodata.heapSTRUCT_SIZE
                0x00000000        0x2 obj\debug\freertos_lib\heap_2.o
 .text.xPortGetFreeHeapSize
                0x00000000       0x18 obj\debug\freertos_lib\heap_2.o
 .text.vPortInitialiseBlocks
                0x00000000        0xe obj\debug\freertos_lib\heap_2.o
 .text          0x00000000        0x0 obj\debug\freertos_lib\list.o
 .data          0x00000000        0x0 obj\debug\freertos_lib\list.o
 .bss           0x00000000        0x0 obj\debug\freertos_lib\list.o
 .text          0x00000000        0x0 obj\debug\freertos_lib\port.o
 .data          0x00000000        0x0 obj\debug\freertos_lib\port.o
 .bss           0x00000000        0x0 obj\debug\freertos_lib\port.o
 .rodata.pcInterruptPriorityRegisters
                0x00000000        0x4 obj\debug\freertos_lib\port.o
 .text.vPortEndScheduler
                0x00000000       0x38 obj\debug\freertos_lib\port.o
 .text          0x00000000        0x0 obj\debug\freertos_lib\queue.o
 .data          0x00000000        0x0 obj\debug\freertos_lib\queue.o
 .bss           0x00000000        0x0 obj\debug\freertos_lib\queue.o
 .text.prvInitialiseMutex
                0x00000000       0x34 obj\debug\freertos_lib\queue.o
 .text.xQueueCreateMutex
                0x00000000       0x30 obj\debug\freertos_lib\queue.o
 .text.xQueueGiveMutexRecursive
                0x00000000       0x68 obj\debug\freertos_lib\queue.o
 .text.xQueueTakeMutexRecursive
                0x00000000       0x6c obj\debug\freertos_lib\queue.o
 .text.xQueueCreateCountingSemaphore
                0x00000000       0x66 obj\debug\freertos_lib\queue.o
 .text.xQueueGiveFromISR
                0x00000000      0x138 obj\debug\freertos_lib\queue.o
 .text.xQueueSemaphoreTake
                0x00000000      0x218 obj\debug\freertos_lib\queue.o
 .text.xQueuePeek
                0x00000000      0x1c4 obj\debug\freertos_lib\queue.o
 .text.xQueueReceiveFromISR
                0x00000000      0x11e obj\debug\freertos_lib\queue.o
 .text.xQueuePeekFromISR
                0x00000000       0xd2 obj\debug\freertos_lib\queue.o
 .text.uxQueueMessagesWaiting
                0x00000000       0x3c obj\debug\freertos_lib\queue.o
 .text.uxQueueSpacesAvailable
                0x00000000       0x46 obj\debug\freertos_lib\queue.o
 .text.uxQueueMessagesWaitingFromISR
                0x00000000       0x3c obj\debug\freertos_lib\queue.o
 .text.vQueueDelete
                0x00000000       0x3c obj\debug\freertos_lib\queue.o
 .text.uxQueueGetQueueNumber
                0x00000000       0x18 obj\debug\freertos_lib\queue.o
 .text.vQueueSetQueueNumber
                0x00000000       0x1c obj\debug\freertos_lib\queue.o
 .text.ucQueueGetQueueType
                0x00000000       0x1a obj\debug\freertos_lib\queue.o
 .text.prvGetDisinheritPriorityAfterTimeout
                0x00000000       0x30 obj\debug\freertos_lib\queue.o
 .text.xQueueIsQueueEmptyFromISR
                0x00000000       0x48 obj\debug\freertos_lib\queue.o
 .text.xQueueIsQueueFullFromISR
                0x00000000       0x4c obj\debug\freertos_lib\queue.o
 .text.pcQueueGetName
                0x00000000       0x4c obj\debug\freertos_lib\queue.o
 .text.vQueueUnregisterQueue
                0x00000000       0x54 obj\debug\freertos_lib\queue.o
 .text          0x00000000        0x0 obj\debug\freertos_lib\stream_buffer.o
 .data          0x00000000        0x0 obj\debug\freertos_lib\stream_buffer.o
 .bss           0x00000000        0x0 obj\debug\freertos_lib\stream_buffer.o
 .text.xStreamBufferGenericCreate
                0x00000000       0xc4 obj\debug\freertos_lib\stream_buffer.o
 .text.vStreamBufferDelete
                0x00000000       0x4e obj\debug\freertos_lib\stream_buffer.o
 .text.xStreamBufferReset
                0x00000000       0x78 obj\debug\freertos_lib\stream_buffer.o
 .text.xStreamBufferSetTriggerLevel
                0x00000000       0x5c obj\debug\freertos_lib\stream_buffer.o
 .text.xStreamBufferSpacesAvailable
                0x00000000       0x66 obj\debug\freertos_lib\stream_buffer.o
 .text.xStreamBufferBytesAvailable
                0x00000000       0x3a obj\debug\freertos_lib\stream_buffer.o
 .text.xStreamBufferSend
                0x00000000      0x196 obj\debug\freertos_lib\stream_buffer.o
 .text.xStreamBufferSendFromISR
                0x00000000       0xe6 obj\debug\freertos_lib\stream_buffer.o
 .text.prvWriteMessageToBuffer
                0x00000000       0x7a obj\debug\freertos_lib\stream_buffer.o
 .text.xStreamBufferReceive
                0x00000000      0x134 obj\debug\freertos_lib\stream_buffer.o
 .text.xStreamBufferNextMessageLengthBytes
                0x00000000       0x92 obj\debug\freertos_lib\stream_buffer.o
 .text.xStreamBufferReceiveFromISR
                0x00000000       0xe2 obj\debug\freertos_lib\stream_buffer.o
 .text.prvReadMessageFromBuffer
                0x00000000       0x64 obj\debug\freertos_lib\stream_buffer.o
 .text.xStreamBufferIsEmpty
                0x00000000       0x50 obj\debug\freertos_lib\stream_buffer.o
 .text.xStreamBufferIsFull
                0x00000000       0x60 obj\debug\freertos_lib\stream_buffer.o
 .text.xStreamBufferSendCompletedFromISR
                0x00000000       0x8a obj\debug\freertos_lib\stream_buffer.o
 .text.xStreamBufferReceiveCompletedFromISR
                0x00000000       0x8a obj\debug\freertos_lib\stream_buffer.o
 .text.prvWriteBytesToBuffer
                0x00000000       0xe4 obj\debug\freertos_lib\stream_buffer.o
 .text.prvReadBytesFromBuffer
                0x00000000       0xf4 obj\debug\freertos_lib\stream_buffer.o
 .text.prvBytesInBuffer
                0x00000000       0x40 obj\debug\freertos_lib\stream_buffer.o
 .text.prvInitialiseNewStreamBuffer
                0x00000000       0x66 obj\debug\freertos_lib\stream_buffer.o
 .text.uxStreamBufferGetStreamBufferNumber
                0x00000000       0x18 obj\debug\freertos_lib\stream_buffer.o
 .text.vStreamBufferSetStreamBufferNumber
                0x00000000       0x1c obj\debug\freertos_lib\stream_buffer.o
 .text.ucStreamBufferGetStreamBufferType
                0x00000000       0x1e obj\debug\freertos_lib\stream_buffer.o
 .debug_info    0x00000000     0x1a38 obj\debug\freertos_lib\stream_buffer.o
 .debug_abbrev  0x00000000      0x3ca obj\debug\freertos_lib\stream_buffer.o
 .debug_aranges
                0x00000000       0xd8 obj\debug\freertos_lib\stream_buffer.o
 .debug_ranges  0x00000000       0xc8 obj\debug\freertos_lib\stream_buffer.o
 .debug_line    0x00000000      0xa7b obj\debug\freertos_lib\stream_buffer.o
 .debug_str     0x00000000      0xbf9 obj\debug\freertos_lib\stream_buffer.o
 .comment       0x00000000       0x4d obj\debug\freertos_lib\stream_buffer.o
 .debug_frame   0x00000000      0x3a8 obj\debug\freertos_lib\stream_buffer.o
 .ARM.attributes
                0x00000000       0x34 obj\debug\freertos_lib\stream_buffer.o
 .text          0x00000000        0x0 obj\debug\freertos_lib\tasks.o
 .data          0x00000000        0x0 obj\debug\freertos_lib\tasks.o
 .bss           0x00000000        0x0 obj\debug\freertos_lib\tasks.o
 .text.vTaskDelete
                0x00000000      0x120 obj\debug\freertos_lib\tasks.o
 .text.xTaskDelayUntil
                0x00000000       0xfc obj\debug\freertos_lib\tasks.o
 .text.vTaskDelay
                0x00000000       0x68 obj\debug\freertos_lib\tasks.o
 .text.eTaskGetState
                0x00000000       0xf4 obj\debug\freertos_lib\tasks.o
 .text.uxTaskPriorityGet
                0x00000000       0x34 obj\debug\freertos_lib\tasks.o
 .text.uxTaskPriorityGetFromISR
                0x00000000       0x58 obj\debug\freertos_lib\tasks.o
 .text.vTaskPrioritySet
                0x00000000      0x154 obj\debug\freertos_lib\tasks.o
 .text.vTaskSuspend
                0x00000000      0x140 obj\debug\freertos_lib\tasks.o
 .text.prvTaskIsTaskSuspended
                0x00000000       0x64 obj\debug\freertos_lib\tasks.o
 .text.vTaskResume
                0x00000000       0xbc obj\debug\freertos_lib\tasks.o
 .text.xTaskResumeFromISR
                0x00000000       0xec obj\debug\freertos_lib\tasks.o
 .text.vTaskEndScheduler
                0x00000000       0x30 obj\debug\freertos_lib\tasks.o
 .text.xTaskGetTickCountFromISR
                0x00000000       0x24 obj\debug\freertos_lib\tasks.o
 .text.uxTaskGetNumberOfTasks
                0x00000000       0x18 obj\debug\freertos_lib\tasks.o
 .text.pcTaskGetName
                0x00000000       0x48 obj\debug\freertos_lib\tasks.o
 .text.uxTaskGetSystemState
                0x00000000      0x11c obj\debug\freertos_lib\tasks.o
 .text.xTaskCatchUpTicks
                0x00000000       0x50 obj\debug\freertos_lib\tasks.o
 .text.vTaskPlaceOnUnorderedEventList
                0x00000000       0x78 obj\debug\freertos_lib\tasks.o
 .text.vTaskRemoveFromUnorderedEventList
                0x00000000       0xc4 obj\debug\freertos_lib\tasks.o
 .text.vTaskSetTimeOutState
                0x00000000       0x4c obj\debug\freertos_lib\tasks.o
 .text.uxTaskGetTaskNumber
                0x00000000       0x2c obj\debug\freertos_lib\tasks.o
 .text.vTaskSetTaskNumber
                0x00000000       0x26 obj\debug\freertos_lib\tasks.o
 .text.vTaskGetInfo
                0x00000000       0xcc obj\debug\freertos_lib\tasks.o
 .text.prvListTasksWithinSingleList
                0x00000000       0xa4 obj\debug\freertos_lib\tasks.o
 .text.prvTaskCheckFreeStackSpace
                0x00000000       0x38 obj\debug\freertos_lib\tasks.o
 .text.xTaskGetCurrentTaskHandle
                0x00000000       0x20 obj\debug\freertos_lib\tasks.o
 .text.xTaskPriorityInherit
                0x00000000       0xec obj\debug\freertos_lib\tasks.o
 .text.vTaskPriorityDisinheritAfterTimeout
                0x00000000      0x11c obj\debug\freertos_lib\tasks.o
 .text.uxTaskResetEventItemValue
                0x00000000       0x30 obj\debug\freertos_lib\tasks.o
 .text.pvTaskIncrementMutexHeldCount
                0x00000000       0x28 obj\debug\freertos_lib\tasks.o
 .text.ulTaskGenericNotifyTake
                0x00000000       0xd0 obj\debug\freertos_lib\tasks.o
 .text.xTaskGenericNotifyWait
                0x00000000      0x100 obj\debug\freertos_lib\tasks.o
 .text.xTaskGenericNotify
                0x00000000      0x1c0 obj\debug\freertos_lib\tasks.o
 .text.xTaskGenericNotifyFromISR
                0x00000000      0x204 obj\debug\freertos_lib\tasks.o
 .text.vTaskGenericNotifyGiveFromISR
                0x00000000      0x158 obj\debug\freertos_lib\tasks.o
 .text.xTaskGenericNotifyStateClear
                0x00000000       0x74 obj\debug\freertos_lib\tasks.o
 .text.ulTaskGenericNotifyValueClear
                0x00000000       0x5c obj\debug\freertos_lib\tasks.o
 .text          0x00000000        0x0 obj\debug\freertos_lib\timers.o
 .data          0x00000000        0x0 obj\debug\freertos_lib\timers.o
 .bss           0x00000000        0x0 obj\debug\freertos_lib\timers.o
 .text.xTimerCreate
                0x00000000       0x42 obj\debug\freertos_lib\timers.o
 .text.prvInitialiseNewTimer
                0x00000000       0x76 obj\debug\freertos_lib\timers.o
 .text.xTimerGetTimerDaemonTaskHandle
                0x00000000       0x38 obj\debug\freertos_lib\timers.o
 .text.xTimerGetPeriod
                0x00000000       0x38 obj\debug\freertos_lib\timers.o
 .text.vTimerSetReloadMode
                0x00000000       0x66 obj\debug\freertos_lib\timers.o
 .text.uxTimerGetReloadMode
                0x00000000       0x52 obj\debug\freertos_lib\timers.o
 .text.xTimerGetExpiryTime
                0x00000000       0x3c obj\debug\freertos_lib\timers.o
 .text.pcTimerGetName
                0x00000000       0x38 obj\debug\freertos_lib\timers.o
 .text.xTimerIsTimerActive
                0x00000000       0x52 obj\debug\freertos_lib\timers.o
 .text.pvTimerGetTimerID
                0x00000000       0x40 obj\debug\freertos_lib\timers.o
 .text.vTimerSetTimerID
                0x00000000       0x40 obj\debug\freertos_lib\timers.o
 .text.uxTimerGetTimerNumber
                0x00000000       0x18 obj\debug\freertos_lib\timers.o
 .text.vTimerSetTimerNumber
                0x00000000       0x1c obj\debug\freertos_lib\timers.o
 .text          0x00000000        0x0 obj\debug\src\main.o
 .data          0x00000000        0x0 obj\debug\src\main.o
 .bss           0x00000000        0x0 obj\debug\src\main.o
 .data.DIR_List
                0x00000000       0x28 obj\debug\src\main.o
 .data.PWM_List
                0x00000000       0x28 obj\debug\src\main.o
 .text          0x00000000        0x0 obj\debug\src\robot_tasks.o
 .data          0x00000000        0x0 obj\debug\src\robot_tasks.o
 .bss           0x00000000        0x0 obj\debug\src\robot_tasks.o
 .data.prescaler_table
                0x00000000       0x10 obj\debug\src\robot_tasks.o
 .data.DIR_List
                0x00000000       0x28 obj\debug\src\robot_tasks.o
 .data.PWM_List
                0x00000000       0x28 obj\debug\src\robot_tasks.o
 .text.vUartManagement
                0x00000000        0xa obj\debug\src\robot_tasks.o
 .text          0x00000000        0x0 obj\debug\fil lib\interrupts.o
 .data          0x00000000        0x0 obj\debug\fil lib\interrupts.o
 .bss           0x00000000        0x0 obj\debug\fil lib\interrupts.o
 .data.prescaler_table
                0x00000000       0x10 obj\debug\fil lib\interrupts.o
 .data.DIR_List
                0x00000000       0x28 obj\debug\fil lib\interrupts.o
 .data.PWM_List
                0x00000000       0x28 obj\debug\fil lib\interrupts.o
 .text.TIM1_IRQHandler
                0x00000000       0x20 obj\debug\fil lib\interrupts.o
 .text          0x00000000        0x0 obj\debug\src\system_stm32f4xx.o
 .data          0x00000000        0x0 obj\debug\src\system_stm32f4xx.o
 .bss           0x00000000        0x0 obj\debug\src\system_stm32f4xx.o
 .data.AHBPrescTable
                0x00000000       0x10 obj\debug\src\system_stm32f4xx.o
 .text.SystemCoreClockUpdate
                0x00000000      0x104 obj\debug\src\system_stm32f4xx.o
 .data          0x00000000        0x0 g:/2.30/share/armgcc/bin/../lib/gcc/arm-none-eabi/9.3.1/thumb/v7e-m+fp/hard\libgcc.a(_arm_addsubdf3.o)
 .bss           0x00000000        0x0 g:/2.30/share/armgcc/bin/../lib/gcc/arm-none-eabi/9.3.1/thumb/v7e-m+fp/hard\libgcc.a(_arm_addsubdf3.o)
 .data          0x00000000        0x0 g:/2.30/share/armgcc/bin/../lib/gcc/arm-none-eabi/9.3.1/thumb/v7e-m+fp/hard\libgcc.a(_arm_muldivdf3.o)
 .bss           0x00000000        0x0 g:/2.30/share/armgcc/bin/../lib/gcc/arm-none-eabi/9.3.1/thumb/v7e-m+fp/hard\libgcc.a(_arm_muldivdf3.o)
 .data          0x00000000        0x0 g:/2.30/share/armgcc/bin/../lib/gcc/arm-none-eabi/9.3.1/thumb/v7e-m+fp/hard\libgcc.a(_arm_fixunsdfsi.o)
 .bss           0x00000000        0x0 g:/2.30/share/armgcc/bin/../lib/gcc/arm-none-eabi/9.3.1/thumb/v7e-m+fp/hard\libgcc.a(_arm_fixunsdfsi.o)
 .text          0x00000000        0x0 g:/2.30/share/armgcc/bin/../lib/gcc/arm-none-eabi/9.3.1/../../../../arm-none-eabi/lib/thumb/v7e-m+fp/hard\libg_nano.a(lib_a-exit.o)
 .data          0x00000000        0x0 g:/2.30/share/armgcc/bin/../lib/gcc/arm-none-eabi/9.3.1/../../../../arm-none-eabi/lib/thumb/v7e-m+fp/hard\libg_nano.a(lib_a-exit.o)
 .bss           0x00000000        0x0 g:/2.30/share/armgcc/bin/../lib/gcc/arm-none-eabi/9.3.1/../../../../arm-none-eabi/lib/thumb/v7e-m+fp/hard\libg_nano.a(lib_a-exit.o)
 .text.exit     0x00000000       0x28 g:/2.30/share/armgcc/bin/../lib/gcc/arm-none-eabi/9.3.1/../../../../arm-none-eabi/lib/thumb/v7e-m+fp/hard\libg_nano.a(lib_a-exit.o)
 .debug_frame   0x00000000       0x28 g:/2.30/share/armgcc/bin/../lib/gcc/arm-none-eabi/9.3.1/../../../../arm-none-eabi/lib/thumb/v7e-m+fp/hard\libg_nano.a(lib_a-exit.o)
 .ARM.attributes
                0x00000000       0x34 g:/2.30/share/armgcc/bin/../lib/gcc/arm-none-eabi/9.3.1/../../../../arm-none-eabi/lib/thumb/v7e-m+fp/hard\libg_nano.a(lib_a-exit.o)
 .text          0x00000000        0x0 g:/2.30/share/armgcc/bin/../lib/gcc/arm-none-eabi/9.3.1/../../../../arm-none-eabi/lib/thumb/v7e-m+fp/hard\libg_nano.a(lib_a-impure.o)
 .data          0x00000000        0x0 g:/2.30/share/armgcc/bin/../lib/gcc/arm-none-eabi/9.3.1/../../../../arm-none-eabi/lib/thumb/v7e-m+fp/hard\libg_nano.a(lib_a-impure.o)
 .bss           0x00000000        0x0 g:/2.30/share/armgcc/bin/../lib/gcc/arm-none-eabi/9.3.1/../../../../arm-none-eabi/lib/thumb/v7e-m+fp/hard\libg_nano.a(lib_a-impure.o)
 .data._impure_ptr
                0x00000000        0x4 g:/2.30/share/armgcc/bin/../lib/gcc/arm-none-eabi/9.3.1/../../../../arm-none-eabi/lib/thumb/v7e-m+fp/hard\libg_nano.a(lib_a-impure.o)
 .data.impure_data
                0x00000000       0x60 g:/2.30/share/armgcc/bin/../lib/gcc/arm-none-eabi/9.3.1/../../../../arm-none-eabi/lib/thumb/v7e-m+fp/hard\libg_nano.a(lib_a-impure.o)
 .rodata._global_impure_ptr
                0x00000000        0x4 g:/2.30/share/armgcc/bin/../lib/gcc/arm-none-eabi/9.3.1/../../../../arm-none-eabi/lib/thumb/v7e-m+fp/hard\libg_nano.a(lib_a-impure.o)
 .ARM.attributes
                0x00000000       0x32 g:/2.30/share/armgcc/bin/../lib/gcc/arm-none-eabi/9.3.1/../../../../arm-none-eabi/lib/thumb/v7e-m+fp/hard\libg_nano.a(lib_a-impure.o)
 .text          0x00000000        0x0 g:/2.30/share/armgcc/bin/../lib/gcc/arm-none-eabi/9.3.1/../../../../arm-none-eabi/lib/thumb/v7e-m+fp/hard\libg_nano.a(lib_a-init.o)
 .data          0x00000000        0x0 g:/2.30/share/armgcc/bin/../lib/gcc/arm-none-eabi/9.3.1/../../../../arm-none-eabi/lib/thumb/v7e-m+fp/hard\libg_nano.a(lib_a-init.o)
 .bss           0x00000000        0x0 g:/2.30/share/armgcc/bin/../lib/gcc/arm-none-eabi/9.3.1/../../../../arm-none-eabi/lib/thumb/v7e-m+fp/hard\libg_nano.a(lib_a-init.o)
 .text.__libc_init_array
                0x00000000       0x48 g:/2.30/share/armgcc/bin/../lib/gcc/arm-none-eabi/9.3.1/../../../../arm-none-eabi/lib/thumb/v7e-m+fp/hard\libg_nano.a(lib_a-init.o)
 .debug_frame   0x00000000       0x2c g:/2.30/share/armgcc/bin/../lib/gcc/arm-none-eabi/9.3.1/../../../../arm-none-eabi/lib/thumb/v7e-m+fp/hard\libg_nano.a(lib_a-init.o)
 .ARM.attributes
                0x00000000       0x34 g:/2.30/share/armgcc/bin/../lib/gcc/arm-none-eabi/9.3.1/../../../../arm-none-eabi/lib/thumb/v7e-m+fp/hard\libg_nano.a(lib_a-init.o)
 .text          0x00000000        0x0 g:/2.30/share/armgcc/bin/../lib/gcc/arm-none-eabi/9.3.1/../../../../arm-none-eabi/lib/thumb/v7e-m+fp/hard\libg_nano.a(lib_a-memcpy-stub.o)
 .data          0x00000000        0x0 g:/2.30/share/armgcc/bin/../lib/gcc/arm-none-eabi/9.3.1/../../../../arm-none-eabi/lib/thumb/v7e-m+fp/hard\libg_nano.a(lib_a-memcpy-stub.o)
 .bss           0x00000000        0x0 g:/2.30/share/armgcc/bin/../lib/gcc/arm-none-eabi/9.3.1/../../../../arm-none-eabi/lib/thumb/v7e-m+fp/hard\libg_nano.a(lib_a-memcpy-stub.o)
 .text          0x00000000        0x0 g:/2.30/share/armgcc/bin/../lib/gcc/arm-none-eabi/9.3.1/../../../../arm-none-eabi/lib/thumb/v7e-m+fp/hard\libg_nano.a(lib_a-memset.o)
 .data          0x00000000        0x0 g:/2.30/share/armgcc/bin/../lib/gcc/arm-none-eabi/9.3.1/../../../../arm-none-eabi/lib/thumb/v7e-m+fp/hard\libg_nano.a(lib_a-memset.o)
 .bss           0x00000000        0x0 g:/2.30/share/armgcc/bin/../lib/gcc/arm-none-eabi/9.3.1/../../../../arm-none-eabi/lib/thumb/v7e-m+fp/hard\libg_nano.a(lib_a-memset.o)
 .text          0x00000000        0x0 g:/2.30/share/armgcc/bin/../lib/gcc/arm-none-eabi/9.3.1/../../../../arm-none-eabi/lib/thumb/v7e-m+fp/hard\libnosys.a(_exit.o)
 .data          0x00000000        0x0 g:/2.30/share/armgcc/bin/../lib/gcc/arm-none-eabi/9.3.1/../../../../arm-none-eabi/lib/thumb/v7e-m+fp/hard\libnosys.a(_exit.o)
 .bss           0x00000000        0x0 g:/2.30/share/armgcc/bin/../lib/gcc/arm-none-eabi/9.3.1/../../../../arm-none-eabi/lib/thumb/v7e-m+fp/hard\libnosys.a(_exit.o)
 .text._exit    0x00000000        0x4 g:/2.30/share/armgcc/bin/../lib/gcc/arm-none-eabi/9.3.1/../../../../arm-none-eabi/lib/thumb/v7e-m+fp/hard\libnosys.a(_exit.o)
 .debug_frame   0x00000000       0x20 g:/2.30/share/armgcc/bin/../lib/gcc/arm-none-eabi/9.3.1/../../../../arm-none-eabi/lib/thumb/v7e-m+fp/hard\libnosys.a(_exit.o)
 .ARM.attributes
                0x00000000       0x34 g:/2.30/share/armgcc/bin/../lib/gcc/arm-none-eabi/9.3.1/../../../../arm-none-eabi/lib/thumb/v7e-m+fp/hard\libnosys.a(_exit.o)
 .text          0x00000000        0x0 g:/2.30/share/armgcc/bin/../lib/gcc/arm-none-eabi/9.3.1/thumb/v7e-m+fp/hard/crtend.o
 .data          0x00000000        0x0 g:/2.30/share/armgcc/bin/../lib/gcc/arm-none-eabi/9.3.1/thumb/v7e-m+fp/hard/crtend.o
 .bss           0x00000000        0x0 g:/2.30/share/armgcc/bin/../lib/gcc/arm-none-eabi/9.3.1/thumb/v7e-m+fp/hard/crtend.o
 .eh_frame      0x00000000        0x4 g:/2.30/share/armgcc/bin/../lib/gcc/arm-none-eabi/9.3.1/thumb/v7e-m+fp/hard/crtend.o
 .ARM.attributes
                0x00000000       0x32 g:/2.30/share/armgcc/bin/../lib/gcc/arm-none-eabi/9.3.1/thumb/v7e-m+fp/hard/crtend.o
 .text          0x00000000        0x0 g:/2.30/share/armgcc/bin/../lib/gcc/arm-none-eabi/9.3.1/thumb/v7e-m+fp/hard/crtn.o
 .data          0x00000000        0x0 g:/2.30/share/armgcc/bin/../lib/gcc/arm-none-eabi/9.3.1/thumb/v7e-m+fp/hard/crtn.o
 .bss           0x00000000        0x0 g:/2.30/share/armgcc/bin/../lib/gcc/arm-none-eabi/9.3.1/thumb/v7e-m+fp/hard/crtn.o

Memory Configuration

Name             Origin             Length             Attributes
FLASH            0x08000000         0x00100000         xr
RAM              0x20000000         0x00020000         xrw
CCMRAM           0x10000000         0x00010000         xrw
*default*        0x00000000         0xffffffff

Linker script and memory map

LOAD g:/2.30/share/armgcc/bin/../lib/gcc/arm-none-eabi/9.3.1/thumb/v7e-m+fp/hard/crti.o
LOAD g:/2.30/share/armgcc/bin/../lib/gcc/arm-none-eabi/9.3.1/thumb/v7e-m+fp/hard/crtbegin.o
LOAD g:/2.30/share/armgcc/bin/../lib/gcc/arm-none-eabi/9.3.1/../../../../arm-none-eabi/lib/thumb/v7e-m+fp/hard/crt0.o
                0x00000000                __HEAP_SIZE = 0x0
                0x00000100                __STACK_SIZE = 0x100
                0x00000000                _Min_Heap_Size = __HEAP_SIZE
                0x00000100                _Min_Stack_Size = __STACK_SIZE
                0x20020000                _estack = (ORIGIN (RAM) + LENGTH (RAM))

.isr_vector     0x08000000      0x188
                0x08000000                . = ALIGN (0x4)
 *(.isr_vector)
 .isr_vector    0x08000000      0x188 obj\debug\src\startup_stm32f407xx.o
                0x08000000                g_pfnVectors
                0x08000188                . = ALIGN (0x4)

.text           0x08000190     0x49f8
                0x08000190                . = ALIGN (0x4)
 *(.text)
 .text          0x08000190       0x40 g:/2.30/share/armgcc/bin/../lib/gcc/arm-none-eabi/9.3.1/thumb/v7e-m+fp/hard/crtbegin.o
 .text          0x080001d0      0x378 g:/2.30/share/armgcc/bin/../lib/gcc/arm-none-eabi/9.3.1/thumb/v7e-m+fp/hard\libgcc.a(_arm_addsubdf3.o)
                0x080001d0                __aeabi_drsub
                0x080001d8                __aeabi_dsub
                0x080001d8                __subdf3
                0x080001dc                __aeabi_dadd
                0x080001dc                __adddf3
                0x08000454                __floatunsidf
                0x08000454                __aeabi_ui2d
                0x08000474                __floatsidf
                0x08000474                __aeabi_i2d
                0x08000498                __aeabi_f2d
                0x08000498                __extendsfdf2
                0x080004dc                __floatundidf
                0x080004dc                __aeabi_ul2d
                0x080004ec                __floatdidf
                0x080004ec                __aeabi_l2d
 .text          0x08000548      0x424 g:/2.30/share/armgcc/bin/../lib/gcc/arm-none-eabi/9.3.1/thumb/v7e-m+fp/hard\libgcc.a(_arm_muldivdf3.o)
                0x08000548                __aeabi_dmul
                0x08000548                __muldf3
                0x0800079c                __divdf3
                0x0800079c                __aeabi_ddiv
 .text          0x0800096c       0x40 g:/2.30/share/armgcc/bin/../lib/gcc/arm-none-eabi/9.3.1/thumb/v7e-m+fp/hard\libgcc.a(_arm_fixunsdfsi.o)
                0x0800096c                __aeabi_d2uiz
                0x0800096c                __fixunsdfsi
 *(.text*)
 .text.Reset_Handler
                0x080009ac       0x4c obj\debug\src\startup_stm32f407xx.o
                0x080009ac                Reset_Handler
 .text.Default_Handler
                0x080009f8        0x2 obj\debug\src\startup_stm32f407xx.o
                0x080009f8                RTC_Alarm_IRQHandler
                0x080009f8                HASH_RNG_IRQHandler
                0x080009f8                TIM8_CC_IRQHandler
                0x080009f8                DebugMon_Handler
                0x080009f8                TIM1_CC_IRQHandler
                0x080009f8                DMA2_Stream5_IRQHandler
                0x080009f8                HardFault_Handler
                0x080009f8                DMA1_Stream5_IRQHandler
                0x080009f8                PVD_IRQHandler
                0x080009f8                SDIO_IRQHandler
                0x080009f8                TAMP_STAMP_IRQHandler
                0x080009f8                NMI_Handler
                0x080009f8                CAN2_RX1_IRQHandler
                0x080009f8                TIM8_TRG_COM_TIM14_IRQHandler
                0x080009f8                TIM1_UP_TIM10_IRQHandler
                0x080009f8                I2C3_ER_IRQHandler
                0x080009f8                I2C2_EV_IRQHandler
                0x080009f8                DMA1_Stream2_IRQHandler
                0x080009f8                CAN1_RX0_IRQHandler
                0x080009f8                FPU_IRQHandler
                0x080009f8                OTG_HS_WKUP_IRQHandler
                0x080009f8                UsageFault_Handler
                0x080009f8                CAN2_SCE_IRQHandler
                0x080009f8                DMA2_Stream2_IRQHandler
                0x080009f8                SPI1_IRQHandler
                0x080009f8                TIM1_BRK_TIM9_IRQHandler
                0x080009f8                DCMI_IRQHandler
                0x080009f8                CAN2_RX0_IRQHandler
                0x080009f8                DMA2_Stream3_IRQHandler
                0x080009f8                USART6_IRQHandler
                0x080009f8                USART3_IRQHandler
                0x080009f8                CAN1_RX1_IRQHandler
                0x080009f8                UART5_IRQHandler
                0x080009f8                DMA2_Stream0_IRQHandler
                0x080009f8                I2C1_EV_IRQHandler
                0x080009f8                DMA1_Stream6_IRQHandler
                0x080009f8                DMA1_Stream1_IRQHandler
                0x080009f8                UART4_IRQHandler
                0x080009f8                RCC_IRQHandler
                0x080009f8                TIM8_BRK_TIM12_IRQHandler
                0x080009f8                Default_Handler
                0x080009f8                ADC_IRQHandler
                0x080009f8                DMA1_Stream7_IRQHandler
                0x080009f8                CAN2_TX_IRQHandler
                0x080009f8                DMA2_Stream7_IRQHandler
                0x080009f8                I2C3_EV_IRQHandler
                0x080009f8                RTC_WKUP_IRQHandler
                0x080009f8                ETH_WKUP_IRQHandler
                0x080009f8                SPI2_IRQHandler
                0x080009f8                OTG_HS_EP1_IN_IRQHandler
                0x080009f8                MemManage_Handler
                0x080009f8                DMA1_Stream0_IRQHandler
                0x080009f8                CAN1_TX_IRQHandler
                0x080009f8                FSMC_IRQHandler
                0x080009f8                ETH_IRQHandler
                0x080009f8                OTG_HS_EP1_OUT_IRQHandler
                0x080009f8                WWDG_IRQHandler
                0x080009f8                OTG_FS_WKUP_IRQHandler
                0x080009f8                TIM1_TRG_COM_TIM11_IRQHandler
                0x080009f8                OTG_HS_IRQHandler
                0x080009f8                USART2_IRQHandler
                0x080009f8                I2C2_ER_IRQHandler
                0x080009f8                DMA2_Stream1_IRQHandler
                0x080009f8                CAN1_SCE_IRQHandler
                0x080009f8                FLASH_IRQHandler
                0x080009f8                DMA2_Stream4_IRQHandler
                0x080009f8                BusFault_Handler
                0x080009f8                OTG_FS_IRQHandler
                0x080009f8                SPI3_IRQHandler
                0x080009f8                DMA1_Stream4_IRQHandler
                0x080009f8                I2C1_ER_IRQHandler
                0x080009f8                DMA2_Stream6_IRQHandler
                0x080009f8                DMA1_Stream3_IRQHandler
 *fill*         0x080009fa        0x2 
 .text.pvPortMalloc
                0x080009fc      0x164 obj\debug\freertos_lib\heap_2.o
                0x080009fc                pvPortMalloc
 .text.vPortFree
                0x08000b60       0x74 obj\debug\freertos_lib\heap_2.o
                0x08000b60                vPortFree
 .text.prvHeapInit
                0x08000bd4       0x54 obj\debug\freertos_lib\heap_2.o
 .text.vListInitialise
                0x08000c28       0x40 obj\debug\freertos_lib\list.o
                0x08000c28                vListInitialise
 .text.vListInitialiseItem
                0x08000c68       0x1a obj\debug\freertos_lib\list.o
                0x08000c68                vListInitialiseItem
 .text.vListInsertEnd
                0x08000c82       0x48 obj\debug\freertos_lib\list.o
                0x08000c82                vListInsertEnd
 .text.vListInsert
                0x08000cca       0x72 obj\debug\freertos_lib\list.o
                0x08000cca                vListInsert
 .text.uxListRemove
                0x08000d3c       0x54 obj\debug\freertos_lib\list.o
                0x08000d3c                uxListRemove
 .text.pxPortInitialiseStack
                0x08000d90       0x68 obj\debug\freertos_lib\port.o
                0x08000d90                pxPortInitialiseStack
 .text.prvTaskExitError
                0x08000df8       0x58 obj\debug\freertos_lib\port.o
 .text.SVC_Handler
                0x08000e50       0x28 obj\debug\freertos_lib\port.o
                0x08000e50                SVC_Handler
 .text.prvPortStartFirstTask
                0x08000e78       0x2c obj\debug\freertos_lib\port.o
 .text.xPortStartScheduler
                0x08000ea4      0x164 obj\debug\freertos_lib\port.o
                0x08000ea4                xPortStartScheduler
 .text.vPortEnterCritical
                0x08001008       0x60 obj\debug\freertos_lib\port.o
                0x08001008                vPortEnterCritical
 .text.vPortExitCritical
                0x08001068       0x54 obj\debug\freertos_lib\port.o
                0x08001068                vPortExitCritical
 *fill*         0x080010bc        0x4 
 .text.PendSV_Handler
                0x080010c0       0x68 obj\debug\freertos_lib\port.o
                0x080010c0                PendSV_Handler
 .text.SysTick_Handler
                0x08001128       0x44 obj\debug\freertos_lib\port.o
                0x08001128                SysTick_Handler
 .text.vPortSetupTimerInterrupt
                0x0800116c       0x48 obj\debug\freertos_lib\port.o
                0x0800116c                vPortSetupTimerInterrupt
 .text.vPortEnableVFP
                0x080011b4       0x18 obj\debug\freertos_lib\port.o
 .text.vPortValidateInterruptPriority
                0x080011cc       0x80 obj\debug\freertos_lib\port.o
                0x080011cc                vPortValidateInterruptPriority
 .text.xQueueGenericReset
                0x0800124c       0xd0 obj\debug\freertos_lib\queue.o
                0x0800124c                xQueueGenericReset
 .text.xQueueGenericCreate
                0x0800131c       0xbe obj\debug\freertos_lib\queue.o
                0x0800131c                xQueueGenericCreate
 .text.prvInitialiseNewQueue
                0x080013da       0x46 obj\debug\freertos_lib\queue.o
 .text.xQueueGenericSend
                0x08001420      0x1fc obj\debug\freertos_lib\queue.o
                0x08001420                xQueueGenericSend
 .text.xQueueGenericSendFromISR
                0x0800161c      0x154 obj\debug\freertos_lib\queue.o
                0x0800161c                xQueueGenericSendFromISR
 .text.xQueueReceive
                0x08001770      0x1c0 obj\debug\freertos_lib\queue.o
                0x08001770                xQueueReceive
 .text.prvCopyDataToQueue
                0x08001930       0xd4 obj\debug\freertos_lib\queue.o
 .text.prvCopyDataFromQueue
                0x08001a04       0x4c obj\debug\freertos_lib\queue.o
 .text.prvUnlockQueue
                0x08001a50       0xa4 obj\debug\freertos_lib\queue.o
 .text.prvIsQueueEmpty
                0x08001af4       0x2c obj\debug\freertos_lib\queue.o
 .text.prvIsQueueFull
                0x08001b20       0x30 obj\debug\freertos_lib\queue.o
 .text.vQueueAddToRegistry
                0x08001b50       0x54 obj\debug\freertos_lib\queue.o
                0x08001b50                vQueueAddToRegistry
 .text.vQueueWaitForMessageRestricted
                0x08001ba4       0x68 obj\debug\freertos_lib\queue.o
                0x08001ba4                vQueueWaitForMessageRestricted
 .text.xTaskCreate
                0x08001c0c       0x82 obj\debug\freertos_lib\tasks.o
                0x08001c0c                xTaskCreate
 .text.prvInitialiseNewTask
                0x08001c8e      0x12c obj\debug\freertos_lib\tasks.o
 *fill*         0x08001dba        0x2 
 .text.prvAddNewTaskToReadyList
                0x08001dbc       0xdc obj\debug\freertos_lib\tasks.o
 .text.vTaskStartScheduler
                0x08001e98       0xa4 obj\debug\freertos_lib\tasks.o
                0x08001e98                vTaskStartScheduler
 .text.vTaskSuspendAll
                0x08001f3c       0x1c obj\debug\freertos_lib\tasks.o
                0x08001f3c                vTaskSuspendAll
 .text.xTaskResumeAll
                0x08001f58      0x138 obj\debug\freertos_lib\tasks.o
                0x08001f58                xTaskResumeAll
 .text.xTaskGetTickCount
                0x08002090       0x20 obj\debug\freertos_lib\tasks.o
                0x08002090                xTaskGetTickCount
 .text.xTaskIncrementTick
                0x080020b0      0x180 obj\debug\freertos_lib\tasks.o
                0x080020b0                xTaskIncrementTick
 .text.vTaskSwitchContext
                0x08002230      0x100 obj\debug\freertos_lib\tasks.o
                0x08002230                vTaskSwitchContext
 .text.vTaskPlaceOnEventList
                0x08002330       0x48 obj\debug\freertos_lib\tasks.o
                0x08002330                vTaskPlaceOnEventList
 .text.vTaskPlaceOnEventListRestricted
                0x08002378       0x58 obj\debug\freertos_lib\tasks.o
                0x08002378                vTaskPlaceOnEventListRestricted
 .text.xTaskRemoveFromEventList
                0x080023d0       0xc4 obj\debug\freertos_lib\tasks.o
                0x080023d0                xTaskRemoveFromEventList
 .text.vTaskInternalSetTimeOutState
                0x08002494       0x2c obj\debug\freertos_lib\tasks.o
                0x08002494                vTaskInternalSetTimeOutState
 .text.xTaskCheckForTimeOut
                0x080024c0       0xcc obj\debug\freertos_lib\tasks.o
                0x080024c0                xTaskCheckForTimeOut
 .text.vTaskMissedYield
                0x0800258c       0x18 obj\debug\freertos_lib\tasks.o
                0x0800258c                vTaskMissedYield
 .text.prvIdleTask
                0x080025a4       0x34 obj\debug\freertos_lib\tasks.o
 .text.prvInitialiseTaskLists
                0x080025d8       0x80 obj\debug\freertos_lib\tasks.o
 .text.prvCheckTasksWaitingTermination
                0x08002658       0x5c obj\debug\freertos_lib\tasks.o
 .text.prvDeleteTCB
                0x080026b4       0x20 obj\debug\freertos_lib\tasks.o
 .text.prvResetNextTaskUnblockTime
                0x080026d4       0x38 obj\debug\freertos_lib\tasks.o
 .text.xTaskGetSchedulerState
                0x0800270c       0x3c obj\debug\freertos_lib\tasks.o
                0x0800270c                xTaskGetSchedulerState
 .text.xTaskPriorityDisinherit
                0x08002748       0xf4 obj\debug\freertos_lib\tasks.o
                0x08002748                xTaskPriorityDisinherit
 .text.prvAddCurrentTaskToDelayedList
                0x0800283c       0xcc obj\debug\freertos_lib\tasks.o
 .text.xTimerCreateTimerTask
                0x08002908       0x64 obj\debug\freertos_lib\timers.o
                0x08002908                xTimerCreateTimerTask
 .text.xTimerGenericCommand
                0x0800296c       0x9c obj\debug\freertos_lib\timers.o
                0x0800296c                xTimerGenericCommand
 .text.prvProcessExpiredTimer
                0x08002a08       0x98 obj\debug\freertos_lib\timers.o
 .text.prvTimerTask
                0x08002aa0       0x24 obj\debug\freertos_lib\timers.o
 .text.prvProcessTimerOrBlockTask
                0x08002ac4       0x9c obj\debug\freertos_lib\timers.o
 .text.prvGetNextExpireTime
                0x08002b60       0x48 obj\debug\freertos_lib\timers.o
 .text.prvSampleTimeNow
                0x08002ba8       0x40 obj\debug\freertos_lib\timers.o
 .text.prvInsertTimerInActiveList
                0x08002be8       0x84 obj\debug\freertos_lib\timers.o
 .text.prvProcessReceivedCommands
                0x08002c6c      0x18c obj\debug\freertos_lib\timers.o
 .text.prvSwitchTimerLists
                0x08002df8       0xc8 obj\debug\freertos_lib\timers.o
 .text.prvCheckForValidListAndQueue
                0x08002ec0       0x6c obj\debug\freertos_lib\timers.o
 .text.__NVIC_EnableIRQ
                0x08002f2c       0x3c obj\debug\src\main.o
 .text.main     0x08002f68     0x1834 obj\debug\src\main.o
                0x08002f68                main
 .text.vApplicationTickHook
                0x0800479c        0xe obj\debug\src\robot_tasks.o
                0x0800479c                vApplicationTickHook
 .text.vApplicationIdleHook
                0x080047aa        0xe obj\debug\src\robot_tasks.o
                0x080047aa                vApplicationIdleHook
 .text.vApplicationStackOverflowHook
                0x080047b8       0x16 obj\debug\src\robot_tasks.o
                0x080047b8                vApplicationStackOverflowHook
 .text.vApplicationMallocFailedHook
                0x080047ce        0xe obj\debug\src\robot_tasks.o
                0x080047ce                vApplicationMallocFailedHook
 .text.vManagementGearsBox
                0x080047dc        0xa obj\debug\src\robot_tasks.o
                0x080047dc                vManagementGearsBox
 *fill*         0x080047e6        0x2 
 .text.USART1_IRQHandler
                0x080047e8       0x18 obj\debug\fil lib\interrupts.o
                0x080047e8                USART1_IRQHandler
 .text.TIM2_IRQHandler
                0x08004800       0x20 obj\debug\fil lib\interrupts.o
                0x08004800                TIM2_IRQHandler
 .text.TIM3_IRQHandler
                0x08004820       0x20 obj\debug\fil lib\interrupts.o
                0x08004820                TIM3_IRQHandler
 .text.TIM4_IRQHandler
                0x08004840       0x20 obj\debug\fil lib\interrupts.o
                0x08004840                TIM4_IRQHandler
 .text.TIM5_IRQHandler
                0x08004860       0x20 obj\debug\fil lib\interrupts.o
                0x08004860                TIM5_IRQHandler
 .text.TIM6_DAC_IRQHandler
                0x08004880       0x20 obj\debug\fil lib\interrupts.o
                0x08004880                TIM6_DAC_IRQHandler
 .text.TIM7_IRQHandler
                0x080048a0       0x20 obj\debug\fil lib\interrupts.o
                0x080048a0                TIM7_IRQHandler
 .text.TIM8_UP_TIM13_IRQHandler
                0x080048c0       0x20 obj\debug\fil lib\interrupts.o
                0x080048c0                TIM8_UP_TIM13_IRQHandler
 .text.EXTI0_IRQHandler
                0x080048e0       0x18 obj\debug\fil lib\interrupts.o
                0x080048e0                EXTI0_IRQHandler
 .text.EXTI1_IRQHandler
                0x080048f8       0x18 obj\debug\fil lib\interrupts.o
                0x080048f8                EXTI1_IRQHandler
 .text.EXTI2_IRQHandler
                0x08004910       0x18 obj\debug\fil lib\interrupts.o
                0x08004910                EXTI2_IRQHandler
 .text.EXTI3_IRQHandler
                0x08004928       0x18 obj\debug\fil lib\interrupts.o
                0x08004928                EXTI3_IRQHandler
 .text.EXTI4_IRQHandler
                0x08004940       0x18 obj\debug\fil lib\interrupts.o
                0x08004940                EXTI4_IRQHandler
 .text.EXTI9_5_IRQHandler
                0x08004958       0x60 obj\debug\fil lib\interrupts.o
                0x08004958                EXTI9_5_IRQHandler
 .text.EXTI15_10_IRQHandler
                0x080049b8       0x28 obj\debug\fil lib\interrupts.o
                0x080049b8                EXTI15_10_IRQHandler
 .text.SystemInit
                0x080049e0       0x6c obj\debug\src\system_stm32f4xx.o
                0x080049e0                SystemInit
 .text.SetSysClock
                0x08004a4c       0xf8 obj\debug\src\system_stm32f4xx.o
 .text.memcpy   0x08004b44       0x1c g:/2.30/share/armgcc/bin/../lib/gcc/arm-none-eabi/9.3.1/../../../../arm-none-eabi/lib/thumb/v7e-m+fp/hard\libg_nano.a(lib_a-memcpy-stub.o)
                0x08004b44                memcpy
 .text.memset   0x08004b60       0x10 g:/2.30/share/armgcc/bin/../lib/gcc/arm-none-eabi/9.3.1/../../../../arm-none-eabi/lib/thumb/v7e-m+fp/hard\libg_nano.a(lib_a-memset.o)
                0x08004b60                memset
 *(.glue_7)
 .glue_7        0x08004b70        0x0 linker stubs
 *(.glue_7t)
 .glue_7t       0x08004b70        0x0 linker stubs
 *(.eh_frame)
 .eh_frame      0x08004b70        0x0 g:/2.30/share/armgcc/bin/../lib/gcc/arm-none-eabi/9.3.1/thumb/v7e-m+fp/hard/crtbegin.o
 *(.init)
 .init          0x08004b70        0x4 g:/2.30/share/armgcc/bin/../lib/gcc/arm-none-eabi/9.3.1/thumb/v7e-m+fp/hard/crti.o
                0x08004b70                _init
 .init          0x08004b74        0x8 g:/2.30/share/armgcc/bin/../lib/gcc/arm-none-eabi/9.3.1/thumb/v7e-m+fp/hard/crtn.o
 *(.fini)
 .fini          0x08004b7c        0x4 g:/2.30/share/armgcc/bin/../lib/gcc/arm-none-eabi/9.3.1/thumb/v7e-m+fp/hard/crti.o
                0x08004b7c                _fini
 .fini          0x08004b80        0x8 g:/2.30/share/armgcc/bin/../lib/gcc/arm-none-eabi/9.3.1/thumb/v7e-m+fp/hard/crtn.o
                0x08004b88                . = ALIGN (0x4)
                0x08004b88                _etext = .

.vfp11_veneer   0x08004b88        0x0
 .vfp11_veneer  0x08004b88        0x0 linker stubs

.v4_bx          0x08004b88        0x0
 .v4_bx         0x08004b88        0x0 linker stubs

.iplt           0x08004b88        0x0
 .iplt          0x08004b88        0x0 g:/2.30/share/armgcc/bin/../lib/gcc/arm-none-eabi/9.3.1/thumb/v7e-m+fp/hard/crtbegin.o

.rodata         0x08004b88       0x1c
                0x08004b88                . = ALIGN (0x4)
 *(.rodata)
 .rodata        0x08004b88        0x5 obj\debug\freertos_lib\tasks.o
 *fill*         0x08004b8d        0x3 
 .rodata        0x08004b90        0xd obj\debug\freertos_lib\timers.o
 *fill*         0x08004b9d        0x3 
 .rodata        0x08004ba0        0x4 obj\debug\src\main.o
 *(.rodata*)
                0x08004ba4                . = ALIGN (0x4)

.rel.dyn        0x08004ba4        0x0
 .rel.iplt      0x08004ba4        0x0 g:/2.30/share/armgcc/bin/../lib/gcc/arm-none-eabi/9.3.1/thumb/v7e-m+fp/hard/crtbegin.o

.ARM.extab
 *(.ARM.extab* .gnu.linkonce.armextab.*)

.ARM            0x08004ba4        0x0
                0x08004ba4                __exidx_start = .
 *(.ARM.exidx*)
                0x08004ba4                __exidx_end = .

.preinit_array  0x08004ba4        0x0
                0x08004ba4                PROVIDE (__preinit_array_start = .)
 *(.preinit_array*)
                0x08004ba4                PROVIDE (__preinit_array_end = .)

.init_array     0x08004ba4        0x4
                0x08004ba4                PROVIDE (__init_array_start = .)
 *(SORT_BY_NAME(.init_array.*))
 *(.init_array*)
 .init_array    0x08004ba4        0x4 g:/2.30/share/armgcc/bin/../lib/gcc/arm-none-eabi/9.3.1/thumb/v7e-m+fp/hard/crtbegin.o
                0x08004ba8                PROVIDE (__init_array_end = .)

.fini_array     0x08004ba8        0x4
                [!provide]                PROVIDE (__fini_array_start = .)
 *(SORT_BY_NAME(.fini_array.*))
 *(.fini_array*)
 .fini_array    0x08004ba8        0x4 g:/2.30/share/armgcc/bin/../lib/gcc/arm-none-eabi/9.3.1/thumb/v7e-m+fp/hard/crtbegin.o
                [!provide]                PROVIDE (__fini_array_end = .)
                0x08004bac                _sidata = LOADADDR (.data)

.data           0x20000000       0x20 load address 0x08004bac
                0x20000000                . = ALIGN (0x4)
                0x20000000                _sdata = .
 *(.data)
 *(.data*)
 .data.xFreeBytesRemaining
                0x20000000        0x4 obj\debug\freertos_lib\heap_2.o
 .data.uxCriticalNesting
                0x20000004        0x4 obj\debug\freertos_lib\port.o
 .data.uxTopUsedPriority
                0x20000008        0x4 obj\debug\freertos_lib\tasks.o
                0x20000008                uxTopUsedPriority
 .data.prescaler_table
                0x2000000c       0x10 obj\debug\src\main.o
 .data.SystemCoreClock
                0x2000001c        0x4 obj\debug\src\system_stm32f4xx.o
                0x2000001c                SystemCoreClock
                0x20000020                . = ALIGN (0x4)
                0x20000020                _edata = .

.igot.plt       0x20000020        0x0 load address 0x08004bcc
 .igot.plt      0x20000020        0x0 g:/2.30/share/armgcc/bin/../lib/gcc/arm-none-eabi/9.3.1/thumb/v7e-m+fp/hard/crtbegin.o
                0x20000020                . = ALIGN (0x4)

.bss            0x20000020    0x12dc8 load address 0x08004bcc
                0x20000020                _sbss = .
                0x20000020                __bss_start__ = _sbss
 *(.bss)
 .bss           0x20000020       0x1c g:/2.30/share/armgcc/bin/../lib/gcc/arm-none-eabi/9.3.1/thumb/v7e-m+fp/hard/crtbegin.o
 *(.bss*)
 .bss.ucHeap    0x2000003c    0x12c00 obj\debug\freertos_lib\heap_2.o
 .bss.xStart    0x20012c3c        0x8 obj\debug\freertos_lib\heap_2.o
 .bss.xEnd      0x20012c44        0x8 obj\debug\freertos_lib\heap_2.o
 .bss.xHeapHasBeenInitialised.8155
                0x20012c4c        0x4 obj\debug\freertos_lib\heap_2.o
 .bss.ucMaxSysCallPriority
                0x20012c50        0x1 obj\debug\freertos_lib\port.o
 *fill*         0x20012c51        0x3 
 .bss.ulMaxPRIGROUPValue
                0x20012c54        0x4 obj\debug\freertos_lib\port.o
 .bss.pxCurrentTCB
                0x20012c58        0x4 obj\debug\freertos_lib\tasks.o
                0x20012c58                pxCurrentTCB
 .bss.pxReadyTasksLists
                0x20012c5c       0x64 obj\debug\freertos_lib\tasks.o
 .bss.xDelayedTaskList1
                0x20012cc0       0x14 obj\debug\freertos_lib\tasks.o
 .bss.xDelayedTaskList2
                0x20012cd4       0x14 obj\debug\freertos_lib\tasks.o
 .bss.pxDelayedTaskList
                0x20012ce8        0x4 obj\debug\freertos_lib\tasks.o
 .bss.pxOverflowDelayedTaskList
                0x20012cec        0x4 obj\debug\freertos_lib\tasks.o
 .bss.xPendingReadyList
                0x20012cf0       0x14 obj\debug\freertos_lib\tasks.o
 .bss.xTasksWaitingTermination
                0x20012d04       0x14 obj\debug\freertos_lib\tasks.o
 .bss.uxDeletedTasksWaitingCleanUp
                0x20012d18        0x4 obj\debug\freertos_lib\tasks.o
 .bss.xSuspendedTaskList
                0x20012d1c       0x14 obj\debug\freertos_lib\tasks.o
 .bss.uxCurrentNumberOfTasks
                0x20012d30        0x4 obj\debug\freertos_lib\tasks.o
 .bss.xTickCount
                0x20012d34        0x4 obj\debug\freertos_lib\tasks.o
 .bss.uxTopReadyPriority
                0x20012d38        0x4 obj\debug\freertos_lib\tasks.o
 .bss.xSchedulerRunning
                0x20012d3c        0x4 obj\debug\freertos_lib\tasks.o
 .bss.xPendedTicks
                0x20012d40        0x4 obj\debug\freertos_lib\tasks.o
 .bss.xYieldPending
                0x20012d44        0x4 obj\debug\freertos_lib\tasks.o
 .bss.xNumOfOverflows
                0x20012d48        0x4 obj\debug\freertos_lib\tasks.o
 .bss.uxTaskNumber
                0x20012d4c        0x4 obj\debug\freertos_lib\tasks.o
 .bss.xNextTaskUnblockTime
                0x20012d50        0x4 obj\debug\freertos_lib\tasks.o
 .bss.xIdleTaskHandle
                0x20012d54        0x4 obj\debug\freertos_lib\tasks.o
 .bss.uxSchedulerSuspended
                0x20012d58        0x4 obj\debug\freertos_lib\tasks.o
 .bss.xActiveTimerList1
                0x20012d5c       0x14 obj\debug\freertos_lib\timers.o
 .bss.xActiveTimerList2
                0x20012d70       0x14 obj\debug\freertos_lib\timers.o
 .bss.pxCurrentTimerList
                0x20012d84        0x4 obj\debug\freertos_lib\timers.o
 .bss.pxOverflowTimerList
                0x20012d88        0x4 obj\debug\freertos_lib\timers.o
 .bss.xTimerQueue
                0x20012d8c        0x4 obj\debug\freertos_lib\timers.o
 .bss.xTimerTaskHandle
                0x20012d90        0x4 obj\debug\freertos_lib\timers.o
 .bss.xLastTime.8467
                0x20012d94        0x4 obj\debug\freertos_lib\timers.o
 *(COMMON)
 COMMON         0x20012d98       0x40 obj\debug\freertos_lib\queue.o
                0x20012d98                xQueueRegistry
 COMMON         0x20012dd8       0x10 obj\debug\src\main.o
                0x20012dd8                Clocks
                0x20012de8                . = ALIGN (0x4)
                0x20012de8                _ebss = .
                0x20012de8                __bss_end__ = _ebss

.heap           0x20012de8        0x0 load address 0x08004bcc
                0x20012de8                . = ALIGN (0x4)
                [!provide]                PROVIDE (end = .)
                [!provide]                PROVIDE (_end = .)
 *(.heap*)
                0x20012de8                . = (. + _Min_Heap_Size)
                0x20012de8                __HeapLimit = .
                0x20012de8                . = ALIGN (0x4)

.ARM.attributes
                0x00000000       0x30
 *(.ARM.attributes)
 .ARM.attributes
                0x00000000       0x1e g:/2.30/share/armgcc/bin/../lib/gcc/arm-none-eabi/9.3.1/thumb/v7e-m+fp/hard/crti.o
 .ARM.attributes
                0x0000001e       0x34 g:/2.30/share/armgcc/bin/../lib/gcc/arm-none-eabi/9.3.1/thumb/v7e-m+fp/hard/crtbegin.o
 .ARM.attributes
                0x00000052       0x21 obj\debug\src\startup_stm32f407xx.o
 .ARM.attributes
                0x00000073       0x34 obj\debug\freertos_lib\heap_2.o
 .ARM.attributes
                0x000000a7       0x34 obj\debug\freertos_lib\list.o
 .ARM.attributes
                0x000000db       0x34 obj\debug\freertos_lib\port.o
 .ARM.attributes
                0x0000010f       0x34 obj\debug\freertos_lib\queue.o
 .ARM.attributes
                0x00000143       0x34 obj\debug\freertos_lib\tasks.o
 .ARM.attributes
                0x00000177       0x34 obj\debug\freertos_lib\timers.o
 .ARM.attributes
                0x000001ab       0x34 obj\debug\src\main.o
 .ARM.attributes
                0x000001df       0x34 obj\debug\src\robot_tasks.o
 .ARM.attributes
                0x00000213       0x34 obj\debug\fil lib\interrupts.o
 .ARM.attributes
                0x00000247       0x34 obj\debug\src\system_stm32f4xx.o
 .ARM.attributes
                0x0000027b       0x1e g:/2.30/share/armgcc/bin/../lib/gcc/arm-none-eabi/9.3.1/thumb/v7e-m+fp/hard\libgcc.a(_arm_addsubdf3.o)
 .ARM.attributes
                0x00000299       0x1e g:/2.30/share/armgcc/bin/../lib/gcc/arm-none-eabi/9.3.1/thumb/v7e-m+fp/hard\libgcc.a(_arm_muldivdf3.o)
 .ARM.attributes
                0x000002b7       0x1e g:/2.30/share/armgcc/bin/../lib/gcc/arm-none-eabi/9.3.1/thumb/v7e-m+fp/hard\libgcc.a(_arm_fixunsdfsi.o)
 .ARM.attributes
                0x000002d5       0x34 g:/2.30/share/armgcc/bin/../lib/gcc/arm-none-eabi/9.3.1/../../../../arm-none-eabi/lib/thumb/v7e-m+fp/hard\libg_nano.a(lib_a-memcpy-stub.o)
 .ARM.attributes
                0x00000309       0x34 g:/2.30/share/armgcc/bin/../lib/gcc/arm-none-eabi/9.3.1/../../../../arm-none-eabi/lib/thumb/v7e-m+fp/hard\libg_nano.a(lib_a-memset.o)
 .ARM.attributes
                0x0000033d       0x1e g:/2.30/share/armgcc/bin/../lib/gcc/arm-none-eabi/9.3.1/thumb/v7e-m+fp/hard/crtn.o
                0x2001ff00                __StackLimit = (_estack - _Min_Stack_Size)
                0x00000001                ASSERT ((__StackLimit >= __HeapLimit), Region RAM overflowed with stack)
LOAD obj\debug\src\startup_stm32f407xx.o
LOAD obj\debug\freertos_lib\croutine.o
LOAD obj\debug\freertos_lib\event_groups.o
LOAD obj\debug\freertos_lib\heap_2.o
LOAD obj\debug\freertos_lib\list.o
LOAD obj\debug\freertos_lib\port.o
LOAD obj\debug\freertos_lib\queue.o
LOAD obj\debug\freertos_lib\stream_buffer.o
LOAD obj\debug\freertos_lib\tasks.o
LOAD obj\debug\freertos_lib\timers.o
LOAD obj\debug\src\main.o
LOAD obj\debug\src\robot_tasks.o
LOAD obj\debug\fil lib\interrupts.o
LOAD obj\debug\src\system_stm32f4xx.o
START GROUP
LOAD g:/2.30/share/armgcc/bin/../lib/gcc/arm-none-eabi/9.3.1/thumb/v7e-m+fp/hard\libgcc.a
LOAD g:/2.30/share/armgcc/bin/../lib/gcc/arm-none-eabi/9.3.1/../../../../arm-none-eabi/lib/thumb/v7e-m+fp/hard\libg_nano.a
LOAD g:/2.30/share/armgcc/bin/../lib/gcc/arm-none-eabi/9.3.1/../../../../arm-none-eabi/lib/thumb/v7e-m+fp/hard\libc_nano.a
END GROUP
START GROUP
LOAD g:/2.30/share/armgcc/bin/../lib/gcc/arm-none-eabi/9.3.1/thumb/v7e-m+fp/hard\libgcc.a
LOAD g:/2.30/share/armgcc/bin/../lib/gcc/arm-none-eabi/9.3.1/../../../../arm-none-eabi/lib/thumb/v7e-m+fp/hard\libc_nano.a
LOAD g:/2.30/share/armgcc/bin/../lib/gcc/arm-none-eabi/9.3.1/../../../../arm-none-eabi/lib/thumb/v7e-m+fp/hard\libnosys.a
END GROUP
START GROUP
LOAD g:/2.30/share/armgcc/bin/../lib/gcc/arm-none-eabi/9.3.1/thumb/v7e-m+fp/hard\libgcc.a
LOAD g:/2.30/share/armgcc/bin/../lib/gcc/arm-none-eabi/9.3.1/../../../../arm-none-eabi/lib/thumb/v7e-m+fp/hard\libc_nano.a
LOAD g:/2.30/share/armgcc/bin/../lib/gcc/arm-none-eabi/9.3.1/../../../../arm-none-eabi/lib/thumb/v7e-m+fp/hard\libnosys.a
END GROUP
LOAD g:/2.30/share/armgcc/bin/../lib/gcc/arm-none-eabi/9.3.1/thumb/v7e-m+fp/hard/crtend.o
LOAD g:/2.30/share/armgcc/bin/../lib/gcc/arm-none-eabi/9.3.1/thumb/v7e-m+fp/hard/crtn.o
OUTPUT(bin\Debug\robocross.elf elf32-littlearm)
LOAD linker stubs

.debug_line     0x00000000     0x46f1
 .debug_line    0x00000000       0x77 obj\debug\src\startup_stm32f407xx.o
 .debug_line    0x00000077      0x33c obj\debug\freertos_lib\heap_2.o
 .debug_line    0x000003b3      0x2ba obj\debug\freertos_lib\list.o
 .debug_line    0x0000066d      0x450 obj\debug\freertos_lib\port.o
 .debug_line    0x00000abd     0x1131 obj\debug\freertos_lib\queue.o
 .debug_line    0x00001bee     0x17f1 obj\debug\freertos_lib\tasks.o
 .debug_line    0x000033df      0x816 obj\debug\freertos_lib\timers.o
 .debug_line    0x00003bf5      0x300 obj\debug\src\main.o
 .debug_line    0x00003ef5      0x226 obj\debug\src\robot_tasks.o
 .debug_line    0x0000411b      0x351 obj\debug\fil lib\interrupts.o
 .debug_line    0x0000446c      0x285 obj\debug\src\system_stm32f4xx.o

.debug_info     0x00000000     0xaea0
 .debug_info    0x00000000       0x22 obj\debug\src\startup_stm32f407xx.o
 .debug_info    0x00000022      0xc23 obj\debug\freertos_lib\heap_2.o
 .debug_info    0x00000c45      0xba8 obj\debug\freertos_lib\list.o
 .debug_info    0x000017ed      0x530 obj\debug\freertos_lib\port.o
 .debug_info    0x00001d1d     0x2005 obj\debug\freertos_lib\queue.o
 .debug_info    0x00003d22     0x29f2 obj\debug\freertos_lib\tasks.o
 .debug_info    0x00006714     0x158d obj\debug\freertos_lib\timers.o
 .debug_info    0x00007ca1     0x1036 obj\debug\src\main.o
 .debug_info    0x00008cd7      0xce5 obj\debug\src\robot_tasks.o
 .debug_info    0x000099bc      0xe7c obj\debug\fil lib\interrupts.o
 .debug_info    0x0000a838      0x668 obj\debug\src\system_stm32f4xx.o

.debug_abbrev   0x00000000     0x1a59
 .debug_abbrev  0x00000000       0x12 obj\debug\src\startup_stm32f407xx.o
 .debug_abbrev  0x00000012      0x305 obj\debug\freertos_lib\heap_2.o
 .debug_abbrev  0x00000317      0x232 obj\debug\freertos_lib\list.o
 .debug_abbrev  0x00000549      0x241 obj\debug\freertos_lib\port.o
 .debug_abbrev  0x0000078a      0x36e obj\debug\freertos_lib\queue.o
 .debug_abbrev  0x00000af8      0x3e8 obj\debug\freertos_lib\tasks.o
 .debug_abbrev  0x00000ee0      0x338 obj\debug\freertos_lib\timers.o
 .debug_abbrev  0x00001218      0x2ac obj\debug\src\main.o
 .debug_abbrev  0x000014c4      0x225 obj\debug\src\robot_tasks.o
 .debug_abbrev  0x000016e9      0x1f8 obj\debug\fil lib\interrupts.o
 .debug_abbrev  0x000018e1      0x178 obj\debug\src\system_stm32f4xx.o

.debug_aranges  0x00000000      0x660
 .debug_aranges
                0x00000000       0x28 obj\debug\src\startup_stm32f407xx.o
 .debug_aranges
                0x00000028       0x40 obj\debug\freertos_lib\heap_2.o
 .debug_aranges
                0x00000068       0x40 obj\debug\freertos_lib\list.o
 .debug_aranges
                0x000000a8       0x80 obj\debug\freertos_lib\port.o
 .debug_aranges
                0x00000128      0x130 obj\debug\freertos_lib\queue.o
 .debug_aranges
                0x00000258      0x1f8 obj\debug\freertos_lib\tasks.o
 .debug_aranges
                0x00000450       0xd8 obj\debug\freertos_lib\timers.o
 .debug_aranges
                0x00000528       0x28 obj\debug\src\main.o
 .debug_aranges
                0x00000550       0x48 obj\debug\src\robot_tasks.o
 .debug_aranges
                0x00000598       0x98 obj\debug\fil lib\interrupts.o
 .debug_aranges
                0x00000630       0x30 obj\debug\src\system_stm32f4xx.o

.debug_str      0x00000000     0x2ce1
 .debug_str     0x00000000       0x56 obj\debug\src\startup_stm32f407xx.o
 .debug_str     0x00000056      0x6b2 obj\debug\freertos_lib\heap_2.o
                                0x765 (size before relaxing)
 .debug_str     0x00000708      0x13d obj\debug\freertos_lib\list.o
                                0x6ef (size before relaxing)
 .debug_str     0x00000845      0x230 obj\debug\freertos_lib\port.o
                                0x439 (size before relaxing)
 .debug_str     0x00000a75      0x6a5 obj\debug\freertos_lib\queue.o
                                0xda0 (size before relaxing)
 .debug_str     0x0000111a      0xd09 obj\debug\freertos_lib\tasks.o
                               0x151f (size before relaxing)
 .debug_str     0x00001e23      0x46c obj\debug\freertos_lib\timers.o
                                0xbb0 (size before relaxing)
 .debug_str     0x0000228f      0x6a3 obj\debug\src\main.o
                                0xc32 (size before relaxing)
 .debug_str     0x00002932       0x69 obj\debug\src\robot_tasks.o
                                0x790 (size before relaxing)
 .debug_str     0x0000299b      0x161 obj\debug\fil lib\interrupts.o
                                0x817 (size before relaxing)
 .debug_str     0x00002afc      0x1e5 obj\debug\src\system_stm32f4xx.o
                                0x400 (size before relaxing)

.debug_ranges   0x00000000      0x5b8
 .debug_ranges  0x00000000       0x20 obj\debug\src\startup_stm32f407xx.o
 .debug_ranges  0x00000020       0x30 obj\debug\freertos_lib\heap_2.o
 .debug_ranges  0x00000050       0x30 obj\debug\freertos_lib\list.o
 .debug_ranges  0x00000080       0x70 obj\debug\freertos_lib\port.o
 .debug_ranges  0x000000f0      0x120 obj\debug\freertos_lib\queue.o
 .debug_ranges  0x00000210      0x1e8 obj\debug\freertos_lib\tasks.o
 .debug_ranges  0x000003f8       0xc8 obj\debug\freertos_lib\timers.o
 .debug_ranges  0x000004c0       0x18 obj\debug\src\main.o
 .debug_ranges  0x000004d8       0x38 obj\debug\src\robot_tasks.o
 .debug_ranges  0x00000510       0x88 obj\debug\fil lib\interrupts.o
 .debug_ranges  0x00000598       0x20 obj\debug\src\system_stm32f4xx.o

.comment        0x00000000       0x4c
 .comment       0x00000000       0x4c obj\debug\freertos_lib\heap_2.o
                                 0x4d (size before relaxing)
 .comment       0x0000004c       0x4d obj\debug\freertos_lib\list.o
 .comment       0x0000004c       0x4d obj\debug\freertos_lib\port.o
 .comment       0x0000004c       0x4d obj\debug\freertos_lib\queue.o
 .comment       0x0000004c       0x4d obj\debug\freertos_lib\tasks.o
 .comment       0x0000004c       0x4d obj\debug\freertos_lib\timers.o
 .comment       0x0000004c       0x4d obj\debug\src\main.o
 .comment       0x0000004c       0x4d obj\debug\src\robot_tasks.o
 .comment       0x0000004c       0x4d obj\debug\fil lib\interrupts.o
 .comment       0x0000004c       0x4d obj\debug\src\system_stm32f4xx.o

.debug_frame    0x00000000     0x19ac
 .debug_frame   0x00000000       0xc0 obj\debug\freertos_lib\heap_2.o
 .debug_frame   0x000000c0       0xd8 obj\debug\freertos_lib\list.o
 .debug_frame   0x00000198      0x1a8 obj\debug\freertos_lib\port.o
 .debug_frame   0x00000340      0x534 obj\debug\freertos_lib\queue.o
 .debug_frame   0x00000874      0x890 obj\debug\freertos_lib\tasks.o
 .debug_frame   0x00001104      0x38c obj\debug\freertos_lib\timers.o
 .debug_frame   0x00001490       0x58 obj\debug\src\main.o
 .debug_frame   0x000014e8       0xd0 obj\debug\src\robot_tasks.o
 .debug_frame   0x000015b8      0x210 obj\debug\fil lib\interrupts.o
 .debug_frame   0x000017c8       0x7c obj\debug\src\system_stm32f4xx.o
 .debug_frame   0x00001844       0xac g:/2.30/share/armgcc/bin/../lib/gcc/arm-none-eabi/9.3.1/thumb/v7e-m+fp/hard\libgcc.a(_arm_addsubdf3.o)
 .debug_frame   0x000018f0       0x50 g:/2.30/share/armgcc/bin/../lib/gcc/arm-none-eabi/9.3.1/thumb/v7e-m+fp/hard\libgcc.a(_arm_muldivdf3.o)
 .debug_frame   0x00001940       0x24 g:/2.30/share/armgcc/bin/../lib/gcc/arm-none-eabi/9.3.1/thumb/v7e-m+fp/hard\libgcc.a(_arm_fixunsdfsi.o)
 .debug_frame   0x00001964       0x28 g:/2.30/share/armgcc/bin/../lib/gcc/arm-none-eabi/9.3.1/../../../../arm-none-eabi/lib/thumb/v7e-m+fp/hard\libg_nano.a(lib_a-memcpy-stub.o)
 .debug_frame   0x0000198c       0x20 g:/2.30/share/armgcc/bin/../lib/gcc/arm-none-eabi/9.3.1/../../../../arm-none-eabi/lib/thumb/v7e-m+fp/hard\libg_nano.a(lib_a-memset.o)
