Archive member included to satisfy reference by file (symbol)

d:/2.30/share/armgcc/bin/../lib/gcc/arm-none-eabi/9.3.1/thumb/v7e-m+fp/hard\libgcc.a(_arm_muldf3.o)
                              obj\debug\src\carregulators.o (__aeabi_dmul)
d:/2.30/share/armgcc/bin/../lib/gcc/arm-none-eabi/9.3.1/thumb/v7e-m+fp/hard\libgcc.a(_arm_addsubdf3.o)
                              obj\debug\src\robot_tasks.o (__aeabi_dadd)
d:/2.30/share/armgcc/bin/../lib/gcc/arm-none-eabi/9.3.1/thumb/v7e-m+fp/hard\libgcc.a(_arm_muldivdf3.o)
                              obj\debug\src\carregulators.o (__aeabi_ddiv)
d:/2.30/share/armgcc/bin/../lib/gcc/arm-none-eabi/9.3.1/thumb/v7e-m+fp/hard\libgcc.a(_arm_cmpdf2.o)
                              obj\debug\src\robot_tasks.o (__aeabi_dcmple)
d:/2.30/share/armgcc/bin/../lib/gcc/arm-none-eabi/9.3.1/thumb/v7e-m+fp/hard\libgcc.a(_arm_truncdfsf2.o)
                              obj\debug\src\carregulators.o (__aeabi_d2f)
d:/2.30/share/armgcc/bin/../lib/gcc/arm-none-eabi/9.3.1/../../../../arm-none-eabi/lib/thumb/v7e-m+fp/hard\libg_nano.a(lib_a-exit.o)
                              d:/2.30/share/armgcc/bin/../lib/gcc/arm-none-eabi/9.3.1/../../../../arm-none-eabi/lib/thumb/v7e-m+fp/hard/crt0.o (exit)
d:/2.30/share/armgcc/bin/../lib/gcc/arm-none-eabi/9.3.1/../../../../arm-none-eabi/lib/thumb/v7e-m+fp/hard\libg_nano.a(lib_a-impure.o)
                              d:/2.30/share/armgcc/bin/../lib/gcc/arm-none-eabi/9.3.1/../../../../arm-none-eabi/lib/thumb/v7e-m+fp/hard\libg_nano.a(lib_a-exit.o) (_global_impure_ptr)
d:/2.30/share/armgcc/bin/../lib/gcc/arm-none-eabi/9.3.1/../../../../arm-none-eabi/lib/thumb/v7e-m+fp/hard\libg_nano.a(lib_a-init.o)
                              d:/2.30/share/armgcc/bin/../lib/gcc/arm-none-eabi/9.3.1/../../../../arm-none-eabi/lib/thumb/v7e-m+fp/hard/crt0.o (__libc_init_array)
d:/2.30/share/armgcc/bin/../lib/gcc/arm-none-eabi/9.3.1/../../../../arm-none-eabi/lib/thumb/v7e-m+fp/hard\libg_nano.a(lib_a-memcpy-stub.o)
                              obj\debug\freertos_lib\queue.o (memcpy)
d:/2.30/share/armgcc/bin/../lib/gcc/arm-none-eabi/9.3.1/../../../../arm-none-eabi/lib/thumb/v7e-m+fp/hard\libg_nano.a(lib_a-memset.o)
                              d:/2.30/share/armgcc/bin/../lib/gcc/arm-none-eabi/9.3.1/../../../../arm-none-eabi/lib/thumb/v7e-m+fp/hard/crt0.o (memset)
d:/2.30/share/armgcc/bin/../lib/gcc/arm-none-eabi/9.3.1/../../../../arm-none-eabi/lib/thumb/v7e-m+fp/hard\libnosys.a(_exit.o)
                              d:/2.30/share/armgcc/bin/../lib/gcc/arm-none-eabi/9.3.1/../../../../arm-none-eabi/lib/thumb/v7e-m+fp/hard\libg_nano.a(lib_a-exit.o) (_exit)

Allocating common symbols
Common symbol       size              file

xRobotGo            0x4               obj\debug\fil lib\rcr dstu\rcr_setupcustom.o
xStartHandle        0x4               obj\debug\fil lib\rcr dstu\rcr_setupcustom.o
xGasHandle          0x4               obj\debug\fil lib\rcr dstu\rcr_setupcustom.o
LPulseWheel         0x2               obj\debug\fil lib\rcr dstu\rcr_setupcustom.o
UARTBufferEndMsgPointer
                    0x4               obj\debug\fil lib\rcr dstu\rcr_setupcustom.o
xQueueManagHandle   0x4               obj\debug\fil lib\rcr dstu\rcr_setupcustom.o
xStartEvent         0x4               obj\debug\fil lib\rcr dstu\rcr_setupcustom.o
UARTReceiver_Flag   0x4               obj\debug\fil lib\rcr dstu\rcr_setupcustom.o
xQueueClutchHandle  0x4               obj\debug\fil lib\rcr dstu\rcr_setupcustom.o
xBrakeHandle        0x4               obj\debug\fil lib\rcr dstu\rcr_setupcustom.o
globalRangeTransmission
                    0x4               obj\debug\fil lib\interrupts.o
xQueueRegistry      0x40              obj\debug\freertos_lib\queue.o
ZeroMesFlag         0x1               obj\debug\src\robot_tasks.o
Queue_StartIndex    0x4               obj\debug\fil lib\rcr dstu\rcr_setupcustom.o
Step                0x4               obj\debug\src\carregulators.o
xQueueBrakeHandle   0x4               obj\debug\fil lib\rcr dstu\rcr_setupcustom.o
xQueueTransmissionHandle
                    0x4               obj\debug\fil lib\rcr dstu\rcr_setupcustom.o
xEventStatus        0x4               obj\debug\fil lib\rcr dstu\rcr_setupcustom.o
Period_Right        0x4               obj\debug\fil lib\interrupts.o
xMailHandle         0x4               obj\debug\fil lib\rcr dstu\rcr_setupcustom.o
UART_Buffer         0xf               obj\debug\fil lib\rcr dstu\rcr_setupcustom.o
ErrorTask           0x4               obj\debug\src\robot_tasks.o
Brake_Flag          0x1               obj\debug\fil lib\rcr dstu\rcr_setupcustom.o
UARTBufferIndex     0x4               obj\debug\fil lib\rcr dstu\rcr_setupcustom.o
UARTTransmit_Flag   0x4               obj\debug\fil lib\rcr dstu\rcr_setupcustom.o
Clutch_Flag         0x4               obj\debug\fil lib\rcr dstu\rcr_setupcustom.o
xClutchHandle       0x4               obj\debug\fil lib\rcr dstu\rcr_setupcustom.o
xUARTEvent          0x4               obj\debug\fil lib\rcr dstu\rcr_setupcustom.o
xTrInit             0x4               obj\debug\fil lib\rcr dstu\rcr_setupcustom.o
Transmission_Flag   0x4               obj\debug\fil lib\rcr dstu\rcr_setupcustom.o
xWaitingHandle      0x4               obj\debug\fil lib\rcr dstu\rcr_setupcustom.o
xGearsHandle        0x4               obj\debug\fil lib\rcr dstu\rcr_setupcustom.o
LRCPointer          0x4               obj\debug\modbus\modbus.o
Queue_EndIndex      0x4               obj\debug\fil lib\rcr dstu\rcr_setupcustom.o
StartDataSendIndex  0x4               obj\debug\modbus\modbus.o
StartFlags          0x8               obj\debug\fil lib\rcr dstu\rcr_setupcustom.o
data                0x2               obj\debug\src\carmanagement.o
adc_data            0x12              obj\debug\fil lib\rcr dstu\rcr_setupcustom.o
QueueBuffer_To_UART
                    0xf               obj\debug\fil lib\rcr dstu\rcr_setupcustom.o
TargetSpeed         0x4               obj\debug\src\robot_tasks.o
QueueIndexTx        0x4               obj\debug\modbus\modbus.o
RPulseWheel         0x2               obj\debug\fil lib\rcr dstu\rcr_setupcustom.o
xQueueGasHandle     0x4               obj\debug\fil lib\rcr dstu\rcr_setupcustom.o
leftPeriod          0x4               obj\debug\src\carregulators.o
UARTBufferLRCIndex  0x4               obj\debug\fil lib\rcr dstu\rcr_setupcustom.o
xQueue20Handle      0x4               obj\debug\fil lib\rcr dstu\rcr_setupcustom.o
xModBusHandle       0x4               obj\debug\fil lib\rcr dstu\rcr_setupcustom.o
Queue_Index         0x4               obj\debug\fil lib\rcr dstu\rcr_setupcustom.o
rightPeriod         0x4               obj\debug\src\carregulators.o
Current_Velocity    0x4               obj\debug\fil lib\rcr dstu\rcr_setupcustom.o
Period_left         0x4               obj\debug\fil lib\interrupts.o
TransmissionReg     0x60              obj\debug\fil lib\rcr dstu\rcr_setupcustom.o
UARTBufferStartMsgPointer
                    0x4               obj\debug\fil lib\rcr dstu\rcr_setupcustom.o

Discarded input sections

 .text          0x00000000        0x0 d:/2.30/share/armgcc/bin/../lib/gcc/arm-none-eabi/9.3.1/thumb/v7e-m+fp/hard/crti.o
 .data          0x00000000        0x0 d:/2.30/share/armgcc/bin/../lib/gcc/arm-none-eabi/9.3.1/thumb/v7e-m+fp/hard/crti.o
 .bss           0x00000000        0x0 d:/2.30/share/armgcc/bin/../lib/gcc/arm-none-eabi/9.3.1/thumb/v7e-m+fp/hard/crti.o
 .data          0x00000000        0x4 d:/2.30/share/armgcc/bin/../lib/gcc/arm-none-eabi/9.3.1/thumb/v7e-m+fp/hard/crtbegin.o
 .text          0x00000000       0x7c d:/2.30/share/armgcc/bin/../lib/gcc/arm-none-eabi/9.3.1/../../../../arm-none-eabi/lib/thumb/v7e-m+fp/hard/crt0.o
 .data          0x00000000        0x0 d:/2.30/share/armgcc/bin/../lib/gcc/arm-none-eabi/9.3.1/../../../../arm-none-eabi/lib/thumb/v7e-m+fp/hard/crt0.o
 .bss           0x00000000        0x0 d:/2.30/share/armgcc/bin/../lib/gcc/arm-none-eabi/9.3.1/../../../../arm-none-eabi/lib/thumb/v7e-m+fp/hard/crt0.o
 .ARM.extab     0x00000000        0x0 d:/2.30/share/armgcc/bin/../lib/gcc/arm-none-eabi/9.3.1/../../../../arm-none-eabi/lib/thumb/v7e-m+fp/hard/crt0.o
 .ARM.exidx     0x00000000       0x10 d:/2.30/share/armgcc/bin/../lib/gcc/arm-none-eabi/9.3.1/../../../../arm-none-eabi/lib/thumb/v7e-m+fp/hard/crt0.o
 .ARM.attributes
                0x00000000       0x1c d:/2.30/share/armgcc/bin/../lib/gcc/arm-none-eabi/9.3.1/../../../../arm-none-eabi/lib/thumb/v7e-m+fp/hard/crt0.o
 .text          0x00000000       0x14 obj\debug\src\startup_stm32f407xx.o
 .data          0x00000000        0x0 obj\debug\src\startup_stm32f407xx.o
 .bss           0x00000000        0x0 obj\debug\src\startup_stm32f407xx.o
 .text          0x00000000        0x0 obj\debug\fil lib\rcr dstu\rcr_setupcustom.o
 .data          0x00000000        0x0 obj\debug\fil lib\rcr dstu\rcr_setupcustom.o
 .bss           0x00000000        0x0 obj\debug\fil lib\rcr dstu\rcr_setupcustom.o
 .data.prescaler_table
                0x00000000       0x10 obj\debug\fil lib\rcr dstu\rcr_setupcustom.o
 .text          0x00000000        0x0 obj\debug\freertos_lib\croutine.o
 .data          0x00000000        0x0 obj\debug\freertos_lib\croutine.o
 .bss           0x00000000        0x0 obj\debug\freertos_lib\croutine.o
 .debug_info    0x00000000       0xc0 obj\debug\freertos_lib\croutine.o
 .debug_abbrev  0x00000000       0x62 obj\debug\freertos_lib\croutine.o
 .debug_aranges
                0x00000000       0x18 obj\debug\freertos_lib\croutine.o
 .debug_line    0x00000000       0xd2 obj\debug\freertos_lib\croutine.o
 .debug_str     0x00000000      0x1db obj\debug\freertos_lib\croutine.o
 .comment       0x00000000       0x4d obj\debug\freertos_lib\croutine.o
 .ARM.attributes
                0x00000000       0x39 obj\debug\freertos_lib\croutine.o
 .text          0x00000000        0x0 obj\debug\freertos_lib\event_groups.o
 .data          0x00000000        0x0 obj\debug\freertos_lib\event_groups.o
 .bss           0x00000000        0x0 obj\debug\freertos_lib\event_groups.o
 .text.xEventGroupSync
                0x00000000      0x188 obj\debug\freertos_lib\event_groups.o
 .text.xEventGroupGetBitsFromISR
                0x00000000       0x48 obj\debug\freertos_lib\event_groups.o
 .text.vEventGroupDelete
                0x00000000       0x62 obj\debug\freertos_lib\event_groups.o
 .text.vEventGroupSetBitsCallback
                0x00000000       0x1e obj\debug\freertos_lib\event_groups.o
 .text.vEventGroupClearBitsCallback
                0x00000000       0x1e obj\debug\freertos_lib\event_groups.o
 .text.uxEventGroupGetNumber
                0x00000000       0x2c obj\debug\freertos_lib\event_groups.o
 .text.vEventGroupSetNumber
                0x00000000       0x1c obj\debug\freertos_lib\event_groups.o
 .text          0x00000000        0x0 obj\debug\freertos_lib\heap_2.o
 .data          0x00000000        0x0 obj\debug\freertos_lib\heap_2.o
 .bss           0x00000000        0x0 obj\debug\freertos_lib\heap_2.o
 .rodata.heapSTRUCT_SIZE
                0x00000000        0x2 obj\debug\freertos_lib\heap_2.o
 .text.xPortGetFreeHeapSize
                0x00000000       0x18 obj\debug\freertos_lib\heap_2.o
 .text.vPortInitialiseBlocks
                0x00000000        0xe obj\debug\freertos_lib\heap_2.o
 .text          0x00000000        0x0 obj\debug\freertos_lib\list.o
 .data          0x00000000        0x0 obj\debug\freertos_lib\list.o
 .bss           0x00000000        0x0 obj\debug\freertos_lib\list.o
 .text          0x00000000        0x0 obj\debug\freertos_lib\port.o
 .data          0x00000000        0x0 obj\debug\freertos_lib\port.o
 .bss           0x00000000        0x0 obj\debug\freertos_lib\port.o
 .rodata.pcInterruptPriorityRegisters
                0x00000000        0x4 obj\debug\freertos_lib\port.o
 .text.vPortEndScheduler
                0x00000000       0x38 obj\debug\freertos_lib\port.o
 .text          0x00000000        0x0 obj\debug\freertos_lib\queue.o
 .data          0x00000000        0x0 obj\debug\freertos_lib\queue.o
 .bss           0x00000000        0x0 obj\debug\freertos_lib\queue.o
 .text.prvInitialiseMutex
                0x00000000       0x34 obj\debug\freertos_lib\queue.o
 .text.xQueueCreateMutex
                0x00000000       0x30 obj\debug\freertos_lib\queue.o
 .text.xQueueGiveMutexRecursive
                0x00000000       0x68 obj\debug\freertos_lib\queue.o
 .text.xQueueTakeMutexRecursive
                0x00000000       0x70 obj\debug\freertos_lib\queue.o
 .text.xQueueCreateCountingSemaphore
                0x00000000       0x66 obj\debug\freertos_lib\queue.o
 .text.xQueueGiveFromISR
                0x00000000      0x138 obj\debug\freertos_lib\queue.o
 .text.xQueuePeek
                0x00000000      0x1c4 obj\debug\freertos_lib\queue.o
 .text.xQueueReceiveFromISR
                0x00000000      0x11e obj\debug\freertos_lib\queue.o
 .text.xQueuePeekFromISR
                0x00000000       0xd2 obj\debug\freertos_lib\queue.o
 .text.uxQueueMessagesWaiting
                0x00000000       0x3c obj\debug\freertos_lib\queue.o
 .text.uxQueueSpacesAvailable
                0x00000000       0x46 obj\debug\freertos_lib\queue.o
 .text.uxQueueMessagesWaitingFromISR
                0x00000000       0x3c obj\debug\freertos_lib\queue.o
 .text.vQueueDelete
                0x00000000       0x3c obj\debug\freertos_lib\queue.o
 .text.uxQueueGetQueueNumber
                0x00000000       0x18 obj\debug\freertos_lib\queue.o
 .text.vQueueSetQueueNumber
                0x00000000       0x1c obj\debug\freertos_lib\queue.o
 .text.ucQueueGetQueueType
                0x00000000       0x1a obj\debug\freertos_lib\queue.o
 .text.xQueueIsQueueEmptyFromISR
                0x00000000       0x48 obj\debug\freertos_lib\queue.o
 .text.xQueueIsQueueFullFromISR
                0x00000000       0x4c obj\debug\freertos_lib\queue.o
 .text.pcQueueGetName
                0x00000000       0x4c obj\debug\freertos_lib\queue.o
 .text.vQueueUnregisterQueue
                0x00000000       0x54 obj\debug\freertos_lib\queue.o
 .text          0x00000000        0x0 obj\debug\freertos_lib\stream_buffer.o
 .data          0x00000000        0x0 obj\debug\freertos_lib\stream_buffer.o
 .bss           0x00000000        0x0 obj\debug\freertos_lib\stream_buffer.o
 .text.xStreamBufferGenericCreate
                0x00000000       0xc4 obj\debug\freertos_lib\stream_buffer.o
 .text.vStreamBufferDelete
                0x00000000       0x4e obj\debug\freertos_lib\stream_buffer.o
 .text.xStreamBufferReset
                0x00000000       0x78 obj\debug\freertos_lib\stream_buffer.o
 .text.xStreamBufferSetTriggerLevel
                0x00000000       0x5c obj\debug\freertos_lib\stream_buffer.o
 .text.xStreamBufferSpacesAvailable
                0x00000000       0x66 obj\debug\freertos_lib\stream_buffer.o
 .text.xStreamBufferBytesAvailable
                0x00000000       0x3a obj\debug\freertos_lib\stream_buffer.o
 .text.xStreamBufferSend
                0x00000000      0x196 obj\debug\freertos_lib\stream_buffer.o
 .text.xStreamBufferSendFromISR
                0x00000000       0xe6 obj\debug\freertos_lib\stream_buffer.o
 .text.prvWriteMessageToBuffer
                0x00000000       0x7a obj\debug\freertos_lib\stream_buffer.o
 .text.xStreamBufferReceive
                0x00000000      0x134 obj\debug\freertos_lib\stream_buffer.o
 .text.xStreamBufferNextMessageLengthBytes
                0x00000000       0x92 obj\debug\freertos_lib\stream_buffer.o
 .text.xStreamBufferReceiveFromISR
                0x00000000       0xe2 obj\debug\freertos_lib\stream_buffer.o
 .text.prvReadMessageFromBuffer
                0x00000000       0x64 obj\debug\freertos_lib\stream_buffer.o
 .text.xStreamBufferIsEmpty
                0x00000000       0x50 obj\debug\freertos_lib\stream_buffer.o
 .text.xStreamBufferIsFull
                0x00000000       0x60 obj\debug\freertos_lib\stream_buffer.o
 .text.xStreamBufferSendCompletedFromISR
                0x00000000       0x8a obj\debug\freertos_lib\stream_buffer.o
 .text.xStreamBufferReceiveCompletedFromISR
                0x00000000       0x8a obj\debug\freertos_lib\stream_buffer.o
 .text.prvWriteBytesToBuffer
                0x00000000       0xe4 obj\debug\freertos_lib\stream_buffer.o
 .text.prvReadBytesFromBuffer
                0x00000000       0xf4 obj\debug\freertos_lib\stream_buffer.o
 .text.prvBytesInBuffer
                0x00000000       0x40 obj\debug\freertos_lib\stream_buffer.o
 .text.prvInitialiseNewStreamBuffer
                0x00000000       0x66 obj\debug\freertos_lib\stream_buffer.o
 .text.uxStreamBufferGetStreamBufferNumber
                0x00000000       0x18 obj\debug\freertos_lib\stream_buffer.o
 .text.vStreamBufferSetStreamBufferNumber
                0x00000000       0x1c obj\debug\freertos_lib\stream_buffer.o
 .text.ucStreamBufferGetStreamBufferType
                0x00000000       0x1e obj\debug\freertos_lib\stream_buffer.o
 .debug_info    0x00000000     0x1a50 obj\debug\freertos_lib\stream_buffer.o
 .debug_abbrev  0x00000000      0x3ca obj\debug\freertos_lib\stream_buffer.o
 .debug_aranges
                0x00000000       0xd8 obj\debug\freertos_lib\stream_buffer.o
 .debug_ranges  0x00000000       0xc8 obj\debug\freertos_lib\stream_buffer.o
 .debug_line    0x00000000      0xa7b obj\debug\freertos_lib\stream_buffer.o
 .debug_str     0x00000000      0xc1a obj\debug\freertos_lib\stream_buffer.o
 .comment       0x00000000       0x4d obj\debug\freertos_lib\stream_buffer.o
 .debug_frame   0x00000000      0x3a8 obj\debug\freertos_lib\stream_buffer.o
 .ARM.attributes
                0x00000000       0x34 obj\debug\freertos_lib\stream_buffer.o
 .text          0x00000000        0x0 obj\debug\freertos_lib\tasks.o
 .data          0x00000000        0x0 obj\debug\freertos_lib\tasks.o
 .bss           0x00000000        0x0 obj\debug\freertos_lib\tasks.o
 .text.vTaskDelete
                0x00000000      0x120 obj\debug\freertos_lib\tasks.o
 .text.eTaskGetState
                0x00000000       0xf4 obj\debug\freertos_lib\tasks.o
 .text.uxTaskPriorityGet
                0x00000000       0x34 obj\debug\freertos_lib\tasks.o
 .text.uxTaskPriorityGetFromISR
                0x00000000       0x58 obj\debug\freertos_lib\tasks.o
 .text.xTaskResumeFromISR
                0x00000000       0xec obj\debug\freertos_lib\tasks.o
 .text.vTaskEndScheduler
                0x00000000       0x30 obj\debug\freertos_lib\tasks.o
 .text.xTaskGetTickCountFromISR
                0x00000000       0x48 obj\debug\freertos_lib\tasks.o
 .text.uxTaskGetNumberOfTasks
                0x00000000       0x18 obj\debug\freertos_lib\tasks.o
 .text.pcTaskGetName
                0x00000000       0x48 obj\debug\freertos_lib\tasks.o
 .text.uxTaskGetSystemState
                0x00000000      0x11c obj\debug\freertos_lib\tasks.o
 .text.xTaskCatchUpTicks
                0x00000000       0x54 obj\debug\freertos_lib\tasks.o
 .text.vTaskSetTimeOutState
                0x00000000       0x50 obj\debug\freertos_lib\tasks.o
 .text.uxTaskGetTaskNumber
                0x00000000       0x2c obj\debug\freertos_lib\tasks.o
 .text.vTaskSetTaskNumber
                0x00000000       0x26 obj\debug\freertos_lib\tasks.o
 .text.vTaskGetInfo
                0x00000000       0xcc obj\debug\freertos_lib\tasks.o
 .text.prvListTasksWithinSingleList
                0x00000000       0xa4 obj\debug\freertos_lib\tasks.o
 .text.prvTaskCheckFreeStackSpace
                0x00000000       0x38 obj\debug\freertos_lib\tasks.o
 .text.xTaskGetCurrentTaskHandle
                0x00000000       0x20 obj\debug\freertos_lib\tasks.o
 .text.ulTaskGenericNotifyTake
                0x00000000       0xd4 obj\debug\freertos_lib\tasks.o
 .text.xTaskGenericNotifyWait
                0x00000000      0x100 obj\debug\freertos_lib\tasks.o
 .text.xTaskGenericNotify
                0x00000000      0x1c4 obj\debug\freertos_lib\tasks.o
 .text.xTaskGenericNotifyFromISR
                0x00000000      0x208 obj\debug\freertos_lib\tasks.o
 .text.vTaskGenericNotifyGiveFromISR
                0x00000000      0x158 obj\debug\freertos_lib\tasks.o
 .text.xTaskGenericNotifyStateClear
                0x00000000       0x74 obj\debug\freertos_lib\tasks.o
 .text.ulTaskGenericNotifyValueClear
                0x00000000       0x5c obj\debug\freertos_lib\tasks.o
 .text          0x00000000        0x0 obj\debug\freertos_lib\timers.o
 .data          0x00000000        0x0 obj\debug\freertos_lib\timers.o
 .bss           0x00000000        0x0 obj\debug\freertos_lib\timers.o
 .text.xTimerCreate
                0x00000000       0x44 obj\debug\freertos_lib\timers.o
 .text.prvInitialiseNewTimer
                0x00000000       0x78 obj\debug\freertos_lib\timers.o
 .text.xTimerGetTimerDaemonTaskHandle
                0x00000000       0x38 obj\debug\freertos_lib\timers.o
 .text.xTimerGetPeriod
                0x00000000       0x38 obj\debug\freertos_lib\timers.o
 .text.vTimerSetReloadMode
                0x00000000       0x66 obj\debug\freertos_lib\timers.o
 .text.uxTimerGetReloadMode
                0x00000000       0x52 obj\debug\freertos_lib\timers.o
 .text.xTimerGetExpiryTime
                0x00000000       0x3c obj\debug\freertos_lib\timers.o
 .text.pcTimerGetName
                0x00000000       0x38 obj\debug\freertos_lib\timers.o
 .text.xTimerIsTimerActive
                0x00000000       0x52 obj\debug\freertos_lib\timers.o
 .text.pvTimerGetTimerID
                0x00000000       0x40 obj\debug\freertos_lib\timers.o
 .text.vTimerSetTimerID
                0x00000000       0x40 obj\debug\freertos_lib\timers.o
 .text.uxTimerGetTimerNumber
                0x00000000       0x18 obj\debug\freertos_lib\timers.o
 .text.vTimerSetTimerNumber
                0x00000000       0x1c obj\debug\freertos_lib\timers.o
 .text          0x00000000        0x0 obj\debug\modbus\modbus.o
 .data          0x00000000        0x0 obj\debug\modbus\modbus.o
 .bss           0x00000000        0x0 obj\debug\modbus\modbus.o
 .data.prescaler_table
                0x00000000       0x10 obj\debug\modbus\modbus.o
 .text          0x00000000        0x0 obj\debug\src\carmanagement.o
 .data          0x00000000        0x0 obj\debug\src\carmanagement.o
 .bss           0x00000000        0x0 obj\debug\src\carmanagement.o
 .data.prescaler_table
                0x00000000       0x10 obj\debug\src\carmanagement.o
 .text.Recovery_Transmission
                0x00000000      0x160 obj\debug\src\carmanagement.o
 .text          0x00000000        0x0 obj\debug\src\carregulators.o
 .data          0x00000000        0x0 obj\debug\src\carregulators.o
 .bss           0x00000000        0x0 obj\debug\src\carregulators.o
 .data.prescaler_table
                0x00000000       0x10 obj\debug\src\carregulators.o
 .text.Speed_Calc_Car
                0x00000000      0x134 obj\debug\src\carregulators.o
 .text          0x00000000        0x0 obj\debug\src\main.o
 .data          0x00000000        0x0 obj\debug\src\main.o
 .bss           0x00000000        0x0 obj\debug\src\main.o
 .data.prescaler_table
                0x00000000       0x10 obj\debug\src\main.o
 .bss.once      0x00000000        0x1 obj\debug\src\main.o
 .bss.transmission
                0x00000000        0x4 obj\debug\src\main.o
 .text          0x00000000        0x0 obj\debug\src\robot_tasks.o
 .data          0x00000000        0x0 obj\debug\src\robot_tasks.o
 .bss           0x00000000        0x0 obj\debug\src\robot_tasks.o
 .data.prescaler_table
                0x00000000       0x10 obj\debug\src\robot_tasks.o
 .bss.Start     0x00000000        0x1 obj\debug\src\robot_tasks.o
 .text          0x00000000        0x0 obj\debug\fil lib\interrupts.o
 .data          0x00000000        0x0 obj\debug\fil lib\interrupts.o
 .bss           0x00000000        0x0 obj\debug\fil lib\interrupts.o
 .data.prescaler_table
                0x00000000       0x10 obj\debug\fil lib\interrupts.o
 .bss.TransmissionPWM
                0x00000000        0x4 obj\debug\fil lib\interrupts.o
 .bss.direction
                0x00000000        0x4 obj\debug\fil lib\interrupts.o
 .text.TIM1_IRQHandler
                0x00000000       0x18 obj\debug\fil lib\interrupts.o
 .bss.globalRangeCar
                0x00000000        0x4 obj\debug\fil lib\interrupts.o
 .text          0x00000000        0x0 obj\debug\src\system_stm32f4xx.o
 .data          0x00000000        0x0 obj\debug\src\system_stm32f4xx.o
 .bss           0x00000000        0x0 obj\debug\src\system_stm32f4xx.o
 .data.AHBPrescTable
                0x00000000       0x10 obj\debug\src\system_stm32f4xx.o
 .text.SystemCoreClockUpdate
                0x00000000      0x104 obj\debug\src\system_stm32f4xx.o
 .text          0x00000000      0x254 d:/2.30/share/armgcc/bin/../lib/gcc/arm-none-eabi/9.3.1/thumb/v7e-m+fp/hard\libgcc.a(_arm_muldf3.o)
 .data          0x00000000        0x0 d:/2.30/share/armgcc/bin/../lib/gcc/arm-none-eabi/9.3.1/thumb/v7e-m+fp/hard\libgcc.a(_arm_muldf3.o)
 .bss           0x00000000        0x0 d:/2.30/share/armgcc/bin/../lib/gcc/arm-none-eabi/9.3.1/thumb/v7e-m+fp/hard\libgcc.a(_arm_muldf3.o)
 .debug_frame   0x00000000       0x30 d:/2.30/share/armgcc/bin/../lib/gcc/arm-none-eabi/9.3.1/thumb/v7e-m+fp/hard\libgcc.a(_arm_muldf3.o)
 .ARM.attributes
                0x00000000       0x1e d:/2.30/share/armgcc/bin/../lib/gcc/arm-none-eabi/9.3.1/thumb/v7e-m+fp/hard\libgcc.a(_arm_muldf3.o)
 .data          0x00000000        0x0 d:/2.30/share/armgcc/bin/../lib/gcc/arm-none-eabi/9.3.1/thumb/v7e-m+fp/hard\libgcc.a(_arm_addsubdf3.o)
 .bss           0x00000000        0x0 d:/2.30/share/armgcc/bin/../lib/gcc/arm-none-eabi/9.3.1/thumb/v7e-m+fp/hard\libgcc.a(_arm_addsubdf3.o)
 .data          0x00000000        0x0 d:/2.30/share/armgcc/bin/../lib/gcc/arm-none-eabi/9.3.1/thumb/v7e-m+fp/hard\libgcc.a(_arm_muldivdf3.o)
 .bss           0x00000000        0x0 d:/2.30/share/armgcc/bin/../lib/gcc/arm-none-eabi/9.3.1/thumb/v7e-m+fp/hard\libgcc.a(_arm_muldivdf3.o)
 .data          0x00000000        0x0 d:/2.30/share/armgcc/bin/../lib/gcc/arm-none-eabi/9.3.1/thumb/v7e-m+fp/hard\libgcc.a(_arm_cmpdf2.o)
 .bss           0x00000000        0x0 d:/2.30/share/armgcc/bin/../lib/gcc/arm-none-eabi/9.3.1/thumb/v7e-m+fp/hard\libgcc.a(_arm_cmpdf2.o)
 .data          0x00000000        0x0 d:/2.30/share/armgcc/bin/../lib/gcc/arm-none-eabi/9.3.1/thumb/v7e-m+fp/hard\libgcc.a(_arm_truncdfsf2.o)
 .bss           0x00000000        0x0 d:/2.30/share/armgcc/bin/../lib/gcc/arm-none-eabi/9.3.1/thumb/v7e-m+fp/hard\libgcc.a(_arm_truncdfsf2.o)
 .text          0x00000000        0x0 d:/2.30/share/armgcc/bin/../lib/gcc/arm-none-eabi/9.3.1/../../../../arm-none-eabi/lib/thumb/v7e-m+fp/hard\libg_nano.a(lib_a-exit.o)
 .data          0x00000000        0x0 d:/2.30/share/armgcc/bin/../lib/gcc/arm-none-eabi/9.3.1/../../../../arm-none-eabi/lib/thumb/v7e-m+fp/hard\libg_nano.a(lib_a-exit.o)
 .bss           0x00000000        0x0 d:/2.30/share/armgcc/bin/../lib/gcc/arm-none-eabi/9.3.1/../../../../arm-none-eabi/lib/thumb/v7e-m+fp/hard\libg_nano.a(lib_a-exit.o)
 .text.exit     0x00000000       0x28 d:/2.30/share/armgcc/bin/../lib/gcc/arm-none-eabi/9.3.1/../../../../arm-none-eabi/lib/thumb/v7e-m+fp/hard\libg_nano.a(lib_a-exit.o)
 .debug_frame   0x00000000       0x28 d:/2.30/share/armgcc/bin/../lib/gcc/arm-none-eabi/9.3.1/../../../../arm-none-eabi/lib/thumb/v7e-m+fp/hard\libg_nano.a(lib_a-exit.o)
 .ARM.attributes
                0x00000000       0x34 d:/2.30/share/armgcc/bin/../lib/gcc/arm-none-eabi/9.3.1/../../../../arm-none-eabi/lib/thumb/v7e-m+fp/hard\libg_nano.a(lib_a-exit.o)
 .text          0x00000000        0x0 d:/2.30/share/armgcc/bin/../lib/gcc/arm-none-eabi/9.3.1/../../../../arm-none-eabi/lib/thumb/v7e-m+fp/hard\libg_nano.a(lib_a-impure.o)
 .data          0x00000000        0x0 d:/2.30/share/armgcc/bin/../lib/gcc/arm-none-eabi/9.3.1/../../../../arm-none-eabi/lib/thumb/v7e-m+fp/hard\libg_nano.a(lib_a-impure.o)
 .bss           0x00000000        0x0 d:/2.30/share/armgcc/bin/../lib/gcc/arm-none-eabi/9.3.1/../../../../arm-none-eabi/lib/thumb/v7e-m+fp/hard\libg_nano.a(lib_a-impure.o)
 .data._impure_ptr
                0x00000000        0x4 d:/2.30/share/armgcc/bin/../lib/gcc/arm-none-eabi/9.3.1/../../../../arm-none-eabi/lib/thumb/v7e-m+fp/hard\libg_nano.a(lib_a-impure.o)
 .data.impure_data
                0x00000000       0x60 d:/2.30/share/armgcc/bin/../lib/gcc/arm-none-eabi/9.3.1/../../../../arm-none-eabi/lib/thumb/v7e-m+fp/hard\libg_nano.a(lib_a-impure.o)
 .rodata._global_impure_ptr
                0x00000000        0x4 d:/2.30/share/armgcc/bin/../lib/gcc/arm-none-eabi/9.3.1/../../../../arm-none-eabi/lib/thumb/v7e-m+fp/hard\libg_nano.a(lib_a-impure.o)
 .ARM.attributes
                0x00000000       0x32 d:/2.30/share/armgcc/bin/../lib/gcc/arm-none-eabi/9.3.1/../../../../arm-none-eabi/lib/thumb/v7e-m+fp/hard\libg_nano.a(lib_a-impure.o)
 .text          0x00000000        0x0 d:/2.30/share/armgcc/bin/../lib/gcc/arm-none-eabi/9.3.1/../../../../arm-none-eabi/lib/thumb/v7e-m+fp/hard\libg_nano.a(lib_a-init.o)
 .data          0x00000000        0x0 d:/2.30/share/armgcc/bin/../lib/gcc/arm-none-eabi/9.3.1/../../../../arm-none-eabi/lib/thumb/v7e-m+fp/hard\libg_nano.a(lib_a-init.o)
 .bss           0x00000000        0x0 d:/2.30/share/armgcc/bin/../lib/gcc/arm-none-eabi/9.3.1/../../../../arm-none-eabi/lib/thumb/v7e-m+fp/hard\libg_nano.a(lib_a-init.o)
 .text.__libc_init_array
                0x00000000       0x48 d:/2.30/share/armgcc/bin/../lib/gcc/arm-none-eabi/9.3.1/../../../../arm-none-eabi/lib/thumb/v7e-m+fp/hard\libg_nano.a(lib_a-init.o)
 .debug_frame   0x00000000       0x2c d:/2.30/share/armgcc/bin/../lib/gcc/arm-none-eabi/9.3.1/../../../../arm-none-eabi/lib/thumb/v7e-m+fp/hard\libg_nano.a(lib_a-init.o)
 .ARM.attributes
                0x00000000       0x34 d:/2.30/share/armgcc/bin/../lib/gcc/arm-none-eabi/9.3.1/../../../../arm-none-eabi/lib/thumb/v7e-m+fp/hard\libg_nano.a(lib_a-init.o)
 .text          0x00000000        0x0 d:/2.30/share/armgcc/bin/../lib/gcc/arm-none-eabi/9.3.1/../../../../arm-none-eabi/lib/thumb/v7e-m+fp/hard\libg_nano.a(lib_a-memcpy-stub.o)
 .data          0x00000000        0x0 d:/2.30/share/armgcc/bin/../lib/gcc/arm-none-eabi/9.3.1/../../../../arm-none-eabi/lib/thumb/v7e-m+fp/hard\libg_nano.a(lib_a-memcpy-stub.o)
 .bss           0x00000000        0x0 d:/2.30/share/armgcc/bin/../lib/gcc/arm-none-eabi/9.3.1/../../../../arm-none-eabi/lib/thumb/v7e-m+fp/hard\libg_nano.a(lib_a-memcpy-stub.o)
 .text          0x00000000        0x0 d:/2.30/share/armgcc/bin/../lib/gcc/arm-none-eabi/9.3.1/../../../../arm-none-eabi/lib/thumb/v7e-m+fp/hard\libg_nano.a(lib_a-memset.o)
 .data          0x00000000        0x0 d:/2.30/share/armgcc/bin/../lib/gcc/arm-none-eabi/9.3.1/../../../../arm-none-eabi/lib/thumb/v7e-m+fp/hard\libg_nano.a(lib_a-memset.o)
 .bss           0x00000000        0x0 d:/2.30/share/armgcc/bin/../lib/gcc/arm-none-eabi/9.3.1/../../../../arm-none-eabi/lib/thumb/v7e-m+fp/hard\libg_nano.a(lib_a-memset.o)
 .text          0x00000000        0x0 d:/2.30/share/armgcc/bin/../lib/gcc/arm-none-eabi/9.3.1/../../../../arm-none-eabi/lib/thumb/v7e-m+fp/hard\libnosys.a(_exit.o)
 .data          0x00000000        0x0 d:/2.30/share/armgcc/bin/../lib/gcc/arm-none-eabi/9.3.1/../../../../arm-none-eabi/lib/thumb/v7e-m+fp/hard\libnosys.a(_exit.o)
 .bss           0x00000000        0x0 d:/2.30/share/armgcc/bin/../lib/gcc/arm-none-eabi/9.3.1/../../../../arm-none-eabi/lib/thumb/v7e-m+fp/hard\libnosys.a(_exit.o)
 .text._exit    0x00000000        0x4 d:/2.30/share/armgcc/bin/../lib/gcc/arm-none-eabi/9.3.1/../../../../arm-none-eabi/lib/thumb/v7e-m+fp/hard\libnosys.a(_exit.o)
 .debug_frame   0x00000000       0x20 d:/2.30/share/armgcc/bin/../lib/gcc/arm-none-eabi/9.3.1/../../../../arm-none-eabi/lib/thumb/v7e-m+fp/hard\libnosys.a(_exit.o)
 .ARM.attributes
                0x00000000       0x34 d:/2.30/share/armgcc/bin/../lib/gcc/arm-none-eabi/9.3.1/../../../../arm-none-eabi/lib/thumb/v7e-m+fp/hard\libnosys.a(_exit.o)
 .text          0x00000000        0x0 d:/2.30/share/armgcc/bin/../lib/gcc/arm-none-eabi/9.3.1/thumb/v7e-m+fp/hard/crtend.o
 .data          0x00000000        0x0 d:/2.30/share/armgcc/bin/../lib/gcc/arm-none-eabi/9.3.1/thumb/v7e-m+fp/hard/crtend.o
 .bss           0x00000000        0x0 d:/2.30/share/armgcc/bin/../lib/gcc/arm-none-eabi/9.3.1/thumb/v7e-m+fp/hard/crtend.o
 .eh_frame      0x00000000        0x4 d:/2.30/share/armgcc/bin/../lib/gcc/arm-none-eabi/9.3.1/thumb/v7e-m+fp/hard/crtend.o
 .ARM.attributes
                0x00000000       0x32 d:/2.30/share/armgcc/bin/../lib/gcc/arm-none-eabi/9.3.1/thumb/v7e-m+fp/hard/crtend.o
 .text          0x00000000        0x0 d:/2.30/share/armgcc/bin/../lib/gcc/arm-none-eabi/9.3.1/thumb/v7e-m+fp/hard/crtn.o
 .data          0x00000000        0x0 d:/2.30/share/armgcc/bin/../lib/gcc/arm-none-eabi/9.3.1/thumb/v7e-m+fp/hard/crtn.o
 .bss           0x00000000        0x0 d:/2.30/share/armgcc/bin/../lib/gcc/arm-none-eabi/9.3.1/thumb/v7e-m+fp/hard/crtn.o

Memory Configuration

Name             Origin             Length             Attributes
FLASH            0x08000000         0x00100000         xr
RAM              0x20000000         0x00020000         xrw
CCMRAM           0x10000000         0x00010000         xrw
*default*        0x00000000         0xffffffff

Linker script and memory map

LOAD d:/2.30/share/armgcc/bin/../lib/gcc/arm-none-eabi/9.3.1/thumb/v7e-m+fp/hard/crti.o
LOAD d:/2.30/share/armgcc/bin/../lib/gcc/arm-none-eabi/9.3.1/thumb/v7e-m+fp/hard/crtbegin.o
LOAD d:/2.30/share/armgcc/bin/../lib/gcc/arm-none-eabi/9.3.1/../../../../arm-none-eabi/lib/thumb/v7e-m+fp/hard/crt0.o
                0x00000000                __HEAP_SIZE = 0x0
                0x00000100                __STACK_SIZE = 0x100
                0x00000000                _Min_Heap_Size = __HEAP_SIZE
                0x00000100                _Min_Stack_Size = __STACK_SIZE
                0x20020000                _estack = (ORIGIN (RAM) + LENGTH (RAM))

.isr_vector     0x08000000      0x188
                0x08000000                . = ALIGN (0x4)
 *(.isr_vector)
 .isr_vector    0x08000000      0x188 obj\debug\src\startup_stm32f407xx.o
                0x08000000                g_pfnVectors
                0x08000188                . = ALIGN (0x4)

.text           0x08000190     0x8700
                0x08000190                . = ALIGN (0x4)
 *(.text)
 .text          0x08000190       0x40 d:/2.30/share/armgcc/bin/../lib/gcc/arm-none-eabi/9.3.1/thumb/v7e-m+fp/hard/crtbegin.o
 .text          0x080001d0      0x378 d:/2.30/share/armgcc/bin/../lib/gcc/arm-none-eabi/9.3.1/thumb/v7e-m+fp/hard\libgcc.a(_arm_addsubdf3.o)
                0x080001d0                __aeabi_drsub
                0x080001d8                __aeabi_dsub
                0x080001d8                __subdf3
                0x080001dc                __aeabi_dadd
                0x080001dc                __adddf3
                0x08000454                __floatunsidf
                0x08000454                __aeabi_ui2d
                0x08000474                __floatsidf
                0x08000474                __aeabi_i2d
                0x08000498                __aeabi_f2d
                0x08000498                __extendsfdf2
                0x080004dc                __floatundidf
                0x080004dc                __aeabi_ul2d
                0x080004ec                __floatdidf
                0x080004ec                __aeabi_l2d
 .text          0x08000548      0x424 d:/2.30/share/armgcc/bin/../lib/gcc/arm-none-eabi/9.3.1/thumb/v7e-m+fp/hard\libgcc.a(_arm_muldivdf3.o)
                0x08000548                __aeabi_dmul
                0x08000548                __muldf3
                0x0800079c                __divdf3
                0x0800079c                __aeabi_ddiv
 .text          0x0800096c      0x110 d:/2.30/share/armgcc/bin/../lib/gcc/arm-none-eabi/9.3.1/thumb/v7e-m+fp/hard\libgcc.a(_arm_cmpdf2.o)
                0x0800096c                __gtdf2
                0x0800096c                __gedf2
                0x08000974                __ltdf2
                0x08000974                __ledf2
                0x0800097c                __nedf2
                0x0800097c                __eqdf2
                0x0800097c                __cmpdf2
                0x080009f8                __aeabi_cdrcmple
                0x08000a08                __aeabi_cdcmpeq
                0x08000a08                __aeabi_cdcmple
                0x08000a18                __aeabi_dcmpeq
                0x08000a2c                __aeabi_dcmplt
                0x08000a40                __aeabi_dcmple
                0x08000a54                __aeabi_dcmpge
                0x08000a68                __aeabi_dcmpgt
 .text          0x08000a7c       0xa0 d:/2.30/share/armgcc/bin/../lib/gcc/arm-none-eabi/9.3.1/thumb/v7e-m+fp/hard\libgcc.a(_arm_truncdfsf2.o)
                0x08000a7c                __truncdfsf2
                0x08000a7c                __aeabi_d2f
 *(.text*)
 .text.Reset_Handler
                0x08000b1c       0x4c obj\debug\src\startup_stm32f407xx.o
                0x08000b1c                Reset_Handler
 .text.Default_Handler
                0x08000b68        0x2 obj\debug\src\startup_stm32f407xx.o
                0x08000b68                RTC_Alarm_IRQHandler
                0x08000b68                HASH_RNG_IRQHandler
                0x08000b68                TIM8_CC_IRQHandler
                0x08000b68                DebugMon_Handler
                0x08000b68                TIM1_CC_IRQHandler
                0x08000b68                DMA2_Stream5_IRQHandler
                0x08000b68                HardFault_Handler
                0x08000b68                DMA1_Stream5_IRQHandler
                0x08000b68                PVD_IRQHandler
                0x08000b68                SDIO_IRQHandler
                0x08000b68                TAMP_STAMP_IRQHandler
                0x08000b68                NMI_Handler
                0x08000b68                CAN2_RX1_IRQHandler
                0x08000b68                TIM8_TRG_COM_TIM14_IRQHandler
                0x08000b68                TIM1_UP_TIM10_IRQHandler
                0x08000b68                I2C3_ER_IRQHandler
                0x08000b68                I2C2_EV_IRQHandler
                0x08000b68                DMA1_Stream2_IRQHandler
                0x08000b68                CAN1_RX0_IRQHandler
                0x08000b68                FPU_IRQHandler
                0x08000b68                OTG_HS_WKUP_IRQHandler
                0x08000b68                UsageFault_Handler
                0x08000b68                CAN2_SCE_IRQHandler
                0x08000b68                DMA2_Stream2_IRQHandler
                0x08000b68                SPI1_IRQHandler
                0x08000b68                TIM1_BRK_TIM9_IRQHandler
                0x08000b68                DCMI_IRQHandler
                0x08000b68                CAN2_RX0_IRQHandler
                0x08000b68                DMA2_Stream3_IRQHandler
                0x08000b68                USART6_IRQHandler
                0x08000b68                CAN1_RX1_IRQHandler
                0x08000b68                UART5_IRQHandler
                0x08000b68                DMA2_Stream0_IRQHandler
                0x08000b68                I2C1_EV_IRQHandler
                0x08000b68                DMA1_Stream6_IRQHandler
                0x08000b68                DMA1_Stream1_IRQHandler
                0x08000b68                UART4_IRQHandler
                0x08000b68                RCC_IRQHandler
                0x08000b68                TIM8_BRK_TIM12_IRQHandler
                0x08000b68                Default_Handler
                0x08000b68                ADC_IRQHandler
                0x08000b68                DMA1_Stream7_IRQHandler
                0x08000b68                CAN2_TX_IRQHandler
                0x08000b68                DMA2_Stream7_IRQHandler
                0x08000b68                I2C3_EV_IRQHandler
                0x08000b68                RTC_WKUP_IRQHandler
                0x08000b68                ETH_WKUP_IRQHandler
                0x08000b68                SPI2_IRQHandler
                0x08000b68                OTG_HS_EP1_IN_IRQHandler
                0x08000b68                MemManage_Handler
                0x08000b68                DMA1_Stream0_IRQHandler
                0x08000b68                CAN1_TX_IRQHandler
                0x08000b68                FSMC_IRQHandler
                0x08000b68                ETH_IRQHandler
                0x08000b68                OTG_HS_EP1_OUT_IRQHandler
                0x08000b68                WWDG_IRQHandler
                0x08000b68                OTG_FS_WKUP_IRQHandler
                0x08000b68                TIM1_TRG_COM_TIM11_IRQHandler
                0x08000b68                OTG_HS_IRQHandler
                0x08000b68                USART2_IRQHandler
                0x08000b68                I2C2_ER_IRQHandler
                0x08000b68                DMA2_Stream1_IRQHandler
                0x08000b68                CAN1_SCE_IRQHandler
                0x08000b68                FLASH_IRQHandler
                0x08000b68                DMA2_Stream4_IRQHandler
                0x08000b68                BusFault_Handler
                0x08000b68                USART1_IRQHandler
                0x08000b68                OTG_FS_IRQHandler
                0x08000b68                SPI3_IRQHandler
                0x08000b68                DMA1_Stream4_IRQHandler
                0x08000b68                I2C1_ER_IRQHandler
                0x08000b68                DMA2_Stream6_IRQHandler
                0x08000b68                DMA1_Stream3_IRQHandler
 *fill*         0x08000b6a        0x2 
 .text.__NVIC_EnableIRQ
                0x08000b6c       0x3c obj\debug\fil lib\rcr dstu\rcr_setupcustom.o
 .text.__NVIC_SetPriority
                0x08000ba8       0x54 obj\debug\fil lib\rcr dstu\rcr_setupcustom.o
 .text.SysTick_Config
                0x08000bfc       0x44 obj\debug\fil lib\rcr dstu\rcr_setupcustom.o
 .text.BoardStart
                0x08000c40     0x1558 obj\debug\fil lib\rcr dstu\rcr_setupcustom.o
                0x08000c40                BoardStart
 .text.ADC_Init
                0x08002198      0x124 obj\debug\fil lib\rcr dstu\rcr_setupcustom.o
                0x08002198                ADC_Init
 .text.InterruptsEnable
                0x080022bc       0x32 obj\debug\fil lib\rcr dstu\rcr_setupcustom.o
                0x080022bc                InterruptsEnable
 *fill*         0x080022ee        0x2 
 .text.TimEngineClutchConfigure
                0x080022f0       0xd4 obj\debug\fil lib\rcr dstu\rcr_setupcustom.o
                0x080022f0                TimEngineClutchConfigure
 .text.TimGasConfigure
                0x080023c4       0xc4 obj\debug\fil lib\rcr dstu\rcr_setupcustom.o
                0x080023c4                TimGasConfigure
 .text.add_ext_interrupt
                0x08002488      0x120 obj\debug\fil lib\rcr dstu\rcr_setupcustom.o
                0x08002488                add_ext_interrupt
 .text.SetPWM   0x080025a8      0x110 obj\debug\fil lib\rcr dstu\rcr_setupcustom.o
                0x080025a8                SetPWM
 .text.xEventGroupCreate
                0x080026b8       0x2e obj\debug\freertos_lib\event_groups.o
                0x080026b8                xEventGroupCreate
 *fill*         0x080026e6        0x2 
 .text.xEventGroupWaitBits
                0x080026e8      0x1c4 obj\debug\freertos_lib\event_groups.o
                0x080026e8                xEventGroupWaitBits
 .text.xEventGroupClearBits
                0x080028ac       0x7c obj\debug\freertos_lib\event_groups.o
                0x080028ac                xEventGroupClearBits
 .text.xEventGroupSetBits
                0x08002928      0x128 obj\debug\freertos_lib\event_groups.o
                0x08002928                xEventGroupSetBits
 .text.prvTestWaitCondition
                0x08002a50       0x4c obj\debug\freertos_lib\event_groups.o
 .text.pvPortMalloc
                0x08002a9c      0x164 obj\debug\freertos_lib\heap_2.o
                0x08002a9c                pvPortMalloc
 .text.vPortFree
                0x08002c00       0x74 obj\debug\freertos_lib\heap_2.o
                0x08002c00                vPortFree
 .text.prvHeapInit
                0x08002c74       0x54 obj\debug\freertos_lib\heap_2.o
 .text.vListInitialise
                0x08002cc8       0x40 obj\debug\freertos_lib\list.o
                0x08002cc8                vListInitialise
 .text.vListInitialiseItem
                0x08002d08       0x1a obj\debug\freertos_lib\list.o
                0x08002d08                vListInitialiseItem
 .text.vListInsertEnd
                0x08002d22       0x48 obj\debug\freertos_lib\list.o
                0x08002d22                vListInsertEnd
 .text.vListInsert
                0x08002d6a       0x74 obj\debug\freertos_lib\list.o
                0x08002d6a                vListInsert
 .text.uxListRemove
                0x08002dde       0x54 obj\debug\freertos_lib\list.o
                0x08002dde                uxListRemove
 *fill*         0x08002e32        0x2 
 .text.pxPortInitialiseStack
                0x08002e34       0x68 obj\debug\freertos_lib\port.o
                0x08002e34                pxPortInitialiseStack
 .text.prvTaskExitError
                0x08002e9c       0x58 obj\debug\freertos_lib\port.o
 *fill*         0x08002ef4        0xc 
 .text.SVC_Handler
                0x08002f00       0x28 obj\debug\freertos_lib\port.o
                0x08002f00                SVC_Handler
 .text.prvPortStartFirstTask
                0x08002f28       0x2c obj\debug\freertos_lib\port.o
 .text.xPortStartScheduler
                0x08002f54      0x164 obj\debug\freertos_lib\port.o
                0x08002f54                xPortStartScheduler
 .text.vPortEnterCritical
                0x080030b8       0x60 obj\debug\freertos_lib\port.o
                0x080030b8                vPortEnterCritical
 .text.vPortExitCritical
                0x08003118       0x54 obj\debug\freertos_lib\port.o
                0x08003118                vPortExitCritical
 *fill*         0x0800316c        0x4 
 .text.PendSV_Handler
                0x08003170       0x68 obj\debug\freertos_lib\port.o
                0x08003170                PendSV_Handler
 .text.SysTick_Handler
                0x080031d8       0x44 obj\debug\freertos_lib\port.o
                0x080031d8                SysTick_Handler
 .text.vPortSetupTimerInterrupt
                0x0800321c       0x48 obj\debug\freertos_lib\port.o
                0x0800321c                vPortSetupTimerInterrupt
 .text.vPortEnableVFP
                0x08003264       0x18 obj\debug\freertos_lib\port.o
 .text.vPortValidateInterruptPriority
                0x0800327c       0x80 obj\debug\freertos_lib\port.o
                0x0800327c                vPortValidateInterruptPriority
 .text.xQueueGenericReset
                0x080032fc       0xd0 obj\debug\freertos_lib\queue.o
                0x080032fc                xQueueGenericReset
 .text.xQueueGenericCreate
                0x080033cc       0xbe obj\debug\freertos_lib\queue.o
                0x080033cc                xQueueGenericCreate
 .text.prvInitialiseNewQueue
                0x0800348a       0x46 obj\debug\freertos_lib\queue.o
 .text.xQueueGenericSend
                0x080034d0      0x200 obj\debug\freertos_lib\queue.o
                0x080034d0                xQueueGenericSend
 .text.xQueueGenericSendFromISR
                0x080036d0      0x154 obj\debug\freertos_lib\queue.o
                0x080036d0                xQueueGenericSendFromISR
 .text.xQueueReceive
                0x08003824      0x1c0 obj\debug\freertos_lib\queue.o
                0x08003824                xQueueReceive
 .text.xQueueSemaphoreTake
                0x080039e4      0x218 obj\debug\freertos_lib\queue.o
                0x080039e4                xQueueSemaphoreTake
 .text.prvGetDisinheritPriorityAfterTimeout
                0x08003bfc       0x30 obj\debug\freertos_lib\queue.o
 .text.prvCopyDataToQueue
                0x08003c2c       0xd4 obj\debug\freertos_lib\queue.o
 .text.prvCopyDataFromQueue
                0x08003d00       0x4c obj\debug\freertos_lib\queue.o
 .text.prvUnlockQueue
                0x08003d4c       0xa4 obj\debug\freertos_lib\queue.o
 .text.prvIsQueueEmpty
                0x08003df0       0x2c obj\debug\freertos_lib\queue.o
 .text.prvIsQueueFull
                0x08003e1c       0x30 obj\debug\freertos_lib\queue.o
 .text.vQueueAddToRegistry
                0x08003e4c       0x54 obj\debug\freertos_lib\queue.o
                0x08003e4c                vQueueAddToRegistry
 .text.vQueueWaitForMessageRestricted
                0x08003ea0       0x6a obj\debug\freertos_lib\queue.o
                0x08003ea0                vQueueWaitForMessageRestricted
 .text.xTaskCreate
                0x08003f0a       0x82 obj\debug\freertos_lib\tasks.o
                0x08003f0a                xTaskCreate
 .text.prvInitialiseNewTask
                0x08003f8c      0x130 obj\debug\freertos_lib\tasks.o
 .text.prvAddNewTaskToReadyList
                0x080040bc       0xdc obj\debug\freertos_lib\tasks.o
 .text.xTaskDelayUntil
                0x08004198      0x100 obj\debug\freertos_lib\tasks.o
                0x08004198                xTaskDelayUntil
 .text.vTaskDelay
                0x08004298       0x6c obj\debug\freertos_lib\tasks.o
                0x08004298                vTaskDelay
 .text.vTaskPrioritySet
                0x08004304      0x158 obj\debug\freertos_lib\tasks.o
                0x08004304                vTaskPrioritySet
 .text.vTaskSuspend
                0x0800445c      0x140 obj\debug\freertos_lib\tasks.o
                0x0800445c                vTaskSuspend
 .text.prvTaskIsTaskSuspended
                0x0800459c       0x64 obj\debug\freertos_lib\tasks.o
 .text.vTaskResume
                0x08004600       0xbc obj\debug\freertos_lib\tasks.o
                0x08004600                vTaskResume
 .text.vTaskStartScheduler
                0x080046bc       0xa4 obj\debug\freertos_lib\tasks.o
                0x080046bc                vTaskStartScheduler
 .text.vTaskSuspendAll
                0x08004760       0x1c obj\debug\freertos_lib\tasks.o
                0x08004760                vTaskSuspendAll
 .text.xTaskResumeAll
                0x0800477c      0x138 obj\debug\freertos_lib\tasks.o
                0x0800477c                xTaskResumeAll
 .text.xTaskGetTickCount
                0x080048b4       0x24 obj\debug\freertos_lib\tasks.o
                0x080048b4                xTaskGetTickCount
 .text.xTaskIncrementTick
                0x080048d8      0x18c obj\debug\freertos_lib\tasks.o
                0x080048d8                xTaskIncrementTick
 .text.vTaskSwitchContext
                0x08004a64      0x100 obj\debug\freertos_lib\tasks.o
                0x08004a64                vTaskSwitchContext
 .text.vTaskPlaceOnEventList
                0x08004b64       0x4c obj\debug\freertos_lib\tasks.o
                0x08004b64                vTaskPlaceOnEventList
 .text.vTaskPlaceOnUnorderedEventList
                0x08004bb0       0x84 obj\debug\freertos_lib\tasks.o
                0x08004bb0                vTaskPlaceOnUnorderedEventList
 .text.vTaskPlaceOnEventListRestricted
                0x08004c34       0x5c obj\debug\freertos_lib\tasks.o
                0x08004c34                vTaskPlaceOnEventListRestricted
 .text.xTaskRemoveFromEventList
                0x08004c90       0xc4 obj\debug\freertos_lib\tasks.o
                0x08004c90                xTaskRemoveFromEventList
 .text.vTaskRemoveFromUnorderedEventList
                0x08004d54       0xcc obj\debug\freertos_lib\tasks.o
                0x08004d54                vTaskRemoveFromUnorderedEventList
 .text.vTaskInternalSetTimeOutState
                0x08004e20       0x30 obj\debug\freertos_lib\tasks.o
                0x08004e20                vTaskInternalSetTimeOutState
 .text.xTaskCheckForTimeOut
                0x08004e50       0xd0 obj\debug\freertos_lib\tasks.o
                0x08004e50                xTaskCheckForTimeOut
 .text.vTaskMissedYield
                0x08004f20       0x18 obj\debug\freertos_lib\tasks.o
                0x08004f20                vTaskMissedYield
 .text.prvIdleTask
                0x08004f38       0x34 obj\debug\freertos_lib\tasks.o
 .text.prvInitialiseTaskLists
                0x08004f6c       0x80 obj\debug\freertos_lib\tasks.o
 .text.prvCheckTasksWaitingTermination
                0x08004fec       0x5c obj\debug\freertos_lib\tasks.o
 .text.prvDeleteTCB
                0x08005048       0x20 obj\debug\freertos_lib\tasks.o
 .text.prvResetNextTaskUnblockTime
                0x08005068       0x38 obj\debug\freertos_lib\tasks.o
 .text.xTaskGetSchedulerState
                0x080050a0       0x3c obj\debug\freertos_lib\tasks.o
                0x080050a0                xTaskGetSchedulerState
 .text.xTaskPriorityInherit
                0x080050dc       0xf0 obj\debug\freertos_lib\tasks.o
                0x080050dc                xTaskPriorityInherit
 .text.xTaskPriorityDisinherit
                0x080051cc       0xf8 obj\debug\freertos_lib\tasks.o
                0x080051cc                xTaskPriorityDisinherit
 .text.vTaskPriorityDisinheritAfterTimeout
                0x080052c4      0x124 obj\debug\freertos_lib\tasks.o
                0x080052c4                vTaskPriorityDisinheritAfterTimeout
 .text.uxTaskResetEventItemValue
                0x080053e8       0x34 obj\debug\freertos_lib\tasks.o
                0x080053e8                uxTaskResetEventItemValue
 .text.pvTaskIncrementMutexHeldCount
                0x0800541c       0x28 obj\debug\freertos_lib\tasks.o
                0x0800541c                pvTaskIncrementMutexHeldCount
 .text.prvAddCurrentTaskToDelayedList
                0x08005444       0xd0 obj\debug\freertos_lib\tasks.o
 .text.xTimerCreateTimerTask
                0x08005514       0x64 obj\debug\freertos_lib\timers.o
                0x08005514                xTimerCreateTimerTask
 .text.xTimerGenericCommand
                0x08005578       0x9c obj\debug\freertos_lib\timers.o
                0x08005578                xTimerGenericCommand
 .text.prvProcessExpiredTimer
                0x08005614       0xa0 obj\debug\freertos_lib\timers.o
 .text.prvTimerTask
                0x080056b4       0x28 obj\debug\freertos_lib\timers.o
 .text.prvProcessTimerOrBlockTask
                0x080056dc       0xa4 obj\debug\freertos_lib\timers.o
 .text.prvGetNextExpireTime
                0x08005780       0x48 obj\debug\freertos_lib\timers.o
 .text.prvSampleTimeNow
                0x080057c8       0x40 obj\debug\freertos_lib\timers.o
 .text.prvInsertTimerInActiveList
                0x08005808       0x94 obj\debug\freertos_lib\timers.o
 .text.prvProcessReceivedCommands
                0x0800589c      0x194 obj\debug\freertos_lib\timers.o
 .text.prvSwitchTimerLists
                0x08005a30       0xc8 obj\debug\freertos_lib\timers.o
 .text.prvCheckForValidListAndQueue
                0x08005af8       0x6c obj\debug\freertos_lib\timers.o
 .text.ModBus_Init
                0x08005b64       0x90 obj\debug\modbus\modbus.o
                0x08005b64                ModBus_Init
 .text.ModBus_QueueClear
                0x08005bf4       0x58 obj\debug\modbus\modbus.o
                0x08005bf4                ModBus_QueueClear
 .text.LRC_Counting
                0x08005c4c       0x40 obj\debug\modbus\modbus.o
                0x08005c4c                LRC_Counting
 .text.ModBus_DEC_TO_ASCII_Converter
                0x08005c8c       0x5c obj\debug\modbus\modbus.o
                0x08005c8c                ModBus_DEC_TO_ASCII_Converter
 .text.ModBus_HEX_TO_ASCII_Converter
                0x08005ce8       0x78 obj\debug\modbus\modbus.o
                0x08005ce8                ModBus_HEX_TO_ASCII_Converter
 .text.ModBus_ASCII_TO_HEX_Converter
                0x08005d60       0x72 obj\debug\modbus\modbus.o
                0x08005d60                ModBus_ASCII_TO_HEX_Converter
 *fill*         0x08005dd2        0x2 
 .text.ModBus_ClearMsgs
                0x08005dd4       0x3c obj\debug\modbus\modbus.o
                0x08005dd4                ModBus_ClearMsgs
 .text.ModBus_CheckFrame
                0x08005e10       0x84 obj\debug\modbus\modbus.o
                0x08005e10                ModBus_CheckFrame
 .text.ModBus_ParsePacket
                0x08005e94      0x180 obj\debug\modbus\modbus.o
                0x08005e94                ModBus_ParsePacket
 .text.ModBus_IsFull_Queue
                0x08006014       0x78 obj\debug\modbus\modbus.o
                0x08006014                ModBus_IsFull_Queue
 .text.ModBus_SendResponse
                0x0800608c       0x2c obj\debug\modbus\modbus.o
                0x0800608c                ModBus_SendResponse
 .text.ModBus_PutQueue
                0x080060b8       0x5c obj\debug\modbus\modbus.o
                0x080060b8                ModBus_PutQueue
 .text.ModBus_SendResponseSpeed
                0x08006114      0x128 obj\debug\modbus\modbus.o
                0x08006114                ModBus_SendResponseSpeed
 .text.Get_Queue
                0x0800623c       0x20 obj\debug\modbus\modbus.o
                0x0800623c                Get_Queue
 .text.ModBus_SendByte
                0x0800625c       0x84 obj\debug\modbus\modbus.o
                0x0800625c                ModBus_SendByte
 .text.Move_Clutch
                0x080062e0       0xe8 obj\debug\src\carmanagement.o
                0x080062e0                Move_Clutch
 .text.Get_Clutch
                0x080063c8       0x40 obj\debug\src\carmanagement.o
                0x080063c8                Get_Clutch
 .text.Get_Transmission
                0x08006408       0x8c obj\debug\src\carmanagement.o
                0x08006408                Get_Transmission
 .text.Set_Transmission
                0x08006494      0x128 obj\debug\src\carmanagement.o
                0x08006494                Set_Transmission
 .text.Median_Filter
                0x080065bc      0x114 obj\debug\src\carmanagement.o
                0x080065bc                Median_Filter
 .text.move_transmission_to_certain_state
                0x080066d0      0x100 obj\debug\src\carmanagement.o
                0x080066d0                move_transmission_to_certain_state
 .text.Set_Gas  0x080067d0       0x70 obj\debug\src\carmanagement.o
                0x080067d0                Set_Gas
 .text.Set_Brake
                0x08006840       0x40 obj\debug\src\carmanagement.o
                0x08006840                Set_Brake
 .text.Get_Brake
                0x08006880       0x2c obj\debug\src\carmanagement.o
                0x08006880                Get_Brake
 .text.MoveTo   0x080068ac       0xa8 obj\debug\src\carmanagement.o
                0x080068ac                MoveTo
 *fill*         0x08006954        0x4 
 .text.Speed_Calc_Car_HighFreq
                0x08006958      0x200 obj\debug\src\carregulators.o
                0x08006958                Speed_Calc_Car_HighFreq
 .text.Speed_Calc_Transmission
                0x08006b58       0xc4 obj\debug\src\carregulators.o
                0x08006b58                Speed_Calc_Transmission
 .text.PID_Init
                0x08006c1c      0x12c obj\debug\src\carregulators.o
                0x08006c1c                PID_Init
 .text.PID_Calc
                0x08006d48      0x146 obj\debug\src\carregulators.o
                0x08006d48                PID_Calc
 *fill*         0x08006e8e        0x2 
 .text.main     0x08006e90      0x2cc obj\debug\src\main.o
                0x08006e90                main
 .text.vApplicationTickHook
                0x0800715c        0xe obj\debug\src\robot_tasks.o
                0x0800715c                vApplicationTickHook
 .text.vApplicationIdleHook
                0x0800716a        0xe obj\debug\src\robot_tasks.o
                0x0800716a                vApplicationIdleHook
 .text.vApplicationStackOverflowHook
                0x08007178       0x16 obj\debug\src\robot_tasks.o
                0x08007178                vApplicationStackOverflowHook
 .text.vApplicationMallocFailedHook
                0x0800718e        0xe obj\debug\src\robot_tasks.o
                0x0800718e                vApplicationMallocFailedHook
 .text.vRobotGo
                0x0800719c       0xb8 obj\debug\src\robot_tasks.o
                0x0800719c                vRobotGo
 .text.vStart   0x08007254      0x20c obj\debug\src\robot_tasks.o
                0x08007254                vStart
 .text.vWaitingEvent
                0x08007460       0x4c obj\debug\src\robot_tasks.o
                0x08007460                vWaitingEvent
 .text.vMessageSending
                0x080074ac       0x68 obj\debug\src\robot_tasks.o
                0x080074ac                vMessageSending
 .text.vClutchManagement
                0x08007514      0x110 obj\debug\src\robot_tasks.o
                0x08007514                vClutchManagement
 .text.vBrakeManagement
                0x08007624      0x150 obj\debug\src\robot_tasks.o
                0x08007624                vBrakeManagement
 .text.vGasManagement
                0x08007774       0xb0 obj\debug\src\robot_tasks.o
                0x08007774                vGasManagement
 .text.vManagementGearsBox
                0x08007824      0x108 obj\debug\src\robot_tasks.o
                0x08007824                vManagementGearsBox
 .text.vModBusManagement
                0x0800792c       0xa0 obj\debug\src\robot_tasks.o
                0x0800792c                vModBusManagement
 *fill*         0x080079cc        0x4 
 .text.vSecurityMemoryManagement
                0x080079d0      0x994 obj\debug\src\robot_tasks.o
                0x080079d0                vSecurityMemoryManagement
 .text.vTransmissionInit
                0x08008364       0x54 obj\debug\src\robot_tasks.o
                0x08008364                vTransmissionInit
 .text.USART3_IRQHandler
                0x080083b8       0x58 obj\debug\fil lib\interrupts.o
                0x080083b8                USART3_IRQHandler
 .text.TIM2_IRQHandler
                0x08008410       0x16 obj\debug\fil lib\interrupts.o
                0x08008410                TIM2_IRQHandler
 *fill*         0x08008426        0x2 
 .text.TIM3_IRQHandler
                0x08008428       0x18 obj\debug\fil lib\interrupts.o
                0x08008428                TIM3_IRQHandler
 .text.TIM4_IRQHandler
                0x08008440       0x18 obj\debug\fil lib\interrupts.o
                0x08008440                TIM4_IRQHandler
 .text.TIM5_IRQHandler
                0x08008458       0x18 obj\debug\fil lib\interrupts.o
                0x08008458                TIM5_IRQHandler
 .text.TIM6_DAC_IRQHandler
                0x08008470       0xb4 obj\debug\fil lib\interrupts.o
                0x08008470                TIM6_DAC_IRQHandler
 *fill*         0x08008524        0x4 
 .text.TIM7_IRQHandler
                0x08008528       0x80 obj\debug\fil lib\interrupts.o
                0x08008528                TIM7_IRQHandler
 .text.TIM8_UP_TIM13_IRQHandler
                0x080085a8       0x18 obj\debug\fil lib\interrupts.o
                0x080085a8                TIM8_UP_TIM13_IRQHandler
 .text.EXTI0_IRQHandler
                0x080085c0       0x2c obj\debug\fil lib\interrupts.o
                0x080085c0                EXTI0_IRQHandler
 .text.EXTI1_IRQHandler
                0x080085ec       0x2c obj\debug\fil lib\interrupts.o
                0x080085ec                EXTI1_IRQHandler
 .text.EXTI2_IRQHandler
                0x08008618       0x18 obj\debug\fil lib\interrupts.o
                0x08008618                EXTI2_IRQHandler
 .text.EXTI3_IRQHandler
                0x08008630       0x18 obj\debug\fil lib\interrupts.o
                0x08008630                EXTI3_IRQHandler
 .text.EXTI4_IRQHandler
                0x08008648       0x18 obj\debug\fil lib\interrupts.o
                0x08008648                EXTI4_IRQHandler
 .text.EXTI9_5_IRQHandler
                0x08008660       0x60 obj\debug\fil lib\interrupts.o
                0x08008660                EXTI9_5_IRQHandler
 .text.EXTI15_10_IRQHandler
                0x080086c0       0x28 obj\debug\fil lib\interrupts.o
                0x080086c0                EXTI15_10_IRQHandler
 .text.SystemInit
                0x080086e8       0x6c obj\debug\src\system_stm32f4xx.o
                0x080086e8                SystemInit
 .text.SetSysClock
                0x08008754       0xf8 obj\debug\src\system_stm32f4xx.o
 .text.memcpy   0x0800884c       0x1c d:/2.30/share/armgcc/bin/../lib/gcc/arm-none-eabi/9.3.1/../../../../arm-none-eabi/lib/thumb/v7e-m+fp/hard\libg_nano.a(lib_a-memcpy-stub.o)
                0x0800884c                memcpy
 .text.memset   0x08008868       0x10 d:/2.30/share/armgcc/bin/../lib/gcc/arm-none-eabi/9.3.1/../../../../arm-none-eabi/lib/thumb/v7e-m+fp/hard\libg_nano.a(lib_a-memset.o)
                0x08008868                memset
 *(.glue_7)
 .glue_7        0x08008878        0x0 linker stubs
 *(.glue_7t)
 .glue_7t       0x08008878        0x0 linker stubs
 *(.eh_frame)
 .eh_frame      0x08008878        0x0 d:/2.30/share/armgcc/bin/../lib/gcc/arm-none-eabi/9.3.1/thumb/v7e-m+fp/hard/crtbegin.o
 *(.init)
 .init          0x08008878        0x4 d:/2.30/share/armgcc/bin/../lib/gcc/arm-none-eabi/9.3.1/thumb/v7e-m+fp/hard/crti.o
                0x08008878                _init
 .init          0x0800887c        0x8 d:/2.30/share/armgcc/bin/../lib/gcc/arm-none-eabi/9.3.1/thumb/v7e-m+fp/hard/crtn.o
 *(.fini)
 .fini          0x08008884        0x4 d:/2.30/share/armgcc/bin/../lib/gcc/arm-none-eabi/9.3.1/thumb/v7e-m+fp/hard/crti.o
                0x08008884                _fini
 .fini          0x08008888        0x8 d:/2.30/share/armgcc/bin/../lib/gcc/arm-none-eabi/9.3.1/thumb/v7e-m+fp/hard/crtn.o
                0x08008890                . = ALIGN (0x4)
                0x08008890                _etext = .

.vfp11_veneer   0x08008890        0x0
 .vfp11_veneer  0x08008890        0x0 linker stubs

.v4_bx          0x08008890        0x0
 .v4_bx         0x08008890        0x0 linker stubs

.iplt           0x08008890        0x0
 .iplt          0x08008890        0x0 d:/2.30/share/armgcc/bin/../lib/gcc/arm-none-eabi/9.3.1/thumb/v7e-m+fp/hard/crtbegin.o

.rodata         0x08008890       0x70
                0x08008890                . = ALIGN (0x4)
 *(.rodata)
 .rodata        0x08008890        0x5 obj\debug\freertos_lib\tasks.o
 *fill*         0x08008895        0x3 
 .rodata        0x08008898        0xd obj\debug\freertos_lib\timers.o
 *fill*         0x080088a5        0x3 
 .rodata        0x080088a8       0x55 obj\debug\src\main.o
 *(.rodata*)
                0x08008900                . = ALIGN (0x4)
 *fill*         0x080088fd        0x3 

.rel.dyn        0x08008900        0x0
 .rel.iplt      0x08008900        0x0 d:/2.30/share/armgcc/bin/../lib/gcc/arm-none-eabi/9.3.1/thumb/v7e-m+fp/hard/crtbegin.o

.ARM.extab
 *(.ARM.extab* .gnu.linkonce.armextab.*)

.ARM            0x08008900        0x0
                0x08008900                __exidx_start = .
 *(.ARM.exidx*)
                0x08008900                __exidx_end = .

.preinit_array  0x08008900        0x0
                0x08008900                PROVIDE (__preinit_array_start = .)
 *(.preinit_array*)
                0x08008900                PROVIDE (__preinit_array_end = .)

.init_array     0x08008900        0x4
                0x08008900                PROVIDE (__init_array_start = .)
 *(SORT_BY_NAME(.init_array.*))
 *(.init_array*)
 .init_array    0x08008900        0x4 d:/2.30/share/armgcc/bin/../lib/gcc/arm-none-eabi/9.3.1/thumb/v7e-m+fp/hard/crtbegin.o
                0x08008904                PROVIDE (__init_array_end = .)

.fini_array     0x08008904        0x4
                [!provide]                PROVIDE (__fini_array_start = .)
 *(SORT_BY_NAME(.fini_array.*))
 *(.fini_array*)
 .fini_array    0x08008904        0x4 d:/2.30/share/armgcc/bin/../lib/gcc/arm-none-eabi/9.3.1/thumb/v7e-m+fp/hard/crtbegin.o
                [!provide]                PROVIDE (__fini_array_end = .)
                0x08008908                _sidata = LOADADDR (.data)

.data           0x20000000       0xa4 load address 0x08008908
                0x20000000                . = ALIGN (0x4)
                0x20000000                _sdata = .
 *(.data)
 *(.data*)
 .data.DIR_List
                0x20000000       0x28 obj\debug\fil lib\rcr dstu\rcr_setupcustom.o
 .data.PWM_List
                0x20000028       0x28 obj\debug\fil lib\rcr dstu\rcr_setupcustom.o
 .data.xFreeBytesRemaining
                0x20000050        0x4 obj\debug\freertos_lib\heap_2.o
 .data.uxCriticalNesting
                0x20000054        0x4 obj\debug\freertos_lib\port.o
 .data.uxTopUsedPriority
                0x20000058        0x4 obj\debug\freertos_lib\tasks.o
                0x20000058                uxTopUsedPriority
 .data.StartFrameSend
                0x2000005c        0xf obj\debug\modbus\modbus.o
                0x2000005c                StartFrameSend
 *fill*         0x2000006b        0x1 
 .data.TransmissionManagementMatrix
                0x2000006c       0x20 obj\debug\src\carmanagement.o
 .data.Buffer_Index
                0x2000008c        0x4 obj\debug\src\carmanagement.o
                0x2000008c                Buffer_Index
 .data.encoderData
                0x20000090       0x10 obj\debug\src\carregulators.o
                0x20000090                encoderData
 .data.SystemCoreClock
                0x200000a0        0x4 obj\debug\src\system_stm32f4xx.o
                0x200000a0                SystemCoreClock
                0x200000a4                . = ALIGN (0x4)
                0x200000a4                _edata = .

.igot.plt       0x200000a4        0x0 load address 0x080089ac
 .igot.plt      0x200000a4        0x0 d:/2.30/share/armgcc/bin/../lib/gcc/arm-none-eabi/9.3.1/thumb/v7e-m+fp/hard/crtbegin.o
                0x200000a4                . = ALIGN (0x4)

.bss            0x200000a4    0x12f34 load address 0x080089ac
                0x200000a4                _sbss = .
                0x200000a4                __bss_start__ = _sbss
 *(.bss)
 .bss           0x200000a4       0x1c d:/2.30/share/armgcc/bin/../lib/gcc/arm-none-eabi/9.3.1/thumb/v7e-m+fp/hard/crtbegin.o
 *(.bss*)
 .bss.ucHeap    0x200000c0    0x12c00 obj\debug\freertos_lib\heap_2.o
 .bss.xStart    0x20012cc0        0x8 obj\debug\freertos_lib\heap_2.o
 .bss.xEnd      0x20012cc8        0x8 obj\debug\freertos_lib\heap_2.o
 .bss.xHeapHasBeenInitialised.8155
                0x20012cd0        0x4 obj\debug\freertos_lib\heap_2.o
 .bss.ucMaxSysCallPriority
                0x20012cd4        0x1 obj\debug\freertos_lib\port.o
 *fill*         0x20012cd5        0x3 
 .bss.ulMaxPRIGROUPValue
                0x20012cd8        0x4 obj\debug\freertos_lib\port.o
 .bss.pxCurrentTCB
                0x20012cdc        0x4 obj\debug\freertos_lib\tasks.o
                0x20012cdc                pxCurrentTCB
 .bss.pxReadyTasksLists
                0x20012ce0       0x64 obj\debug\freertos_lib\tasks.o
 .bss.xDelayedTaskList1
                0x20012d44       0x14 obj\debug\freertos_lib\tasks.o
 .bss.xDelayedTaskList2
                0x20012d58       0x14 obj\debug\freertos_lib\tasks.o
 .bss.pxDelayedTaskList
                0x20012d6c        0x4 obj\debug\freertos_lib\tasks.o
 .bss.pxOverflowDelayedTaskList
                0x20012d70        0x4 obj\debug\freertos_lib\tasks.o
 .bss.xPendingReadyList
                0x20012d74       0x14 obj\debug\freertos_lib\tasks.o
 .bss.xTasksWaitingTermination
                0x20012d88       0x14 obj\debug\freertos_lib\tasks.o
 .bss.uxDeletedTasksWaitingCleanUp
                0x20012d9c        0x4 obj\debug\freertos_lib\tasks.o
 .bss.xSuspendedTaskList
                0x20012da0       0x14 obj\debug\freertos_lib\tasks.o
 .bss.uxCurrentNumberOfTasks
                0x20012db4        0x4 obj\debug\freertos_lib\tasks.o
 .bss.xTickCount
                0x20012db8        0x2 obj\debug\freertos_lib\tasks.o
 *fill*         0x20012dba        0x2 
 .bss.uxTopReadyPriority
                0x20012dbc        0x4 obj\debug\freertos_lib\tasks.o
 .bss.xSchedulerRunning
                0x20012dc0        0x4 obj\debug\freertos_lib\tasks.o
 .bss.xPendedTicks
                0x20012dc4        0x2 obj\debug\freertos_lib\tasks.o
 *fill*         0x20012dc6        0x2 
 .bss.xYieldPending
                0x20012dc8        0x4 obj\debug\freertos_lib\tasks.o
 .bss.xNumOfOverflows
                0x20012dcc        0x4 obj\debug\freertos_lib\tasks.o
 .bss.uxTaskNumber
                0x20012dd0        0x4 obj\debug\freertos_lib\tasks.o
 .bss.xNextTaskUnblockTime
                0x20012dd4        0x2 obj\debug\freertos_lib\tasks.o
 *fill*         0x20012dd6        0x2 
 .bss.xIdleTaskHandle
                0x20012dd8        0x4 obj\debug\freertos_lib\tasks.o
 .bss.uxSchedulerSuspended
                0x20012ddc        0x4 obj\debug\freertos_lib\tasks.o
 .bss.xActiveTimerList1
                0x20012de0       0x14 obj\debug\freertos_lib\timers.o
 .bss.xActiveTimerList2
                0x20012df4       0x14 obj\debug\freertos_lib\timers.o
 .bss.pxCurrentTimerList
                0x20012e08        0x4 obj\debug\freertos_lib\timers.o
 .bss.pxOverflowTimerList
                0x20012e0c        0x4 obj\debug\freertos_lib\timers.o
 .bss.xTimerQueue
                0x20012e10        0x4 obj\debug\freertos_lib\timers.o
 .bss.xTimerTaskHandle
                0x20012e14        0x4 obj\debug\freertos_lib\timers.o
 .bss.xLastTime.8467
                0x20012e18        0x2 obj\debug\freertos_lib\timers.o
 *fill*         0x20012e1a        0x2 
 .bss.Error     0x20012e1c        0x4 obj\debug\modbus\modbus.o
 .bss.UARTBufferSlaveAddrIndex.9008
                0x20012e20        0x4 obj\debug\modbus\modbus.o
 .bss.ADC_Buffer
                0x20012e24       0x14 obj\debug\src\carmanagement.o
                0x20012e24                ADC_Buffer
 .bss.Data      0x20012e38        0x8 obj\debug\src\carregulators.o
                0x20012e38                Data
 .bss.ZeroCounts
                0x20012e40        0x4 obj\debug\src\carregulators.o
                0x20012e40                ZeroCounts
 *(COMMON)
 COMMON         0x20012e44      0x120 obj\debug\fil lib\rcr dstu\rcr_setupcustom.o
                0x20012e44                xRobotGo
                0x20012e48                xStartHandle
                0x20012e4c                xGasHandle
                0x20012e50                LPulseWheel
                0x20012e54                UARTBufferEndMsgPointer
                0x20012e58                xQueueManagHandle
                0x20012e5c                xStartEvent
                0x20012e60                UARTReceiver_Flag
                0x20012e64                xQueueClutchHandle
                0x20012e68                xBrakeHandle
                0x20012e6c                Queue_StartIndex
                0x20012e70                xQueueBrakeHandle
                0x20012e74                xQueueTransmissionHandle
                0x20012e78                xEventStatus
                0x20012e7c                xMailHandle
                0x20012e80                UART_Buffer
                0x20012e8f                Brake_Flag
                0x20012e90                UARTBufferIndex
                0x20012e94                UARTTransmit_Flag
                0x20012e98                Clutch_Flag
                0x20012e9c                xClutchHandle
                0x20012ea0                xUARTEvent
                0x20012ea4                xTrInit
                0x20012ea8                Transmission_Flag
                0x20012eac                xWaitingHandle
                0x20012eb0                xGearsHandle
                0x20012eb4                Queue_EndIndex
                0x20012eb8                StartFlags
                0x20012ec0                adc_data
                0x20012ed4                QueueBuffer_To_UART
                0x20012ee4                RPulseWheel
                0x20012ee8                xQueueGasHandle
                0x20012eec                UARTBufferLRCIndex
                0x20012ef0                xQueue20Handle
                0x20012ef4                xModBusHandle
                0x20012ef8                Queue_Index
                0x20012efc                Current_Velocity
                0x20012f00                TransmissionReg
                0x20012f60                UARTBufferStartMsgPointer
 COMMON         0x20012f64       0x40 obj\debug\freertos_lib\queue.o
                0x20012f64                xQueueRegistry
 COMMON         0x20012fa4        0xc obj\debug\modbus\modbus.o
                0x20012fa4                LRCPointer
                0x20012fa8                StartDataSendIndex
                0x20012fac                QueueIndexTx
 COMMON         0x20012fb0        0x2 obj\debug\src\carmanagement.o
                0x20012fb0                data
 *fill*         0x20012fb2        0x2 
 COMMON         0x20012fb4        0xc obj\debug\src\carregulators.o
                0x20012fb4                Step
                0x20012fb8                leftPeriod
                0x20012fbc                rightPeriod
 COMMON         0x20012fc0        0xc obj\debug\src\robot_tasks.o
                0x20012fc0                ZeroMesFlag
                0x20012fc4                ErrorTask
                0x20012fc8                TargetSpeed
 COMMON         0x20012fcc        0xc obj\debug\fil lib\interrupts.o
                0x20012fcc                globalRangeTransmission
                0x20012fd0                Period_Right
                0x20012fd4                Period_left
                0x20012fd8                . = ALIGN (0x4)
                0x20012fd8                _ebss = .
                0x20012fd8                __bss_end__ = _ebss

.heap           0x20012fd8        0x0 load address 0x080089ac
                0x20012fd8                . = ALIGN (0x4)
                [!provide]                PROVIDE (end = .)
                [!provide]                PROVIDE (_end = .)
 *(.heap*)
                0x20012fd8                . = (. + _Min_Heap_Size)
                0x20012fd8                __HeapLimit = .
                0x20012fd8                . = ALIGN (0x4)

.ARM.attributes
                0x00000000       0x30
 *(.ARM.attributes)
 .ARM.attributes
                0x00000000       0x1e d:/2.30/share/armgcc/bin/../lib/gcc/arm-none-eabi/9.3.1/thumb/v7e-m+fp/hard/crti.o
 .ARM.attributes
                0x0000001e       0x34 d:/2.30/share/armgcc/bin/../lib/gcc/arm-none-eabi/9.3.1/thumb/v7e-m+fp/hard/crtbegin.o
 .ARM.attributes
                0x00000052       0x21 obj\debug\src\startup_stm32f407xx.o
 .ARM.attributes
                0x00000073       0x34 obj\debug\fil lib\rcr dstu\rcr_setupcustom.o
 .ARM.attributes
                0x000000a7       0x34 obj\debug\freertos_lib\event_groups.o
 .ARM.attributes
                0x000000db       0x34 obj\debug\freertos_lib\heap_2.o
 .ARM.attributes
                0x0000010f       0x34 obj\debug\freertos_lib\list.o
 .ARM.attributes
                0x00000143       0x34 obj\debug\freertos_lib\port.o
 .ARM.attributes
                0x00000177       0x34 obj\debug\freertos_lib\queue.o
 .ARM.attributes
                0x000001ab       0x34 obj\debug\freertos_lib\tasks.o
 .ARM.attributes
                0x000001df       0x34 obj\debug\freertos_lib\timers.o
 .ARM.attributes
                0x00000213       0x34 obj\debug\modbus\modbus.o
 .ARM.attributes
                0x00000247       0x34 obj\debug\src\carmanagement.o
 .ARM.attributes
                0x0000027b       0x34 obj\debug\src\carregulators.o
 .ARM.attributes
                0x000002af       0x34 obj\debug\src\main.o
 .ARM.attributes
                0x000002e3       0x34 obj\debug\src\robot_tasks.o
 .ARM.attributes
                0x00000317       0x34 obj\debug\fil lib\interrupts.o
 .ARM.attributes
                0x0000034b       0x34 obj\debug\src\system_stm32f4xx.o
 .ARM.attributes
                0x0000037f       0x1e d:/2.30/share/armgcc/bin/../lib/gcc/arm-none-eabi/9.3.1/thumb/v7e-m+fp/hard\libgcc.a(_arm_addsubdf3.o)
 .ARM.attributes
                0x0000039d       0x1e d:/2.30/share/armgcc/bin/../lib/gcc/arm-none-eabi/9.3.1/thumb/v7e-m+fp/hard\libgcc.a(_arm_muldivdf3.o)
 .ARM.attributes
                0x000003bb       0x1e d:/2.30/share/armgcc/bin/../lib/gcc/arm-none-eabi/9.3.1/thumb/v7e-m+fp/hard\libgcc.a(_arm_cmpdf2.o)
 .ARM.attributes
                0x000003d9       0x1e d:/2.30/share/armgcc/bin/../lib/gcc/arm-none-eabi/9.3.1/thumb/v7e-m+fp/hard\libgcc.a(_arm_truncdfsf2.o)
 .ARM.attributes
                0x000003f7       0x34 d:/2.30/share/armgcc/bin/../lib/gcc/arm-none-eabi/9.3.1/../../../../arm-none-eabi/lib/thumb/v7e-m+fp/hard\libg_nano.a(lib_a-memcpy-stub.o)
 .ARM.attributes
                0x0000042b       0x34 d:/2.30/share/armgcc/bin/../lib/gcc/arm-none-eabi/9.3.1/../../../../arm-none-eabi/lib/thumb/v7e-m+fp/hard\libg_nano.a(lib_a-memset.o)
 .ARM.attributes
                0x0000045f       0x1e d:/2.30/share/armgcc/bin/../lib/gcc/arm-none-eabi/9.3.1/thumb/v7e-m+fp/hard/crtn.o
                0x2001ff00                __StackLimit = (_estack - _Min_Stack_Size)
                0x00000001                ASSERT ((__StackLimit >= __HeapLimit), Region RAM overflowed with stack)
LOAD obj\debug\src\startup_stm32f407xx.o
LOAD obj\debug\fil lib\rcr dstu\rcr_setupcustom.o
LOAD obj\debug\freertos_lib\croutine.o
LOAD obj\debug\freertos_lib\event_groups.o
LOAD obj\debug\freertos_lib\heap_2.o
LOAD obj\debug\freertos_lib\list.o
LOAD obj\debug\freertos_lib\port.o
LOAD obj\debug\freertos_lib\queue.o
LOAD obj\debug\freertos_lib\stream_buffer.o
LOAD obj\debug\freertos_lib\tasks.o
LOAD obj\debug\freertos_lib\timers.o
LOAD obj\debug\modbus\modbus.o
LOAD obj\debug\src\carmanagement.o
LOAD obj\debug\src\carregulators.o
LOAD obj\debug\src\main.o
LOAD obj\debug\src\robot_tasks.o
LOAD obj\debug\fil lib\interrupts.o
LOAD obj\debug\src\system_stm32f4xx.o
START GROUP
LOAD d:/2.30/share/armgcc/bin/../lib/gcc/arm-none-eabi/9.3.1/thumb/v7e-m+fp/hard\libgcc.a
LOAD d:/2.30/share/armgcc/bin/../lib/gcc/arm-none-eabi/9.3.1/../../../../arm-none-eabi/lib/thumb/v7e-m+fp/hard\libg_nano.a
LOAD d:/2.30/share/armgcc/bin/../lib/gcc/arm-none-eabi/9.3.1/../../../../arm-none-eabi/lib/thumb/v7e-m+fp/hard\libc_nano.a
END GROUP
START GROUP
LOAD d:/2.30/share/armgcc/bin/../lib/gcc/arm-none-eabi/9.3.1/thumb/v7e-m+fp/hard\libgcc.a
LOAD d:/2.30/share/armgcc/bin/../lib/gcc/arm-none-eabi/9.3.1/../../../../arm-none-eabi/lib/thumb/v7e-m+fp/hard\libc_nano.a
LOAD d:/2.30/share/armgcc/bin/../lib/gcc/arm-none-eabi/9.3.1/../../../../arm-none-eabi/lib/thumb/v7e-m+fp/hard\libnosys.a
END GROUP
START GROUP
LOAD d:/2.30/share/armgcc/bin/../lib/gcc/arm-none-eabi/9.3.1/thumb/v7e-m+fp/hard\libgcc.a
LOAD d:/2.30/share/armgcc/bin/../lib/gcc/arm-none-eabi/9.3.1/../../../../arm-none-eabi/lib/thumb/v7e-m+fp/hard\libc_nano.a
LOAD d:/2.30/share/armgcc/bin/../lib/gcc/arm-none-eabi/9.3.1/../../../../arm-none-eabi/lib/thumb/v7e-m+fp/hard\libnosys.a
END GROUP
LOAD d:/2.30/share/armgcc/bin/../lib/gcc/arm-none-eabi/9.3.1/thumb/v7e-m+fp/hard/crtend.o
LOAD d:/2.30/share/armgcc/bin/../lib/gcc/arm-none-eabi/9.3.1/thumb/v7e-m+fp/hard/crtn.o
OUTPUT(bin\Debug\robocross.elf elf32-littlearm)
LOAD linker stubs

.debug_line     0x00000000     0x6e39
 .debug_line    0x00000000       0x77 obj\debug\src\startup_stm32f407xx.o
 .debug_line    0x00000077      0x4be obj\debug\fil lib\rcr dstu\rcr_setupcustom.o
 .debug_line    0x00000535      0x5d6 obj\debug\freertos_lib\event_groups.o
 .debug_line    0x00000b0b      0x33c obj\debug\freertos_lib\heap_2.o
 .debug_line    0x00000e47      0x2ba obj\debug\freertos_lib\list.o
 .debug_line    0x00001101      0x450 obj\debug\freertos_lib\port.o
 .debug_line    0x00001551     0x1131 obj\debug\freertos_lib\queue.o
 .debug_line    0x00002682     0x1822 obj\debug\freertos_lib\tasks.o
 .debug_line    0x00003ea4      0x816 obj\debug\freertos_lib\timers.o
 .debug_line    0x000046ba      0x719 obj\debug\modbus\modbus.o
 .debug_line    0x00004dd3      0x760 obj\debug\src\carmanagement.o
 .debug_line    0x00005533      0x55c obj\debug\src\carregulators.o
 .debug_line    0x00005a8f      0x284 obj\debug\src\main.o
 .debug_line    0x00005d13      0xa51 obj\debug\src\robot_tasks.o
 .debug_line    0x00006764      0x450 obj\debug\fil lib\interrupts.o
 .debug_line    0x00006bb4      0x285 obj\debug\src\system_stm32f4xx.o

.debug_info     0x00000000    0x11dc2
 .debug_info    0x00000000       0x22 obj\debug\src\startup_stm32f407xx.o
 .debug_info    0x00000022     0x1a42 obj\debug\fil lib\rcr dstu\rcr_setupcustom.o
 .debug_info    0x00001a64     0x11f6 obj\debug\freertos_lib\event_groups.o
 .debug_info    0x00002c5a      0xc23 obj\debug\freertos_lib\heap_2.o
 .debug_info    0x0000387d      0xbc0 obj\debug\freertos_lib\list.o
 .debug_info    0x0000443d      0x548 obj\debug\freertos_lib\port.o
 .debug_info    0x00004985     0x201d obj\debug\freertos_lib\queue.o
 .debug_info    0x000069a2     0x2a32 obj\debug\freertos_lib\tasks.o
 .debug_info    0x000093d4     0x15a5 obj\debug\freertos_lib\timers.o
 .debug_info    0x0000a979     0x1446 obj\debug\modbus\modbus.o
 .debug_info    0x0000bdbf     0x1311 obj\debug\src\carmanagement.o
 .debug_info    0x0000d0d0     0x1262 obj\debug\src\carregulators.o
 .debug_info    0x0000e332      0xe89 obj\debug\src\main.o
 .debug_info    0x0000f1bb     0x1274 obj\debug\src\robot_tasks.o
 .debug_info    0x0001042f     0x132b obj\debug\fil lib\interrupts.o
 .debug_info    0x0001175a      0x668 obj\debug\src\system_stm32f4xx.o

.debug_abbrev   0x00000000     0x2a0c
 .debug_abbrev  0x00000000       0x12 obj\debug\src\startup_stm32f407xx.o
 .debug_abbrev  0x00000012      0x338 obj\debug\fil lib\rcr dstu\rcr_setupcustom.o
 .debug_abbrev  0x0000034a      0x36a obj\debug\freertos_lib\event_groups.o
 .debug_abbrev  0x000006b4      0x305 obj\debug\freertos_lib\heap_2.o
 .debug_abbrev  0x000009b9      0x232 obj\debug\freertos_lib\list.o
 .debug_abbrev  0x00000beb      0x241 obj\debug\freertos_lib\port.o
 .debug_abbrev  0x00000e2c      0x36e obj\debug\freertos_lib\queue.o
 .debug_abbrev  0x0000119a      0x3e8 obj\debug\freertos_lib\tasks.o
 .debug_abbrev  0x00001582      0x338 obj\debug\freertos_lib\timers.o
 .debug_abbrev  0x000018ba      0x360 obj\debug\modbus\modbus.o
 .debug_abbrev  0x00001c1a      0x2eb obj\debug\src\carmanagement.o
 .debug_abbrev  0x00001f05      0x28e obj\debug\src\carregulators.o
 .debug_abbrev  0x00002193      0x1fc obj\debug\src\main.o
 .debug_abbrev  0x0000238f      0x2aa obj\debug\src\robot_tasks.o
 .debug_abbrev  0x00002639      0x25b obj\debug\fil lib\interrupts.o
 .debug_abbrev  0x00002894      0x178 obj\debug\src\system_stm32f4xx.o

.debug_aranges  0x00000000      0x8c0
 .debug_aranges
                0x00000000       0x28 obj\debug\src\startup_stm32f407xx.o
 .debug_aranges
                0x00000028       0x68 obj\debug\fil lib\rcr dstu\rcr_setupcustom.o
 .debug_aranges
                0x00000090       0x78 obj\debug\freertos_lib\event_groups.o
 .debug_aranges
                0x00000108       0x40 obj\debug\freertos_lib\heap_2.o
 .debug_aranges
                0x00000148       0x40 obj\debug\freertos_lib\list.o
 .debug_aranges
                0x00000188       0x80 obj\debug\freertos_lib\port.o
 .debug_aranges
                0x00000208      0x130 obj\debug\freertos_lib\queue.o
 .debug_aranges
                0x00000338      0x1f8 obj\debug\freertos_lib\tasks.o
 .debug_aranges
                0x00000530       0xd8 obj\debug\freertos_lib\timers.o
 .debug_aranges
                0x00000608       0x90 obj\debug\modbus\modbus.o
 .debug_aranges
                0x00000698       0x70 obj\debug\src\carmanagement.o
 .debug_aranges
                0x00000708       0x40 obj\debug\src\carregulators.o
 .debug_aranges
                0x00000748       0x20 obj\debug\src\main.o
 .debug_aranges
                0x00000768       0x90 obj\debug\src\robot_tasks.o
 .debug_aranges
                0x000007f8       0x98 obj\debug\fil lib\interrupts.o
 .debug_aranges
                0x00000890       0x30 obj\debug\src\system_stm32f4xx.o

.debug_str      0x00000000     0x39f2
 .debug_str     0x00000000       0x63 obj\debug\src\startup_stm32f407xx.o
 .debug_str     0x00000063     0x1135 obj\debug\fil lib\rcr dstu\rcr_setupcustom.o
                               0x11fb (size before relaxing)
 .debug_str     0x00001198      0x3b5 obj\debug\freertos_lib\event_groups.o
                                0x9d4 (size before relaxing)
 .debug_str     0x0000154d      0x179 obj\debug\freertos_lib\heap_2.o
                                0x772 (size before relaxing)
 .debug_str     0x000016c6       0x96 obj\debug\freertos_lib\list.o
                                0x710 (size before relaxing)
 .debug_str     0x0000175c      0x211 obj\debug\freertos_lib\port.o
                                0x45a (size before relaxing)
 .debug_str     0x0000196d      0x621 obj\debug\freertos_lib\queue.o
                                0xdc1 (size before relaxing)
 .debug_str     0x00001f8e      0xceb obj\debug\freertos_lib\tasks.o
                               0x152c (size before relaxing)
 .debug_str     0x00002c79      0x46c obj\debug\freertos_lib\timers.o
                                0xbd1 (size before relaxing)
 .debug_str     0x000030e5      0x280 obj\debug\modbus\modbus.o
                                0xc74 (size before relaxing)
 .debug_str     0x00003365      0x132 obj\debug\src\carmanagement.o
                                0xbc8 (size before relaxing)
 .debug_str     0x00003497       0xfb obj\debug\src\carregulators.o
                                0xb91 (size before relaxing)
 .debug_str     0x00003592       0x15 obj\debug\src\main.o
                                0x9e0 (size before relaxing)
 .debug_str     0x000035a7      0x145 obj\debug\src\robot_tasks.o
                                0xba2 (size before relaxing)
 .debug_str     0x000036ec      0x181 obj\debug\fil lib\interrupts.o
                                0xc37 (size before relaxing)
 .debug_str     0x0000386d      0x185 obj\debug\src\system_stm32f4xx.o
                                0x40d (size before relaxing)

.debug_ranges   0x00000000      0x7c8
 .debug_ranges  0x00000000       0x20 obj\debug\src\startup_stm32f407xx.o
 .debug_ranges  0x00000020       0x58 obj\debug\fil lib\rcr dstu\rcr_setupcustom.o
 .debug_ranges  0x00000078       0x68 obj\debug\freertos_lib\event_groups.o
 .debug_ranges  0x000000e0       0x30 obj\debug\freertos_lib\heap_2.o
 .debug_ranges  0x00000110       0x30 obj\debug\freertos_lib\list.o
 .debug_ranges  0x00000140       0x70 obj\debug\freertos_lib\port.o
 .debug_ranges  0x000001b0      0x120 obj\debug\freertos_lib\queue.o
 .debug_ranges  0x000002d0      0x1e8 obj\debug\freertos_lib\tasks.o
 .debug_ranges  0x000004b8       0xc8 obj\debug\freertos_lib\timers.o
 .debug_ranges  0x00000580       0x80 obj\debug\modbus\modbus.o
 .debug_ranges  0x00000600       0x60 obj\debug\src\carmanagement.o
 .debug_ranges  0x00000660       0x30 obj\debug\src\carregulators.o
 .debug_ranges  0x00000690       0x10 obj\debug\src\main.o
 .debug_ranges  0x000006a0       0x80 obj\debug\src\robot_tasks.o
 .debug_ranges  0x00000720       0x88 obj\debug\fil lib\interrupts.o
 .debug_ranges  0x000007a8       0x20 obj\debug\src\system_stm32f4xx.o

.comment        0x00000000       0x4c
 .comment       0x00000000       0x4c obj\debug\fil lib\rcr dstu\rcr_setupcustom.o
                                 0x4d (size before relaxing)
 .comment       0x0000004c       0x4d obj\debug\freertos_lib\event_groups.o
 .comment       0x0000004c       0x4d obj\debug\freertos_lib\heap_2.o
 .comment       0x0000004c       0x4d obj\debug\freertos_lib\list.o
 .comment       0x0000004c       0x4d obj\debug\freertos_lib\port.o
 .comment       0x0000004c       0x4d obj\debug\freertos_lib\queue.o
 .comment       0x0000004c       0x4d obj\debug\freertos_lib\tasks.o
 .comment       0x0000004c       0x4d obj\debug\freertos_lib\timers.o
 .comment       0x0000004c       0x4d obj\debug\modbus\modbus.o
 .comment       0x0000004c       0x4d obj\debug\src\carmanagement.o
 .comment       0x0000004c       0x4d obj\debug\src\carregulators.o
 .comment       0x0000004c       0x4d obj\debug\src\main.o
 .comment       0x0000004c       0x4d obj\debug\src\robot_tasks.o
 .comment       0x0000004c       0x4d obj\debug\fil lib\interrupts.o
 .comment       0x0000004c       0x4d obj\debug\src\system_stm32f4xx.o

.debug_frame    0x00000000     0x2350
 .debug_frame   0x00000000      0x164 obj\debug\fil lib\rcr dstu\rcr_setupcustom.o
 .debug_frame   0x00000164      0x1d0 obj\debug\freertos_lib\event_groups.o
 .debug_frame   0x00000334       0xc0 obj\debug\freertos_lib\heap_2.o
 .debug_frame   0x000003f4       0xd8 obj\debug\freertos_lib\list.o
 .debug_frame   0x000004cc      0x1a8 obj\debug\freertos_lib\port.o
 .debug_frame   0x00000674      0x534 obj\debug\freertos_lib\queue.o
 .debug_frame   0x00000ba8      0x88c obj\debug\freertos_lib\tasks.o
 .debug_frame   0x00001434      0x38c obj\debug\freertos_lib\timers.o
 .debug_frame   0x000017c0      0x238 obj\debug\modbus\modbus.o
 .debug_frame   0x000019f8      0x19c obj\debug\src\carmanagement.o
 .debug_frame   0x00001b94       0xcc obj\debug\src\carregulators.o
 .debug_frame   0x00001c60       0x34 obj\debug\src\main.o
 .debug_frame   0x00001c94      0x1fc obj\debug\src\robot_tasks.o
 .debug_frame   0x00001e90      0x218 obj\debug\fil lib\interrupts.o
 .debug_frame   0x000020a8       0x7c obj\debug\src\system_stm32f4xx.o
 .debug_frame   0x00002124       0xac d:/2.30/share/armgcc/bin/../lib/gcc/arm-none-eabi/9.3.1/thumb/v7e-m+fp/hard\libgcc.a(_arm_addsubdf3.o)
 .debug_frame   0x000021d0       0x50 d:/2.30/share/armgcc/bin/../lib/gcc/arm-none-eabi/9.3.1/thumb/v7e-m+fp/hard\libgcc.a(_arm_muldivdf3.o)
 .debug_frame   0x00002220       0xc4 d:/2.30/share/armgcc/bin/../lib/gcc/arm-none-eabi/9.3.1/thumb/v7e-m+fp/hard\libgcc.a(_arm_cmpdf2.o)
 .debug_frame   0x000022e4       0x24 d:/2.30/share/armgcc/bin/../lib/gcc/arm-none-eabi/9.3.1/thumb/v7e-m+fp/hard\libgcc.a(_arm_truncdfsf2.o)
 .debug_frame   0x00002308       0x28 d:/2.30/share/armgcc/bin/../lib/gcc/arm-none-eabi/9.3.1/../../../../arm-none-eabi/lib/thumb/v7e-m+fp/hard\libg_nano.a(lib_a-memcpy-stub.o)
 .debug_frame   0x00002330       0x20 d:/2.30/share/armgcc/bin/../lib/gcc/arm-none-eabi/9.3.1/../../../../arm-none-eabi/lib/thumb/v7e-m+fp/hard\libg_nano.a(lib_a-memset.o)
